                   .--::--.
   :+*=:          =@@@@@@@@=          :+*+:
  %@@@@@@%*=.     =@@@@@@@@-     .=*%@@@@@@#
  @@@@@@@@@@@@#+-. .%@@@@#. .-+#@@@@@@@@@@@%
  -@@@@@@@@@@@@@@@@*:#@@#:*@@@@@@@@@@@@@@@@-
    :+*********####-%@%%@%-####********++.
   .%@@@@@@@@@@@@@%:@@@@@@:@@@@@@@@@@@@@@%
   .@@@@@@@@%*+-:   =@@@@=  .:-+*%@@@@@@@%.
     =*+-:           ###*          .:-+*=
                     %@@%
                     *@@*
                     +@@=
                     :##:
                     :@@:
                      @@
                      ..
* Logs will be written to the first available of the following paths:
/tmp/dragonfly.*
* For the available flags type dragonfly [--help | --helpfull]
* Documentation can be found at: https://www.dragonflydb.io/docs
I0817 13:52:40.275655  171446 dfly_main.cc:1104] Starting dragonfly df-dev-0000000
I0817 13:52:40.275773  171446 dfly_main.cc:1154] Using proactor_threads=10 (overriding cgroup-derived 0)
W0817 13:52:40.275780  171446 dfly_main.cc:1161] SWAP is enabled. Consider disabling it when running Dragonfly.
I0817 13:52:40.275832  171446 dfly_main.cc:1167] maxmemory has not been specified. Deciding myself....
I0817 13:52:40.275835  171446 dfly_main.cc:1176] Found 20.29GiB available memory. Setting maxmemory to 16.24GiB
I0817 13:52:40.276368  171447 uring_proactor.cc:263] IORing with 1024 entries, allocated 98368 bytes, cq_entries is 2048
I0817 13:52:40.277007  171446 proactor_pool.cc:149] Running 10 io threads
I0817 13:52:40.277851  171446 dragonfly_listener.cc:152] SSL version: OpenSSL 3.0.13 30 Jan 2024
W0817 13:52:40.277883  171446 dfly_main.cc:353] Protected mode enabled. Binding to localhost only because no password is set. To accept remote connections, set a password with --requirepass or specify a bind address with --bind.
I0817 13:52:40.278094  171446 dfly_main.cc:437] Listening on admin socket any:43170
I0817 13:52:40.278926  171446 server_family.cc:1207] Host OS: Linux 7.0.0-28-generic x86_64 with 10 threads
I0817 13:52:40.279087  171448 listener_interface.cc:102] sock[25] AcceptServer - listening on 0.0.0.0:43170
I0817 13:52:40.279097  171449 listener_interface.cc:102] sock[26] AcceptServer - listening on 127.0.0.1:23170
I0817 13:52:40.323772  171449 server_family.cc:3393] Initiate replication with: 127.0.0.1:23162
I0817 13:52:40.331614  171449 replica.cc:681] Started full sync with 127.0.0.1:23162
I0817 13:52:43.111883  171449 replica.cc:720] full sync finished in 2.79 s
I0817 13:52:43.114915  171449 replica.cc:907] Transitioned into stable sync
I0817 13:52:43.250040  171448 listener_interface.cc:230] Listener stopped for port 43170
I0817 13:52:43.250117  171449 listener_interface.cc:230] Listener stopped for port 23170
W0817 13:52:43.250212  171447 main_service.cc:1536] VerifyCommandState error: Can not execute during SHUTTING DOWN
W0817 13:52:43.250308  171450 main_service.cc:1536] VerifyCommandState error: Can not execute during SHUTTING DOWN
W0817 13:52:43.250519  171455 main_service.cc:1536] VerifyCommandState error: Can not execute during SHUTTING DOWN
W0817 13:52:43.250688  171454 main_service.cc:1536] VerifyCommandState error: Can not execute during SHUTTING DOWN
W0817 13:52:43.250712  171453 main_service.cc:1536] VerifyCommandState error: Can not execute during SHUTTING DOWN
W0817 13:52:43.250824  171452 main_service.cc:1536] VerifyCommandState error: Can not execute during SHUTTING DOWN
W0817 13:52:43.250873  171447 main_service.cc:1536] VerifyCommandState error: Can not execute during SHUTTING DOWN
W0817 13:52:43.250909  171449 execution_state.cc:93] ReportError: Operation canceled: ExecutionState cancelled
W0817 13:52:43.250967  171449 protocol_client.cc:277] Socket error: Operation canceled: ExecutionState cancelled in 127.0.0.1:23162, socket info: State: ESTABLISHED, Local: 127.0.0.1:47622, Remote: 127.0.0.1:23162, Inode: 416505
I0817 13:52:43.256968  171449 replica.cc:939] Exit stable sync
