                   .--::--.
   :+*=:          =@@@@@@@@=          :+*+:
  %@@@@@@%*=.     =@@@@@@@@-     .=*%@@@@@@#
  @@@@@@@@@@@@#+-. .%@@@@#. .-+#@@@@@@@@@@@%
  -@@@@@@@@@@@@@@@@*:#@@#:*@@@@@@@@@@@@@@@@-
    :+*********####-%@%%@%-####********++.
   .%@@@@@@@@@@@@@%:@@@@@@:@@@@@@@@@@@@@@%
   .@@@@@@@@%*+-:   =@@@@=  .:-+*%@@@@@@@%.
     =*+-:           ###*          .:-+*=
                     %@@%
                     *@@*
                     +@@=
                     :##:
                     :@@:
                      @@
                      ..
* Logs will be written to the first available of the following paths:
/tmp/dragonfly.*
* For the available flags type dragonfly [--help | --helpfull]
* Documentation can be found at: https://www.dragonflydb.io/docs
I0817 13:52:40.062529  171402 dfly_main.cc:1104] Starting dragonfly df-dev-0000000
I0817 13:52:40.062675  171402 dfly_main.cc:1154] Using proactor_threads=10 (overriding cgroup-derived 0)
W0817 13:52:40.062684  171402 dfly_main.cc:1161] SWAP is enabled. Consider disabling it when running Dragonfly.
I0817 13:52:40.062755  171402 dfly_main.cc:1167] maxmemory has not been specified. Deciding myself....
I0817 13:52:40.062757  171402 dfly_main.cc:1176] Found 20.31GiB available memory. Setting maxmemory to 16.24GiB
I0817 13:52:40.063375  171403 uring_proactor.cc:263] IORing with 1024 entries, allocated 98368 bytes, cq_entries is 2048
I0817 13:52:40.064210  171402 proactor_pool.cc:149] Running 10 io threads
I0817 13:52:40.065067  171402 dragonfly_listener.cc:152] SSL version: OpenSSL 3.0.13 30 Jan 2024
W0817 13:52:40.065096  171402 dfly_main.cc:353] Protected mode enabled. Binding to localhost only because no password is set. To accept remote connections, set a password with --requirepass or specify a bind address with --bind.
I0817 13:52:40.065287  171402 dfly_main.cc:437] Listening on admin socket any:43166
I0817 13:52:40.066133  171402 server_family.cc:1207] Host OS: Linux 7.0.0-28-generic x86_64 with 10 threads
I0817 13:52:40.066320  171405 listener_interface.cc:102] sock[26] AcceptServer - listening on 127.0.0.1:23166
I0817 13:52:40.066314  171404 listener_interface.cc:102] sock[24] AcceptServer - listening on 0.0.0.0:43166
I0817 13:52:40.323920  171405 server_family.cc:3393] Initiate replication with: 127.0.0.1:23162
I0817 13:52:40.332080  171405 replica.cc:681] Started full sync with 127.0.0.1:23162
I0817 13:52:43.111430  171405 replica.cc:720] full sync finished in 2.78 s
I0817 13:52:43.112412  171405 replica.cc:907] Transitioned into stable sync
I0817 13:52:43.505160  171405 listener_interface.cc:230] Listener stopped for port 23166
I0817 13:52:43.505494  171404 listener_interface.cc:230] Listener stopped for port 43166
W0817 13:52:43.505587  171411 main_service.cc:1536] VerifyCommandState error: Can not execute during SHUTTING DOWN
W0817 13:52:43.505620  171408 main_service.cc:1536] VerifyCommandState error: Can not execute during SHUTTING DOWN
W0817 13:52:43.505657  171412 main_service.cc:1536] VerifyCommandState error: Can not execute during SHUTTING DOWN
W0817 13:52:43.505690  171407 main_service.cc:1536] VerifyCommandState error: Can not execute during SHUTTING DOWN
W0817 13:52:43.505637  171409 main_service.cc:1536] VerifyCommandState error: Can not execute during SHUTTING DOWN
W0817 13:52:43.505793  171405 main_service.cc:1536] VerifyCommandState error: Can not execute during SHUTTING DOWN
W0817 13:52:43.505816  171403 main_service.cc:1536] VerifyCommandState error: Can not execute during SHUTTING DOWN
W0817 13:52:43.505853  171408 main_service.cc:1536] VerifyCommandState error: Can not execute during SHUTTING DOWN
W0817 13:52:43.505963  171412 main_service.cc:1536] VerifyCommandState error: Can not execute during SHUTTING DOWN
W0817 13:52:43.505989  171411 main_service.cc:1536] VerifyCommandState error: Can not execute during SHUTTING DOWN
W0817 13:52:43.506044  171410 main_service.cc:1536] VerifyCommandState error: Can not execute during SHUTTING DOWN
W0817 13:52:43.506074  171403 main_service.cc:1536] VerifyCommandState error: Can not execute during SHUTTING DOWN
W0817 13:52:43.506109  171410 main_service.cc:1536] VerifyCommandState error: Can not execute during SHUTTING DOWN
W0817 13:52:43.506140  171405 execution_state.cc:93] ReportError: Operation canceled: ExecutionState cancelled
W0817 13:52:43.506184  171405 protocol_client.cc:277] Socket error: Operation canceled: ExecutionState cancelled in 127.0.0.1:23162, socket info: State: ESTABLISHED, Local: 127.0.0.1:47636, Remote: 127.0.0.1:23162, Inode: 416508
I0817 13:52:43.509903  171405 replica.cc:939] Exit stable sync
