                   .--::--.
   :+*=:          =@@@@@@@@=          :+*+:
  %@@@@@@%*=.     =@@@@@@@@-     .=*%@@@@@@#
  @@@@@@@@@@@@#+-. .%@@@@#. .-+#@@@@@@@@@@@%
  -@@@@@@@@@@@@@@@@*:#@@#:*@@@@@@@@@@@@@@@@-
    :+*********####-%@%%@%-####********++.
   .%@@@@@@@@@@@@@%:@@@@@@:@@@@@@@@@@@@@@%
   .@@@@@@@@%*+-:   =@@@@=  .:-+*%@@@@@@@%.
     =*+-:           ###*          .:-+*=
                     %@@%
                     *@@*
                     +@@=
                     :##:
                     :@@:
                      @@
                      ..
* Logs will be written to the first available of the following paths:
/tmp/dragonfly.*
* For the available flags type dragonfly [--help | --helpfull]
* Documentation can be found at: https://www.dragonflydb.io/docs
I0817 13:52:40.116383  171413 dfly_main.cc:1104] Starting dragonfly df-dev-0000000
I0817 13:52:40.116499  171413 dfly_main.cc:1154] Using proactor_threads=10 (overriding cgroup-derived 0)
W0817 13:52:40.116506  171413 dfly_main.cc:1161] SWAP is enabled. Consider disabling it when running Dragonfly.
I0817 13:52:40.116551  171413 dfly_main.cc:1167] maxmemory has not been specified. Deciding myself....
I0817 13:52:40.116553  171413 dfly_main.cc:1176] Found 20.30GiB available memory. Setting maxmemory to 16.24GiB
I0817 13:52:40.117061  171414 uring_proactor.cc:263] IORing with 1024 entries, allocated 98368 bytes, cq_entries is 2048
I0817 13:52:40.117733  171413 proactor_pool.cc:149] Running 10 io threads
I0817 13:52:40.118628  171413 dragonfly_listener.cc:152] SSL version: OpenSSL 3.0.13 30 Jan 2024
W0817 13:52:40.118662  171413 dfly_main.cc:353] Protected mode enabled. Binding to localhost only because no password is set. To accept remote connections, set a password with --requirepass or specify a bind address with --bind.
I0817 13:52:40.118861  171413 dfly_main.cc:437] Listening on admin socket any:43167
I0817 13:52:40.119704  171413 server_family.cc:1207] Host OS: Linux 7.0.0-28-generic x86_64 with 10 threads
I0817 13:52:40.119927  171416 listener_interface.cc:102] sock[26] AcceptServer - listening on 127.0.0.1:23167
I0817 13:52:40.119916  171415 listener_interface.cc:102] sock[24] AcceptServer - listening on 0.0.0.0:43167
I0817 13:52:40.323202  171416 server_family.cc:3393] Initiate replication with: 127.0.0.1:23162
I0817 13:52:40.331923  171416 replica.cc:681] Started full sync with 127.0.0.1:23162
I0817 13:52:43.111945  171416 replica.cc:720] full sync finished in 2.78 s
I0817 13:52:43.115263  171416 replica.cc:907] Transitioned into stable sync
I0817 13:52:43.441032  171416 listener_interface.cc:230] Listener stopped for port 23167
I0817 13:52:43.441061  171415 listener_interface.cc:230] Listener stopped for port 43167
W0817 13:52:43.441203  171421 main_service.cc:1536] VerifyCommandState error: Can not execute during SHUTTING DOWN
W0817 13:52:43.441284  171423 main_service.cc:1536] VerifyCommandState error: Can not execute during SHUTTING DOWN
W0817 13:52:43.441298  171418 main_service.cc:1536] VerifyCommandState error: Can not execute during SHUTTING DOWN
W0817 13:52:43.441363  171422 main_service.cc:1536] VerifyCommandState error: Can not execute during SHUTTING DOWN
W0817 13:52:43.441461  171417 main_service.cc:1536] VerifyCommandState error: Can not execute during SHUTTING DOWN
W0817 13:52:43.441491  171415 main_service.cc:1536] VerifyCommandState error: Can not execute during SHUTTING DOWN
W0817 13:52:43.441493  171416 execution_state.cc:93] ReportError: Operation canceled: ExecutionState cancelled
W0817 13:52:43.441541  171416 protocol_client.cc:277] Socket error: Operation canceled: ExecutionState cancelled in 127.0.0.1:23162, socket info: State: ESTABLISHED, Local: 127.0.0.1:47594, Remote: 127.0.0.1:23162, Inode: 416497
I0817 13:52:43.444774  171416 replica.cc:939] Exit stable sync
