                   .--::--.
   :+*=:          =@@@@@@@@=          :+*+:
  %@@@@@@%*=.     =@@@@@@@@-     .=*%@@@@@@#
  @@@@@@@@@@@@#+-. .%@@@@#. .-+#@@@@@@@@@@@%
  -@@@@@@@@@@@@@@@@*:#@@#:*@@@@@@@@@@@@@@@@-
    :+*********####-%@%%@%-####********++.
   .%@@@@@@@@@@@@@%:@@@@@@:@@@@@@@@@@@@@@%
   .@@@@@@@@%*+-:   =@@@@=  .:-+*%@@@@@@@%.
     =*+-:           ###*          .:-+*=
                     %@@%
                     *@@*
                     +@@=
                     :##:
                     :@@:
                      @@
                      ..
* Logs will be written to the first available of the following paths:
/tmp/dragonfly.*
* For the available flags type dragonfly [--help | --helpfull]
* Documentation can be found at: https://www.dragonflydb.io/docs
I0817 13:52:39.903203  171369 dfly_main.cc:1104] Starting dragonfly df-dev-0000000
I0817 13:52:39.903362  171369 dfly_main.cc:1154] Using proactor_threads=10 (overriding cgroup-derived 0)
W0817 13:52:39.903372  171369 dfly_main.cc:1161] SWAP is enabled. Consider disabling it when running Dragonfly.
I0817 13:52:39.903442  171369 dfly_main.cc:1167] maxmemory has not been specified. Deciding myself....
I0817 13:52:39.903445  171369 dfly_main.cc:1176] Found 20.33GiB available memory. Setting maxmemory to 16.26GiB
I0817 13:52:39.904026  171370 uring_proactor.cc:263] IORing with 1024 entries, allocated 98368 bytes, cq_entries is 2048
I0817 13:52:39.905002  171369 proactor_pool.cc:149] Running 10 io threads
I0817 13:52:39.906119  171369 dragonfly_listener.cc:152] SSL version: OpenSSL 3.0.13 30 Jan 2024
W0817 13:52:39.906161  171369 dfly_main.cc:353] Protected mode enabled. Binding to localhost only because no password is set. To accept remote connections, set a password with --requirepass or specify a bind address with --bind.
I0817 13:52:39.906388  171369 dfly_main.cc:437] Listening on admin socket any:43163
I0817 13:52:39.907252  171369 server_family.cc:1207] Host OS: Linux 7.0.0-28-generic x86_64 with 10 threads
I0817 13:52:39.907409  171372 listener_interface.cc:102] sock[26] AcceptServer - listening on 127.0.0.1:23163
I0817 13:52:39.907409  171371 listener_interface.cc:102] sock[25] AcceptServer - listening on 0.0.0.0:43163
I0817 13:52:40.324503  171372 server_family.cc:3393] Initiate replication with: 127.0.0.1:23162
I0817 13:52:40.332263  171372 replica.cc:681] Started full sync with 127.0.0.1:23162
I0817 13:52:43.111297  171372 replica.cc:720] full sync finished in 2.78 s
I0817 13:52:43.111782  171372 replica.cc:907] Transitioned into stable sync
I0817 13:52:43.699602  171371 listener_interface.cc:230] Listener stopped for port 43163
I0817 13:52:43.699612  171372 listener_interface.cc:230] Listener stopped for port 23163
W0817 13:52:43.699713  171374 main_service.cc:1536] VerifyCommandState error: Can not execute during SHUTTING DOWN
W0817 13:52:43.699715  171376 main_service.cc:1536] VerifyCommandState error: Can not execute during SHUTTING DOWN
W0817 13:52:43.699806  171374 main_service.cc:1536] VerifyCommandState error: Can not execute during SHUTTING DOWN
W0817 13:52:43.699810  171376 main_service.cc:1536] VerifyCommandState error: Can not execute during SHUTTING DOWN
W0817 13:52:43.699801  171375 main_service.cc:1536] VerifyCommandState error: Can not execute during SHUTTING DOWN
W0817 13:52:43.699831  171372 execution_state.cc:93] ReportError: Operation canceled: ExecutionState cancelled
W0817 13:52:43.699876  171372 protocol_client.cc:277] Socket error: Operation canceled: ExecutionState cancelled in 127.0.0.1:23162, socket info: State: ESTABLISHED, Local: 127.0.0.1:47674, Remote: 127.0.0.1:23162, Inode: 416524
I0817 13:52:43.702564  171372 replica.cc:939] Exit stable sync
