                   .--::--.
   :+*=:          =@@@@@@@@=          :+*+:
  %@@@@@@%*=.     =@@@@@@@@-     .=*%@@@@@@#
  @@@@@@@@@@@@#+-. .%@@@@#. .-+#@@@@@@@@@@@%
  -@@@@@@@@@@@@@@@@*:#@@#:*@@@@@@@@@@@@@@@@-
    :+*********####-%@%%@%-####********++.
   .%@@@@@@@@@@@@@%:@@@@@@:@@@@@@@@@@@@@@%
   .@@@@@@@@%*+-:   =@@@@=  .:-+*%@@@@@@@%.
     =*+-:           ###*          .:-+*=
                     %@@%
                     *@@*
                     +@@=
                     :##:
                     :@@:
                      @@
                      ..
* Logs will be written to the first available of the following paths:
/tmp/dragonfly.*
* For the available flags type dragonfly [--help | --helpfull]
* Documentation can be found at: https://www.dragonflydb.io/docs
I0817 13:52:40.169109  171424 dfly_main.cc:1104] Starting dragonfly df-dev-0000000
I0817 13:52:40.169238  171424 dfly_main.cc:1154] Using proactor_threads=10 (overriding cgroup-derived 0)
W0817 13:52:40.169245  171424 dfly_main.cc:1161] SWAP is enabled. Consider disabling it when running Dragonfly.
I0817 13:52:40.169310  171424 dfly_main.cc:1167] maxmemory has not been specified. Deciding myself....
I0817 13:52:40.169313  171424 dfly_main.cc:1176] Found 20.30GiB available memory. Setting maxmemory to 16.24GiB
I0817 13:52:40.170117  171425 uring_proactor.cc:263] IORing with 1024 entries, allocated 98368 bytes, cq_entries is 2048
I0817 13:52:40.170873  171424 proactor_pool.cc:149] Running 10 io threads
I0817 13:52:40.171860  171424 dragonfly_listener.cc:152] SSL version: OpenSSL 3.0.13 30 Jan 2024
W0817 13:52:40.171893  171424 dfly_main.cc:353] Protected mode enabled. Binding to localhost only because no password is set. To accept remote connections, set a password with --requirepass or specify a bind address with --bind.
I0817 13:52:40.172183  171424 dfly_main.cc:437] Listening on admin socket any:43168
I0817 13:52:40.172991  171424 server_family.cc:1207] Host OS: Linux 7.0.0-28-generic x86_64 with 10 threads
I0817 13:52:40.173155  171426 listener_interface.cc:102] sock[25] AcceptServer - listening on 0.0.0.0:43168
I0817 13:52:40.173163  171427 listener_interface.cc:102] sock[26] AcceptServer - listening on 127.0.0.1:23168
I0817 13:52:40.323629  171427 server_family.cc:3393] Initiate replication with: 127.0.0.1:23162
I0817 13:52:40.331061  171427 replica.cc:681] Started full sync with 127.0.0.1:23162
I0817 13:52:43.111478  171427 replica.cc:720] full sync finished in 2.79 s
I0817 13:52:43.114103  171427 replica.cc:907] Transitioned into stable sync
I0817 13:52:43.376681  171427 listener_interface.cc:230] Listener stopped for port 23168
I0817 13:52:43.376871  171426 listener_interface.cc:230] Listener stopped for port 43168
W0817 13:52:43.377061  171425 main_service.cc:1536] VerifyCommandState error: Can not execute during SHUTTING DOWN
W0817 13:52:43.377087  171429 main_service.cc:1536] VerifyCommandState error: Can not execute during SHUTTING DOWN
W0817 13:52:43.377321  171433 main_service.cc:1536] VerifyCommandState error: Can not execute during SHUTTING DOWN
W0817 13:52:43.377316  171428 main_service.cc:1536] VerifyCommandState error: Can not execute during SHUTTING DOWN
W0817 13:52:43.377343  171430 main_service.cc:1536] VerifyCommandState error: Can not execute during SHUTTING DOWN
W0817 13:52:43.377346  171434 main_service.cc:1536] VerifyCommandState error: Can not execute during SHUTTING DOWN
W0817 13:52:43.377404  171429 main_service.cc:1536] VerifyCommandState error: Can not execute during SHUTTING DOWN
W0817 13:52:43.377405  171427 execution_state.cc:93] ReportError: Operation canceled: ExecutionState cancelled
W0817 13:52:43.377483  171427 protocol_client.cc:277] Socket error: Operation canceled: ExecutionState cancelled in 127.0.0.1:23162, socket info: State: ESTABLISHED, Local: 127.0.0.1:47618, Remote: 127.0.0.1:23162, Inode: 416502
I0817 13:52:43.379986  171427 replica.cc:939] Exit stable sync
