                   .--::--.
   :+*=:          =@@@@@@@@=          :+*+:
  %@@@@@@%*=.     =@@@@@@@@-     .=*%@@@@@@#
  @@@@@@@@@@@@#+-. .%@@@@#. .-+#@@@@@@@@@@@%
  -@@@@@@@@@@@@@@@@*:#@@#:*@@@@@@@@@@@@@@@@-
    :+*********####-%@%%@%-####********++.
   .%@@@@@@@@@@@@@%:@@@@@@:@@@@@@@@@@@@@@%
   .@@@@@@@@%*+-:   =@@@@=  .:-+*%@@@@@@@%.
     =*+-:           ###*          .:-+*=
                     %@@%
                     *@@*
                     +@@=
                     :##:
                     :@@:
                      @@
                      ..
* Logs will be written to the first available of the following paths:
/tmp/dragonfly.*
* For the available flags type dragonfly [--help | --helpfull]
* Documentation can be found at: https://www.dragonflydb.io/docs
I0817 13:52:40.222311  171435 dfly_main.cc:1104] Starting dragonfly df-dev-0000000
I0817 13:52:40.222438  171435 dfly_main.cc:1154] Using proactor_threads=10 (overriding cgroup-derived 0)
W0817 13:52:40.222446  171435 dfly_main.cc:1161] SWAP is enabled. Consider disabling it when running Dragonfly.
I0817 13:52:40.222497  171435 dfly_main.cc:1167] maxmemory has not been specified. Deciding myself....
I0817 13:52:40.222499  171435 dfly_main.cc:1176] Found 20.29GiB available memory. Setting maxmemory to 16.24GiB
I0817 13:52:40.223018  171436 uring_proactor.cc:263] IORing with 1024 entries, allocated 98368 bytes, cq_entries is 2048
I0817 13:52:40.223786  171435 proactor_pool.cc:149] Running 10 io threads
I0817 13:52:40.224889  171435 dragonfly_listener.cc:152] SSL version: OpenSSL 3.0.13 30 Jan 2024
W0817 13:52:40.224921  171435 dfly_main.cc:353] Protected mode enabled. Binding to localhost only because no password is set. To accept remote connections, set a password with --requirepass or specify a bind address with --bind.
I0817 13:52:40.225200  171435 dfly_main.cc:437] Listening on admin socket any:43169
I0817 13:52:40.226103  171435 server_family.cc:1207] Host OS: Linux 7.0.0-28-generic x86_64 with 10 threads
I0817 13:52:40.226301  171437 listener_interface.cc:102] sock[25] AcceptServer - listening on 0.0.0.0:43169
I0817 13:52:40.226310  171438 listener_interface.cc:102] sock[26] AcceptServer - listening on 127.0.0.1:23169
I0817 13:52:40.324062  171438 server_family.cc:3393] Initiate replication with: 127.0.0.1:23162
I0817 13:52:40.331691  171438 replica.cc:681] Started full sync with 127.0.0.1:23162
I0817 13:52:43.111728  171438 replica.cc:720] full sync finished in 2.79 s
I0817 13:52:43.114706  171438 replica.cc:907] Transitioned into stable sync
I0817 13:52:43.313437  171438 listener_interface.cc:230] Listener stopped for port 23169
I0817 13:52:43.313787  171437 listener_interface.cc:230] Listener stopped for port 43169
W0817 13:52:43.314076  171445 main_service.cc:1536] VerifyCommandState error: Can not execute during SHUTTING DOWN
W0817 13:52:43.314187  171441 main_service.cc:1536] VerifyCommandState error: Can not execute during SHUTTING DOWN
W0817 13:52:43.314288  171439 main_service.cc:1536] VerifyCommandState error: Can not execute during SHUTTING DOWN
W0817 13:52:43.314334  171443 main_service.cc:1536] VerifyCommandState error: Can not execute during SHUTTING DOWN
W0817 13:52:43.314343  171436 main_service.cc:1536] VerifyCommandState error: Can not execute during SHUTTING DOWN
W0817 13:52:43.314427  171442 main_service.cc:1536] VerifyCommandState error: Can not execute during SHUTTING DOWN
W0817 13:52:43.314475  171438 execution_state.cc:93] ReportError: Operation canceled: ExecutionState cancelled
W0817 13:52:43.314525  171438 protocol_client.cc:277] Socket error: Operation canceled: ExecutionState cancelled in 127.0.0.1:23162, socket info: State: ESTABLISHED, Local: 127.0.0.1:47648, Remote: 127.0.0.1:23162, Inode: 416511
I0817 13:52:43.318400  171438 replica.cc:939] Exit stable sync
