                   .--::--.
   :+*=:          =@@@@@@@@=          :+*+:
  %@@@@@@%*=.     =@@@@@@@@-     .=*%@@@@@@#
  @@@@@@@@@@@@#+-. .%@@@@#. .-+#@@@@@@@@@@@%
  -@@@@@@@@@@@@@@@@*:#@@#:*@@@@@@@@@@@@@@@@-
    :+*********####-%@%%@%-####********++.
   .%@@@@@@@@@@@@@%:@@@@@@:@@@@@@@@@@@@@@%
   .@@@@@@@@%*+-:   =@@@@=  .:-+*%@@@@@@@%.
     =*+-:           ###*          .:-+*=
                     %@@%
                     *@@*
                     +@@=
                     :##:
                     :@@:
                      @@
                      ..
* Logs will be written to the first available of the following paths:
/tmp/dragonfly.*
* For the available flags type dragonfly [--help | --helpfull]
* Documentation can be found at: https://www.dragonflydb.io/docs
I0817 13:52:39.955957  171380 dfly_main.cc:1104] Starting dragonfly df-dev-0000000
I0817 13:52:39.956105  171380 dfly_main.cc:1154] Using proactor_threads=10 (overriding cgroup-derived 0)
W0817 13:52:39.956115  171380 dfly_main.cc:1161] SWAP is enabled. Consider disabling it when running Dragonfly.
I0817 13:52:39.956174  171380 dfly_main.cc:1167] maxmemory has not been specified. Deciding myself....
I0817 13:52:39.956177  171380 dfly_main.cc:1176] Found 20.32GiB available memory. Setting maxmemory to 16.26GiB
I0817 13:52:39.956792  171381 uring_proactor.cc:263] IORing with 1024 entries, allocated 98368 bytes, cq_entries is 2048
I0817 13:52:39.957429  171380 proactor_pool.cc:149] Running 10 io threads
I0817 13:52:39.958305  171380 dragonfly_listener.cc:152] SSL version: OpenSSL 3.0.13 30 Jan 2024
W0817 13:52:39.958330  171380 dfly_main.cc:353] Protected mode enabled. Binding to localhost only because no password is set. To accept remote connections, set a password with --requirepass or specify a bind address with --bind.
I0817 13:52:39.958521  171380 dfly_main.cc:437] Listening on admin socket any:43164
I0817 13:52:39.959287  171380 server_family.cc:1207] Host OS: Linux 7.0.0-28-generic x86_64 with 10 threads
I0817 13:52:39.959443  171383 listener_interface.cc:102] sock[26] AcceptServer - listening on 127.0.0.1:23164
I0817 13:52:39.959439  171382 listener_interface.cc:102] sock[25] AcceptServer - listening on 0.0.0.0:43164
I0817 13:52:40.323447  171383 server_family.cc:3393] Initiate replication with: 127.0.0.1:23162
I0817 13:52:40.328741  171383 replica.cc:681] Started full sync with 127.0.0.1:23162
I0817 13:52:43.111528  171383 replica.cc:720] full sync finished in 2.79 s
I0817 13:52:43.114283  171383 replica.cc:907] Transitioned into stable sync
I0817 13:52:43.633888  171383 listener_interface.cc:230] Listener stopped for port 23164
I0817 13:52:43.634162  171382 listener_interface.cc:230] Listener stopped for port 43164
W0817 13:52:43.634304  171388 main_service.cc:1536] VerifyCommandState error: Can not execute during SHUTTING DOWN
W0817 13:52:43.634327  171383 main_service.cc:1536] VerifyCommandState error: Can not execute during SHUTTING DOWN
W0817 13:52:43.634334  171385 main_service.cc:1536] VerifyCommandState error: Can not execute during SHUTTING DOWN
W0817 13:52:43.634341  171389 main_service.cc:1536] VerifyCommandState error: Can not execute during SHUTTING DOWN
W0817 13:52:43.634388  171390 main_service.cc:1536] VerifyCommandState error: Can not execute during SHUTTING DOWN
W0817 13:52:43.634461  171384 main_service.cc:1536] VerifyCommandState error: Can not execute during SHUTTING DOWN
W0817 13:52:43.634478  171389 main_service.cc:1536] VerifyCommandState error: Can not execute during SHUTTING DOWN
W0817 13:52:43.634487  171383 main_service.cc:1536] VerifyCommandState error: Can not execute during SHUTTING DOWN
W0817 13:52:43.634481  171387 main_service.cc:1536] VerifyCommandState error: Can not execute during SHUTTING DOWN
W0817 13:52:43.634494  171383 main_service.cc:1536] VerifyCommandState error: Can not execute during SHUTTING DOWN
W0817 13:52:43.634503  171387 main_service.cc:1536] VerifyCommandState error: Can not execute during SHUTTING DOWN
W0817 13:52:43.634526  171383 execution_state.cc:93] ReportError: Operation canceled: ExecutionState cancelled
W0817 13:52:43.634562  171383 protocol_client.cc:277] Socket error: Operation canceled: ExecutionState cancelled in 127.0.0.1:23162, socket info: State: ESTABLISHED, Local: 127.0.0.1:47602, Remote: 127.0.0.1:23162, Inode: 416499
I0817 13:52:43.637678  171383 replica.cc:939] Exit stable sync
