                   .--::--.
   :+*=:          =@@@@@@@@=          :+*+:
  %@@@@@@%*=.     =@@@@@@@@-     .=*%@@@@@@#
  @@@@@@@@@@@@#+-. .%@@@@#. .-+#@@@@@@@@@@@%
  -@@@@@@@@@@@@@@@@*:#@@#:*@@@@@@@@@@@@@@@@-
    :+*********####-%@%%@%-####********++.
   .%@@@@@@@@@@@@@%:@@@@@@:@@@@@@@@@@@@@@%
   .@@@@@@@@%*+-:   =@@@@=  .:-+*%@@@@@@@%.
     =*+-:           ###*          .:-+*=
                     %@@%
                     *@@*
                     +@@=
                     :##:
                     :@@:
                      @@
                      ..
* Logs will be written to the first available of the following paths:
/tmp/dragonfly.*
* For the available flags type dragonfly [--help | --helpfull]
* Documentation can be found at: https://www.dragonflydb.io/docs
I0817 13:52:40.007911  171391 dfly_main.cc:1104] Starting dragonfly df-dev-0000000
I0817 13:52:40.008045  171391 dfly_main.cc:1154] Using proactor_threads=10 (overriding cgroup-derived 0)
W0817 13:52:40.008055  171391 dfly_main.cc:1161] SWAP is enabled. Consider disabling it when running Dragonfly.
I0817 13:52:40.008123  171391 dfly_main.cc:1167] maxmemory has not been specified. Deciding myself....
I0817 13:52:40.008125  171391 dfly_main.cc:1176] Found 20.32GiB available memory. Setting maxmemory to 16.25GiB
I0817 13:52:40.008626  171392 uring_proactor.cc:263] IORing with 1024 entries, allocated 98368 bytes, cq_entries is 2048
I0817 13:52:40.009255  171391 proactor_pool.cc:149] Running 10 io threads
I0817 13:52:40.010161  171391 dragonfly_listener.cc:152] SSL version: OpenSSL 3.0.13 30 Jan 2024
W0817 13:52:40.010188  171391 dfly_main.cc:353] Protected mode enabled. Binding to localhost only because no password is set. To accept remote connections, set a password with --requirepass or specify a bind address with --bind.
I0817 13:52:40.010390  171391 dfly_main.cc:437] Listening on admin socket any:43165
I0817 13:52:40.011195  171391 server_family.cc:1207] Host OS: Linux 7.0.0-28-generic x86_64 with 10 threads
I0817 13:52:40.011381  171394 listener_interface.cc:102] sock[26] AcceptServer - listening on 127.0.0.1:23165
I0817 13:52:40.011381  171393 listener_interface.cc:102] sock[25] AcceptServer - listening on 0.0.0.0:43165
I0817 13:52:40.324299  171394 server_family.cc:3393] Initiate replication with: 127.0.0.1:23162
I0817 13:52:40.332016  171394 replica.cc:681] Started full sync with 127.0.0.1:23162
I0817 13:52:43.111370  171394 replica.cc:720] full sync finished in 2.78 s
I0817 13:52:43.112003  171394 replica.cc:907] Transitioned into stable sync
I0817 13:52:43.570050  171394 listener_interface.cc:230] Listener stopped for port 23165
I0817 13:52:43.570076  171393 listener_interface.cc:230] Listener stopped for port 43165
W0817 13:52:43.570223  171399 main_service.cc:1536] VerifyCommandState error: Can not execute during SHUTTING DOWN
W0817 13:52:43.570305  171401 main_service.cc:1536] VerifyCommandState error: Can not execute during SHUTTING DOWN
W0817 13:52:43.570318  171396 main_service.cc:1536] VerifyCommandState error: Can not execute during SHUTTING DOWN
W0817 13:52:43.570336  171394 main_service.cc:1536] VerifyCommandState error: Can not execute during SHUTTING DOWN
W0817 13:52:43.570349  171394 main_service.cc:1536] VerifyCommandState error: Can not execute during SHUTTING DOWN
W0817 13:52:43.570223  171395 main_service.cc:1536] VerifyCommandState error: Can not execute during SHUTTING DOWN
W0817 13:52:43.570399  171398 main_service.cc:1536] VerifyCommandState error: Can not execute during SHUTTING DOWN
W0817 13:52:43.570480  171395 main_service.cc:1536] VerifyCommandState error: Can not execute during SHUTTING DOWN
W0817 13:52:43.570503  171394 execution_state.cc:93] ReportError: Operation canceled: ExecutionState cancelled
W0817 13:52:43.570541  171394 protocol_client.cc:277] Socket error: Operation canceled: ExecutionState cancelled in 127.0.0.1:23162, socket info: State: ESTABLISHED, Local: 127.0.0.1:47660, Remote: 127.0.0.1:23162, Inode: 416521
I0817 13:52:43.573917  171394 replica.cc:939] Exit stable sync
