                   .--::--.
   :+*=:          =@@@@@@@@=          :+*+:
  %@@@@@@%*=.     =@@@@@@@@-     .=*%@@@@@@#
  @@@@@@@@@@@@#+-. .%@@@@#. .-+#@@@@@@@@@@@%
  -@@@@@@@@@@@@@@@@*:#@@#:*@@@@@@@@@@@@@@@@-
    :+*********####-%@%%@%-####********++.
   .%@@@@@@@@@@@@@%:@@@@@@:@@@@@@@@@@@@@@%
   .@@@@@@@@%*+-:   =@@@@=  .:-+*%@@@@@@@%.
     =*+-:           ###*          .:-+*=
                     %@@%
                     *@@*
                     +@@=
                     :##:
                     :@@:
                      @@
                      ..
* Logs will be written to the first available of the following paths:
/tmp/dragonfly.*
* For the available flags type dragonfly [--help | --helpfull]
* Documentation can be found at: https://www.dragonflydb.io/docs
I0817 12:35:44.780293   66034 dfly_main.cc:1104] Starting dragonfly df-dev-0000000
I0817 12:35:44.780404   66034 dfly_main.cc:1154] Using proactor_threads=10 (overriding cgroup-derived 0)
W0817 12:35:44.780411   66034 dfly_main.cc:1161] SWAP is enabled. Consider disabling it when running Dragonfly.
I0817 12:35:44.780459   66034 dfly_main.cc:1167] maxmemory has not been specified. Deciding myself....
I0817 12:35:44.780461   66034 dfly_main.cc:1176] Found 19.59GiB available memory. Setting maxmemory to 15.67GiB
I0817 12:35:44.780978   66035 uring_proactor.cc:263] IORing with 1024 entries, allocated 98368 bytes, cq_entries is 2048
I0817 12:35:44.781573   66034 proactor_pool.cc:149] Running 10 io threads
I0817 12:35:44.782408   66034 dragonfly_listener.cc:152] SSL version: OpenSSL 3.0.13 30 Jan 2024
W0817 12:35:44.782433   66034 dfly_main.cc:353] Protected mode enabled. Binding to localhost only because no password is set. To accept remote connections, set a password with --requirepass or specify a bind address with --bind.
I0817 12:35:44.782630   66034 dfly_main.cc:437] Listening on admin socket any:45252
I0817 12:35:44.783449   66034 server_family.cc:1207] Host OS: Linux 7.0.0-28-generic x86_64 with 10 threads
I0817 12:35:44.783637   66036 listener_interface.cc:102] sock[25] AcceptServer - listening on 0.0.0.0:45252
I0817 12:35:44.783652   66037 listener_interface.cc:102] sock[26] AcceptServer - listening on 127.0.0.1:25252
I0817 12:35:44.829311   66037 server_family.cc:3393] Initiate replication with: 127.0.0.1:25244
I0817 12:35:44.846277   66037 replica.cc:681] Started full sync with 127.0.0.1:25244
I0817 12:35:47.681129   66037 replica.cc:720] full sync finished in 2.85 s
I0817 12:35:47.681350   66037 replica.cc:907] Transitioned into stable sync
I0817 12:35:47.821306   66036 listener_interface.cc:230] Listener stopped for port 45252
I0817 12:35:47.821458   66037 listener_interface.cc:230] Listener stopped for port 25252
W0817 12:35:47.821786   66036 main_service.cc:1536] VerifyCommandState error: Can not execute during SHUTTING DOWN
W0817 12:35:47.821821   66036 main_service.cc:1536] VerifyCommandState error: Can not execute during SHUTTING DOWN
W0817 12:35:47.821927   66036 main_service.cc:1536] VerifyCommandState error: Can not execute during SHUTTING DOWN
W0817 12:35:47.821935   66036 main_service.cc:1536] VerifyCommandState error: Can not execute during SHUTTING DOWN
W0817 12:35:47.821985   66037 main_service.cc:1536] VerifyCommandState error: Can not execute during SHUTTING DOWN
W0817 12:35:47.821999   66037 main_service.cc:1536] VerifyCommandState error: Can not execute during SHUTTING DOWN
W0817 12:35:47.821989   66042 main_service.cc:1536] VerifyCommandState error: Can not execute during SHUTTING DOWN
W0817 12:35:47.822005   66037 main_service.cc:1536] VerifyCommandState error: Can not execute during SHUTTING DOWN
W0817 12:35:47.822023   66042 main_service.cc:1536] VerifyCommandState error: Can not execute during SHUTTING DOWN
W0817 12:35:47.822034   66042 main_service.cc:1536] VerifyCommandState error: Can not execute during SHUTTING DOWN
W0817 12:35:47.822047   66042 main_service.cc:1536] VerifyCommandState error: Can not execute during SHUTTING DOWN
W0817 12:35:47.822066   66043 main_service.cc:1536] VerifyCommandState error: Can not execute during SHUTTING DOWN
W0817 12:35:47.822065   66037 execution_state.cc:93] ReportError: Operation canceled: ExecutionState cancelled
W0817 12:35:47.822105   66043 main_service.cc:1536] VerifyCommandState error: Can not execute during SHUTTING DOWN
W0817 12:35:47.822085   66042 main_service.cc:1536] VerifyCommandState error: Can not execute during SHUTTING DOWN
W0817 12:35:47.822122   66037 protocol_client.cc:277] Socket error: Operation canceled: ExecutionState cancelled in 127.0.0.1:25244, socket info: State: ESTABLISHED, Local: 127.0.0.1:50886, Remote: 127.0.0.1:25244, Inode: 222021
I0817 12:35:47.824536   66037 replica.cc:939] Exit stable sync
