                   .--::--.
   :+*=:          =@@@@@@@@=          :+*+:
  %@@@@@@%*=.     =@@@@@@@@-     .=*%@@@@@@#
  @@@@@@@@@@@@#+-. .%@@@@#. .-+#@@@@@@@@@@@%
  -@@@@@@@@@@@@@@@@*:#@@#:*@@@@@@@@@@@@@@@@-
    :+*********####-%@%%@%-####********++.
   .%@@@@@@@@@@@@@%:@@@@@@:@@@@@@@@@@@@@@%
   .@@@@@@@@%*+-:   =@@@@=  .:-+*%@@@@@@@%.
     =*+-:           ###*          .:-+*=
                     %@@%
                     *@@*
                     +@@=
                     :##:
                     :@@:
                      @@
                      ..
* Logs will be written to the first available of the following paths:
/tmp/dragonfly.*
* For the available flags type dragonfly [--help | --helpfull]
* Documentation can be found at: https://www.dragonflydb.io/docs
I0817 12:35:44.568702   65990 dfly_main.cc:1104] Starting dragonfly df-dev-0000000
I0817 12:35:44.568813   65990 dfly_main.cc:1154] Using proactor_threads=10 (overriding cgroup-derived 0)
W0817 12:35:44.568821   65990 dfly_main.cc:1161] SWAP is enabled. Consider disabling it when running Dragonfly.
I0817 12:35:44.568863   65990 dfly_main.cc:1167] maxmemory has not been specified. Deciding myself....
I0817 12:35:44.568865   65990 dfly_main.cc:1176] Found 19.61GiB available memory. Setting maxmemory to 15.69GiB
I0817 12:35:44.569369   65991 uring_proactor.cc:263] IORing with 1024 entries, allocated 98368 bytes, cq_entries is 2048
I0817 12:35:44.570009   65990 proactor_pool.cc:149] Running 10 io threads
I0817 12:35:44.570849   65990 dragonfly_listener.cc:152] SSL version: OpenSSL 3.0.13 30 Jan 2024
W0817 12:35:44.570874   65990 dfly_main.cc:353] Protected mode enabled. Binding to localhost only because no password is set. To accept remote connections, set a password with --requirepass or specify a bind address with --bind.
I0817 12:35:44.571073   65990 dfly_main.cc:437] Listening on admin socket any:45248
I0817 12:35:44.571861   65990 server_family.cc:1207] Host OS: Linux 7.0.0-28-generic x86_64 with 10 threads
I0817 12:35:44.572067   65992 listener_interface.cc:102] sock[25] AcceptServer - listening on 0.0.0.0:45248
I0817 12:35:44.572098   65993 listener_interface.cc:102] sock[26] AcceptServer - listening on 127.0.0.1:25248
I0817 12:35:44.828800   65993 server_family.cc:3393] Initiate replication with: 127.0.0.1:25244
I0817 12:35:44.834258   65993 replica.cc:681] Started full sync with 127.0.0.1:25244
I0817 12:35:47.591087   65993 replica.cc:720] full sync finished in 2.76 s
I0817 12:35:47.591157   65993 replica.cc:907] Transitioned into stable sync
I0817 12:35:48.079897   65992 listener_interface.cc:230] Listener stopped for port 45248
I0817 12:35:48.079971   65993 listener_interface.cc:230] Listener stopped for port 25248
W0817 12:35:48.080087   65995 main_service.cc:1536] VerifyCommandState error: Can not execute during SHUTTING DOWN
W0817 12:35:48.080123   65995 main_service.cc:1536] VerifyCommandState error: Can not execute during SHUTTING DOWN
W0817 12:35:48.080176   65996 main_service.cc:1536] VerifyCommandState error: Can not execute during SHUTTING DOWN
W0817 12:35:48.080216   65996 main_service.cc:1536] VerifyCommandState error: Can not execute during SHUTTING DOWN
W0817 12:35:48.080220   65993 main_service.cc:1536] VerifyCommandState error: Can not execute during SHUTTING DOWN
W0817 12:35:48.080217   65997 main_service.cc:1536] VerifyCommandState error: Can not execute during SHUTTING DOWN
W0817 12:35:48.080232   65993 main_service.cc:1536] VerifyCommandState error: Can not execute during SHUTTING DOWN
W0817 12:35:48.080241   65997 main_service.cc:1536] VerifyCommandState error: Can not execute during SHUTTING DOWN
W0817 12:35:48.080236   66000 main_service.cc:1536] VerifyCommandState error: Can not execute during SHUTTING DOWN
W0817 12:35:48.080250   65993 main_service.cc:1536] VerifyCommandState error: Can not execute during SHUTTING DOWN
W0817 12:35:48.080263   66000 main_service.cc:1536] VerifyCommandState error: Can not execute during SHUTTING DOWN
W0817 12:35:48.080272   65993 main_service.cc:1536] VerifyCommandState error: Can not execute during SHUTTING DOWN
W0817 12:35:48.080310   65993 execution_state.cc:93] ReportError: Operation canceled: ExecutionState cancelled
W0817 12:35:48.080347   65993 protocol_client.cc:277] Socket error: Operation canceled: ExecutionState cancelled in 127.0.0.1:25244, socket info: State: ESTABLISHED, Local: 127.0.0.1:50864, Remote: 127.0.0.1:25244, Inode: 222008
I0817 12:35:48.082273   65993 replica.cc:939] Exit stable sync
