                   .--::--.
   :+*=:          =@@@@@@@@=          :+*+:
  %@@@@@@%*=.     =@@@@@@@@-     .=*%@@@@@@#
  @@@@@@@@@@@@#+-. .%@@@@#. .-+#@@@@@@@@@@@%
  -@@@@@@@@@@@@@@@@*:#@@#:*@@@@@@@@@@@@@@@@-
    :+*********####-%@%%@%-####********++.
   .%@@@@@@@@@@@@@%:@@@@@@:@@@@@@@@@@@@@@%
   .@@@@@@@@%*+-:   =@@@@=  .:-+*%@@@@@@@%.
     =*+-:           ###*          .:-+*=
                     %@@%
                     *@@*
                     +@@=
                     :##:
                     :@@:
                      @@
                      ..
* Logs will be written to the first available of the following paths:
/tmp/dragonfly.*
* For the available flags type dragonfly [--help | --helpfull]
* Documentation can be found at: https://www.dragonflydb.io/docs
I0817 12:35:44.464832   65968 dfly_main.cc:1104] Starting dragonfly df-dev-0000000
I0817 12:35:44.464942   65968 dfly_main.cc:1154] Using proactor_threads=10 (overriding cgroup-derived 0)
W0817 12:35:44.464949   65968 dfly_main.cc:1161] SWAP is enabled. Consider disabling it when running Dragonfly.
I0817 12:35:44.464996   65968 dfly_main.cc:1167] maxmemory has not been specified. Deciding myself....
I0817 12:35:44.464998   65968 dfly_main.cc:1176] Found 19.63GiB available memory. Setting maxmemory to 15.71GiB
I0817 12:35:44.465497   65969 uring_proactor.cc:263] IORing with 1024 entries, allocated 98368 bytes, cq_entries is 2048
I0817 12:35:44.466095   65968 proactor_pool.cc:149] Running 10 io threads
I0817 12:35:44.467141   65968 dragonfly_listener.cc:152] SSL version: OpenSSL 3.0.13 30 Jan 2024
W0817 12:35:44.467171   65968 dfly_main.cc:353] Protected mode enabled. Binding to localhost only because no password is set. To accept remote connections, set a password with --requirepass or specify a bind address with --bind.
I0817 12:35:44.467446   65968 dfly_main.cc:437] Listening on admin socket any:45246
I0817 12:35:44.468323   65968 server_family.cc:1207] Host OS: Linux 7.0.0-28-generic x86_64 with 10 threads
I0817 12:35:44.468541   65970 listener_interface.cc:102] sock[25] AcceptServer - listening on 0.0.0.0:45246
I0817 12:35:44.468568   65971 listener_interface.cc:102] sock[26] AcceptServer - listening on 127.0.0.1:25246
I0817 12:35:44.828971   65971 server_family.cc:3393] Initiate replication with: 127.0.0.1:25244
I0817 12:35:44.834466   65971 replica.cc:681] Started full sync with 127.0.0.1:25244
I0817 12:35:47.651554   65971 replica.cc:720] full sync finished in 2.82 s
I0817 12:35:47.651627   65971 replica.cc:907] Transitioned into stable sync
I0817 12:35:48.209202   65971 listener_interface.cc:230] Listener stopped for port 25246
I0817 12:35:48.209197   65970 listener_interface.cc:230] Listener stopped for port 45246
W0817 12:35:48.209403   65972 main_service.cc:1536] VerifyCommandState error: Can not execute during SHUTTING DOWN
W0817 12:35:48.209410   65973 main_service.cc:1536] VerifyCommandState error: Can not execute during SHUTTING DOWN
W0817 12:35:48.209473   65973 main_service.cc:1536] VerifyCommandState error: Can not execute during SHUTTING DOWN
W0817 12:35:48.209478   65972 main_service.cc:1536] VerifyCommandState error: Can not execute during SHUTTING DOWN
W0817 12:35:48.209487   65972 main_service.cc:1536] VerifyCommandState error: Can not execute during SHUTTING DOWN
W0817 12:35:48.209480   65975 main_service.cc:1536] VerifyCommandState error: Can not execute during SHUTTING DOWN
W0817 12:35:48.209503   65975 main_service.cc:1536] VerifyCommandState error: Can not execute during SHUTTING DOWN
W0817 12:35:48.209510   65975 main_service.cc:1536] VerifyCommandState error: Can not execute during SHUTTING DOWN
W0817 12:35:48.209518   65970 main_service.cc:1536] VerifyCommandState error: Can not execute during SHUTTING DOWN
W0817 12:35:48.209539   65971 execution_state.cc:93] ReportError: Operation canceled: ExecutionState cancelled
W0817 12:35:48.209579   65970 main_service.cc:1536] VerifyCommandState error: Can not execute during SHUTTING DOWN
W0817 12:35:48.209574   65978 main_service.cc:1536] VerifyCommandState error: Can not execute during SHUTTING DOWN
W0817 12:35:48.209614   65971 protocol_client.cc:277] Socket error: Operation canceled: ExecutionState cancelled in 127.0.0.1:25244, socket info: State: ESTABLISHED, Local: 127.0.0.1:50866, Remote: 127.0.0.1:25244, Inode: 222011
I0817 12:35:48.211200   65971 replica.cc:939] Exit stable sync
