                   .--::--.
   :+*=:          =@@@@@@@@=          :+*+:
  %@@@@@@%*=.     =@@@@@@@@-     .=*%@@@@@@#
  @@@@@@@@@@@@#+-. .%@@@@#. .-+#@@@@@@@@@@@%
  -@@@@@@@@@@@@@@@@*:#@@#:*@@@@@@@@@@@@@@@@-
    :+*********####-%@%%@%-####********++.
   .%@@@@@@@@@@@@@%:@@@@@@:@@@@@@@@@@@@@@%
   .@@@@@@@@%*+-:   =@@@@=  .:-+*%@@@@@@@%.
     =*+-:           ###*          .:-+*=
                     %@@%
                     *@@*
                     +@@=
                     :##:
                     :@@:
                      @@
                      ..
* Logs will be written to the first available of the following paths:
/tmp/dragonfly.*
* For the available flags type dragonfly [--help | --helpfull]
* Documentation can be found at: https://www.dragonflydb.io/docs
I0817 12:35:44.411501   65957 dfly_main.cc:1104] Starting dragonfly df-dev-0000000
I0817 12:35:44.411708   65957 dfly_main.cc:1154] Using proactor_threads=10 (overriding cgroup-derived 0)
W0817 12:35:44.411720   65957 dfly_main.cc:1161] SWAP is enabled. Consider disabling it when running Dragonfly.
I0817 12:35:44.411816   65957 dfly_main.cc:1167] maxmemory has not been specified. Deciding myself....
I0817 12:35:44.411819   65957 dfly_main.cc:1176] Found 19.64GiB available memory. Setting maxmemory to 15.71GiB
I0817 12:35:44.412497   65958 uring_proactor.cc:263] IORing with 1024 entries, allocated 98368 bytes, cq_entries is 2048
I0817 12:35:44.413302   65957 proactor_pool.cc:149] Running 10 io threads
I0817 12:35:44.414305   65957 dragonfly_listener.cc:152] SSL version: OpenSSL 3.0.13 30 Jan 2024
W0817 12:35:44.414339   65957 dfly_main.cc:353] Protected mode enabled. Binding to localhost only because no password is set. To accept remote connections, set a password with --requirepass or specify a bind address with --bind.
I0817 12:35:44.414554   65957 dfly_main.cc:437] Listening on admin socket any:45245
I0817 12:35:44.415437   65957 server_family.cc:1207] Host OS: Linux 7.0.0-28-generic x86_64 with 10 threads
I0817 12:35:44.415605   65959 listener_interface.cc:102] sock[25] AcceptServer - listening on 0.0.0.0:45245
I0817 12:35:44.415618   65960 listener_interface.cc:102] sock[26] AcceptServer - listening on 127.0.0.1:25245
I0817 12:35:44.829940   65960 server_family.cc:3393] Initiate replication with: 127.0.0.1:25244
I0817 12:35:44.839955   65960 replica.cc:681] Started full sync with 127.0.0.1:25244
I0817 12:35:47.670167   65960 replica.cc:720] full sync finished in 2.84 s
I0817 12:35:47.670269   65960 replica.cc:907] Transitioned into stable sync
I0817 12:35:48.273642   65960 listener_interface.cc:230] Listener stopped for port 25245
I0817 12:35:48.273757   65959 listener_interface.cc:230] Listener stopped for port 45245
W0817 12:35:48.273944   65960 execution_state.cc:93] ReportError: Operation canceled: ExecutionState cancelled
W0817 12:35:48.274028   65960 protocol_client.cc:277] Socket error: Operation canceled: ExecutionState cancelled in 127.0.0.1:25244, socket info: State: ESTABLISHED, Local: 127.0.0.1:50922, Remote: 127.0.0.1:25244, Inode: 222034
I0817 12:35:48.275934   65960 replica.cc:939] Exit stable sync
