                   .--::--.
   :+*=:          =@@@@@@@@=          :+*+:
  %@@@@@@%*=.     =@@@@@@@@-     .=*%@@@@@@#
  @@@@@@@@@@@@#+-. .%@@@@#. .-+#@@@@@@@@@@@%
  -@@@@@@@@@@@@@@@@*:#@@#:*@@@@@@@@@@@@@@@@-
    :+*********####-%@%%@%-####********++.
   .%@@@@@@@@@@@@@%:@@@@@@:@@@@@@@@@@@@@@%
   .@@@@@@@@%*+-:   =@@@@=  .:-+*%@@@@@@@%.
     =*+-:           ###*          .:-+*=
                     %@@%
                     *@@*
                     +@@=
                     :##:
                     :@@:
                      @@
                      ..
* Logs will be written to the first available of the following paths:
/tmp/dragonfly.*
* For the available flags type dragonfly [--help | --helpfull]
* Documentation can be found at: https://www.dragonflydb.io/docs
I0817 12:35:44.674571   66012 dfly_main.cc:1104] Starting dragonfly df-dev-0000000
I0817 12:35:44.674687   66012 dfly_main.cc:1154] Using proactor_threads=10 (overriding cgroup-derived 0)
W0817 12:35:44.674697   66012 dfly_main.cc:1161] SWAP is enabled. Consider disabling it when running Dragonfly.
I0817 12:35:44.674758   66012 dfly_main.cc:1167] maxmemory has not been specified. Deciding myself....
I0817 12:35:44.674760   66012 dfly_main.cc:1176] Found 19.60GiB available memory. Setting maxmemory to 15.68GiB
I0817 12:35:44.675262   66013 uring_proactor.cc:263] IORing with 1024 entries, allocated 98368 bytes, cq_entries is 2048
I0817 12:35:44.675942   66012 proactor_pool.cc:149] Running 10 io threads
I0817 12:35:44.676780   66012 dragonfly_listener.cc:152] SSL version: OpenSSL 3.0.13 30 Jan 2024
W0817 12:35:44.676809   66012 dfly_main.cc:353] Protected mode enabled. Binding to localhost only because no password is set. To accept remote connections, set a password with --requirepass or specify a bind address with --bind.
I0817 12:35:44.677025   66012 dfly_main.cc:437] Listening on admin socket any:45250
I0817 12:35:44.677881   66012 server_family.cc:1207] Host OS: Linux 7.0.0-28-generic x86_64 with 10 threads
I0817 12:35:44.678037   66014 listener_interface.cc:102] sock[25] AcceptServer - listening on 0.0.0.0:45250
I0817 12:35:44.678050   66015 listener_interface.cc:102] sock[26] AcceptServer - listening on 127.0.0.1:25250
I0817 12:35:44.829713   66015 server_family.cc:3393] Initiate replication with: 127.0.0.1:25244
I0817 12:35:44.844926   66015 replica.cc:681] Started full sync with 127.0.0.1:25244
I0817 12:35:47.673408   66015 replica.cc:720] full sync finished in 2.84 s
I0817 12:35:47.673661   66015 replica.cc:907] Transitioned into stable sync
I0817 12:35:47.950122   66015 listener_interface.cc:230] Listener stopped for port 25250
I0817 12:35:47.950254   66014 listener_interface.cc:230] Listener stopped for port 45250
W0817 12:35:47.950348   66015 main_service.cc:1536] VerifyCommandState error: Can not execute during SHUTTING DOWN
W0817 12:35:47.950376   66015 main_service.cc:1536] VerifyCommandState error: Can not execute during SHUTTING DOWN
W0817 12:35:47.950383   66015 main_service.cc:1536] VerifyCommandState error: Can not execute during SHUTTING DOWN
W0817 12:35:47.950374   66019 main_service.cc:1536] VerifyCommandState error: Can not execute during SHUTTING DOWN
W0817 12:35:47.950400   66019 main_service.cc:1536] VerifyCommandState error: Can not execute during SHUTTING DOWN
W0817 12:35:47.950405   66019 main_service.cc:1536] VerifyCommandState error: Can not execute during SHUTTING DOWN
W0817 12:35:47.950411   66019 main_service.cc:1536] VerifyCommandState error: Can not execute during SHUTTING DOWN
W0817 12:35:47.950618   66018 main_service.cc:1536] VerifyCommandState error: Can not execute during SHUTTING DOWN
W0817 12:35:47.950646   66018 main_service.cc:1536] VerifyCommandState error: Can not execute during SHUTTING DOWN
W0817 12:35:47.950651   66018 main_service.cc:1536] VerifyCommandState error: Can not execute during SHUTTING DOWN
W0817 12:35:47.950671   66015 execution_state.cc:93] ReportError: Operation canceled: ExecutionState cancelled
W0817 12:35:47.950720   66015 protocol_client.cc:277] Socket error: Operation canceled: ExecutionState cancelled in 127.0.0.1:25244, socket info: State: ESTABLISHED, Local: 127.0.0.1:50912, Remote: 127.0.0.1:25244, Inode: 222031
I0817 12:35:47.952954   66015 replica.cc:939] Exit stable sync
