                   .--::--.
   :+*=:          =@@@@@@@@=          :+*+:
  %@@@@@@%*=.     =@@@@@@@@-     .=*%@@@@@@#
  @@@@@@@@@@@@#+-. .%@@@@#. .-+#@@@@@@@@@@@%
  -@@@@@@@@@@@@@@@@*:#@@#:*@@@@@@@@@@@@@@@@-
    :+*********####-%@%%@%-####********++.
   .%@@@@@@@@@@@@@%:@@@@@@:@@@@@@@@@@@@@@%
   .@@@@@@@@%*+-:   =@@@@=  .:-+*%@@@@@@@%.
     =*+-:           ###*          .:-+*=
                     %@@%
                     *@@*
                     +@@=
                     :##:
                     :@@:
                      @@
                      ..
* Logs will be written to the first available of the following paths:
/tmp/dragonfly.*
* For the available flags type dragonfly [--help | --helpfull]
* Documentation can be found at: https://www.dragonflydb.io/docs
I0817 12:35:44.516314   65979 dfly_main.cc:1104] Starting dragonfly df-dev-0000000
I0817 12:35:44.516421   65979 dfly_main.cc:1154] Using proactor_threads=10 (overriding cgroup-derived 0)
W0817 12:35:44.516429   65979 dfly_main.cc:1161] SWAP is enabled. Consider disabling it when running Dragonfly.
I0817 12:35:44.516478   65979 dfly_main.cc:1167] maxmemory has not been specified. Deciding myself....
I0817 12:35:44.516479   65979 dfly_main.cc:1176] Found 19.62GiB available memory. Setting maxmemory to 15.70GiB
I0817 12:35:44.516955   65980 uring_proactor.cc:263] IORing with 1024 entries, allocated 98368 bytes, cq_entries is 2048
I0817 12:35:44.517764   65979 proactor_pool.cc:149] Running 10 io threads
I0817 12:35:44.518624   65979 dragonfly_listener.cc:152] SSL version: OpenSSL 3.0.13 30 Jan 2024
W0817 12:35:44.518651   65979 dfly_main.cc:353] Protected mode enabled. Binding to localhost only because no password is set. To accept remote connections, set a password with --requirepass or specify a bind address with --bind.
I0817 12:35:44.518856   65979 dfly_main.cc:437] Listening on admin socket any:45247
I0817 12:35:44.519822   65979 server_family.cc:1207] Host OS: Linux 7.0.0-28-generic x86_64 with 10 threads
I0817 12:35:44.519966   65981 listener_interface.cc:102] sock[25] AcceptServer - listening on 0.0.0.0:45247
I0817 12:35:44.519997   65982 listener_interface.cc:102] sock[26] AcceptServer - listening on 127.0.0.1:25247
I0817 12:35:44.828531   65982 server_family.cc:3393] Initiate replication with: 127.0.0.1:25244
I0817 12:35:44.841058   65982 replica.cc:681] Started full sync with 127.0.0.1:25244
I0817 12:35:47.666689   65982 replica.cc:720] full sync finished in 2.83 s
I0817 12:35:47.666857   65982 replica.cc:907] Transitioned into stable sync
I0817 12:35:48.144444   65981 listener_interface.cc:230] Listener stopped for port 45247
I0817 12:35:48.144505   65982 listener_interface.cc:230] Listener stopped for port 25247
W0817 12:35:48.144594   65985 main_service.cc:1536] VerifyCommandState error: Can not execute during SHUTTING DOWN
W0817 12:35:48.144656   65985 main_service.cc:1536] VerifyCommandState error: Can not execute during SHUTTING DOWN
W0817 12:35:48.144663   65985 main_service.cc:1536] VerifyCommandState error: Can not execute during SHUTTING DOWN
W0817 12:35:48.144655   65984 main_service.cc:1536] VerifyCommandState error: Can not execute during SHUTTING DOWN
W0817 12:35:48.144677   65984 main_service.cc:1536] VerifyCommandState error: Can not execute during SHUTTING DOWN
W0817 12:35:48.144708   65982 execution_state.cc:93] ReportError: Operation canceled: ExecutionState cancelled
W0817 12:35:48.144748   65982 protocol_client.cc:277] Socket error: Operation canceled: ExecutionState cancelled in 127.0.0.1:25244, socket info: State: ESTABLISHED, Local: 127.0.0.1:50850, Remote: 127.0.0.1:25244, Inode: 222005
I0817 12:35:48.146720   65982 replica.cc:939] Exit stable sync
