                   .--::--.
   :+*=:          =@@@@@@@@=          :+*+:
  %@@@@@@%*=.     =@@@@@@@@-     .=*%@@@@@@#
  @@@@@@@@@@@@#+-. .%@@@@#. .-+#@@@@@@@@@@@%
  -@@@@@@@@@@@@@@@@*:#@@#:*@@@@@@@@@@@@@@@@-
    :+*********####-%@%%@%-####********++.
   .%@@@@@@@@@@@@@%:@@@@@@:@@@@@@@@@@@@@@%
   .@@@@@@@@%*+-:   =@@@@=  .:-+*%@@@@@@@%.
     =*+-:           ###*          .:-+*=
                     %@@%
                     *@@*
                     +@@=
                     :##:
                     :@@:
                      @@
                      ..
* Logs will be written to the first available of the following paths:
/tmp/dragonfly.*
* For the available flags type dragonfly [--help | --helpfull]
* Documentation can be found at: https://www.dragonflydb.io/docs
I0817 12:35:44.622048   66001 dfly_main.cc:1104] Starting dragonfly df-dev-0000000
I0817 12:35:44.622157   66001 dfly_main.cc:1154] Using proactor_threads=10 (overriding cgroup-derived 0)
W0817 12:35:44.622166   66001 dfly_main.cc:1161] SWAP is enabled. Consider disabling it when running Dragonfly.
I0817 12:35:44.622219   66001 dfly_main.cc:1167] maxmemory has not been specified. Deciding myself....
I0817 12:35:44.622221   66001 dfly_main.cc:1176] Found 19.61GiB available memory. Setting maxmemory to 15.69GiB
I0817 12:35:44.622689   66002 uring_proactor.cc:263] IORing with 1024 entries, allocated 98368 bytes, cq_entries is 2048
I0817 12:35:44.623524   66001 proactor_pool.cc:149] Running 10 io threads
I0817 12:35:44.624307   66001 dragonfly_listener.cc:152] SSL version: OpenSSL 3.0.13 30 Jan 2024
W0817 12:35:44.624326   66001 dfly_main.cc:353] Protected mode enabled. Binding to localhost only because no password is set. To accept remote connections, set a password with --requirepass or specify a bind address with --bind.
I0817 12:35:44.624514   66001 dfly_main.cc:437] Listening on admin socket any:45249
I0817 12:35:44.625387   66001 server_family.cc:1207] Host OS: Linux 7.0.0-28-generic x86_64 with 10 threads
I0817 12:35:44.625596   66003 listener_interface.cc:102] sock[25] AcceptServer - listening on 0.0.0.0:45249
I0817 12:35:44.625605   66004 listener_interface.cc:102] sock[26] AcceptServer - listening on 127.0.0.1:25249
I0817 12:35:44.829168   66004 server_family.cc:3393] Initiate replication with: 127.0.0.1:25244
I0817 12:35:44.845986   66004 replica.cc:681] Started full sync with 127.0.0.1:25244
I0817 12:35:47.677242   66004 replica.cc:720] full sync finished in 2.84 s
I0817 12:35:47.677448   66004 replica.cc:907] Transitioned into stable sync
I0817 12:35:48.014978   66004 listener_interface.cc:230] Listener stopped for port 25249
I0817 12:35:48.015010   66003 listener_interface.cc:230] Listener stopped for port 45249
W0817 12:35:48.015130   66006 main_service.cc:1536] VerifyCommandState error: Can not execute during SHUTTING DOWN
W0817 12:35:48.015173   66006 main_service.cc:1536] VerifyCommandState error: Can not execute during SHUTTING DOWN
W0817 12:35:48.015179   66006 main_service.cc:1536] VerifyCommandState error: Can not execute during SHUTTING DOWN
W0817 12:35:48.015183   66006 main_service.cc:1536] VerifyCommandState error: Can not execute during SHUTTING DOWN
W0817 12:35:48.015188   66011 main_service.cc:1536] VerifyCommandState error: Can not execute during SHUTTING DOWN
W0817 12:35:48.015213   66011 main_service.cc:1536] VerifyCommandState error: Can not execute during SHUTTING DOWN
W0817 12:35:48.015222   66010 main_service.cc:1536] VerifyCommandState error: Can not execute during SHUTTING DOWN
W0817 12:35:48.015246   66010 main_service.cc:1536] VerifyCommandState error: Can not execute during SHUTTING DOWN
W0817 12:35:48.015252   66010 main_service.cc:1536] VerifyCommandState error: Can not execute during SHUTTING DOWN
W0817 12:35:48.015296   66005 main_service.cc:1536] VerifyCommandState error: Can not execute during SHUTTING DOWN
W0817 12:35:48.015323   66005 main_service.cc:1536] VerifyCommandState error: Can not execute during SHUTTING DOWN
W0817 12:35:48.015344   66005 main_service.cc:1536] VerifyCommandState error: Can not execute during SHUTTING DOWN
W0817 12:35:48.015351   66005 main_service.cc:1536] VerifyCommandState error: Can not execute during SHUTTING DOWN
W0817 12:35:48.015359   66005 main_service.cc:1536] VerifyCommandState error: Can not execute during SHUTTING DOWN
W0817 12:35:48.015364   66005 main_service.cc:1536] VerifyCommandState error: Can not execute during SHUTTING DOWN
W0817 12:35:48.015377   66004 execution_state.cc:93] ReportError: Operation canceled: ExecutionState cancelled
W0817 12:35:48.015419   66004 protocol_client.cc:277] Socket error: Operation canceled: ExecutionState cancelled in 127.0.0.1:25244, socket info: State: ESTABLISHED, Local: 127.0.0.1:50870, Remote: 127.0.0.1:25244, Inode: 222018
I0817 12:35:48.017424   66004 replica.cc:939] Exit stable sync
