                   .--::--.
   :+*=:          =@@@@@@@@=          :+*+:
  %@@@@@@%*=.     =@@@@@@@@-     .=*%@@@@@@#
  @@@@@@@@@@@@#+-. .%@@@@#. .-+#@@@@@@@@@@@%
  -@@@@@@@@@@@@@@@@*:#@@#:*@@@@@@@@@@@@@@@@-
    :+*********####-%@%%@%-####********++.
   .%@@@@@@@@@@@@@%:@@@@@@:@@@@@@@@@@@@@@%
   .@@@@@@@@%*+-:   =@@@@=  .:-+*%@@@@@@@%.
     =*+-:           ###*          .:-+*=
                     %@@%
                     *@@*
                     +@@=
                     :##:
                     :@@:
                      @@
                      ..
* Logs will be written to the first available of the following paths:
/tmp/dragonfly.*
* For the available flags type dragonfly [--help | --helpfull]
* Documentation can be found at: https://www.dragonflydb.io/docs
I0817 12:35:44.727118   66023 dfly_main.cc:1104] Starting dragonfly df-dev-0000000
I0817 12:35:44.727237   66023 dfly_main.cc:1154] Using proactor_threads=10 (overriding cgroup-derived 0)
W0817 12:35:44.727247   66023 dfly_main.cc:1161] SWAP is enabled. Consider disabling it when running Dragonfly.
I0817 12:35:44.727309   66023 dfly_main.cc:1167] maxmemory has not been specified. Deciding myself....
I0817 12:35:44.727312   66023 dfly_main.cc:1176] Found 19.60GiB available memory. Setting maxmemory to 15.68GiB
I0817 12:35:44.727841   66024 uring_proactor.cc:263] IORing with 1024 entries, allocated 98368 bytes, cq_entries is 2048
I0817 12:35:44.728606   66023 proactor_pool.cc:149] Running 10 io threads
I0817 12:35:44.729645   66023 dragonfly_listener.cc:152] SSL version: OpenSSL 3.0.13 30 Jan 2024
W0817 12:35:44.729674   66023 dfly_main.cc:353] Protected mode enabled. Binding to localhost only because no password is set. To accept remote connections, set a password with --requirepass or specify a bind address with --bind.
I0817 12:35:44.729894   66023 dfly_main.cc:437] Listening on admin socket any:45251
I0817 12:35:44.730837   66023 server_family.cc:1207] Host OS: Linux 7.0.0-28-generic x86_64 with 10 threads
I0817 12:35:44.731002   66026 listener_interface.cc:102] sock[26] AcceptServer - listening on 127.0.0.1:25251
I0817 12:35:44.731015   66025 listener_interface.cc:102] sock[24] AcceptServer - listening on 0.0.0.0:45251
I0817 12:35:44.829466   66026 server_family.cc:3393] Initiate replication with: 127.0.0.1:25244
I0817 12:35:44.846231   66026 replica.cc:681] Started full sync with 127.0.0.1:25244
I0817 12:35:47.674923   66026 replica.cc:720] full sync finished in 2.84 s
I0817 12:35:47.675039   66026 replica.cc:907] Transitioned into stable sync
I0817 12:35:47.885876   66026 listener_interface.cc:230] Listener stopped for port 25251
I0817 12:35:47.885877   66025 listener_interface.cc:230] Listener stopped for port 45251
W0817 12:35:47.886006   66025 main_service.cc:1536] VerifyCommandState error: Can not execute during SHUTTING DOWN
W0817 12:35:47.886038   66025 main_service.cc:1536] VerifyCommandState error: Can not execute during SHUTTING DOWN
W0817 12:35:47.886204   66026 main_service.cc:1536] VerifyCommandState error: Can not execute during SHUTTING DOWN
W0817 12:35:47.886223   66026 main_service.cc:1536] VerifyCommandState error: Can not execute during SHUTTING DOWN
W0817 12:35:47.886230   66026 main_service.cc:1536] VerifyCommandState error: Can not execute during SHUTTING DOWN
W0817 12:35:47.886235   66026 main_service.cc:1536] VerifyCommandState error: Can not execute during SHUTTING DOWN
W0817 12:35:47.886356   66029 main_service.cc:1536] VerifyCommandState error: Can not execute during SHUTTING DOWN
W0817 12:35:47.886389   66029 main_service.cc:1536] VerifyCommandState error: Can not execute during SHUTTING DOWN
W0817 12:35:47.886398   66029 main_service.cc:1536] VerifyCommandState error: Can not execute during SHUTTING DOWN
W0817 12:35:47.886408   66029 main_service.cc:1536] VerifyCommandState error: Can not execute during SHUTTING DOWN
W0817 12:35:47.886417   66028 main_service.cc:1536] VerifyCommandState error: Can not execute during SHUTTING DOWN
W0817 12:35:47.886454   66028 main_service.cc:1536] VerifyCommandState error: Can not execute during SHUTTING DOWN
W0817 12:35:47.886469   66024 main_service.cc:1536] VerifyCommandState error: Can not execute during SHUTTING DOWN
W0817 12:35:47.886490   66024 main_service.cc:1536] VerifyCommandState error: Can not execute during SHUTTING DOWN
W0817 12:35:47.886485   66026 execution_state.cc:93] ReportError: Operation canceled: ExecutionState cancelled
W0817 12:35:47.886551   66026 protocol_client.cc:277] Socket error: Operation canceled: ExecutionState cancelled in 127.0.0.1:25244, socket info: State: ESTABLISHED, Local: 127.0.0.1:50900, Remote: 127.0.0.1:25244, Inode: 222024
I0817 12:35:47.888198   66026 replica.cc:939] Exit stable sync
