                   .--::--.
   :+*=:          =@@@@@@@@=          :+*+:
  %@@@@@@%*=.     =@@@@@@@@-     .=*%@@@@@@#
  @@@@@@@@@@@@#+-. .%@@@@#. .-+#@@@@@@@@@@@%
  -@@@@@@@@@@@@@@@@*:#@@#:*@@@@@@@@@@@@@@@@-
    :+*********####-%@%%@%-####********++.
   .%@@@@@@@@@@@@@%:@@@@@@:@@@@@@@@@@@@@@%
   .@@@@@@@@%*+-:   =@@@@=  .:-+*%@@@@@@@%.
     =*+-:           ###*          .:-+*=
                     %@@%
                     *@@*
                     +@@=
                     :##:
                     :@@:
                      @@
                      ..
* Logs will be written to the first available of the following paths:
/tmp/dragonfly.*
* For the available flags type dragonfly [--help | --helpfull]
* Documentation can be found at: https://www.dragonflydb.io/docs
I0817 13:51:56.383667  170097 dfly_main.cc:1104] Starting dragonfly df-dev-0000000
I0817 13:51:56.383821  170097 dfly_main.cc:1154] Using proactor_threads=10 (overriding cgroup-derived 0)
W0817 13:51:56.383831  170097 dfly_main.cc:1161] SWAP is enabled. Consider disabling it when running Dragonfly.
I0817 13:51:56.383901  170097 dfly_main.cc:1167] maxmemory has not been specified. Deciding myself....
I0817 13:51:56.383903  170097 dfly_main.cc:1176] Found 21.05GiB available memory. Setting maxmemory to 16.84GiB
I0817 13:51:56.384495  170100 uring_proactor.cc:263] IORing with 1024 entries, allocated 98368 bytes, cq_entries is 2048
I0817 13:51:56.385142  170097 proactor_pool.cc:149] Running 10 io threads
I0817 13:51:56.386165  170097 dragonfly_listener.cc:152] SSL version: OpenSSL 3.0.13 30 Jan 2024
W0817 13:51:56.386198  170097 dfly_main.cc:353] Protected mode enabled. Binding to localhost only because no password is set. To accept remote connections, set a password with --requirepass or specify a bind address with --bind.
I0817 13:51:56.386404  170097 dfly_main.cc:437] Listening on admin socket any:38217
I0817 13:51:56.387217  170097 server_family.cc:1207] Host OS: Linux 7.0.0-28-generic x86_64 with 10 threads
I0817 13:51:56.387354  170101 listener_interface.cc:102] sock[25] AcceptServer - listening on 0.0.0.0:38217
I0817 13:51:56.387369  170102 listener_interface.cc:102] sock[26] AcceptServer - listening on 127.0.0.1:18217
I0817 13:51:56.482453  170102 server_family.cc:3393] Initiate replication with: 127.0.0.1:18216
I0817 13:51:56.484877  170102 replica.cc:681] Started full sync with 127.0.0.1:18216
I0817 13:51:57.146043  170102 replica.cc:720] full sync finished in 662 ms
I0817 13:51:57.147508  170102 replica.cc:907] Transitioned into stable sync
I0817 13:51:57.215025  170102 listener_interface.cc:230] Listener stopped for port 18217
I0817 13:51:57.215150  170101 listener_interface.cc:230] Listener stopped for port 38217
W0817 13:51:57.215301  170102 main_service.cc:1536] VerifyCommandState error: Can not execute during SHUTTING DOWN
W0817 13:51:57.215340  170102 main_service.cc:1536] VerifyCommandState error: Can not execute during SHUTTING DOWN
W0817 13:51:57.215334  170106 main_service.cc:1536] VerifyCommandState error: Can not execute during SHUTTING DOWN
W0817 13:51:57.215353  170109 main_service.cc:1536] VerifyCommandState error: Can not execute during SHUTTING DOWN
W0817 13:51:57.215350  170105 main_service.cc:1536] VerifyCommandState error: Can not execute during SHUTTING DOWN
W0817 13:51:57.215395  170102 main_service.cc:1536] VerifyCommandState error: Can not execute during SHUTTING DOWN
W0817 13:51:57.215390  170107 main_service.cc:1536] VerifyCommandState error: Can not execute during SHUTTING DOWN
W0817 13:51:57.215406  170105 main_service.cc:1536] VerifyCommandState error: Can not execute during SHUTTING DOWN
W0817 13:51:57.215409  170106 main_service.cc:1536] VerifyCommandState error: Can not execute during SHUTTING DOWN
W0817 13:51:57.215414  170107 main_service.cc:1536] VerifyCommandState error: Can not execute during SHUTTING DOWN
W0817 13:51:57.215421  170106 main_service.cc:1536] VerifyCommandState error: Can not execute during SHUTTING DOWN
W0817 13:51:57.215424  170109 main_service.cc:1536] VerifyCommandState error: Can not execute during SHUTTING DOWN
W0817 13:51:57.215426  170102 main_service.cc:1536] VerifyCommandState error: Can not execute during SHUTTING DOWN
W0817 13:51:57.215436  170105 main_service.cc:1536] VerifyCommandState error: Can not execute during SHUTTING DOWN
W0817 13:51:57.215436  170106 main_service.cc:1536] VerifyCommandState error: Can not execute during SHUTTING DOWN
W0817 13:51:57.215449  170109 main_service.cc:1536] VerifyCommandState error: Can not execute during SHUTTING DOWN
W0817 13:51:57.215473  170102 execution_state.cc:93] ReportError: Operation canceled: ExecutionState cancelled
W0817 13:51:57.215510  170102 protocol_client.cc:277] Socket error: Operation canceled: ExecutionState cancelled in 127.0.0.1:18216, socket info: State: ESTABLISHED, Local: 127.0.0.1:58570, Remote: 127.0.0.1:18216, Inode: 401184
I0817 13:51:57.216629  170102 replica.cc:939] Exit stable sync
