                   .--::--.
   :+*=:          =@@@@@@@@=          :+*+:
  %@@@@@@%*=.     =@@@@@@@@-     .=*%@@@@@@#
  @@@@@@@@@@@@#+-. .%@@@@#. .-+#@@@@@@@@@@@%
  -@@@@@@@@@@@@@@@@*:#@@#:*@@@@@@@@@@@@@@@@-
    :+*********####-%@%%@%-####********++.
   .%@@@@@@@@@@@@@%:@@@@@@:@@@@@@@@@@@@@@%
   .@@@@@@@@%*+-:   =@@@@=  .:-+*%@@@@@@@%.
     =*+-:           ###*          .:-+*=
                     %@@%
                     *@@*
                     +@@=
                     :##:
                     :@@:
                      @@
                      ..
* Logs will be written to the first available of the following paths:
/tmp/dragonfly.*
* For the available flags type dragonfly [--help | --helpfull]
* Documentation can be found at: https://www.dragonflydb.io/docs
I0817 13:51:56.435288  170110 dfly_main.cc:1104] Starting dragonfly df-dev-0000000
I0817 13:51:56.435420  170110 dfly_main.cc:1154] Using proactor_threads=10 (overriding cgroup-derived 0)
W0817 13:51:56.435430  170110 dfly_main.cc:1161] SWAP is enabled. Consider disabling it when running Dragonfly.
I0817 13:51:56.435482  170110 dfly_main.cc:1167] maxmemory has not been specified. Deciding myself....
I0817 13:51:56.435484  170110 dfly_main.cc:1176] Found 21.04GiB available memory. Setting maxmemory to 16.83GiB
I0817 13:51:56.435979  170111 uring_proactor.cc:263] IORing with 1024 entries, allocated 98368 bytes, cq_entries is 2048
I0817 13:51:56.436591  170110 proactor_pool.cc:149] Running 10 io threads
I0817 13:51:56.437445  170110 dragonfly_listener.cc:152] SSL version: OpenSSL 3.0.13 30 Jan 2024
W0817 13:51:56.437468  170110 dfly_main.cc:353] Protected mode enabled. Binding to localhost only because no password is set. To accept remote connections, set a password with --requirepass or specify a bind address with --bind.
I0817 13:51:56.437669  170110 dfly_main.cc:437] Listening on admin socket any:38218
I0817 13:51:56.438463  170110 server_family.cc:1207] Host OS: Linux 7.0.0-28-generic x86_64 with 10 threads
I0817 13:51:56.438651  170113 listener_interface.cc:102] sock[26] AcceptServer - listening on 127.0.0.1:18218
I0817 13:51:56.438647  170112 listener_interface.cc:102] sock[25] AcceptServer - listening on 0.0.0.0:38218
I0817 13:51:56.482669  170113 server_family.cc:3393] Initiate replication with: 127.0.0.1:18216
I0817 13:51:56.484926  170113 replica.cc:681] Started full sync with 127.0.0.1:18216
I0817 13:51:57.152104  170113 replica.cc:720] full sync finished in 668 ms
I0817 13:51:57.152153  170113 replica.cc:907] Transitioned into stable sync
I0817 13:51:57.182657  170113 listener_interface.cc:230] Listener stopped for port 18218
I0817 13:51:57.182644  170112 listener_interface.cc:230] Listener stopped for port 38218
W0817 13:51:57.182846  170111 main_service.cc:1536] VerifyCommandState error: Can not execute during SHUTTING DOWN
W0817 13:51:57.182847  170114 main_service.cc:1536] VerifyCommandState error: Can not execute during SHUTTING DOWN
W0817 13:51:57.182856  170112 main_service.cc:1536] VerifyCommandState error: Can not execute during SHUTTING DOWN
W0817 13:51:57.182862  170113 main_service.cc:1536] VerifyCommandState error: Can not execute during SHUTTING DOWN
W0817 13:51:57.182882  170111 main_service.cc:1536] VerifyCommandState error: Can not execute during SHUTTING DOWN
W0817 13:51:57.182886  170114 main_service.cc:1536] VerifyCommandState error: Can not execute during SHUTTING DOWN
W0817 13:51:57.182892  170112 main_service.cc:1536] VerifyCommandState error: Can not execute during SHUTTING DOWN
W0817 13:51:57.182901  170112 main_service.cc:1536] VerifyCommandState error: Can not execute during SHUTTING DOWN
W0817 13:51:57.182906  170113 main_service.cc:1536] VerifyCommandState error: Can not execute during SHUTTING DOWN
W0817 13:51:57.182935  170113 execution_state.cc:93] ReportError: Operation canceled: ExecutionState cancelled
W0817 13:51:57.182974  170113 protocol_client.cc:277] Socket error: Operation canceled: ExecutionState cancelled in 127.0.0.1:18216, socket info: State: ESTABLISHED, Local: 127.0.0.1:58578, Remote: 127.0.0.1:18216, Inode: 401187
I0817 13:51:57.184503  170113 replica.cc:939] Exit stable sync
