                   .--::--.
   :+*=:          =@@@@@@@@=          :+*+:
  %@@@@@@%*=.     =@@@@@@@@-     .=*%@@@@@@#
  @@@@@@@@@@@@#+-. .%@@@@#. .-+#@@@@@@@@@@@%
  -@@@@@@@@@@@@@@@@*:#@@#:*@@@@@@@@@@@@@@@@-
    :+*********####-%@%%@%-####********++.
   .%@@@@@@@@@@@@@%:@@@@@@:@@@@@@@@@@@@@@%
   .@@@@@@@@%*+-:   =@@@@=  .:-+*%@@@@@@@%.
     =*+-:           ###*          .:-+*=
                     %@@%
                     *@@*
                     +@@=
                     :##:
                     :@@:
                      @@
                      ..
* Logs will be written to the first available of the following paths:
/tmp/dragonfly.*
* For the available flags type dragonfly [--help | --helpfull]
* Documentation can be found at: https://www.dragonflydb.io/docs
I0817 13:25:11.966611  140726 dfly_main.cc:1104] Starting dragonfly df-dev-0000000
I0817 13:25:11.966788  140726 dfly_main.cc:1154] Using proactor_threads=10 (overriding cgroup-derived 0)
W0817 13:25:11.966814  140726 dfly_main.cc:1161] SWAP is enabled. Consider disabling it when running Dragonfly.
I0817 13:25:11.966896  140726 dfly_main.cc:1167] maxmemory has not been specified. Deciding myself....
I0817 13:25:11.966898  140726 dfly_main.cc:1176] Found 16.74GiB available memory. Setting maxmemory to 13.39GiB
I0817 13:25:11.967734  140727 uring_proactor.cc:263] IORing with 1024 entries, allocated 98368 bytes, cq_entries is 2048
I0817 13:25:11.968515  140726 proactor_pool.cc:149] Running 10 io threads
I0817 13:25:11.969493  140726 dragonfly_listener.cc:152] SSL version: OpenSSL 3.0.13 30 Jan 2024
W0817 13:25:11.969514  140726 dfly_main.cc:353] Protected mode enabled. Binding to localhost only because no password is set. To accept remote connections, set a password with --requirepass or specify a bind address with --bind.
E0817 13:25:11.969763  140726 dfly_main.cc:435] Failed to open admin socket any:50170, error: Address already in use
I0817 13:25:11.971683  140726 server_family.cc:1207] Host OS: Linux 7.0.0-28-generic x86_64 with 10 threads
I0817 13:25:11.972902  140729 listener_interface.cc:102] sock[26] AcceptServer - listening on 127.0.0.1:30170
I0817 13:25:12.120078  140729 server_family.cc:3393] Initiate replication with: 127.0.0.1:30168
I0817 13:25:12.125181  140729 replica.cc:681] Started full sync with 127.0.0.1:30168
I0817 13:25:19.849997  140729 replica.cc:720] full sync finished in 7.73 s
I0817 13:25:19.850678  140729 replica.cc:907] Transitioned into stable sync
I0817 13:25:20.161461  140729 listener_interface.cc:230] Listener stopped for port 30170
W0817 13:25:20.161621  140736 main_service.cc:1536] VerifyCommandState error: Can not execute during SHUTTING DOWN
W0817 13:25:20.161655  140731 main_service.cc:1536] VerifyCommandState error: Can not execute during SHUTTING DOWN
W0817 13:25:20.161666  140734 main_service.cc:1536] VerifyCommandState error: Can not execute during SHUTTING DOWN
W0817 13:25:20.161692  140729 main_service.cc:1536] VerifyCommandState error: Can not execute during SHUTTING DOWN
W0817 13:25:20.161691  140728 main_service.cc:1536] VerifyCommandState error: Can not execute during SHUTTING DOWN
W0817 13:25:20.161794  140736 main_service.cc:1536] VerifyCommandState error: Can not execute during SHUTTING DOWN
W0817 13:25:20.161805  140731 main_service.cc:1536] VerifyCommandState error: Can not execute during SHUTTING DOWN
W0817 13:25:20.161813  140734 main_service.cc:1536] VerifyCommandState error: Can not execute during SHUTTING DOWN
W0817 13:25:20.161819  140729 main_service.cc:1536] VerifyCommandState error: Can not execute during SHUTTING DOWN
W0817 13:25:20.161825  140728 main_service.cc:1536] VerifyCommandState error: Can not execute during SHUTTING DOWN
W0817 13:25:20.161829  140729 main_service.cc:1536] VerifyCommandState error: Can not execute during SHUTTING DOWN
W0817 13:25:20.161840  140729 main_service.cc:1536] VerifyCommandState error: Can not execute during SHUTTING DOWN
W0817 13:25:20.161854  140734 main_service.cc:1536] VerifyCommandState error: Can not execute during SHUTTING DOWN
W0817 13:25:20.161863  140734 main_service.cc:1536] VerifyCommandState error: Can not execute during SHUTTING DOWN
W0817 13:25:20.161883  140736 main_service.cc:1536] VerifyCommandState error: Can not execute during SHUTTING DOWN
W0817 13:25:20.161892  140736 main_service.cc:1536] VerifyCommandState error: Can not execute during SHUTTING DOWN
W0817 13:25:20.161917  140729 execution_state.cc:93] ReportError: Operation canceled: ExecutionState cancelled
W0817 13:25:20.161925  140727 main_service.cc:1536] VerifyCommandState error: Can not execute during SHUTTING DOWN
W0817 13:25:20.161947  140729 protocol_client.cc:277] Socket error: Operation canceled: ExecutionState cancelled in 127.0.0.1:30168, socket info: State: ESTABLISHED, Local: 127.0.0.1:34306, Remote: 127.0.0.1:30168, Inode: 342813
I0817 13:25:20.163173  140729 replica.cc:939] Exit stable sync
