                   .--::--.
   :+*=:          =@@@@@@@@=          :+*+:
  %@@@@@@%*=.     =@@@@@@@@-     .=*%@@@@@@#
  @@@@@@@@@@@@#+-. .%@@@@#. .-+#@@@@@@@@@@@%
  -@@@@@@@@@@@@@@@@*:#@@#:*@@@@@@@@@@@@@@@@-
    :+*********####-%@%%@%-####********++.
   .%@@@@@@@@@@@@@%:@@@@@@:@@@@@@@@@@@@@@%
   .@@@@@@@@%*+-:   =@@@@=  .:-+*%@@@@@@@%.
     =*+-:           ###*          .:-+*=
                     %@@%
                     *@@*
                     +@@=
                     :##:
                     :@@:
                      @@
                      ..
* Logs will be written to the first available of the following paths:
/tmp/dragonfly.*
* For the available flags type dragonfly [--help | --helpfull]
* Documentation can be found at: https://www.dragonflydb.io/docs
I0817 13:25:11.913775  140715 dfly_main.cc:1104] Starting dragonfly df-dev-0000000
I0817 13:25:11.913887  140715 dfly_main.cc:1154] Using proactor_threads=10 (overriding cgroup-derived 0)
W0817 13:25:11.913895  140715 dfly_main.cc:1161] SWAP is enabled. Consider disabling it when running Dragonfly.
I0817 13:25:11.914086  140715 dfly_main.cc:1167] maxmemory has not been specified. Deciding myself....
I0817 13:25:11.914092  140715 dfly_main.cc:1176] Found 16.75GiB available memory. Setting maxmemory to 13.40GiB
I0817 13:25:11.914588  140716 uring_proactor.cc:263] IORing with 1024 entries, allocated 98368 bytes, cq_entries is 2048
I0817 13:25:11.915392  140715 proactor_pool.cc:149] Running 10 io threads
I0817 13:25:11.916285  140715 dragonfly_listener.cc:152] SSL version: OpenSSL 3.0.13 30 Jan 2024
W0817 13:25:11.916311  140715 dfly_main.cc:353] Protected mode enabled. Binding to localhost only because no password is set. To accept remote connections, set a password with --requirepass or specify a bind address with --bind.
I0817 13:25:11.916522  140715 dfly_main.cc:437] Listening on admin socket any:50169
I0817 13:25:11.917450  140715 server_family.cc:1207] Host OS: Linux 7.0.0-28-generic x86_64 with 10 threads
I0817 13:25:11.917626  140718 listener_interface.cc:102] sock[25] AcceptServer - listening on 127.0.0.1:30169
I0817 13:25:11.917623  140717 listener_interface.cc:102] sock[24] AcceptServer - listening on 0.0.0.0:50169
I0817 13:25:12.120334  140718 server_family.cc:3393] Initiate replication with: 127.0.0.1:30168
I0817 13:25:12.125126  140718 replica.cc:681] Started full sync with 127.0.0.1:30168
I0817 13:25:19.851109  140718 replica.cc:720] full sync finished in 7.73 s
I0817 13:25:19.851508  140718 replica.cc:907] Transitioned into stable sync
I0817 13:25:20.276599  140718 listener_interface.cc:230] Listener stopped for port 30169
I0817 13:25:20.276600  140717 listener_interface.cc:230] Listener stopped for port 50169
W0817 13:25:20.276795  140723 main_service.cc:1536] VerifyCommandState error: Can not execute during SHUTTING DOWN
W0817 13:25:20.276917  140724 main_service.cc:1536] VerifyCommandState error: Can not execute during SHUTTING DOWN
W0817 13:25:20.276929  140718 main_service.cc:1536] VerifyCommandState error: Can not execute during SHUTTING DOWN
W0817 13:25:20.276941  140719 main_service.cc:1536] VerifyCommandState error: Can not execute during SHUTTING DOWN
W0817 13:25:20.277002  140724 main_service.cc:1536] VerifyCommandState error: Can not execute during SHUTTING DOWN
W0817 13:25:20.277001  140723 main_service.cc:1536] VerifyCommandState error: Can not execute during SHUTTING DOWN
W0817 13:25:20.277004  140718 main_service.cc:1536] VerifyCommandState error: Can not execute during SHUTTING DOWN
W0817 13:25:20.277009  140719 main_service.cc:1536] VerifyCommandState error: Can not execute during SHUTTING DOWN
W0817 13:25:20.277027  140718 execution_state.cc:93] ReportError: Operation canceled: ExecutionState cancelled
W0817 13:25:20.277071  140718 protocol_client.cc:277] Socket error: Operation canceled: ExecutionState cancelled in 127.0.0.1:30168, socket info: State: ESTABLISHED, Local: 127.0.0.1:34310, Remote: 127.0.0.1:30168, Inode: 342816
I0817 13:25:20.278815  140718 replica.cc:939] Exit stable sync
