                   .--::--.
   :+*=:          =@@@@@@@@=          :+*+:
  %@@@@@@%*=.     =@@@@@@@@-     .=*%@@@@@@#
  @@@@@@@@@@@@#+-. .%@@@@#. .-+#@@@@@@@@@@@%
  -@@@@@@@@@@@@@@@@*:#@@#:*@@@@@@@@@@@@@@@@-
    :+*********####-%@%%@%-####********++.
   .%@@@@@@@@@@@@@%:@@@@@@:@@@@@@@@@@@@@@%
   .@@@@@@@@%*+-:   =@@@@=  .:-+*%@@@@@@@%.
     =*+-:           ###*          .:-+*=
                     %@@%
                     *@@*
                     +@@=
                     :##:
                     :@@:
                      @@
                      ..
* Logs will be written to the first available of the following paths:
/tmp/dragonfly.*
* For the available flags type dragonfly [--help | --helpfull]
* Documentation can be found at: https://www.dragonflydb.io/docs
I0817 13:27:04.847768  141780 dfly_main.cc:1104] Starting dragonfly df-dev-0000000
I0817 13:27:04.847878  141780 dfly_main.cc:1154] Using proactor_threads=10 (overriding cgroup-derived 0)
W0817 13:27:04.847886  141780 dfly_main.cc:1161] SWAP is enabled. Consider disabling it when running Dragonfly.
I0817 13:27:04.847934  141780 dfly_main.cc:1167] maxmemory has not been specified. Deciding myself....
I0817 13:27:04.847937  141780 dfly_main.cc:1176] Found 23.93GiB available memory. Setting maxmemory to 19.15GiB
I0817 13:27:04.848441  141781 uring_proactor.cc:263] IORing with 1024 entries, allocated 98368 bytes, cq_entries is 2048
I0817 13:27:04.850928  141780 proactor_pool.cc:149] Running 10 io threads
I0817 13:27:04.852027  141780 dragonfly_listener.cc:152] SSL version: OpenSSL 3.0.13 30 Jan 2024
W0817 13:27:04.852063  141780 dfly_main.cc:353] Protected mode enabled. Binding to localhost only because no password is set. To accept remote connections, set a password with --requirepass or specify a bind address with --bind.
I0817 13:27:04.852308  141780 dfly_main.cc:437] Listening on admin socket any:50175
I0817 13:27:04.853355  141780 server_family.cc:1207] Host OS: Linux 7.0.0-28-generic x86_64 with 10 threads
I0817 13:27:04.853518  141782 listener_interface.cc:102] sock[25] AcceptServer - listening on 0.0.0.0:50175
I0817 13:27:04.853555  141783 listener_interface.cc:102] sock[26] AcceptServer - listening on 127.0.0.1:30175
I0817 13:27:05.058489  141783 server_family.cc:3393] Initiate replication with: 127.0.0.1:30168
I0817 13:27:05.069800  141783 replica.cc:681] Started full sync with 127.0.0.1:30168
I0817 13:27:28.060977  141783 replica.cc:720] full sync finished in 23 s
I0817 13:27:28.062112  141783 replica.cc:907] Transitioned into stable sync
I0817 13:27:29.072446  141783 listener_interface.cc:230] Listener stopped for port 30175
I0817 13:27:29.072472  141782 listener_interface.cc:230] Listener stopped for port 50175
W0817 13:27:29.073562  141787 main_service.cc:1536] VerifyCommandState error: Can not execute during SHUTTING DOWN
W0817 13:27:29.073588  141783 main_service.cc:1536] VerifyCommandState error: Can not execute during SHUTTING DOWN
W0817 13:27:29.073610  141787 main_service.cc:1536] VerifyCommandState error: Can not execute during SHUTTING DOWN
W0817 13:27:29.073624  141783 main_service.cc:1536] VerifyCommandState error: Can not execute during SHUTTING DOWN
W0817 13:27:29.073630  141783 main_service.cc:1536] VerifyCommandState error: Can not execute during SHUTTING DOWN
W0817 13:27:29.073745  141783 main_service.cc:1536] VerifyCommandState error: Can not execute during SHUTTING DOWN
W0817 13:27:29.073752  141783 main_service.cc:1536] VerifyCommandState error: Can not execute during SHUTTING DOWN
W0817 13:27:29.073799  141790 main_service.cc:1536] VerifyCommandState error: Can not execute during SHUTTING DOWN
W0817 13:27:29.073827  141790 main_service.cc:1536] VerifyCommandState error: Can not execute during SHUTTING DOWN
W0817 13:27:29.073837  141790 main_service.cc:1536] VerifyCommandState error: Can not execute during SHUTTING DOWN
W0817 13:27:29.073833  141781 main_service.cc:1536] VerifyCommandState error: Can not execute during SHUTTING DOWN
W0817 13:27:29.073846  141790 main_service.cc:1536] VerifyCommandState error: Can not execute during SHUTTING DOWN
W0817 13:27:29.073878  141784 main_service.cc:1536] VerifyCommandState error: Can not execute during SHUTTING DOWN
W0817 13:27:29.073896  141782 main_service.cc:1536] VerifyCommandState error: Can not execute during SHUTTING DOWN
W0817 13:27:29.073904  141784 main_service.cc:1536] VerifyCommandState error: Can not execute during SHUTTING DOWN
W0817 13:27:29.073916  141782 main_service.cc:1536] VerifyCommandState error: Can not execute during SHUTTING DOWN
W0817 13:27:29.073950  141787 main_service.cc:1536] VerifyCommandState error: Can not execute during SHUTTING DOWN
W0817 13:27:29.073959  141787 main_service.cc:1536] VerifyCommandState error: Can not execute during SHUTTING DOWN
W0817 13:27:29.073874  141781 main_service.cc:1536] VerifyCommandState error: Can not execute during SHUTTING DOWN
W0817 13:27:29.073971  141789 main_service.cc:1536] VerifyCommandState error: Can not execute during SHUTTING DOWN
W0817 13:27:29.073982  141781 main_service.cc:1536] VerifyCommandState error: Can not execute during SHUTTING DOWN
W0817 13:27:29.073991  141789 main_service.cc:1536] VerifyCommandState error: Can not execute during SHUTTING DOWN
W0817 13:27:29.073995  141781 main_service.cc:1536] VerifyCommandState error: Can not execute during SHUTTING DOWN
W0817 13:27:29.073997  141789 main_service.cc:1536] VerifyCommandState error: Can not execute during SHUTTING DOWN
W0817 13:27:29.074003  141789 main_service.cc:1536] VerifyCommandState error: Can not execute during SHUTTING DOWN
W0817 13:27:29.074063  141784 main_service.cc:1536] VerifyCommandState error: Can not execute during SHUTTING DOWN
W0817 13:27:29.074095  141786 main_service.cc:1536] VerifyCommandState error: Can not execute during SHUTTING DOWN
W0817 13:27:29.074125  141786 main_service.cc:1536] VerifyCommandState error: Can not execute during SHUTTING DOWN
W0817 13:27:29.074132  141786 main_service.cc:1536] VerifyCommandState error: Can not execute during SHUTTING DOWN
W0817 13:27:29.074231  141783 main_service.cc:1536] VerifyCommandState error: Can not execute during SHUTTING DOWN
W0817 13:27:29.074242  141783 main_service.cc:1536] VerifyCommandState error: Can not execute during SHUTTING DOWN
W0817 13:27:29.074248  141783 main_service.cc:1536] VerifyCommandState error: Can not execute during SHUTTING DOWN
W0817 13:27:29.074253  141784 main_service.cc:1536] VerifyCommandState error: Can not execute during SHUTTING DOWN
W0817 13:27:29.074273  141784 main_service.cc:1536] VerifyCommandState error: Can not execute during SHUTTING DOWN
W0817 13:27:29.074277  141784 main_service.cc:1536] VerifyCommandState error: Can not execute during SHUTTING DOWN
W0817 13:27:29.074340  141785 main_service.cc:1536] VerifyCommandState error: Can not execute during SHUTTING DOWN
W0817 13:27:29.074366  141785 main_service.cc:1536] VerifyCommandState error: Can not execute during SHUTTING DOWN
W0817 13:27:29.074411  141790 main_service.cc:1536] VerifyCommandState error: Can not execute during SHUTTING DOWN
W0817 13:27:29.074422  141790 main_service.cc:1536] VerifyCommandState error: Can not execute during SHUTTING DOWN
W0817 13:27:29.074427  141790 main_service.cc:1536] VerifyCommandState error: Can not execute during SHUTTING DOWN
W0817 13:27:29.074549  141783 main_service.cc:1536] VerifyCommandState error: Can not execute during SHUTTING DOWN
W0817 13:27:29.074557  141783 main_service.cc:1536] VerifyCommandState error: Can not execute during SHUTTING DOWN
W0817 13:27:29.074561  141783 main_service.cc:1536] VerifyCommandState error: Can not execute during SHUTTING DOWN
W0817 13:27:29.074569  141789 main_service.cc:1536] VerifyCommandState error: Can not execute during SHUTTING DOWN
W0817 13:27:29.074580  141789 main_service.cc:1536] VerifyCommandState error: Can not execute during SHUTTING DOWN
W0817 13:27:29.074583  141789 main_service.cc:1536] VerifyCommandState error: Can not execute during SHUTTING DOWN
W0817 13:27:29.074589  141788 main_service.cc:1536] VerifyCommandState error: Can not execute during SHUTTING DOWN
W0817 13:27:29.074609  141788 main_service.cc:1536] VerifyCommandState error: Can not execute during SHUTTING DOWN
W0817 13:27:29.074614  141788 main_service.cc:1536] VerifyCommandState error: Can not execute during SHUTTING DOWN
W0817 13:27:29.074619  141788 main_service.cc:1536] VerifyCommandState error: Can not execute during SHUTTING DOWN
W0817 13:27:29.074624  141788 main_service.cc:1536] VerifyCommandState error: Can not execute during SHUTTING DOWN
W0817 13:27:29.074696  141787 main_service.cc:1536] VerifyCommandState error: Can not execute during SHUTTING DOWN
W0817 13:27:29.074708  141787 main_service.cc:1536] VerifyCommandState error: Can not execute during SHUTTING DOWN
W0817 13:27:29.074673  141783 execution_state.cc:93] ReportError: Operation canceled: ExecutionState cancelled
W0817 13:27:29.074756  141783 protocol_client.cc:277] Socket error: Operation canceled: ExecutionState cancelled in 127.0.0.1:30168, socket info: State: ESTABLISHED, Local: 127.0.0.1:46894, Remote: 127.0.0.1:30168, Inode: 356644
I0817 13:27:29.076574  141783 replica.cc:939] Exit stable sync
