                   .--::--.
   :+*=:          =@@@@@@@@=          :+*+:
  %@@@@@@%*=.     =@@@@@@@@-     .=*%@@@@@@#
  @@@@@@@@@@@@#+-. .%@@@@#. .-+#@@@@@@@@@@@%
  -@@@@@@@@@@@@@@@@*:#@@#:*@@@@@@@@@@@@@@@@-
    :+*********####-%@%%@%-####********++.
   .%@@@@@@@@@@@@@%:@@@@@@:@@@@@@@@@@@@@@%
   .@@@@@@@@%*+-:   =@@@@=  .:-+*%@@@@@@@%.
     =*+-:           ###*          .:-+*=
                     %@@%
                     *@@*
                     +@@=
                     :##:
                     :@@:
                      @@
                      ..
* Logs will be written to the first available of the following paths:
/tmp/dragonfly.*
* For the available flags type dragonfly [--help | --helpfull]
* Documentation can be found at: https://www.dragonflydb.io/docs
I0817 13:27:04.581958  141725 dfly_main.cc:1104] Starting dragonfly df-dev-0000000
I0817 13:27:04.582126  141725 dfly_main.cc:1154] Using proactor_threads=10 (overriding cgroup-derived 0)
W0817 13:27:04.582143  141725 dfly_main.cc:1161] SWAP is enabled. Consider disabling it when running Dragonfly.
I0817 13:27:04.582335  141725 dfly_main.cc:1167] maxmemory has not been specified. Deciding myself....
I0817 13:27:04.582339  141725 dfly_main.cc:1176] Found 23.96GiB available memory. Setting maxmemory to 19.16GiB
I0817 13:27:04.583107  141726 uring_proactor.cc:263] IORing with 1024 entries, allocated 98368 bytes, cq_entries is 2048
I0817 13:27:04.583907  141725 proactor_pool.cc:149] Running 10 io threads
I0817 13:27:04.585100  141725 dragonfly_listener.cc:152] SSL version: OpenSSL 3.0.13 30 Jan 2024
W0817 13:27:04.585150  141725 dfly_main.cc:353] Protected mode enabled. Binding to localhost only because no password is set. To accept remote connections, set a password with --requirepass or specify a bind address with --bind.
I0817 13:27:04.585474  141725 dfly_main.cc:437] Listening on admin socket any:50170
I0817 13:27:04.586424  141725 server_family.cc:1207] Host OS: Linux 7.0.0-28-generic x86_64 with 10 threads
I0817 13:27:04.586638  141727 listener_interface.cc:102] sock[25] AcceptServer - listening on 0.0.0.0:50170
I0817 13:27:04.586664  141728 listener_interface.cc:102] sock[26] AcceptServer - listening on 127.0.0.1:30170
I0817 13:27:05.057198  141728 server_family.cc:3393] Initiate replication with: 127.0.0.1:30168
I0817 13:27:05.076323  141728 replica.cc:681] Started full sync with 127.0.0.1:30168
W0817 13:27:13.301829  141729 proactor_base.cc:231] OnIdle task is taking too long: 13886 us defrag
I0817 13:27:28.525917  141728 replica.cc:720] full sync finished in 23.5 s
I0817 13:27:28.526527  141728 replica.cc:907] Transitioned into stable sync
I0817 13:27:29.649026  141727 listener_interface.cc:230] Listener stopped for port 50170
I0817 13:27:29.649025  141728 listener_interface.cc:230] Listener stopped for port 30170
W0817 13:27:29.649725  141728 main_service.cc:1536] VerifyCommandState error: Can not execute during SHUTTING DOWN
W0817 13:27:29.649753  141728 main_service.cc:1536] VerifyCommandState error: Can not execute during SHUTTING DOWN
W0817 13:27:29.649758  141728 main_service.cc:1536] VerifyCommandState error: Can not execute during SHUTTING DOWN
W0817 13:27:29.649975  141734 main_service.cc:1536] VerifyCommandState error: Can not execute during SHUTTING DOWN
W0817 13:27:29.650004  141734 main_service.cc:1536] VerifyCommandState error: Can not execute during SHUTTING DOWN
W0817 13:27:29.650012  141734 main_service.cc:1536] VerifyCommandState error: Can not execute during SHUTTING DOWN
W0817 13:27:29.650020  141734 main_service.cc:1536] VerifyCommandState error: Can not execute during SHUTTING DOWN
W0817 13:27:29.650026  141734 main_service.cc:1536] VerifyCommandState error: Can not execute during SHUTTING DOWN
W0817 13:27:29.650031  141734 main_service.cc:1536] VerifyCommandState error: Can not execute during SHUTTING DOWN
W0817 13:27:29.650073  141728 main_service.cc:1536] VerifyCommandState error: Can not execute during SHUTTING DOWN
W0817 13:27:29.650077  141732 main_service.cc:1536] VerifyCommandState error: Can not execute during SHUTTING DOWN
W0817 13:27:29.650100  141728 main_service.cc:1536] VerifyCommandState error: Can not execute during SHUTTING DOWN
W0817 13:27:29.650098  141731 main_service.cc:1536] VerifyCommandState error: Can not execute during SHUTTING DOWN
W0817 13:27:29.650109  141732 main_service.cc:1536] VerifyCommandState error: Can not execute during SHUTTING DOWN
W0817 13:27:29.650110  141728 main_service.cc:1536] VerifyCommandState error: Can not execute during SHUTTING DOWN
W0817 13:27:29.650085  141735 main_service.cc:1536] VerifyCommandState error: Can not execute during SHUTTING DOWN
W0817 13:27:29.650139  141731 main_service.cc:1536] VerifyCommandState error: Can not execute during SHUTTING DOWN
W0817 13:27:29.650148  141735 main_service.cc:1536] VerifyCommandState error: Can not execute during SHUTTING DOWN
W0817 13:27:29.650141  141727 main_service.cc:1536] VerifyCommandState error: Can not execute during SHUTTING DOWN
W0817 13:27:29.650167  141735 main_service.cc:1536] VerifyCommandState error: Can not execute during SHUTTING DOWN
W0817 13:27:29.650165  141729 main_service.cc:1536] VerifyCommandState error: Can not execute during SHUTTING DOWN
W0817 13:27:29.650171  141727 main_service.cc:1536] VerifyCommandState error: Can not execute during SHUTTING DOWN
W0817 13:27:29.650182  141733 main_service.cc:1536] VerifyCommandState error: Can not execute during SHUTTING DOWN
W0817 13:27:29.650190  141727 main_service.cc:1536] VerifyCommandState error: Can not execute during SHUTTING DOWN
W0817 13:27:29.650188  141729 main_service.cc:1536] VerifyCommandState error: Can not execute during SHUTTING DOWN
W0817 13:27:29.650208  141733 main_service.cc:1536] VerifyCommandState error: Can not execute during SHUTTING DOWN
W0817 13:27:29.650221  141729 main_service.cc:1536] VerifyCommandState error: Can not execute during SHUTTING DOWN
W0817 13:27:29.650226  141729 main_service.cc:1536] VerifyCommandState error: Can not execute during SHUTTING DOWN
W0817 13:27:29.650232  141729 main_service.cc:1536] VerifyCommandState error: Can not execute during SHUTTING DOWN
W0817 13:27:29.650238  141733 main_service.cc:1536] VerifyCommandState error: Can not execute during SHUTTING DOWN
W0817 13:27:29.650242  141729 main_service.cc:1536] VerifyCommandState error: Can not execute during SHUTTING DOWN
W0817 13:27:29.650244  141733 main_service.cc:1536] VerifyCommandState error: Can not execute during SHUTTING DOWN
W0817 13:27:29.650241  141726 main_service.cc:1536] VerifyCommandState error: Can not execute during SHUTTING DOWN
W0817 13:27:29.650256  141734 main_service.cc:1536] VerifyCommandState error: Can not execute during SHUTTING DOWN
W0817 13:27:29.650268  141733 main_service.cc:1536] VerifyCommandState error: Can not execute during SHUTTING DOWN
W0817 13:27:29.650270  141726 main_service.cc:1536] VerifyCommandState error: Can not execute during SHUTTING DOWN
W0817 13:27:29.650273  141734 main_service.cc:1536] VerifyCommandState error: Can not execute during SHUTTING DOWN
W0817 13:27:29.650276  141733 main_service.cc:1536] VerifyCommandState error: Can not execute during SHUTTING DOWN
W0817 13:27:29.650281  141733 main_service.cc:1536] VerifyCommandState error: Can not execute during SHUTTING DOWN
W0817 13:27:29.650294  141726 main_service.cc:1536] VerifyCommandState error: Can not execute during SHUTTING DOWN
W0817 13:27:29.650300  141726 main_service.cc:1536] VerifyCommandState error: Can not execute during SHUTTING DOWN
W0817 13:27:29.650447  141734 main_service.cc:1536] VerifyCommandState error: Can not execute during SHUTTING DOWN
W0817 13:27:29.650452  141734 main_service.cc:1536] VerifyCommandState error: Can not execute during SHUTTING DOWN
W0817 13:27:29.650460  141727 main_service.cc:1536] VerifyCommandState error: Can not execute during SHUTTING DOWN
W0817 13:27:29.650465  141727 main_service.cc:1536] VerifyCommandState error: Can not execute during SHUTTING DOWN
W0817 13:27:29.650469  141733 main_service.cc:1536] VerifyCommandState error: Can not execute during SHUTTING DOWN
W0817 13:27:29.650480  141726 main_service.cc:1536] VerifyCommandState error: Can not execute during SHUTTING DOWN
W0817 13:27:29.650486  141726 main_service.cc:1536] VerifyCommandState error: Can not execute during SHUTTING DOWN
W0817 13:27:29.650458  141730 main_service.cc:1536] VerifyCommandState error: Can not execute during SHUTTING DOWN
W0817 13:27:29.650490  141726 main_service.cc:1536] VerifyCommandState error: Can not execute during SHUTTING DOWN
W0817 13:27:29.650497  141733 main_service.cc:1536] VerifyCommandState error: Can not execute during SHUTTING DOWN
W0817 13:27:29.650504  141730 main_service.cc:1536] VerifyCommandState error: Can not execute during SHUTTING DOWN
W0817 13:27:29.650511  141733 main_service.cc:1536] VerifyCommandState error: Can not execute during SHUTTING DOWN
W0817 13:27:29.650537  141732 main_service.cc:1536] VerifyCommandState error: Can not execute during SHUTTING DOWN
W0817 13:27:29.650544  141732 main_service.cc:1536] VerifyCommandState error: Can not execute during SHUTTING DOWN
W0817 13:27:29.650548  141732 main_service.cc:1536] VerifyCommandState error: Can not execute during SHUTTING DOWN
W0817 13:27:29.650609  141733 main_service.cc:1536] VerifyCommandState error: Can not execute during SHUTTING DOWN
W0817 13:27:29.650617  141733 main_service.cc:1536] VerifyCommandState error: Can not execute during SHUTTING DOWN
W0817 13:27:29.650690  141734 main_service.cc:1536] VerifyCommandState error: Can not execute during SHUTTING DOWN
W0817 13:27:29.650695  141734 main_service.cc:1536] VerifyCommandState error: Can not execute during SHUTTING DOWN
W0817 13:27:29.650693  141735 main_service.cc:1536] VerifyCommandState error: Can not execute during SHUTTING DOWN
W0817 13:27:29.650702  141735 main_service.cc:1536] VerifyCommandState error: Can not execute during SHUTTING DOWN
W0817 13:27:29.650707  141735 main_service.cc:1536] VerifyCommandState error: Can not execute during SHUTTING DOWN
W0817 13:27:29.650696  141728 execution_state.cc:93] ReportError: Operation canceled: ExecutionState cancelled
W0817 13:27:29.650814  141728 protocol_client.cc:277] Socket error: Operation canceled: ExecutionState cancelled in 127.0.0.1:30168, socket info: State: ESTABLISHED, Local: 127.0.0.1:46910, Remote: 127.0.0.1:30168, Inode: 356656
I0817 13:27:29.652706  141728 replica.cc:939] Exit stable sync
