                   .--::--.
   :+*=:          =@@@@@@@@=          :+*+:
  %@@@@@@%*=.     =@@@@@@@@-     .=*%@@@@@@#
  @@@@@@@@@@@@#+-. .%@@@@#. .-+#@@@@@@@@@@@%
  -@@@@@@@@@@@@@@@@*:#@@#:*@@@@@@@@@@@@@@@@-
    :+*********####-%@%%@%-####********++.
   .%@@@@@@@@@@@@@%:@@@@@@:@@@@@@@@@@@@@@%
   .@@@@@@@@%*+-:   =@@@@=  .:-+*%@@@@@@@%.
     =*+-:           ###*          .:-+*=
                     %@@%
                     *@@*
                     +@@=
                     :##:
                     :@@:
                      @@
                      ..
* Logs will be written to the first available of the following paths:
/tmp/dragonfly.*
* For the available flags type dragonfly [--help | --helpfull]
* Documentation can be found at: https://www.dragonflydb.io/docs
I0817 12:35:38.381351   65813 dfly_main.cc:1104] Starting dragonfly df-dev-0000000
I0817 12:35:38.381485   65813 dfly_main.cc:1154] Using proactor_threads=10 (overriding cgroup-derived 0)
W0817 12:35:38.381495   65813 dfly_main.cc:1161] SWAP is enabled. Consider disabling it when running Dragonfly.
I0817 12:35:38.381549   65813 dfly_main.cc:1167] maxmemory has not been specified. Deciding myself....
I0817 12:35:38.381552   65813 dfly_main.cc:1176] Found 19.55GiB available memory. Setting maxmemory to 15.64GiB
I0817 12:35:38.382150   65814 uring_proactor.cc:263] IORing with 1024 entries, allocated 98368 bytes, cq_entries is 2048
I0817 12:35:38.382974   65813 proactor_pool.cc:149] Running 10 io threads
I0817 12:35:38.383997   65813 dragonfly_listener.cc:152] SSL version: OpenSSL 3.0.13 30 Jan 2024
W0817 12:35:38.384024   65813 dfly_main.cc:353] Protected mode enabled. Binding to localhost only because no password is set. To accept remote connections, set a password with --requirepass or specify a bind address with --bind.
I0817 12:35:38.384296   65813 dfly_main.cc:437] Listening on admin socket any:45249
I0817 12:35:38.385127   65813 server_family.cc:1207] Host OS: Linux 7.0.0-28-generic x86_64 with 10 threads
I0817 12:35:38.385301   65816 listener_interface.cc:102] sock[26] AcceptServer - listening on 127.0.0.1:25249
I0817 12:35:38.385293   65815 listener_interface.cc:102] sock[25] AcceptServer - listening on 0.0.0.0:45249
I0817 12:35:38.481237   65816 server_family.cc:3393] Initiate replication with: 127.0.0.1:25244
I0817 12:35:38.492847   65816 replica.cc:681] Started full sync with 127.0.0.1:25244
I0817 12:35:40.600568   65816 replica.cc:720] full sync finished in 2.12 s
I0817 12:35:40.600676   65816 replica.cc:907] Transitioned into stable sync
I0817 12:35:40.714060   65816 listener_interface.cc:230] Listener stopped for port 25249
I0817 12:35:40.714153   65815 listener_interface.cc:230] Listener stopped for port 45249
W0817 12:35:40.714389   65820 main_service.cc:1536] VerifyCommandState error: Can not execute during SHUTTING DOWN
W0817 12:35:40.714407   65819 main_service.cc:1536] VerifyCommandState error: Can not execute during SHUTTING DOWN
W0817 12:35:40.714424   65820 main_service.cc:1536] VerifyCommandState error: Can not execute during SHUTTING DOWN
W0817 12:35:40.714441   65819 main_service.cc:1536] VerifyCommandState error: Can not execute during SHUTTING DOWN
W0817 12:35:40.714472   65819 main_service.cc:1536] VerifyCommandState error: Can not execute during SHUTTING DOWN
W0817 12:35:40.714464   65816 execution_state.cc:93] ReportError: Operation canceled: ExecutionState cancelled
W0817 12:35:40.714476   65822 main_service.cc:1536] VerifyCommandState error: Can not execute during SHUTTING DOWN
W0817 12:35:40.714495   65815 main_service.cc:1536] VerifyCommandState error: Can not execute during SHUTTING DOWN
W0817 12:35:40.714510   65816 protocol_client.cc:277] Socket error: Operation canceled: ExecutionState cancelled in 127.0.0.1:25244, socket info: State: ESTABLISHED, Local: 127.0.0.1:57642, Remote: 127.0.0.1:25244, Inode: 221218
I0817 12:35:40.716309   65816 replica.cc:939] Exit stable sync
