                   .--::--.
   :+*=:          =@@@@@@@@=          :+*+:
  %@@@@@@%*=.     =@@@@@@@@-     .=*%@@@@@@#
  @@@@@@@@@@@@#+-. .%@@@@#. .-+#@@@@@@@@@@@%
  -@@@@@@@@@@@@@@@@*:#@@#:*@@@@@@@@@@@@@@@@-
    :+*********####-%@%%@%-####********++.
   .%@@@@@@@@@@@@@%:@@@@@@:@@@@@@@@@@@@@@%
   .@@@@@@@@%*+-:   =@@@@=  .:-+*%@@@@@@@%.
     =*+-:           ###*          .:-+*=
                     %@@%
                     *@@*
                     +@@=
                     :##:
                     :@@:
                      @@
                      ..
* Logs will be written to the first available of the following paths:
/tmp/dragonfly.*
* For the available flags type dragonfly [--help | --helpfull]
* Documentation can be found at: https://www.dragonflydb.io/docs
I0817 12:35:38.222073   65769 dfly_main.cc:1104] Starting dragonfly df-dev-0000000
I0817 12:35:38.222179   65769 dfly_main.cc:1154] Using proactor_threads=10 (overriding cgroup-derived 0)
W0817 12:35:38.222186   65769 dfly_main.cc:1161] SWAP is enabled. Consider disabling it when running Dragonfly.
I0817 12:35:38.222231   65769 dfly_main.cc:1167] maxmemory has not been specified. Deciding myself....
I0817 12:35:38.222232   65769 dfly_main.cc:1176] Found 19.48GiB available memory. Setting maxmemory to 15.58GiB
I0817 12:35:38.222719   65770 uring_proactor.cc:263] IORing with 1024 entries, allocated 98368 bytes, cq_entries is 2048
I0817 12:35:38.223386   65769 proactor_pool.cc:149] Running 10 io threads
I0817 12:35:38.224212   65769 dragonfly_listener.cc:152] SSL version: OpenSSL 3.0.13 30 Jan 2024
W0817 12:35:38.224240   65769 dfly_main.cc:353] Protected mode enabled. Binding to localhost only because no password is set. To accept remote connections, set a password with --requirepass or specify a bind address with --bind.
I0817 12:35:38.224471   65769 dfly_main.cc:437] Listening on admin socket any:45246
I0817 12:35:38.225336   65769 server_family.cc:1207] Host OS: Linux 7.0.0-28-generic x86_64 with 10 threads
I0817 12:35:38.225531   65771 listener_interface.cc:102] sock[24] AcceptServer - listening on 0.0.0.0:45246
I0817 12:35:38.225561   65772 listener_interface.cc:102] sock[26] AcceptServer - listening on 127.0.0.1:25246
I0817 12:35:38.481671   65772 server_family.cc:3393] Initiate replication with: 127.0.0.1:25244
I0817 12:35:38.486904   65772 replica.cc:681] Started full sync with 127.0.0.1:25244
I0817 12:35:40.586429   65772 replica.cc:720] full sync finished in 2.1 s
I0817 12:35:40.586529   65772 replica.cc:907] Transitioned into stable sync
I0817 12:35:40.876300   65772 listener_interface.cc:230] Listener stopped for port 25246
I0817 12:35:40.876302   65771 listener_interface.cc:230] Listener stopped for port 45246
W0817 12:35:40.876395   65778 main_service.cc:1536] VerifyCommandState error: Can not execute during SHUTTING DOWN
W0817 12:35:40.876434   65778 main_service.cc:1536] VerifyCommandState error: Can not execute during SHUTTING DOWN
W0817 12:35:40.876506   65774 main_service.cc:1536] VerifyCommandState error: Can not execute during SHUTTING DOWN
W0817 12:35:40.876529   65774 main_service.cc:1536] VerifyCommandState error: Can not execute during SHUTTING DOWN
W0817 12:35:40.876534   65774 main_service.cc:1536] VerifyCommandState error: Can not execute during SHUTTING DOWN
W0817 12:35:40.876531   65773 main_service.cc:1536] VerifyCommandState error: Can not execute during SHUTTING DOWN
W0817 12:35:40.876558   65773 main_service.cc:1536] VerifyCommandState error: Can not execute during SHUTTING DOWN
W0817 12:35:40.876590   65776 main_service.cc:1536] VerifyCommandState error: Can not execute during SHUTTING DOWN
W0817 12:35:40.876584   65772 execution_state.cc:93] ReportError: Operation canceled: ExecutionState cancelled
W0817 12:35:40.876617   65776 main_service.cc:1536] VerifyCommandState error: Can not execute during SHUTTING DOWN
W0817 12:35:40.876652   65772 protocol_client.cc:277] Socket error: Operation canceled: ExecutionState cancelled in 127.0.0.1:25244, socket info: State: ESTABLISHED, Local: 127.0.0.1:57664, Remote: 127.0.0.1:25244, Inode: 221230
I0817 12:35:40.878829   65772 replica.cc:939] Exit stable sync
