                   .--::--.
   :+*=:          =@@@@@@@@=          :+*+:
  %@@@@@@%*=.     =@@@@@@@@-     .=*%@@@@@@#
  @@@@@@@@@@@@#+-. .%@@@@#. .-+#@@@@@@@@@@@%
  -@@@@@@@@@@@@@@@@*:#@@#:*@@@@@@@@@@@@@@@@-
    :+*********####-%@%%@%-####********++.
   .%@@@@@@@@@@@@@%:@@@@@@:@@@@@@@@@@@@@@%
   .@@@@@@@@%*+-:   =@@@@=  .:-+*%@@@@@@@%.
     =*+-:           ###*          .:-+*=
                     %@@%
                     *@@*
                     +@@=
                     :##:
                     :@@:
                      @@
                      ..
* Logs will be written to the first available of the following paths:
/tmp/dragonfly.*
* For the available flags type dragonfly [--help | --helpfull]
* Documentation can be found at: https://www.dragonflydb.io/docs
I0817 12:35:38.328474   65802 dfly_main.cc:1104] Starting dragonfly df-dev-0000000
I0817 12:35:38.328593   65802 dfly_main.cc:1154] Using proactor_threads=10 (overriding cgroup-derived 0)
W0817 12:35:38.328602   65802 dfly_main.cc:1161] SWAP is enabled. Consider disabling it when running Dragonfly.
I0817 12:35:38.328664   65802 dfly_main.cc:1167] maxmemory has not been specified. Deciding myself....
I0817 12:35:38.328667   65802 dfly_main.cc:1176] Found 19.47GiB available memory. Setting maxmemory to 15.57GiB
I0817 12:35:38.329156   65803 uring_proactor.cc:263] IORing with 1024 entries, allocated 98368 bytes, cq_entries is 2048
I0817 12:35:38.329850   65802 proactor_pool.cc:149] Running 10 io threads
I0817 12:35:38.330854   65802 dragonfly_listener.cc:152] SSL version: OpenSSL 3.0.13 30 Jan 2024
W0817 12:35:38.330884   65802 dfly_main.cc:353] Protected mode enabled. Binding to localhost only because no password is set. To accept remote connections, set a password with --requirepass or specify a bind address with --bind.
I0817 12:35:38.331140   65802 dfly_main.cc:437] Listening on admin socket any:45248
I0817 12:35:38.332003   65802 server_family.cc:1207] Host OS: Linux 7.0.0-28-generic x86_64 with 10 threads
I0817 12:35:38.332175   65804 listener_interface.cc:102] sock[25] AcceptServer - listening on 0.0.0.0:45248
I0817 12:35:38.332187   65805 listener_interface.cc:102] sock[26] AcceptServer - listening on 127.0.0.1:25248
I0817 12:35:38.481413   65805 server_family.cc:3393] Initiate replication with: 127.0.0.1:25244
I0817 12:35:38.493649   65805 replica.cc:681] Started full sync with 127.0.0.1:25244
I0817 12:35:40.592933   65805 replica.cc:720] full sync finished in 2.11 s
I0817 12:35:40.593168   65805 replica.cc:907] Transitioned into stable sync
I0817 12:35:40.746307   65804 listener_interface.cc:230] Listener stopped for port 45248
I0817 12:35:40.746429   65805 listener_interface.cc:230] Listener stopped for port 25248
W0817 12:35:40.746521   65803 main_service.cc:1536] VerifyCommandState error: Can not execute during SHUTTING DOWN
W0817 12:35:40.746570   65803 main_service.cc:1536] VerifyCommandState error: Can not execute during SHUTTING DOWN
W0817 12:35:40.746556   65807 main_service.cc:1536] VerifyCommandState error: Can not execute during SHUTTING DOWN
W0817 12:35:40.746601   65807 main_service.cc:1536] VerifyCommandState error: Can not execute during SHUTTING DOWN
W0817 12:35:40.746646   65810 main_service.cc:1536] VerifyCommandState error: Can not execute during SHUTTING DOWN
W0817 12:35:40.746676   65810 main_service.cc:1536] VerifyCommandState error: Can not execute during SHUTTING DOWN
W0817 12:35:40.746627   65811 main_service.cc:1536] VerifyCommandState error: Can not execute during SHUTTING DOWN
W0817 12:35:40.746692   65811 main_service.cc:1536] VerifyCommandState error: Can not execute during SHUTTING DOWN
W0817 12:35:40.746696   65811 main_service.cc:1536] VerifyCommandState error: Can not execute during SHUTTING DOWN
W0817 12:35:40.746738   65811 main_service.cc:1536] VerifyCommandState error: Can not execute during SHUTTING DOWN
W0817 12:35:40.746746   65811 main_service.cc:1536] VerifyCommandState error: Can not execute during SHUTTING DOWN
W0817 12:35:40.746749   65808 main_service.cc:1536] VerifyCommandState error: Can not execute during SHUTTING DOWN
W0817 12:35:40.746783   65808 main_service.cc:1536] VerifyCommandState error: Can not execute during SHUTTING DOWN
W0817 12:35:40.746781   65805 execution_state.cc:93] ReportError: Operation canceled: ExecutionState cancelled
W0817 12:35:40.746841   65805 protocol_client.cc:277] Socket error: Operation canceled: ExecutionState cancelled in 127.0.0.1:25244, socket info: State: ESTABLISHED, Local: 127.0.0.1:57650, Remote: 127.0.0.1:25244, Inode: 221221
I0817 12:35:40.749173   65805 replica.cc:939] Exit stable sync
