                   .--::--.
   :+*=:          =@@@@@@@@=          :+*+:
  %@@@@@@%*=.     =@@@@@@@@-     .=*%@@@@@@#
  @@@@@@@@@@@@#+-. .%@@@@#. .-+#@@@@@@@@@@@%
  -@@@@@@@@@@@@@@@@*:#@@#:*@@@@@@@@@@@@@@@@-
    :+*********####-%@%%@%-####********++.
   .%@@@@@@@@@@@@@%:@@@@@@:@@@@@@@@@@@@@@%
   .@@@@@@@@%*+-:   =@@@@=  .:-+*%@@@@@@@%.
     =*+-:           ###*          .:-+*=
                     %@@%
                     *@@*
                     +@@=
                     :##:
                     :@@:
                      @@
                      ..
* Logs will be written to the first available of the following paths:
/tmp/dragonfly.*
* For the available flags type dragonfly [--help | --helpfull]
* Documentation can be found at: https://www.dragonflydb.io/docs
I0817 12:35:38.434059   65824 dfly_main.cc:1104] Starting dragonfly df-dev-0000000
I0817 12:35:38.434191   65824 dfly_main.cc:1154] Using proactor_threads=10 (overriding cgroup-derived 0)
W0817 12:35:38.434202   65824 dfly_main.cc:1161] SWAP is enabled. Consider disabling it when running Dragonfly.
I0817 12:35:38.434245   65824 dfly_main.cc:1167] maxmemory has not been specified. Deciding myself....
I0817 12:35:38.434247   65824 dfly_main.cc:1176] Found 19.55GiB available memory. Setting maxmemory to 15.64GiB
I0817 12:35:38.434727   65825 uring_proactor.cc:263] IORing with 1024 entries, allocated 98368 bytes, cq_entries is 2048
I0817 12:35:38.435575   65824 proactor_pool.cc:149] Running 10 io threads
I0817 12:35:38.436379   65824 dragonfly_listener.cc:152] SSL version: OpenSSL 3.0.13 30 Jan 2024
W0817 12:35:38.436404   65824 dfly_main.cc:353] Protected mode enabled. Binding to localhost only because no password is set. To accept remote connections, set a password with --requirepass or specify a bind address with --bind.
I0817 12:35:38.436611   65824 dfly_main.cc:437] Listening on admin socket any:45250
I0817 12:35:38.437593   65824 server_family.cc:1207] Host OS: Linux 7.0.0-28-generic x86_64 with 10 threads
I0817 12:35:38.437784   65826 listener_interface.cc:102] sock[25] AcceptServer - listening on 0.0.0.0:45250
I0817 12:35:38.437805   65827 listener_interface.cc:102] sock[26] AcceptServer - listening on 127.0.0.1:25250
I0817 12:35:38.480612   65827 server_family.cc:3393] Initiate replication with: 127.0.0.1:25244
I0817 12:35:38.486521   65827 replica.cc:681] Started full sync with 127.0.0.1:25244
I0817 12:35:40.574406   65827 replica.cc:720] full sync finished in 2.09 s
I0817 12:35:40.574798   65827 replica.cc:907] Transitioned into stable sync
I0817 12:35:40.681998   65827 listener_interface.cc:230] Listener stopped for port 25250
I0817 12:35:40.682109   65826 listener_interface.cc:230] Listener stopped for port 45250
W0817 12:35:40.683665   65826 main_service.cc:1536] VerifyCommandState error: Can not execute during SHUTTING DOWN
W0817 12:35:40.683699   65826 main_service.cc:1536] VerifyCommandState error: Can not execute during SHUTTING DOWN
W0817 12:35:40.683706   65826 main_service.cc:1536] VerifyCommandState error: Can not execute during SHUTTING DOWN
W0817 12:35:40.683700   65834 main_service.cc:1536] VerifyCommandState error: Can not execute during SHUTTING DOWN
W0817 12:35:40.683714   65826 main_service.cc:1536] VerifyCommandState error: Can not execute during SHUTTING DOWN
W0817 12:35:40.683718   65834 main_service.cc:1536] VerifyCommandState error: Can not execute during SHUTTING DOWN
W0817 12:35:40.683746   65826 main_service.cc:1536] VerifyCommandState error: Can not execute during SHUTTING DOWN
W0817 12:35:40.683749   65833 main_service.cc:1536] VerifyCommandState error: Can not execute during SHUTTING DOWN
W0817 12:35:40.683773   65833 main_service.cc:1536] VerifyCommandState error: Can not execute during SHUTTING DOWN
W0817 12:35:40.683780   65828 main_service.cc:1536] VerifyCommandState error: Can not execute during SHUTTING DOWN
W0817 12:35:40.683855   65831 main_service.cc:1536] VerifyCommandState error: Can not execute during SHUTTING DOWN
W0817 12:35:40.683892   65828 main_service.cc:1536] VerifyCommandState error: Can not execute during SHUTTING DOWN
W0817 12:35:40.683938   65826 main_service.cc:1536] VerifyCommandState error: Can not execute during SHUTTING DOWN
W0817 12:35:40.683951   65826 main_service.cc:1536] VerifyCommandState error: Can not execute during SHUTTING DOWN
W0817 12:35:40.683974   65831 main_service.cc:1536] VerifyCommandState error: Can not execute during SHUTTING DOWN
W0817 12:35:40.683972   65827 execution_state.cc:93] ReportError: Operation canceled: ExecutionState cancelled
W0817 12:35:40.684021   65827 protocol_client.cc:277] Socket error: Operation canceled: ExecutionState cancelled in 127.0.0.1:25244, socket info: State: ESTABLISHED, Local: 127.0.0.1:57626, Remote: 127.0.0.1:25244, Inode: 221209
I0817 12:35:40.686183   65827 replica.cc:939] Exit stable sync
