                   .--::--.
   :+*=:          =@@@@@@@@=          :+*+:
  %@@@@@@%*=.     =@@@@@@@@-     .=*%@@@@@@#
  @@@@@@@@@@@@#+-. .%@@@@#. .-+#@@@@@@@@@@@%
  -@@@@@@@@@@@@@@@@*:#@@#:*@@@@@@@@@@@@@@@@-
    :+*********####-%@%%@%-####********++.
   .%@@@@@@@@@@@@@%:@@@@@@:@@@@@@@@@@@@@@%
   .@@@@@@@@%*+-:   =@@@@=  .:-+*%@@@@@@@%.
     =*+-:           ###*          .:-+*=
                     %@@%
                     *@@*
                     +@@=
                     :##:
                     :@@:
                      @@
                      ..
* Logs will be written to the first available of the following paths:
/tmp/dragonfly.*
* For the available flags type dragonfly [--help | --helpfull]
* Documentation can be found at: https://www.dragonflydb.io/docs
I0817 13:52:03.106153  170330 dfly_main.cc:1104] Starting dragonfly df-dev-0000000
I0817 13:52:03.106320  170330 dfly_main.cc:1154] Using proactor_threads=10 (overriding cgroup-derived 0)
W0817 13:52:03.106332  170330 dfly_main.cc:1161] SWAP is enabled. Consider disabling it when running Dragonfly.
I0817 13:52:03.106395  170330 dfly_main.cc:1167] maxmemory has not been specified. Deciding myself....
I0817 13:52:03.106399  170330 dfly_main.cc:1176] Found 20.36GiB available memory. Setting maxmemory to 16.29GiB
I0817 13:52:03.107058  170331 uring_proactor.cc:263] IORing with 1024 entries, allocated 98368 bytes, cq_entries is 2048
I0817 13:52:03.107815  170330 proactor_pool.cc:149] Running 10 io threads
I0817 13:52:03.109019  170330 dragonfly_listener.cc:152] SSL version: OpenSSL 3.0.13 30 Jan 2024
W0817 13:52:03.109057  170330 dfly_main.cc:353] Protected mode enabled. Binding to localhost only because no password is set. To accept remote connections, set a password with --requirepass or specify a bind address with --bind.
I0817 13:52:03.109305  170330 dfly_main.cc:437] Listening on admin socket any:38220
I0817 13:52:03.110331  170330 server_family.cc:1207] Host OS: Linux 7.0.0-28-generic x86_64 with 10 threads
I0817 13:52:03.110507  170332 listener_interface.cc:102] sock[24] AcceptServer - listening on 0.0.0.0:38220
I0817 13:52:03.110522  170333 listener_interface.cc:102] sock[26] AcceptServer - listening on 127.0.0.1:18220
I0817 13:52:03.261751  170333 server_family.cc:3393] Initiate replication with: 127.0.0.1:18216
I0817 13:52:03.275402  170333 replica.cc:681] Started full sync with 127.0.0.1:18216
I0817 13:52:05.451745  170333 replica.cc:720] full sync finished in 2.19 s
I0817 13:52:05.451912  170333 replica.cc:907] Transitioned into stable sync
I0817 13:52:05.583864  170332 listener_interface.cc:230] Listener stopped for port 38220
I0817 13:52:05.583955  170333 listener_interface.cc:230] Listener stopped for port 18220
W0817 13:52:05.584145  170334 main_service.cc:1536] VerifyCommandState error: Can not execute during SHUTTING DOWN
W0817 13:52:05.584191  170334 main_service.cc:1536] VerifyCommandState error: Can not execute during SHUTTING DOWN
W0817 13:52:05.584271  170339 main_service.cc:1536] VerifyCommandState error: Can not execute during SHUTTING DOWN
W0817 13:52:05.584329  170339 main_service.cc:1536] VerifyCommandState error: Can not execute during SHUTTING DOWN
W0817 13:52:05.584364  170333 execution_state.cc:93] ReportError: Operation canceled: ExecutionState cancelled
W0817 13:52:05.584409  170333 protocol_client.cc:277] Socket error: Operation canceled: ExecutionState cancelled in 127.0.0.1:18216, socket info: State: ESTABLISHED, Local: 127.0.0.1:60252, Remote: 127.0.0.1:18216, Inode: 404076
I0817 13:52:05.585895  170333 replica.cc:939] Exit stable sync
