                   .--::--.
   :+*=:          =@@@@@@@@=          :+*+:
  %@@@@@@%*=.     =@@@@@@@@-     .=*%@@@@@@#
  @@@@@@@@@@@@#+-. .%@@@@#. .-+#@@@@@@@@@@@%
  -@@@@@@@@@@@@@@@@*:#@@#:*@@@@@@@@@@@@@@@@-
    :+*********####-%@%%@%-####********++.
   .%@@@@@@@@@@@@@%:@@@@@@:@@@@@@@@@@@@@@%
   .@@@@@@@@%*+-:   =@@@@=  .:-+*%@@@@@@@%.
     =*+-:           ###*          .:-+*=
                     %@@%
                     *@@*
                     +@@=
                     :##:
                     :@@:
                      @@
                      ..
* Logs will be written to the first available of the following paths:
/tmp/dragonfly.*
* For the available flags type dragonfly [--help | --helpfull]
* Documentation can be found at: https://www.dragonflydb.io/docs
I0817 13:52:03.213414  170363 dfly_main.cc:1104] Starting dragonfly df-dev-0000000
I0817 13:52:03.213588  170363 dfly_main.cc:1154] Using proactor_threads=10 (overriding cgroup-derived 0)
W0817 13:52:03.213608  170363 dfly_main.cc:1161] SWAP is enabled. Consider disabling it when running Dragonfly.
I0817 13:52:03.213716  170363 dfly_main.cc:1167] maxmemory has not been specified. Deciding myself....
I0817 13:52:03.213720  170363 dfly_main.cc:1176] Found 20.34GiB available memory. Setting maxmemory to 16.27GiB
I0817 13:52:03.214483  170364 uring_proactor.cc:263] IORing with 1024 entries, allocated 98368 bytes, cq_entries is 2048
I0817 13:52:03.215212  170363 proactor_pool.cc:149] Running 10 io threads
I0817 13:52:03.216341  170363 dragonfly_listener.cc:152] SSL version: OpenSSL 3.0.13 30 Jan 2024
W0817 13:52:03.216379  170363 dfly_main.cc:353] Protected mode enabled. Binding to localhost only because no password is set. To accept remote connections, set a password with --requirepass or specify a bind address with --bind.
I0817 13:52:03.216632  170363 dfly_main.cc:437] Listening on admin socket any:38222
I0817 13:52:03.217584  170363 server_family.cc:1207] Host OS: Linux 7.0.0-28-generic x86_64 with 10 threads
I0817 13:52:03.217826  170365 listener_interface.cc:102] sock[25] AcceptServer - listening on 0.0.0.0:38222
I0817 13:52:03.217855  170366 listener_interface.cc:102] sock[26] AcceptServer - listening on 127.0.0.1:18222
I0817 13:52:03.261532  170366 server_family.cc:3393] Initiate replication with: 127.0.0.1:18216
I0817 13:52:03.275453  170366 replica.cc:681] Started full sync with 127.0.0.1:18216
I0817 13:52:05.425725  170366 replica.cc:720] full sync finished in 2.16 s
I0817 13:52:05.426098  170366 replica.cc:907] Transitioned into stable sync
I0817 13:52:05.518173  170365 listener_interface.cc:230] Listener stopped for port 38222
I0817 13:52:05.518208  170366 listener_interface.cc:230] Listener stopped for port 18222
W0817 13:52:05.518293  170367 main_service.cc:1536] VerifyCommandState error: Can not execute during SHUTTING DOWN
W0817 13:52:05.518325  170370 main_service.cc:1536] VerifyCommandState error: Can not execute during SHUTTING DOWN
W0817 13:52:05.518355  170367 main_service.cc:1536] VerifyCommandState error: Can not execute during SHUTTING DOWN
W0817 13:52:05.518345  170369 main_service.cc:1536] VerifyCommandState error: Can not execute during SHUTTING DOWN
W0817 13:52:05.518380  170370 main_service.cc:1536] VerifyCommandState error: Can not execute during SHUTTING DOWN
W0817 13:52:05.518450  170373 main_service.cc:1536] VerifyCommandState error: Can not execute during SHUTTING DOWN
W0817 13:52:05.518465  170367 main_service.cc:1536] VerifyCommandState error: Can not execute during SHUTTING DOWN
W0817 13:52:05.518474  170373 main_service.cc:1536] VerifyCommandState error: Can not execute during SHUTTING DOWN
W0817 13:52:05.518506  170369 main_service.cc:1536] VerifyCommandState error: Can not execute during SHUTTING DOWN
W0817 13:52:05.518517  170369 main_service.cc:1536] VerifyCommandState error: Can not execute during SHUTTING DOWN
W0817 13:52:05.518564  170370 main_service.cc:1536] VerifyCommandState error: Can not execute during SHUTTING DOWN
W0817 13:52:05.518575  170367 main_service.cc:1536] VerifyCommandState error: Can not execute during SHUTTING DOWN
W0817 13:52:05.518585  170370 main_service.cc:1536] VerifyCommandState error: Can not execute during SHUTTING DOWN
W0817 13:52:05.518639  170372 main_service.cc:1536] VerifyCommandState error: Can not execute during SHUTTING DOWN
W0817 13:52:05.518662  170372 main_service.cc:1536] VerifyCommandState error: Can not execute during SHUTTING DOWN
W0817 13:52:05.518646  170373 main_service.cc:1536] VerifyCommandState error: Can not execute during SHUTTING DOWN
W0817 13:52:05.518674  170373 main_service.cc:1536] VerifyCommandState error: Can not execute during SHUTTING DOWN
W0817 13:52:05.518682  170368 main_service.cc:1536] VerifyCommandState error: Can not execute during SHUTTING DOWN
W0817 13:52:05.518728  170368 main_service.cc:1536] VerifyCommandState error: Can not execute during SHUTTING DOWN
W0817 13:52:05.518716  170366 execution_state.cc:93] ReportError: Operation canceled: ExecutionState cancelled
W0817 13:52:05.518775  170366 protocol_client.cc:277] Socket error: Operation canceled: ExecutionState cancelled in 127.0.0.1:18216, socket info: State: ESTABLISHED, Local: 127.0.0.1:60240, Remote: 127.0.0.1:18216, Inode: 404073
I0817 13:52:05.520329  170366 replica.cc:939] Exit stable sync
