                   .--::--.
   :+*=:          =@@@@@@@@=          :+*+:
  %@@@@@@%*=.     =@@@@@@@@-     .=*%@@@@@@#
  @@@@@@@@@@@@#+-. .%@@@@#. .-+#@@@@@@@@@@@%
  -@@@@@@@@@@@@@@@@*:#@@#:*@@@@@@@@@@@@@@@@-
    :+*********####-%@%%@%-####********++.
   .%@@@@@@@@@@@@@%:@@@@@@:@@@@@@@@@@@@@@%
   .@@@@@@@@%*+-:   =@@@@=  .:-+*%@@@@@@@%.
     =*+-:           ###*          .:-+*=
                     %@@%
                     *@@*
                     +@@=
                     :##:
                     :@@:
                      @@
                      ..
* Logs will be written to the first available of the following paths:
/tmp/dragonfly.*
* For the available flags type dragonfly [--help | --helpfull]
* Documentation can be found at: https://www.dragonflydb.io/docs
I0817 13:52:03.053241  170319 dfly_main.cc:1104] Starting dragonfly df-dev-0000000
I0817 13:52:03.053395  170319 dfly_main.cc:1154] Using proactor_threads=10 (overriding cgroup-derived 0)
W0817 13:52:03.053411  170319 dfly_main.cc:1161] SWAP is enabled. Consider disabling it when running Dragonfly.
I0817 13:52:03.053492  170319 dfly_main.cc:1167] maxmemory has not been specified. Deciding myself....
I0817 13:52:03.053495  170319 dfly_main.cc:1176] Found 20.37GiB available memory. Setting maxmemory to 16.29GiB
I0817 13:52:03.054076  170320 uring_proactor.cc:263] IORing with 1024 entries, allocated 98368 bytes, cq_entries is 2048
I0817 13:52:03.054895  170319 proactor_pool.cc:149] Running 10 io threads
I0817 13:52:03.055858  170319 dragonfly_listener.cc:152] SSL version: OpenSSL 3.0.13 30 Jan 2024
W0817 13:52:03.055891  170319 dfly_main.cc:353] Protected mode enabled. Binding to localhost only because no password is set. To accept remote connections, set a password with --requirepass or specify a bind address with --bind.
I0817 13:52:03.056128  170319 dfly_main.cc:437] Listening on admin socket any:38219
I0817 13:52:03.056959  170319 server_family.cc:1207] Host OS: Linux 7.0.0-28-generic x86_64 with 10 threads
I0817 13:52:03.057179  170322 listener_interface.cc:102] sock[26] AcceptServer - listening on 127.0.0.1:18219
I0817 13:52:03.057179  170321 listener_interface.cc:102] sock[25] AcceptServer - listening on 0.0.0.0:38219
I0817 13:52:03.261014  170322 server_family.cc:3393] Initiate replication with: 127.0.0.1:18216
I0817 13:52:03.267246  170322 replica.cc:681] Started full sync with 127.0.0.1:18216
I0817 13:52:05.404414  170322 replica.cc:720] full sync finished in 2.14 s
I0817 13:52:05.404870  170322 replica.cc:907] Transitioned into stable sync
I0817 13:52:05.648317  170321 listener_interface.cc:230] Listener stopped for port 38219
I0817 13:52:05.648447  170322 listener_interface.cc:230] Listener stopped for port 18219
W0817 13:52:05.648601  170321 main_service.cc:1536] VerifyCommandState error: Can not execute during SHUTTING DOWN
W0817 13:52:05.648632  170321 main_service.cc:1536] VerifyCommandState error: Can not execute during SHUTTING DOWN
W0817 13:52:05.648640  170321 main_service.cc:1536] VerifyCommandState error: Can not execute during SHUTTING DOWN
W0817 13:52:05.648639  170325 main_service.cc:1536] VerifyCommandState error: Can not execute during SHUTTING DOWN
W0817 13:52:05.648641  170322 execution_state.cc:93] ReportError: Operation canceled: ExecutionState cancelled
W0817 13:52:05.648675  170325 main_service.cc:1536] VerifyCommandState error: Can not execute during SHUTTING DOWN
W0817 13:52:05.648695  170322 protocol_client.cc:277] Socket error: Operation canceled: ExecutionState cancelled in 127.0.0.1:18216, socket info: State: ESTABLISHED, Local: 127.0.0.1:60232, Remote: 127.0.0.1:18216, Inode: 404062
I0817 13:52:05.650117  170322 replica.cc:939] Exit stable sync
