                   .--::--.
   :+*=:          =@@@@@@@@=          :+*+:
  %@@@@@@%*=.     =@@@@@@@@-     .=*%@@@@@@#
  @@@@@@@@@@@@#+-. .%@@@@#. .-+#@@@@@@@@@@@%
  -@@@@@@@@@@@@@@@@*:#@@#:*@@@@@@@@@@@@@@@@-
    :+*********####-%@%%@%-####********++.
   .%@@@@@@@@@@@@@%:@@@@@@:@@@@@@@@@@@@@@%
   .@@@@@@@@%*+-:   =@@@@=  .:-+*%@@@@@@@%.
     =*+-:           ###*          .:-+*=
                     %@@%
                     *@@*
                     +@@=
                     :##:
                     :@@:
                      @@
                      ..
* Logs will be written to the first available of the following paths:
/tmp/dragonfly.*
* For the available flags type dragonfly [--help | --helpfull]
* Documentation can be found at: https://www.dragonflydb.io/docs
I0817 13:52:02.947791  170297 dfly_main.cc:1104] Starting dragonfly df-dev-0000000
I0817 13:52:02.947975  170297 dfly_main.cc:1154] Using proactor_threads=10 (overriding cgroup-derived 0)
W0817 13:52:02.947989  170297 dfly_main.cc:1161] SWAP is enabled. Consider disabling it when running Dragonfly.
I0817 13:52:02.948116  170297 dfly_main.cc:1167] maxmemory has not been specified. Deciding myself....
I0817 13:52:02.948121  170297 dfly_main.cc:1176] Found 20.38GiB available memory. Setting maxmemory to 16.30GiB
I0817 13:52:02.948828  170298 uring_proactor.cc:263] IORing with 1024 entries, allocated 98368 bytes, cq_entries is 2048
I0817 13:52:02.949582  170297 proactor_pool.cc:149] Running 10 io threads
I0817 13:52:02.950777  170297 dragonfly_listener.cc:152] SSL version: OpenSSL 3.0.13 30 Jan 2024
W0817 13:52:02.950813  170297 dfly_main.cc:353] Protected mode enabled. Binding to localhost only because no password is set. To accept remote connections, set a password with --requirepass or specify a bind address with --bind.
I0817 13:52:02.951091  170297 dfly_main.cc:437] Listening on admin socket any:38217
I0817 13:52:02.952021  170297 server_family.cc:1207] Host OS: Linux 7.0.0-28-generic x86_64 with 10 threads
I0817 13:52:02.952218  170299 listener_interface.cc:102] sock[25] AcceptServer - listening on 0.0.0.0:38217
I0817 13:52:02.952240  170300 listener_interface.cc:102] sock[26] AcceptServer - listening on 127.0.0.1:18217
I0817 13:52:03.261253  170300 server_family.cc:3393] Initiate replication with: 127.0.0.1:18216
I0817 13:52:03.268081  170300 replica.cc:681] Started full sync with 127.0.0.1:18216
I0817 13:52:05.443582  170300 replica.cc:720] full sync finished in 2.18 s
I0817 13:52:05.443993  170300 replica.cc:907] Transitioned into stable sync
I0817 13:52:05.776851  170300 listener_interface.cc:230] Listener stopped for port 18217
I0817 13:52:05.776872  170299 listener_interface.cc:230] Listener stopped for port 38217
W0817 13:52:05.776967  170300 main_service.cc:1536] VerifyCommandState error: Can not execute during SHUTTING DOWN
W0817 13:52:05.776996  170300 main_service.cc:1536] VerifyCommandState error: Can not execute during SHUTTING DOWN
W0817 13:52:05.777001  170300 main_service.cc:1536] VerifyCommandState error: Can not execute during SHUTTING DOWN
W0817 13:52:05.777052  170307 main_service.cc:1536] VerifyCommandState error: Can not execute during SHUTTING DOWN
W0817 13:52:05.777063  170303 main_service.cc:1536] VerifyCommandState error: Can not execute during SHUTTING DOWN
W0817 13:52:05.777088  170307 main_service.cc:1536] VerifyCommandState error: Can not execute during SHUTTING DOWN
W0817 13:52:05.777064  170298 main_service.cc:1536] VerifyCommandState error: Can not execute during SHUTTING DOWN
W0817 13:52:05.777083  170304 main_service.cc:1536] VerifyCommandState error: Can not execute during SHUTTING DOWN
W0817 13:52:05.777128  170303 main_service.cc:1536] VerifyCommandState error: Can not execute during SHUTTING DOWN
W0817 13:52:05.777131  170307 main_service.cc:1536] VerifyCommandState error: Can not execute during SHUTTING DOWN
W0817 13:52:05.777147  170298 main_service.cc:1536] VerifyCommandState error: Can not execute during SHUTTING DOWN
W0817 13:52:05.777152  170304 main_service.cc:1536] VerifyCommandState error: Can not execute during SHUTTING DOWN
W0817 13:52:05.777151  170306 main_service.cc:1536] VerifyCommandState error: Can not execute during SHUTTING DOWN
W0817 13:52:05.777172  170306 main_service.cc:1536] VerifyCommandState error: Can not execute during SHUTTING DOWN
W0817 13:52:05.777177  170306 main_service.cc:1536] VerifyCommandState error: Can not execute during SHUTTING DOWN
W0817 13:52:05.777176  170300 execution_state.cc:93] ReportError: Operation canceled: ExecutionState cancelled
W0817 13:52:05.777215  170300 protocol_client.cc:277] Socket error: Operation canceled: ExecutionState cancelled in 127.0.0.1:18216, socket info: State: ESTABLISHED, Local: 127.0.0.1:60236, Remote: 127.0.0.1:18216, Inode: 404065
I0817 13:52:05.778514  170300 replica.cc:939] Exit stable sync
