                   .--::--.
   :+*=:          =@@@@@@@@=          :+*+:
  %@@@@@@%*=.     =@@@@@@@@-     .=*%@@@@@@#
  @@@@@@@@@@@@#+-. .%@@@@#. .-+#@@@@@@@@@@@%
  -@@@@@@@@@@@@@@@@*:#@@#:*@@@@@@@@@@@@@@@@-
    :+*********####-%@%%@%-####********++.
   .%@@@@@@@@@@@@@%:@@@@@@:@@@@@@@@@@@@@@%
   .@@@@@@@@%*+-:   =@@@@=  .:-+*%@@@@@@@%.
     =*+-:           ###*          .:-+*=
                     %@@%
                     *@@*
                     +@@=
                     :##:
                     :@@:
                      @@
                      ..
* Logs will be written to the first available of the following paths:
/tmp/dragonfly.*
* For the available flags type dragonfly [--help | --helpfull]
* Documentation can be found at: https://www.dragonflydb.io/docs
I0817 13:52:03.000692  170308 dfly_main.cc:1104] Starting dragonfly df-dev-0000000
I0817 13:52:03.000854  170308 dfly_main.cc:1154] Using proactor_threads=10 (overriding cgroup-derived 0)
W0817 13:52:03.000870  170308 dfly_main.cc:1161] SWAP is enabled. Consider disabling it when running Dragonfly.
I0817 13:52:03.000959  170308 dfly_main.cc:1167] maxmemory has not been specified. Deciding myself....
I0817 13:52:03.000961  170308 dfly_main.cc:1176] Found 20.37GiB available memory. Setting maxmemory to 16.29GiB
I0817 13:52:03.001658  170309 uring_proactor.cc:263] IORing with 1024 entries, allocated 98368 bytes, cq_entries is 2048
I0817 13:52:03.002545  170308 proactor_pool.cc:149] Running 10 io threads
I0817 13:52:03.003458  170308 dragonfly_listener.cc:152] SSL version: OpenSSL 3.0.13 30 Jan 2024
W0817 13:52:03.003492  170308 dfly_main.cc:353] Protected mode enabled. Binding to localhost only because no password is set. To accept remote connections, set a password with --requirepass or specify a bind address with --bind.
I0817 13:52:03.003724  170308 dfly_main.cc:437] Listening on admin socket any:38218
I0817 13:52:03.004623  170308 server_family.cc:1207] Host OS: Linux 7.0.0-28-generic x86_64 with 10 threads
I0817 13:52:03.004884  170310 listener_interface.cc:102] sock[24] AcceptServer - listening on 0.0.0.0:38218
I0817 13:52:03.004899  170311 listener_interface.cc:102] sock[26] AcceptServer - listening on 127.0.0.1:18218
I0817 13:52:03.260421  170311 server_family.cc:3393] Initiate replication with: 127.0.0.1:18216
I0817 13:52:03.273230  170311 replica.cc:681] Started full sync with 127.0.0.1:18216
I0817 13:52:05.406766  170311 replica.cc:720] full sync finished in 2.14 s
I0817 13:52:05.406881  170311 replica.cc:907] Transitioned into stable sync
I0817 13:52:05.712769  170310 listener_interface.cc:230] Listener stopped for port 38218
I0817 13:52:05.712765  170311 listener_interface.cc:230] Listener stopped for port 18218
W0817 13:52:05.712892  170313 main_service.cc:1536] VerifyCommandState error: Can not execute during SHUTTING DOWN
W0817 13:52:05.712934  170313 main_service.cc:1536] VerifyCommandState error: Can not execute during SHUTTING DOWN
W0817 13:52:05.712922  170317 main_service.cc:1536] VerifyCommandState error: Can not execute during SHUTTING DOWN
W0817 13:52:05.712950  170317 main_service.cc:1536] VerifyCommandState error: Can not execute during SHUTTING DOWN
W0817 13:52:05.712955  170317 main_service.cc:1536] VerifyCommandState error: Can not execute during SHUTTING DOWN
W0817 13:52:05.712952  170315 main_service.cc:1536] VerifyCommandState error: Can not execute during SHUTTING DOWN
W0817 13:52:05.712994  170316 main_service.cc:1536] VerifyCommandState error: Can not execute during SHUTTING DOWN
W0817 13:52:05.713017  170315 main_service.cc:1536] VerifyCommandState error: Can not execute during SHUTTING DOWN
W0817 13:52:05.713025  170316 main_service.cc:1536] VerifyCommandState error: Can not execute during SHUTTING DOWN
W0817 13:52:05.713044  170316 main_service.cc:1536] VerifyCommandState error: Can not execute during SHUTTING DOWN
W0817 13:52:05.713065  170311 execution_state.cc:93] ReportError: Operation canceled: ExecutionState cancelled
W0817 13:52:05.713137  170311 protocol_client.cc:277] Socket error: Operation canceled: ExecutionState cancelled in 127.0.0.1:18216, socket info: State: ESTABLISHED, Local: 127.0.0.1:60200, Remote: 127.0.0.1:18216, Inode: 404056
I0817 13:52:05.714667  170311 replica.cc:939] Exit stable sync
