                   .--::--.
   :+*=:          =@@@@@@@@=          :+*+:
  %@@@@@@%*=.     =@@@@@@@@-     .=*%@@@@@@#
  @@@@@@@@@@@@#+-. .%@@@@#. .-+#@@@@@@@@@@@%
  -@@@@@@@@@@@@@@@@*:#@@#:*@@@@@@@@@@@@@@@@-
    :+*********####-%@%%@%-####********++.
   .%@@@@@@@@@@@@@%:@@@@@@:@@@@@@@@@@@@@@%
   .@@@@@@@@%*+-:   =@@@@=  .:-+*%@@@@@@@%.
     =*+-:           ###*          .:-+*=
                     %@@%
                     *@@*
                     +@@=
                     :##:
                     :@@:
                      @@
                      ..
* Logs will be written to the first available of the following paths:
/tmp/dragonfly.*
* For the available flags type dragonfly [--help | --helpfull]
* Documentation can be found at: https://www.dragonflydb.io/docs
I0817 13:52:03.158709  170352 dfly_main.cc:1104] Starting dragonfly df-dev-0000000
I0817 13:52:03.158866  170352 dfly_main.cc:1154] Using proactor_threads=10 (overriding cgroup-derived 0)
W0817 13:52:03.158878  170352 dfly_main.cc:1161] SWAP is enabled. Consider disabling it when running Dragonfly.
I0817 13:52:03.158936  170352 dfly_main.cc:1167] maxmemory has not been specified. Deciding myself....
I0817 13:52:03.158938  170352 dfly_main.cc:1176] Found 20.35GiB available memory. Setting maxmemory to 16.28GiB
I0817 13:52:03.159619  170353 uring_proactor.cc:263] IORing with 1024 entries, allocated 98368 bytes, cq_entries is 2048
I0817 13:52:03.160323  170352 proactor_pool.cc:149] Running 10 io threads
I0817 13:52:03.161474  170352 dragonfly_listener.cc:152] SSL version: OpenSSL 3.0.13 30 Jan 2024
W0817 13:52:03.161514  170352 dfly_main.cc:353] Protected mode enabled. Binding to localhost only because no password is set. To accept remote connections, set a password with --requirepass or specify a bind address with --bind.
I0817 13:52:03.161768  170352 dfly_main.cc:437] Listening on admin socket any:38221
I0817 13:52:03.162629  170352 server_family.cc:1207] Host OS: Linux 7.0.0-28-generic x86_64 with 10 threads
I0817 13:52:03.162817  170355 listener_interface.cc:102] sock[26] AcceptServer - listening on 127.0.0.1:18221
I0817 13:52:03.162817  170354 listener_interface.cc:102] sock[25] AcceptServer - listening on 0.0.0.0:38221
I0817 13:52:03.260753  170355 server_family.cc:3393] Initiate replication with: 127.0.0.1:18216
I0817 13:52:03.271834  170355 replica.cc:681] Started full sync with 127.0.0.1:18216
I0817 13:52:05.416155  170355 replica.cc:720] full sync finished in 2.15 s
I0817 13:52:05.416309  170355 replica.cc:907] Transitioned into stable sync
I0817 13:52:05.551056  170355 listener_interface.cc:230] Listener stopped for port 18221
I0817 13:52:05.551147  170354 listener_interface.cc:230] Listener stopped for port 38221
W0817 13:52:05.551334  170355 execution_state.cc:93] ReportError: Operation canceled: ExecutionState cancelled
W0817 13:52:05.551402  170355 protocol_client.cc:277] Socket error: Operation canceled: ExecutionState cancelled in 127.0.0.1:18216, socket info: State: ESTABLISHED, Local: 127.0.0.1:60216, Remote: 127.0.0.1:18216, Inode: 404059
I0817 13:52:05.552982  170355 replica.cc:939] Exit stable sync
