                   .--::--.
   :+*=:          =@@@@@@@@=          :+*+:
  %@@@@@@%*=.     =@@@@@@@@-     .=*%@@@@@@#
  @@@@@@@@@@@@#+-. .%@@@@#. .-+#@@@@@@@@@@@%
  -@@@@@@@@@@@@@@@@*:#@@#:*@@@@@@@@@@@@@@@@-
    :+*********####-%@%%@%-####********++.
   .%@@@@@@@@@@@@@%:@@@@@@:@@@@@@@@@@@@@@%
   .@@@@@@@@%*+-:   =@@@@=  .:-+*%@@@@@@@%.
     =*+-:           ###*          .:-+*=
                     %@@%
                     *@@*
                     +@@=
                     :##:
                     :@@:
                      @@
                      ..
* Logs will be written to the first available of the following paths:
/tmp/dragonfly.*
* For the available flags type dragonfly [--help | --helpfull]
* Documentation can be found at: https://www.dragonflydb.io/docs
I0817 13:52:33.401379  171202 dfly_main.cc:1104] Starting dragonfly df-dev-0000000
I0817 13:52:33.401511  171202 dfly_main.cc:1154] Using proactor_threads=10 (overriding cgroup-derived 0)
W0817 13:52:33.401520  171202 dfly_main.cc:1161] SWAP is enabled. Consider disabling it when running Dragonfly.
I0817 13:52:33.401578  171202 dfly_main.cc:1167] maxmemory has not been specified. Deciding myself....
I0817 13:52:33.401581  171202 dfly_main.cc:1176] Found 20.13GiB available memory. Setting maxmemory to 16.10GiB
I0817 13:52:33.402198  171203 uring_proactor.cc:263] IORing with 1024 entries, allocated 98368 bytes, cq_entries is 2048
I0817 13:52:33.402964  171202 proactor_pool.cc:149] Running 10 io threads
I0817 13:52:33.404021  171202 dragonfly_listener.cc:152] SSL version: OpenSSL 3.0.13 30 Jan 2024
W0817 13:52:33.404052  171202 dfly_main.cc:353] Protected mode enabled. Binding to localhost only because no password is set. To accept remote connections, set a password with --requirepass or specify a bind address with --bind.
I0817 13:52:33.404309  171202 dfly_main.cc:437] Listening on admin socket any:43166
I0817 13:52:33.405119  171202 server_family.cc:1207] Host OS: Linux 7.0.0-28-generic x86_64 with 10 threads
I0817 13:52:33.405303  171205 listener_interface.cc:102] sock[26] AcceptServer - listening on 127.0.0.1:23166
I0817 13:52:33.405303  171204 listener_interface.cc:102] sock[25] AcceptServer - listening on 0.0.0.0:43166
I0817 13:52:33.554420  171205 server_family.cc:3393] Initiate replication with: 127.0.0.1:23162
I0817 13:52:33.559351  171205 replica.cc:681] Started full sync with 127.0.0.1:23162
I0817 13:52:35.932539  171205 replica.cc:720] full sync finished in 2.38 s
I0817 13:52:35.933573  171205 replica.cc:907] Transitioned into stable sync
I0817 13:52:36.153974  171205 listener_interface.cc:230] Listener stopped for port 23166
I0817 13:52:36.154312  171204 listener_interface.cc:230] Listener stopped for port 43166
W0817 13:52:36.154499  171206 main_service.cc:1536] VerifyCommandState error: Can not execute during SHUTTING DOWN
W0817 13:52:36.154563  171207 main_service.cc:1536] VerifyCommandState error: Can not execute during SHUTTING DOWN
W0817 13:52:36.154564  171210 main_service.cc:1536] VerifyCommandState error: Can not execute during SHUTTING DOWN
W0817 13:52:36.154581  171208 main_service.cc:1536] VerifyCommandState error: Can not execute during SHUTTING DOWN
W0817 13:52:36.154621  171211 main_service.cc:1536] VerifyCommandState error: Can not execute during SHUTTING DOWN
W0817 13:52:36.154638  171205 main_service.cc:1536] VerifyCommandState error: Can not execute during SHUTTING DOWN
W0817 13:52:36.154686  171204 main_service.cc:1536] VerifyCommandState error: Can not execute during SHUTTING DOWN
W0817 13:52:36.154739  171205 main_service.cc:1536] VerifyCommandState error: Can not execute during SHUTTING DOWN
W0817 13:52:36.154751  171206 main_service.cc:1536] VerifyCommandState error: Can not execute during SHUTTING DOWN
W0817 13:52:36.154784  171210 main_service.cc:1536] VerifyCommandState error: Can not execute during SHUTTING DOWN
W0817 13:52:36.154797  171205 execution_state.cc:93] ReportError: Operation canceled: ExecutionState cancelled
W0817 13:52:36.154819  171211 main_service.cc:1536] VerifyCommandState error: Can not execute during SHUTTING DOWN
W0817 13:52:36.154853  171205 protocol_client.cc:277] Socket error: Operation canceled: ExecutionState cancelled in 127.0.0.1:23162, socket info: State: ESTABLISHED, Local: 127.0.0.1:46206, Remote: 127.0.0.1:23162, Inode: 415752
I0817 13:52:36.158322  171205 replica.cc:939] Exit stable sync
