                   .--::--.
   :+*=:          =@@@@@@@@=          :+*+:
  %@@@@@@%*=.     =@@@@@@@@-     .=*%@@@@@@#
  @@@@@@@@@@@@#+-. .%@@@@#. .-+#@@@@@@@@@@@%
  -@@@@@@@@@@@@@@@@*:#@@#:*@@@@@@@@@@@@@@@@-
    :+*********####-%@%%@%-####********++.
   .%@@@@@@@@@@@@@%:@@@@@@:@@@@@@@@@@@@@@%
   .@@@@@@@@%*+-:   =@@@@=  .:-+*%@@@@@@@%.
     =*+-:           ###*          .:-+*=
                     %@@%
                     *@@*
                     +@@=
                     :##:
                     :@@:
                      @@
                      ..
* Logs will be written to the first available of the following paths:
/tmp/dragonfly.*
* For the available flags type dragonfly [--help | --helpfull]
* Documentation can be found at: https://www.dragonflydb.io/docs
I0817 13:52:33.453375  171213 dfly_main.cc:1104] Starting dragonfly df-dev-0000000
I0817 13:52:33.453505  171213 dfly_main.cc:1154] Using proactor_threads=10 (overriding cgroup-derived 0)
W0817 13:52:33.453514  171213 dfly_main.cc:1161] SWAP is enabled. Consider disabling it when running Dragonfly.
I0817 13:52:33.453572  171213 dfly_main.cc:1167] maxmemory has not been specified. Deciding myself....
I0817 13:52:33.453574  171213 dfly_main.cc:1176] Found 20.21GiB available memory. Setting maxmemory to 16.17GiB
I0817 13:52:33.454061  171214 uring_proactor.cc:263] IORing with 1024 entries, allocated 98368 bytes, cq_entries is 2048
I0817 13:52:33.454860  171213 proactor_pool.cc:149] Running 10 io threads
I0817 13:52:33.455700  171213 dragonfly_listener.cc:152] SSL version: OpenSSL 3.0.13 30 Jan 2024
W0817 13:52:33.455730  171213 dfly_main.cc:353] Protected mode enabled. Binding to localhost only because no password is set. To accept remote connections, set a password with --requirepass or specify a bind address with --bind.
I0817 13:52:33.455940  171213 dfly_main.cc:437] Listening on admin socket any:43167
I0817 13:52:33.456825  171213 server_family.cc:1207] Host OS: Linux 7.0.0-28-generic x86_64 with 10 threads
I0817 13:52:33.457024  171216 listener_interface.cc:102] sock[26] AcceptServer - listening on 127.0.0.1:23167
I0817 13:52:33.457017  171215 listener_interface.cc:102] sock[25] AcceptServer - listening on 0.0.0.0:43167
I0817 13:52:33.553889  171216 server_family.cc:3393] Initiate replication with: 127.0.0.1:23162
I0817 13:52:33.559568  171216 replica.cc:681] Started full sync with 127.0.0.1:23162
I0817 13:52:35.932466  171216 replica.cc:720] full sync finished in 2.38 s
I0817 13:52:35.933368  171216 replica.cc:907] Transitioned into stable sync
I0817 13:52:36.090817  171216 listener_interface.cc:230] Listener stopped for port 23167
I0817 13:52:36.090936  171215 listener_interface.cc:230] Listener stopped for port 43167
W0817 13:52:36.091102  171221 main_service.cc:1536] VerifyCommandState error: Can not execute during SHUTTING DOWN
W0817 13:52:36.091127  171219 main_service.cc:1536] VerifyCommandState error: Can not execute during SHUTTING DOWN
W0817 13:52:36.091147  171218 main_service.cc:1536] VerifyCommandState error: Can not execute during SHUTTING DOWN
W0817 13:52:36.091182  171216 execution_state.cc:93] ReportError: Operation canceled: ExecutionState cancelled
W0817 13:52:36.091228  171216 protocol_client.cc:277] Socket error: Operation canceled: ExecutionState cancelled in 127.0.0.1:23162, socket info: State: ESTABLISHED, Local: 127.0.0.1:46196, Remote: 127.0.0.1:23162, Inode: 411647
I0817 13:52:36.093806  171216 replica.cc:939] Exit stable sync
