                   .--::--.
   :+*=:          =@@@@@@@@=          :+*+:
  %@@@@@@%*=.     =@@@@@@@@-     .=*%@@@@@@#
  @@@@@@@@@@@@#+-. .%@@@@#. .-+#@@@@@@@@@@@%
  -@@@@@@@@@@@@@@@@*:#@@#:*@@@@@@@@@@@@@@@@-
    :+*********####-%@%%@%-####********++.
   .%@@@@@@@@@@@@@%:@@@@@@:@@@@@@@@@@@@@@%
   .@@@@@@@@%*+-:   =@@@@=  .:-+*%@@@@@@@%.
     =*+-:           ###*          .:-+*=
                     %@@%
                     *@@*
                     +@@=
                     :##:
                     :@@:
                      @@
                      ..
* Logs will be written to the first available of the following paths:
/tmp/dragonfly.*
* For the available flags type dragonfly [--help | --helpfull]
* Documentation can be found at: https://www.dragonflydb.io/docs
I0817 13:52:33.297073  171180 dfly_main.cc:1104] Starting dragonfly df-dev-0000000
I0817 13:52:33.297219  171180 dfly_main.cc:1154] Using proactor_threads=10 (overriding cgroup-derived 0)
W0817 13:52:33.297228  171180 dfly_main.cc:1161] SWAP is enabled. Consider disabling it when running Dragonfly.
I0817 13:52:33.297302  171180 dfly_main.cc:1167] maxmemory has not been specified. Deciding myself....
I0817 13:52:33.297304  171180 dfly_main.cc:1176] Found 20.11GiB available memory. Setting maxmemory to 16.09GiB
I0817 13:52:33.297937  171181 uring_proactor.cc:263] IORing with 1024 entries, allocated 98368 bytes, cq_entries is 2048
I0817 13:52:33.298768  171180 proactor_pool.cc:149] Running 10 io threads
I0817 13:52:33.300017  171180 dragonfly_listener.cc:152] SSL version: OpenSSL 3.0.13 30 Jan 2024
W0817 13:52:33.300054  171180 dfly_main.cc:353] Protected mode enabled. Binding to localhost only because no password is set. To accept remote connections, set a password with --requirepass or specify a bind address with --bind.
I0817 13:52:33.300300  171180 dfly_main.cc:437] Listening on admin socket any:43164
I0817 13:52:33.301139  171180 server_family.cc:1207] Host OS: Linux 7.0.0-28-generic x86_64 with 10 threads
I0817 13:52:33.301381  171183 listener_interface.cc:102] sock[26] AcceptServer - listening on 127.0.0.1:23164
I0817 13:52:33.301400  171182 listener_interface.cc:102] sock[25] AcceptServer - listening on 0.0.0.0:43164
I0817 13:52:33.554082  171183 server_family.cc:3393] Initiate replication with: 127.0.0.1:23162
I0817 13:52:33.560279  171183 replica.cc:681] Started full sync with 127.0.0.1:23162
I0817 13:52:35.932211  171183 replica.cc:720] full sync finished in 2.38 s
I0817 13:52:35.932691  171183 replica.cc:907] Transitioned into stable sync
I0817 13:52:36.282858  171183 listener_interface.cc:230] Listener stopped for port 23164
I0817 13:52:36.283179  171182 listener_interface.cc:230] Listener stopped for port 43164
W0817 13:52:36.283274  171181 main_service.cc:1536] VerifyCommandState error: Can not execute during SHUTTING DOWN
W0817 13:52:36.283278  171185 main_service.cc:1536] VerifyCommandState error: Can not execute during SHUTTING DOWN
W0817 13:52:36.283352  171186 main_service.cc:1536] VerifyCommandState error: Can not execute during SHUTTING DOWN
W0817 13:52:36.283366  171190 main_service.cc:1536] VerifyCommandState error: Can not execute during SHUTTING DOWN
W0817 13:52:36.283380  171187 main_service.cc:1536] VerifyCommandState error: Can not execute during SHUTTING DOWN
W0817 13:52:36.283396  171189 main_service.cc:1536] VerifyCommandState error: Can not execute during SHUTTING DOWN
W0817 13:52:36.283417  171181 main_service.cc:1536] VerifyCommandState error: Can not execute during SHUTTING DOWN
W0817 13:52:36.283474  171188 main_service.cc:1536] VerifyCommandState error: Can not execute during SHUTTING DOWN
W0817 13:52:36.283540  171190 main_service.cc:1536] VerifyCommandState error: Can not execute during SHUTTING DOWN
W0817 13:52:36.283548  171188 main_service.cc:1536] VerifyCommandState error: Can not execute during SHUTTING DOWN
W0817 13:52:36.283556  171182 main_service.cc:1536] VerifyCommandState error: Can not execute during SHUTTING DOWN
W0817 13:52:36.283587  171181 main_service.cc:1536] VerifyCommandState error: Can not execute during SHUTTING DOWN
W0817 13:52:36.283602  171187 main_service.cc:1536] VerifyCommandState error: Can not execute during SHUTTING DOWN
W0817 13:52:36.283591  171183 execution_state.cc:93] ReportError: Operation canceled: ExecutionState cancelled
W0817 13:52:36.283637  171183 protocol_client.cc:277] Socket error: Operation canceled: ExecutionState cancelled in 127.0.0.1:23162, socket info: State: ESTABLISHED, Local: 127.0.0.1:46200, Remote: 127.0.0.1:23162, Inode: 415746
I0817 13:52:36.286162  171183 replica.cc:939] Exit stable sync
