                   .--::--.
   :+*=:          =@@@@@@@@=          :+*+:
  %@@@@@@%*=.     =@@@@@@@@-     .=*%@@@@@@#
  @@@@@@@@@@@@#+-. .%@@@@#. .-+#@@@@@@@@@@@%
  -@@@@@@@@@@@@@@@@*:#@@#:*@@@@@@@@@@@@@@@@-
    :+*********####-%@%%@%-####********++.
   .%@@@@@@@@@@@@@%:@@@@@@:@@@@@@@@@@@@@@%
   .@@@@@@@@%*+-:   =@@@@=  .:-+*%@@@@@@@%.
     =*+-:           ###*          .:-+*=
                     %@@%
                     *@@*
                     +@@=
                     :##:
                     :@@:
                      @@
                      ..
* Logs will be written to the first available of the following paths:
/tmp/dragonfly.*
* For the available flags type dragonfly [--help | --helpfull]
* Documentation can be found at: https://www.dragonflydb.io/docs
I0817 13:52:33.505599  171224 dfly_main.cc:1104] Starting dragonfly df-dev-0000000
I0817 13:52:33.505723  171224 dfly_main.cc:1154] Using proactor_threads=10 (overriding cgroup-derived 0)
W0817 13:52:33.505731  171224 dfly_main.cc:1161] SWAP is enabled. Consider disabling it when running Dragonfly.
I0817 13:52:33.505782  171224 dfly_main.cc:1167] maxmemory has not been specified. Deciding myself....
I0817 13:52:33.505784  171224 dfly_main.cc:1176] Found 20.21GiB available memory. Setting maxmemory to 16.16GiB
I0817 13:52:33.506305  171225 uring_proactor.cc:263] IORing with 1024 entries, allocated 98368 bytes, cq_entries is 2048
I0817 13:52:33.507102  171224 proactor_pool.cc:149] Running 10 io threads
I0817 13:52:33.508224  171224 dragonfly_listener.cc:152] SSL version: OpenSSL 3.0.13 30 Jan 2024
W0817 13:52:33.508255  171224 dfly_main.cc:353] Protected mode enabled. Binding to localhost only because no password is set. To accept remote connections, set a password with --requirepass or specify a bind address with --bind.
I0817 13:52:33.508536  171224 dfly_main.cc:437] Listening on admin socket any:43168
I0817 13:52:33.509593  171224 server_family.cc:1207] Host OS: Linux 7.0.0-28-generic x86_64 with 10 threads
I0817 13:52:33.509778  171226 listener_interface.cc:102] sock[25] AcceptServer - listening on 0.0.0.0:43168
I0817 13:52:33.509778  171227 listener_interface.cc:102] sock[26] AcceptServer - listening on 127.0.0.1:23168
I0817 13:52:33.554249  171227 server_family.cc:3393] Initiate replication with: 127.0.0.1:23162
I0817 13:52:33.560669  171227 replica.cc:681] Started full sync with 127.0.0.1:23162
I0817 13:52:35.932227  171227 replica.cc:720] full sync finished in 2.38 s
I0817 13:52:35.932608  171227 replica.cc:907] Transitioned into stable sync
I0817 13:52:36.025919  171227 listener_interface.cc:230] Listener stopped for port 23168
I0817 13:52:36.026357  171226 listener_interface.cc:230] Listener stopped for port 43168
W0817 13:52:36.026492  171232 main_service.cc:1536] VerifyCommandState error: Can not execute during SHUTTING DOWN
W0817 13:52:36.026650  171230 main_service.cc:1536] VerifyCommandState error: Can not execute during SHUTTING DOWN
W0817 13:52:36.026699  171231 main_service.cc:1536] VerifyCommandState error: Can not execute during SHUTTING DOWN
W0817 13:52:36.026779  171226 main_service.cc:1536] VerifyCommandState error: Can not execute during SHUTTING DOWN
W0817 13:52:36.026840  171225 main_service.cc:1536] VerifyCommandState error: Can not execute during SHUTTING DOWN
W0817 13:52:36.026858  171225 main_service.cc:1536] VerifyCommandState error: Can not execute during SHUTTING DOWN
W0817 13:52:36.026903  171232 main_service.cc:1536] VerifyCommandState error: Can not execute during SHUTTING DOWN
W0817 13:52:36.026963  171229 main_service.cc:1536] VerifyCommandState error: Can not execute during SHUTTING DOWN
W0817 13:52:36.026977  171231 main_service.cc:1536] VerifyCommandState error: Can not execute during SHUTTING DOWN
W0817 13:52:36.026976  171228 main_service.cc:1536] VerifyCommandState error: Can not execute during SHUTTING DOWN
W0817 13:52:36.027003  171230 main_service.cc:1536] VerifyCommandState error: Can not execute during SHUTTING DOWN
W0817 13:52:36.027161  171226 main_service.cc:1536] VerifyCommandState error: Can not execute during SHUTTING DOWN
W0817 13:52:36.027273  171232 main_service.cc:1536] VerifyCommandState error: Can not execute during SHUTTING DOWN
W0817 13:52:36.027267  171227 execution_state.cc:93] ReportError: Operation canceled: ExecutionState cancelled
W0817 13:52:36.027314  171227 protocol_client.cc:277] Socket error: Operation canceled: ExecutionState cancelled in 127.0.0.1:23162, socket info: State: ESTABLISHED, Local: 127.0.0.1:46204, Remote: 127.0.0.1:23162, Inode: 415749
I0817 13:52:36.031515  171227 replica.cc:939] Exit stable sync
