                   .--::--.
   :+*=:          =@@@@@@@@=          :+*+:
  %@@@@@@%*=.     =@@@@@@@@-     .=*%@@@@@@#
  @@@@@@@@@@@@#+-. .%@@@@#. .-+#@@@@@@@@@@@%
  -@@@@@@@@@@@@@@@@*:#@@#:*@@@@@@@@@@@@@@@@-
    :+*********####-%@%%@%-####********++.
   .%@@@@@@@@@@@@@%:@@@@@@:@@@@@@@@@@@@@@%
   .@@@@@@@@%*+-:   =@@@@=  .:-+*%@@@@@@@%.
     =*+-:           ###*          .:-+*=
                     %@@%
                     *@@*
                     +@@=
                     :##:
                     :@@:
                      @@
                      ..
* Logs will be written to the first available of the following paths:
/tmp/dragonfly.*
* For the available flags type dragonfly [--help | --helpfull]
* Documentation can be found at: https://www.dragonflydb.io/docs
I0817 13:52:33.243304  171169 dfly_main.cc:1104] Starting dragonfly df-dev-0000000
I0817 13:52:33.243462  171169 dfly_main.cc:1154] Using proactor_threads=10 (overriding cgroup-derived 0)
W0817 13:52:33.243473  171169 dfly_main.cc:1161] SWAP is enabled. Consider disabling it when running Dragonfly.
I0817 13:52:33.243549  171169 dfly_main.cc:1167] maxmemory has not been specified. Deciding myself....
I0817 13:52:33.243551  171169 dfly_main.cc:1176] Found 20.11GiB available memory. Setting maxmemory to 16.09GiB
I0817 13:52:33.244123  171170 uring_proactor.cc:263] IORing with 1024 entries, allocated 98368 bytes, cq_entries is 2048
I0817 13:52:33.244909  171169 proactor_pool.cc:149] Running 10 io threads
I0817 13:52:33.245783  171169 dragonfly_listener.cc:152] SSL version: OpenSSL 3.0.13 30 Jan 2024
W0817 13:52:33.245814  171169 dfly_main.cc:353] Protected mode enabled. Binding to localhost only because no password is set. To accept remote connections, set a password with --requirepass or specify a bind address with --bind.
I0817 13:52:33.246031  171169 dfly_main.cc:437] Listening on admin socket any:43163
I0817 13:52:33.246976  171169 server_family.cc:1207] Host OS: Linux 7.0.0-28-generic x86_64 with 10 threads
I0817 13:52:33.247170  171172 listener_interface.cc:102] sock[26] AcceptServer - listening on 127.0.0.1:23163
I0817 13:52:33.247162  171171 listener_interface.cc:102] sock[25] AcceptServer - listening on 0.0.0.0:43163
I0817 13:52:33.553626  171172 server_family.cc:3393] Initiate replication with: 127.0.0.1:23162
I0817 13:52:33.560608  171172 replica.cc:681] Started full sync with 127.0.0.1:23162
I0817 13:52:35.932189  171172 replica.cc:720] full sync finished in 2.38 s
I0817 13:52:35.933271  171172 replica.cc:907] Transitioned into stable sync
I0817 13:52:36.347629  171172 listener_interface.cc:230] Listener stopped for port 23163
I0817 13:52:36.347664  171171 listener_interface.cc:230] Listener stopped for port 43163
W0817 13:52:36.347760  171172 main_service.cc:1536] VerifyCommandState error: Can not execute during SHUTTING DOWN
W0817 13:52:36.347815  171176 main_service.cc:1536] VerifyCommandState error: Can not execute during SHUTTING DOWN
W0817 13:52:36.347831  171172 main_service.cc:1536] VerifyCommandState error: Can not execute during SHUTTING DOWN
W0817 13:52:36.347889  171179 main_service.cc:1536] VerifyCommandState error: Can not execute during SHUTTING DOWN
W0817 13:52:36.347890  171173 main_service.cc:1536] VerifyCommandState error: Can not execute during SHUTTING DOWN
W0817 13:52:36.347900  171178 main_service.cc:1536] VerifyCommandState error: Can not execute during SHUTTING DOWN
W0817 13:52:36.347921  171173 main_service.cc:1536] VerifyCommandState error: Can not execute during SHUTTING DOWN
W0817 13:52:36.347930  171173 main_service.cc:1536] VerifyCommandState error: Can not execute during SHUTTING DOWN
W0817 13:52:36.347991  171175 main_service.cc:1536] VerifyCommandState error: Can not execute during SHUTTING DOWN
W0817 13:52:36.348009  171179 main_service.cc:1536] VerifyCommandState error: Can not execute during SHUTTING DOWN
W0817 13:52:36.348030  171173 main_service.cc:1536] VerifyCommandState error: Can not execute during SHUTTING DOWN
W0817 13:52:36.348024  171174 main_service.cc:1536] VerifyCommandState error: Can not execute during SHUTTING DOWN
W0817 13:52:36.348054  171179 main_service.cc:1536] VerifyCommandState error: Can not execute during SHUTTING DOWN
W0817 13:52:36.348092  171175 main_service.cc:1536] VerifyCommandState error: Can not execute during SHUTTING DOWN
W0817 13:52:36.348105  171179 main_service.cc:1536] VerifyCommandState error: Can not execute during SHUTTING DOWN
W0817 13:52:36.348108  171172 execution_state.cc:93] ReportError: Operation canceled: ExecutionState cancelled
W0817 13:52:36.348162  171172 protocol_client.cc:277] Socket error: Operation canceled: ExecutionState cancelled in 127.0.0.1:23162, socket info: State: ESTABLISHED, Local: 127.0.0.1:46188, Remote: 127.0.0.1:23162, Inode: 411644
I0817 13:52:36.350468  171172 replica.cc:939] Exit stable sync
