                   .--::--.
   :+*=:          =@@@@@@@@=          :+*+:
  %@@@@@@%*=.     =@@@@@@@@-     .=*%@@@@@@#
  @@@@@@@@@@@@#+-. .%@@@@#. .-+#@@@@@@@@@@@%
  -@@@@@@@@@@@@@@@@*:#@@#:*@@@@@@@@@@@@@@@@-
    :+*********####-%@%%@%-####********++.
   .%@@@@@@@@@@@@@%:@@@@@@:@@@@@@@@@@@@@@%
   .@@@@@@@@%*+-:   =@@@@=  .:-+*%@@@@@@@%.
     =*+-:           ###*          .:-+*=
                     %@@%
                     *@@*
                     +@@=
                     :##:
                     :@@:
                      @@
                      ..
* Logs will be written to the first available of the following paths:
/tmp/dragonfly.*
* For the available flags type dragonfly [--help | --helpfull]
* Documentation can be found at: https://www.dragonflydb.io/docs
I0817 13:52:33.349108  171191 dfly_main.cc:1104] Starting dragonfly df-dev-0000000
I0817 13:52:33.349233  171191 dfly_main.cc:1154] Using proactor_threads=10 (overriding cgroup-derived 0)
W0817 13:52:33.349240  171191 dfly_main.cc:1161] SWAP is enabled. Consider disabling it when running Dragonfly.
I0817 13:52:33.349299  171191 dfly_main.cc:1167] maxmemory has not been specified. Deciding myself....
I0817 13:52:33.349301  171191 dfly_main.cc:1176] Found 20.10GiB available memory. Setting maxmemory to 16.08GiB
I0817 13:52:33.349787  171192 uring_proactor.cc:263] IORing with 1024 entries, allocated 98368 bytes, cq_entries is 2048
I0817 13:52:33.350485  171191 proactor_pool.cc:149] Running 10 io threads
I0817 13:52:33.351367  171191 dragonfly_listener.cc:152] SSL version: OpenSSL 3.0.13 30 Jan 2024
W0817 13:52:33.351394  171191 dfly_main.cc:353] Protected mode enabled. Binding to localhost only because no password is set. To accept remote connections, set a password with --requirepass or specify a bind address with --bind.
I0817 13:52:33.351591  171191 dfly_main.cc:437] Listening on admin socket any:43165
I0817 13:52:33.352586  171191 server_family.cc:1207] Host OS: Linux 7.0.0-28-generic x86_64 with 10 threads
I0817 13:52:33.352733  171194 listener_interface.cc:102] sock[26] AcceptServer - listening on 127.0.0.1:23165
I0817 13:52:33.352731  171193 listener_interface.cc:102] sock[25] AcceptServer - listening on 0.0.0.0:43165
I0817 13:52:33.554594  171194 server_family.cc:3393] Initiate replication with: 127.0.0.1:23162
I0817 13:52:33.560335  171194 replica.cc:681] Started full sync with 127.0.0.1:23162
I0817 13:52:35.932340  171194 replica.cc:720] full sync finished in 2.38 s
I0817 13:52:35.933173  171194 replica.cc:907] Transitioned into stable sync
I0817 13:52:36.218330  171194 listener_interface.cc:230] Listener stopped for port 23165
I0817 13:52:36.219320  171193 listener_interface.cc:230] Listener stopped for port 43165
W0817 13:52:36.219450  171195 main_service.cc:1536] VerifyCommandState error: Can not execute during SHUTTING DOWN
W0817 13:52:36.219462  171194 main_service.cc:1536] VerifyCommandState error: Can not execute during SHUTTING DOWN
W0817 13:52:36.219506  171201 main_service.cc:1536] VerifyCommandState error: Can not execute during SHUTTING DOWN
W0817 13:52:36.219554  171199 main_service.cc:1536] VerifyCommandState error: Can not execute during SHUTTING DOWN
W0817 13:52:36.219607  171197 main_service.cc:1536] VerifyCommandState error: Can not execute during SHUTTING DOWN
W0817 13:52:36.219638  171192 main_service.cc:1536] VerifyCommandState error: Can not execute during SHUTTING DOWN
W0817 13:52:36.219710  171195 main_service.cc:1536] VerifyCommandState error: Can not execute during SHUTTING DOWN
W0817 13:52:36.219776  171197 main_service.cc:1536] VerifyCommandState error: Can not execute during SHUTTING DOWN
W0817 13:52:36.219876  171195 main_service.cc:1536] VerifyCommandState error: Can not execute during SHUTTING DOWN
W0817 13:52:36.219981  171196 main_service.cc:1536] VerifyCommandState error: Can not execute during SHUTTING DOWN
W0817 13:52:36.219997  171198 main_service.cc:1536] VerifyCommandState error: Can not execute during SHUTTING DOWN
W0817 13:52:36.220024  171201 main_service.cc:1536] VerifyCommandState error: Can not execute during SHUTTING DOWN
W0817 13:52:36.220036  171201 main_service.cc:1536] VerifyCommandState error: Can not execute during SHUTTING DOWN
W0817 13:52:36.220045  171194 main_service.cc:1536] VerifyCommandState error: Can not execute during SHUTTING DOWN
W0817 13:52:36.220058  171195 main_service.cc:1536] VerifyCommandState error: Can not execute during SHUTTING DOWN
W0817 13:52:36.220080  171199 main_service.cc:1536] VerifyCommandState error: Can not execute during SHUTTING DOWN
W0817 13:52:36.220099  171199 main_service.cc:1536] VerifyCommandState error: Can not execute during SHUTTING DOWN
W0817 13:52:36.220084  171194 execution_state.cc:93] ReportError: Operation canceled: ExecutionState cancelled
W0817 13:52:36.220135  171194 protocol_client.cc:277] Socket error: Operation canceled: ExecutionState cancelled in 127.0.0.1:23162, socket info: State: ESTABLISHED, Local: 127.0.0.1:46216, Remote: 127.0.0.1:23162, Inode: 415755
I0817 13:52:36.223594  171194 replica.cc:939] Exit stable sync
