                   .--::--.
   :+*=:          =@@@@@@@@=          :+*+:
  %@@@@@@%*=.     =@@@@@@@@-     .=*%@@@@@@#
  @@@@@@@@@@@@#+-. .%@@@@#. .-+#@@@@@@@@@@@%
  -@@@@@@@@@@@@@@@@*:#@@#:*@@@@@@@@@@@@@@@@-
    :+*********####-%@%%@%-####********++.
   .%@@@@@@@@@@@@@%:@@@@@@:@@@@@@@@@@@@@@%
   .@@@@@@@@%*+-:   =@@@@=  .:-+*%@@@@@@@%.
     =*+-:           ###*          .:-+*=
                     %@@%
                     *@@*
                     +@@=
                     :##:
                     :@@:
                      @@
                      ..
* Logs will be written to the first available of the following paths:
/tmp/dragonfly.*
* For the available flags type dragonfly [--help | --helpfull]
* Documentation can be found at: https://www.dragonflydb.io/docs
I0817 13:51:57.254640  170134 dfly_main.cc:1104] Starting dragonfly df-dev-0000000
I0817 13:51:57.254779  170134 dfly_main.cc:1154] Using proactor_threads=10 (overriding cgroup-derived 0)
W0817 13:51:57.254789  170134 dfly_main.cc:1161] SWAP is enabled. Consider disabling it when running Dragonfly.
I0817 13:51:57.254848  170134 dfly_main.cc:1167] maxmemory has not been specified. Deciding myself....
I0817 13:51:57.254851  170134 dfly_main.cc:1176] Found 20.17GiB available memory. Setting maxmemory to 16.13GiB
I0817 13:51:57.255455  170135 uring_proactor.cc:263] IORing with 1024 entries, allocated 98368 bytes, cq_entries is 2048
I0817 13:51:57.256138  170134 proactor_pool.cc:149] Running 10 io threads
I0817 13:51:57.257155  170134 dragonfly_listener.cc:152] SSL version: OpenSSL 3.0.13 30 Jan 2024
W0817 13:51:57.257194  170134 dfly_main.cc:353] Protected mode enabled. Binding to localhost only because no password is set. To accept remote connections, set a password with --requirepass or specify a bind address with --bind.
I0817 13:51:57.257413  170134 dfly_main.cc:437] Listening on admin socket any:38217
I0817 13:51:57.258242  170134 server_family.cc:1207] Host OS: Linux 7.0.0-28-generic x86_64 with 10 threads
I0817 13:51:57.258395  170137 listener_interface.cc:102] sock[26] AcceptServer - listening on 127.0.0.1:18217
I0817 13:51:57.258394  170136 listener_interface.cc:102] sock[24] AcceptServer - listening on 0.0.0.0:38217
I0817 13:51:57.405142  170137 server_family.cc:3393] Initiate replication with: 127.0.0.1:18216
I0817 13:51:57.452357  170137 replica.cc:681] Started full sync with 127.0.0.1:18216
I0817 13:51:58.415566  170137 replica.cc:720] full sync finished in 1.01 s
I0817 13:51:58.415644  170137 replica.cc:907] Transitioned into stable sync
I0817 13:51:58.545195  170137 listener_interface.cc:230] Listener stopped for port 18217
I0817 13:51:58.545287  170136 listener_interface.cc:230] Listener stopped for port 38217
W0817 13:51:58.545468  170144 main_service.cc:1536] VerifyCommandState error: Can not execute during SHUTTING DOWN
W0817 13:51:58.545466  170142 main_service.cc:1536] VerifyCommandState error: Can not execute during SHUTTING DOWN
W0817 13:51:58.545540  170144 main_service.cc:1536] VerifyCommandState error: Can not execute during SHUTTING DOWN
W0817 13:51:58.545544  170142 main_service.cc:1536] VerifyCommandState error: Can not execute during SHUTTING DOWN
W0817 13:51:58.545549  170144 main_service.cc:1536] VerifyCommandState error: Can not execute during SHUTTING DOWN
W0817 13:51:58.545555  170144 main_service.cc:1536] VerifyCommandState error: Can not execute during SHUTTING DOWN
W0817 13:51:58.545549  170139 main_service.cc:1536] VerifyCommandState error: Can not execute during SHUTTING DOWN
W0817 13:51:58.545583  170139 main_service.cc:1536] VerifyCommandState error: Can not execute during SHUTTING DOWN
W0817 13:51:58.545569  170137 execution_state.cc:93] ReportError: Operation canceled: ExecutionState cancelled
W0817 13:51:58.545613  170137 protocol_client.cc:277] Socket error: Operation canceled: ExecutionState cancelled in 127.0.0.1:18216, socket info: State: ESTABLISHED, Local: 127.0.0.1:58812, Remote: 127.0.0.1:18216, Inode: 401312
I0817 13:51:58.546520  170137 replica.cc:939] Exit stable sync
