                   .--::--.
   :+*=:          =@@@@@@@@=          :+*+:
  %@@@@@@%*=.     =@@@@@@@@-     .=*%@@@@@@#
  @@@@@@@@@@@@#+-. .%@@@@#. .-+#@@@@@@@@@@@%
  -@@@@@@@@@@@@@@@@*:#@@#:*@@@@@@@@@@@@@@@@-
    :+*********####-%@%%@%-####********++.
   .%@@@@@@@@@@@@@%:@@@@@@:@@@@@@@@@@@@@@%
   .@@@@@@@@%*+-:   =@@@@=  .:-+*%@@@@@@@%.
     =*+-:           ###*          .:-+*=
                     %@@%
                     *@@*
                     +@@=
                     :##:
                     :@@:
                      @@
                      ..
* Logs will be written to the first available of the following paths:
/tmp/dragonfly.*
* For the available flags type dragonfly [--help | --helpfull]
* Documentation can be found at: https://www.dragonflydb.io/docs
I0817 13:51:57.306733  170145 dfly_main.cc:1104] Starting dragonfly df-dev-0000000
I0817 13:51:57.306843  170145 dfly_main.cc:1154] Using proactor_threads=10 (overriding cgroup-derived 0)
W0817 13:51:57.306849  170145 dfly_main.cc:1161] SWAP is enabled. Consider disabling it when running Dragonfly.
I0817 13:51:57.306893  170145 dfly_main.cc:1167] maxmemory has not been specified. Deciding myself....
I0817 13:51:57.306895  170145 dfly_main.cc:1176] Found 20.17GiB available memory. Setting maxmemory to 16.13GiB
I0817 13:51:57.307345  170146 uring_proactor.cc:263] IORing with 1024 entries, allocated 98368 bytes, cq_entries is 2048
I0817 13:51:57.308258  170145 proactor_pool.cc:149] Running 10 io threads
I0817 13:51:57.309056  170145 dragonfly_listener.cc:152] SSL version: OpenSSL 3.0.13 30 Jan 2024
W0817 13:51:57.309084  170145 dfly_main.cc:353] Protected mode enabled. Binding to localhost only because no password is set. To accept remote connections, set a password with --requirepass or specify a bind address with --bind.
I0817 13:51:57.309281  170145 dfly_main.cc:437] Listening on admin socket any:38218
I0817 13:51:57.310162  170145 server_family.cc:1207] Host OS: Linux 7.0.0-28-generic x86_64 with 10 threads
I0817 13:51:57.310365  170148 listener_interface.cc:102] sock[26] AcceptServer - listening on 127.0.0.1:18218
I0817 13:51:57.310359  170147 listener_interface.cc:102] sock[24] AcceptServer - listening on 0.0.0.0:38218
I0817 13:51:57.405555  170148 server_family.cc:3393] Initiate replication with: 127.0.0.1:18216
I0817 13:51:57.407600  170148 replica.cc:681] Started full sync with 127.0.0.1:18216
I0817 13:51:58.402024  170148 replica.cc:720] full sync finished in 995 ms
I0817 13:51:58.402795  170148 replica.cc:907] Transitioned into stable sync
I0817 13:51:58.512970  170148 listener_interface.cc:230] Listener stopped for port 18218
I0817 13:51:58.512977  170147 listener_interface.cc:230] Listener stopped for port 38218
W0817 13:51:58.513171  170148 main_service.cc:1536] VerifyCommandState error: Can not execute during SHUTTING DOWN
W0817 13:51:58.513170  170155 main_service.cc:1536] VerifyCommandState error: Can not execute during SHUTTING DOWN
W0817 13:51:58.513198  170148 main_service.cc:1536] VerifyCommandState error: Can not execute during SHUTTING DOWN
W0817 13:51:58.513186  170149 main_service.cc:1536] VerifyCommandState error: Can not execute during SHUTTING DOWN
W0817 13:51:58.513208  170155 main_service.cc:1536] VerifyCommandState error: Can not execute during SHUTTING DOWN
W0817 13:51:58.513217  170149 main_service.cc:1536] VerifyCommandState error: Can not execute during SHUTTING DOWN
W0817 13:51:58.513225  170149 main_service.cc:1536] VerifyCommandState error: Can not execute during SHUTTING DOWN
W0817 13:51:58.513232  170149 main_service.cc:1536] VerifyCommandState error: Can not execute during SHUTTING DOWN
W0817 13:51:58.513238  170149 main_service.cc:1536] VerifyCommandState error: Can not execute during SHUTTING DOWN
W0817 13:51:58.513245  170153 main_service.cc:1536] VerifyCommandState error: Can not execute during SHUTTING DOWN
W0817 13:51:58.513258  170148 execution_state.cc:93] ReportError: Operation canceled: ExecutionState cancelled
W0817 13:51:58.513271  170153 main_service.cc:1536] VerifyCommandState error: Can not execute during SHUTTING DOWN
W0817 13:51:58.513288  170155 main_service.cc:1536] VerifyCommandState error: Can not execute during SHUTTING DOWN
W0817 13:51:58.513323  170148 protocol_client.cc:277] Socket error: Operation canceled: ExecutionState cancelled in 127.0.0.1:18216, socket info: State: ESTABLISHED, Local: 127.0.0.1:58826, Remote: 127.0.0.1:18216, Inode: 401321
I0817 13:51:58.514347  170148 replica.cc:939] Exit stable sync
