                   .--::--.
   :+*=:          =@@@@@@@@=          :+*+:
  %@@@@@@%*=.     =@@@@@@@@-     .=*%@@@@@@#
  @@@@@@@@@@@@#+-. .%@@@@#. .-+#@@@@@@@@@@@%
  -@@@@@@@@@@@@@@@@*:#@@#:*@@@@@@@@@@@@@@@@-
    :+*********####-%@%%@%-####********++.
   .%@@@@@@@@@@@@@%:@@@@@@:@@@@@@@@@@@@@@%
   .@@@@@@@@%*+-:   =@@@@=  .:-+*%@@@@@@@%.
     =*+-:           ###*          .:-+*=
                     %@@%
                     *@@*
                     +@@=
                     :##:
                     :@@:
                      @@
                      ..
* Logs will be written to the first available of the following paths:
/tmp/dragonfly.*
* For the available flags type dragonfly [--help | --helpfull]
* Documentation can be found at: https://www.dragonflydb.io/docs
I0817 12:35:41.332077   65920 dfly_main.cc:1104] Starting dragonfly df-dev-0000000
I0817 12:35:41.332214   65920 dfly_main.cc:1154] Using proactor_threads=10 (overriding cgroup-derived 0)
W0817 12:35:41.332225   65920 dfly_main.cc:1161] SWAP is enabled. Consider disabling it when running Dragonfly.
I0817 12:35:41.332288   65920 dfly_main.cc:1167] maxmemory has not been specified. Deciding myself....
I0817 12:35:41.332291   65920 dfly_main.cc:1176] Found 19.57GiB available memory. Setting maxmemory to 15.65GiB
I0817 12:35:41.332908   65921 uring_proactor.cc:263] IORing with 1024 entries, allocated 98368 bytes, cq_entries is 2048
I0817 12:35:41.333596   65920 proactor_pool.cc:149] Running 10 io threads
I0817 12:35:41.334574   65920 dragonfly_listener.cc:152] SSL version: OpenSSL 3.0.13 30 Jan 2024
W0817 12:35:41.334604   65920 dfly_main.cc:353] Protected mode enabled. Binding to localhost only because no password is set. To accept remote connections, set a password with --requirepass or specify a bind address with --bind.
I0817 12:35:41.334811   65920 dfly_main.cc:437] Listening on admin socket any:45251
I0817 12:35:41.335662   65920 server_family.cc:1207] Host OS: Linux 7.0.0-28-generic x86_64 with 10 threads
I0817 12:35:41.335838   65922 listener_interface.cc:102] sock[25] AcceptServer - listening on 0.0.0.0:45251
I0817 12:35:41.335865   65923 listener_interface.cc:102] sock[26] AcceptServer - listening on 127.0.0.1:25251
I0817 12:35:41.380667   65923 server_family.cc:3393] Initiate replication with: 127.0.0.1:25244
I0817 12:35:41.388517   65923 replica.cc:681] Started full sync with 127.0.0.1:25244
I0817 12:35:43.814892   65923 replica.cc:720] full sync finished in 2.43 s
I0817 12:35:43.815082   65923 replica.cc:907] Transitioned into stable sync
I0817 12:35:44.012165   65923 listener_interface.cc:230] Listener stopped for port 25251
I0817 12:35:44.012163   65922 listener_interface.cc:230] Listener stopped for port 45251
W0817 12:35:44.012307   65930 main_service.cc:1536] VerifyCommandState error: Can not execute during SHUTTING DOWN
W0817 12:35:44.012312   65921 main_service.cc:1536] VerifyCommandState error: Can not execute during SHUTTING DOWN
W0817 12:35:44.012361   65930 main_service.cc:1536] VerifyCommandState error: Can not execute during SHUTTING DOWN
W0817 12:35:44.012367   65930 main_service.cc:1536] VerifyCommandState error: Can not execute during SHUTTING DOWN
W0817 12:35:44.012378   65928 main_service.cc:1536] VerifyCommandState error: Can not execute during SHUTTING DOWN
W0817 12:35:44.012407   65923 main_service.cc:1536] VerifyCommandState error: Can not execute during SHUTTING DOWN
W0817 12:35:44.012421   65923 main_service.cc:1536] VerifyCommandState error: Can not execute during SHUTTING DOWN
W0817 12:35:44.012415   65927 main_service.cc:1536] VerifyCommandState error: Can not execute during SHUTTING DOWN
W0817 12:35:44.012418   65921 main_service.cc:1536] VerifyCommandState error: Can not execute during SHUTTING DOWN
W0817 12:35:44.012441   65927 main_service.cc:1536] VerifyCommandState error: Can not execute during SHUTTING DOWN
W0817 12:35:44.012445   65921 main_service.cc:1536] VerifyCommandState error: Can not execute during SHUTTING DOWN
W0817 12:35:44.012483   65928 main_service.cc:1536] VerifyCommandState error: Can not execute during SHUTTING DOWN
W0817 12:35:44.012517   65929 main_service.cc:1536] VerifyCommandState error: Can not execute during SHUTTING DOWN
W0817 12:35:44.012533   65929 main_service.cc:1536] VerifyCommandState error: Can not execute during SHUTTING DOWN
W0817 12:35:44.012537   65929 main_service.cc:1536] VerifyCommandState error: Can not execute during SHUTTING DOWN
W0817 12:35:44.012496   65928 main_service.cc:1536] VerifyCommandState error: Can not execute during SHUTTING DOWN
W0817 12:35:44.012622   65926 main_service.cc:1536] VerifyCommandState error: Can not execute during SHUTTING DOWN
W0817 12:35:44.012650   65926 main_service.cc:1536] VerifyCommandState error: Can not execute during SHUTTING DOWN
W0817 12:35:44.012668   65926 main_service.cc:1536] VerifyCommandState error: Can not execute during SHUTTING DOWN
W0817 12:35:44.012673   65926 main_service.cc:1536] VerifyCommandState error: Can not execute during SHUTTING DOWN
W0817 12:35:44.012791   65922 main_service.cc:1536] VerifyCommandState error: Can not execute during SHUTTING DOWN
W0817 12:35:44.012810   65922 main_service.cc:1536] VerifyCommandState error: Can not execute during SHUTTING DOWN
W0817 12:35:44.012806   65923 execution_state.cc:93] ReportError: Operation canceled: ExecutionState cancelled
W0817 12:35:44.012867   65923 protocol_client.cc:277] Socket error: Operation canceled: ExecutionState cancelled in 127.0.0.1:25244, socket info: State: ESTABLISHED, Local: 127.0.0.1:58304, Remote: 127.0.0.1:25244, Inode: 221587
I0817 12:35:44.015224   65923 replica.cc:939] Exit stable sync
