                   .--::--.
   :+*=:          =@@@@@@@@=          :+*+:
  %@@@@@@%*=.     =@@@@@@@@-     .=*%@@@@@@#
  @@@@@@@@@@@@#+-. .%@@@@#. .-+#@@@@@@@@@@@%
  -@@@@@@@@@@@@@@@@*:#@@#:*@@@@@@@@@@@@@@@@-
    :+*********####-%@%%@%-####********++.
   .%@@@@@@@@@@@@@%:@@@@@@:@@@@@@@@@@@@@@%
   .@@@@@@@@%*+-:   =@@@@=  .:-+*%@@@@@@@%.
     =*+-:           ###*          .:-+*=
                     %@@%
                     *@@*
                     +@@=
                     :##:
                     :@@:
                      @@
                      ..
* Logs will be written to the first available of the following paths:
/tmp/dragonfly.*
* For the available flags type dragonfly [--help | --helpfull]
* Documentation can be found at: https://www.dragonflydb.io/docs
I0817 12:35:41.015971   65854 dfly_main.cc:1104] Starting dragonfly df-dev-0000000
I0817 12:35:41.016080   65854 dfly_main.cc:1154] Using proactor_threads=10 (overriding cgroup-derived 0)
W0817 12:35:41.016088   65854 dfly_main.cc:1161] SWAP is enabled. Consider disabling it when running Dragonfly.
I0817 12:35:41.016140   65854 dfly_main.cc:1167] maxmemory has not been specified. Deciding myself....
I0817 12:35:41.016142   65854 dfly_main.cc:1176] Found 19.61GiB available memory. Setting maxmemory to 15.69GiB
I0817 12:35:41.016636   65855 uring_proactor.cc:263] IORing with 1024 entries, allocated 98368 bytes, cq_entries is 2048
I0817 12:35:41.017522   65854 proactor_pool.cc:149] Running 10 io threads
I0817 12:35:41.018533   65854 dragonfly_listener.cc:152] SSL version: OpenSSL 3.0.13 30 Jan 2024
W0817 12:35:41.018556   65854 dfly_main.cc:353] Protected mode enabled. Binding to localhost only because no password is set. To accept remote connections, set a password with --requirepass or specify a bind address with --bind.
I0817 12:35:41.018824   65854 dfly_main.cc:437] Listening on admin socket any:45245
I0817 12:35:41.019737   65854 server_family.cc:1207] Host OS: Linux 7.0.0-28-generic x86_64 with 10 threads
I0817 12:35:41.019961   65857 listener_interface.cc:102] sock[26] AcceptServer - listening on 127.0.0.1:25245
I0817 12:35:41.019951   65856 listener_interface.cc:102] sock[25] AcceptServer - listening on 0.0.0.0:45245
I0817 12:35:41.380528   65857 server_family.cc:3393] Initiate replication with: 127.0.0.1:25244
I0817 12:35:41.388590   65857 replica.cc:681] Started full sync with 127.0.0.1:25244
I0817 12:35:43.837565   65857 replica.cc:720] full sync finished in 2.45 s
I0817 12:35:43.837865   65857 replica.cc:907] Transitioned into stable sync
I0817 12:35:44.336769   65857 listener_interface.cc:230] Listener stopped for port 25245
I0817 12:35:44.336913   65856 listener_interface.cc:230] Listener stopped for port 45245
W0817 12:35:44.337041   65861 main_service.cc:1536] VerifyCommandState error: Can not execute during SHUTTING DOWN
W0817 12:35:44.337096   65861 main_service.cc:1536] VerifyCommandState error: Can not execute during SHUTTING DOWN
W0817 12:35:44.337133   65857 execution_state.cc:93] ReportError: Operation canceled: ExecutionState cancelled
W0817 12:35:44.337174   65857 protocol_client.cc:277] Socket error: Operation canceled: ExecutionState cancelled in 127.0.0.1:25244, socket info: State: ESTABLISHED, Local: 127.0.0.1:58292, Remote: 127.0.0.1:25244, Inode: 221584
I0817 12:35:44.338818   65857 replica.cc:939] Exit stable sync
