                   .--::--.
   :+*=:          =@@@@@@@@=          :+*+:
  %@@@@@@%*=.     =@@@@@@@@-     .=*%@@@@@@#
  @@@@@@@@@@@@#+-. .%@@@@#. .-+#@@@@@@@@@@@%
  -@@@@@@@@@@@@@@@@*:#@@#:*@@@@@@@@@@@@@@@@-
    :+*********####-%@%%@%-####********++.
   .%@@@@@@@@@@@@@%:@@@@@@:@@@@@@@@@@@@@@%
   .@@@@@@@@%*+-:   =@@@@=  .:-+*%@@@@@@@%.
     =*+-:           ###*          .:-+*=
                     %@@%
                     *@@*
                     +@@=
                     :##:
                     :@@:
                      @@
                      ..
* Logs will be written to the first available of the following paths:
/tmp/dragonfly.*
* For the available flags type dragonfly [--help | --helpfull]
* Documentation can be found at: https://www.dragonflydb.io/docs
I0817 12:35:41.227530   65898 dfly_main.cc:1104] Starting dragonfly df-dev-0000000
I0817 12:35:41.227660   65898 dfly_main.cc:1154] Using proactor_threads=10 (overriding cgroup-derived 0)
W0817 12:35:41.227671   65898 dfly_main.cc:1161] SWAP is enabled. Consider disabling it when running Dragonfly.
I0817 12:35:41.227735   65898 dfly_main.cc:1167] maxmemory has not been specified. Deciding myself....
I0817 12:35:41.227738   65898 dfly_main.cc:1176] Found 19.58GiB available memory. Setting maxmemory to 15.67GiB
I0817 12:35:41.228372   65899 uring_proactor.cc:263] IORing with 1024 entries, allocated 98368 bytes, cq_entries is 2048
I0817 12:35:41.228961   65898 proactor_pool.cc:149] Running 10 io threads
I0817 12:35:41.229794   65898 dragonfly_listener.cc:152] SSL version: OpenSSL 3.0.13 30 Jan 2024
W0817 12:35:41.229821   65898 dfly_main.cc:353] Protected mode enabled. Binding to localhost only because no password is set. To accept remote connections, set a password with --requirepass or specify a bind address with --bind.
I0817 12:35:41.230059   65898 dfly_main.cc:437] Listening on admin socket any:45249
I0817 12:35:41.230925   65898 server_family.cc:1207] Host OS: Linux 7.0.0-28-generic x86_64 with 10 threads
I0817 12:35:41.231134   65901 listener_interface.cc:102] sock[26] AcceptServer - listening on 127.0.0.1:25249
I0817 12:35:41.231125   65900 listener_interface.cc:102] sock[25] AcceptServer - listening on 0.0.0.0:45249
I0817 12:35:41.379527   65901 server_family.cc:3393] Initiate replication with: 127.0.0.1:25244
I0817 12:35:41.388404   65901 replica.cc:681] Started full sync with 127.0.0.1:25244
I0817 12:35:43.823155   65901 replica.cc:720] full sync finished in 2.44 s
I0817 12:35:43.823229   65901 replica.cc:907] Transitioned into stable sync
I0817 12:35:44.077974   65901 listener_interface.cc:230] Listener stopped for port 25249
I0817 12:35:44.078059   65900 listener_interface.cc:230] Listener stopped for port 45249
W0817 12:35:44.078190   65907 main_service.cc:1536] VerifyCommandState error: Can not execute during SHUTTING DOWN
W0817 12:35:44.078195   65903 main_service.cc:1536] VerifyCommandState error: Can not execute during SHUTTING DOWN
W0817 12:35:44.078229   65907 main_service.cc:1536] VerifyCommandState error: Can not execute during SHUTTING DOWN
W0817 12:35:44.078235   65907 main_service.cc:1536] VerifyCommandState error: Can not execute during SHUTTING DOWN
W0817 12:35:44.078257   65903 main_service.cc:1536] VerifyCommandState error: Can not execute during SHUTTING DOWN
W0817 12:35:44.078286   65903 main_service.cc:1536] VerifyCommandState error: Can not execute during SHUTTING DOWN
W0817 12:35:44.078291   65903 main_service.cc:1536] VerifyCommandState error: Can not execute during SHUTTING DOWN
W0817 12:35:44.078323   65902 main_service.cc:1536] VerifyCommandState error: Can not execute during SHUTTING DOWN
W0817 12:35:44.078353   65902 main_service.cc:1536] VerifyCommandState error: Can not execute during SHUTTING DOWN
W0817 12:35:44.078342   65906 main_service.cc:1536] VerifyCommandState error: Can not execute during SHUTTING DOWN
W0817 12:35:44.078373   65906 main_service.cc:1536] VerifyCommandState error: Can not execute during SHUTTING DOWN
W0817 12:35:44.078383   65904 main_service.cc:1536] VerifyCommandState error: Can not execute during SHUTTING DOWN
W0817 12:35:44.078400   65906 main_service.cc:1536] VerifyCommandState error: Can not execute during SHUTTING DOWN
W0817 12:35:44.078390   65901 execution_state.cc:93] ReportError: Operation canceled: ExecutionState cancelled
W0817 12:35:44.078413   65904 main_service.cc:1536] VerifyCommandState error: Can not execute during SHUTTING DOWN
W0817 12:35:44.078432   65901 protocol_client.cc:277] Socket error: Operation canceled: ExecutionState cancelled in 127.0.0.1:25244, socket info: State: ESTABLISHED, Local: 127.0.0.1:58246, Remote: 127.0.0.1:25244, Inode: 221566
I0817 12:35:44.080818   65901 replica.cc:939] Exit stable sync
