                   .--::--.
   :+*=:          =@@@@@@@@=          :+*+:
  %@@@@@@%*=.     =@@@@@@@@-     .=*%@@@@@@#
  @@@@@@@@@@@@#+-. .%@@@@#. .-+#@@@@@@@@@@@%
  -@@@@@@@@@@@@@@@@*:#@@#:*@@@@@@@@@@@@@@@@-
    :+*********####-%@%%@%-####********++.
   .%@@@@@@@@@@@@@%:@@@@@@:@@@@@@@@@@@@@@%
   .@@@@@@@@%*+-:   =@@@@=  .:-+*%@@@@@@@%.
     =*+-:           ###*          .:-+*=
                     %@@%
                     *@@*
                     +@@=
                     :##:
                     :@@:
                      @@
                      ..
* Logs will be written to the first available of the following paths:
/tmp/dragonfly.*
* For the available flags type dragonfly [--help | --helpfull]
* Documentation can be found at: https://www.dragonflydb.io/docs
I0817 12:35:41.280286   65909 dfly_main.cc:1104] Starting dragonfly df-dev-0000000
I0817 12:35:41.280417   65909 dfly_main.cc:1154] Using proactor_threads=10 (overriding cgroup-derived 0)
W0817 12:35:41.280426   65909 dfly_main.cc:1161] SWAP is enabled. Consider disabling it when running Dragonfly.
I0817 12:35:41.280477   65909 dfly_main.cc:1167] maxmemory has not been specified. Deciding myself....
I0817 12:35:41.280479   65909 dfly_main.cc:1176] Found 19.58GiB available memory. Setting maxmemory to 15.66GiB
I0817 12:35:41.281071   65910 uring_proactor.cc:263] IORing with 1024 entries, allocated 98368 bytes, cq_entries is 2048
I0817 12:35:41.281810   65909 proactor_pool.cc:149] Running 10 io threads
I0817 12:35:41.282781   65909 dragonfly_listener.cc:152] SSL version: OpenSSL 3.0.13 30 Jan 2024
W0817 12:35:41.282806   65909 dfly_main.cc:353] Protected mode enabled. Binding to localhost only because no password is set. To accept remote connections, set a password with --requirepass or specify a bind address with --bind.
I0817 12:35:41.283048   65909 dfly_main.cc:437] Listening on admin socket any:45250
I0817 12:35:41.283902   65909 server_family.cc:1207] Host OS: Linux 7.0.0-28-generic x86_64 with 10 threads
I0817 12:35:41.284071   65911 listener_interface.cc:102] sock[25] AcceptServer - listening on 0.0.0.0:45250
I0817 12:35:41.284085   65912 listener_interface.cc:102] sock[26] AcceptServer - listening on 127.0.0.1:25250
I0817 12:35:41.380366   65912 server_family.cc:3393] Initiate replication with: 127.0.0.1:25244
I0817 12:35:41.391908   65912 replica.cc:681] Started full sync with 127.0.0.1:25244
I0817 12:35:43.832963   65912 replica.cc:720] full sync finished in 2.45 s
I0817 12:35:43.833361   65912 replica.cc:907] Transitioned into stable sync
I0817 12:35:44.044431   65911 listener_interface.cc:230] Listener stopped for port 45250
I0817 12:35:44.044470   65912 listener_interface.cc:230] Listener stopped for port 25250
W0817 12:35:44.044675   65912 execution_state.cc:93] ReportError: Operation canceled: ExecutionState cancelled
W0817 12:35:44.044740   65912 protocol_client.cc:277] Socket error: Operation canceled: ExecutionState cancelled in 127.0.0.1:25244, socket info: State: ESTABLISHED, Local: 127.0.0.1:58278, Remote: 127.0.0.1:25244, Inode: 221581
I0817 12:35:44.047021   65912 replica.cc:939] Exit stable sync
