                   .--::--.
   :+*=:          =@@@@@@@@=          :+*+:
  %@@@@@@%*=.     =@@@@@@@@-     .=*%@@@@@@#
  @@@@@@@@@@@@#+-. .%@@@@#. .-+#@@@@@@@@@@@%
  -@@@@@@@@@@@@@@@@*:#@@#:*@@@@@@@@@@@@@@@@-
    :+*********####-%@%%@%-####********++.
   .%@@@@@@@@@@@@@%:@@@@@@:@@@@@@@@@@@@@@%
   .@@@@@@@@%*+-:   =@@@@=  .:-+*%@@@@@@@%.
     =*+-:           ###*          .:-+*=
                     %@@%
                     *@@*
                     +@@=
                     :##:
                     :@@:
                      @@
                      ..
* Logs will be written to the first available of the following paths:
/tmp/dragonfly.*
* For the available flags type dragonfly [--help | --helpfull]
* Documentation can be found at: https://www.dragonflydb.io/docs
I0817 12:35:41.121790   65876 dfly_main.cc:1104] Starting dragonfly df-dev-0000000
I0817 12:35:41.121893   65876 dfly_main.cc:1154] Using proactor_threads=10 (overriding cgroup-derived 0)
W0817 12:35:41.121900   65876 dfly_main.cc:1161] SWAP is enabled. Consider disabling it when running Dragonfly.
I0817 12:35:41.121938   65876 dfly_main.cc:1167] maxmemory has not been specified. Deciding myself....
I0817 12:35:41.121939   65876 dfly_main.cc:1176] Found 19.60GiB available memory. Setting maxmemory to 15.68GiB
I0817 12:35:41.122438   65877 uring_proactor.cc:263] IORing with 1024 entries, allocated 98368 bytes, cq_entries is 2048
I0817 12:35:41.123063   65876 proactor_pool.cc:149] Running 10 io threads
I0817 12:35:41.123862   65876 dragonfly_listener.cc:152] SSL version: OpenSSL 3.0.13 30 Jan 2024
W0817 12:35:41.123882   65876 dfly_main.cc:353] Protected mode enabled. Binding to localhost only because no password is set. To accept remote connections, set a password with --requirepass or specify a bind address with --bind.
I0817 12:35:41.124121   65876 dfly_main.cc:437] Listening on admin socket any:45247
I0817 12:35:41.124940   65876 server_family.cc:1207] Host OS: Linux 7.0.0-28-generic x86_64 with 10 threads
I0817 12:35:41.125121   65878 listener_interface.cc:102] sock[25] AcceptServer - listening on 0.0.0.0:45247
I0817 12:35:41.125163   65879 listener_interface.cc:102] sock[26] AcceptServer - listening on 127.0.0.1:25247
I0817 12:35:41.380196   65879 server_family.cc:3393] Initiate replication with: 127.0.0.1:25244
I0817 12:35:41.388195   65879 replica.cc:681] Started full sync with 127.0.0.1:25244
I0817 12:35:43.790931   65879 replica.cc:720] full sync finished in 2.41 s
I0817 12:35:43.791821   65879 replica.cc:907] Transitioned into stable sync
I0817 12:35:44.207255   65879 listener_interface.cc:230] Listener stopped for port 25247
I0817 12:35:44.207351   65878 listener_interface.cc:230] Listener stopped for port 45247
W0817 12:35:44.207480   65879 main_service.cc:1536] VerifyCommandState error: Can not execute during SHUTTING DOWN
W0817 12:35:44.207436   65884 main_service.cc:1536] VerifyCommandState error: Can not execute during SHUTTING DOWN
W0817 12:35:44.207506   65879 main_service.cc:1536] VerifyCommandState error: Can not execute during SHUTTING DOWN
W0817 12:35:44.207515   65884 main_service.cc:1536] VerifyCommandState error: Can not execute during SHUTTING DOWN
W0817 12:35:44.207523   65884 main_service.cc:1536] VerifyCommandState error: Can not execute during SHUTTING DOWN
W0817 12:35:44.207529   65884 main_service.cc:1536] VerifyCommandState error: Can not execute during SHUTTING DOWN
W0817 12:35:44.207525   65882 main_service.cc:1536] VerifyCommandState error: Can not execute during SHUTTING DOWN
W0817 12:35:44.207551   65882 main_service.cc:1536] VerifyCommandState error: Can not execute during SHUTTING DOWN
W0817 12:35:44.207599   65880 main_service.cc:1536] VerifyCommandState error: Can not execute during SHUTTING DOWN
W0817 12:35:44.207626   65880 main_service.cc:1536] VerifyCommandState error: Can not execute during SHUTTING DOWN
W0817 12:35:44.207633   65880 main_service.cc:1536] VerifyCommandState error: Can not execute during SHUTTING DOWN
W0817 12:35:44.207677   65877 main_service.cc:1536] VerifyCommandState error: Can not execute during SHUTTING DOWN
W0817 12:35:44.207691   65879 execution_state.cc:93] ReportError: Operation canceled: ExecutionState cancelled
W0817 12:35:44.207708   65877 main_service.cc:1536] VerifyCommandState error: Can not execute during SHUTTING DOWN
W0817 12:35:44.207744   65879 protocol_client.cc:277] Socket error: Operation canceled: ExecutionState cancelled in 127.0.0.1:25244, socket info: State: ESTABLISHED, Local: 127.0.0.1:58268, Remote: 127.0.0.1:25244, Inode: 221578
I0817 12:35:44.209484   65879 replica.cc:939] Exit stable sync
