                   .--::--.
   :+*=:          =@@@@@@@@=          :+*+:
  %@@@@@@%*=.     =@@@@@@@@-     .=*%@@@@@@#
  @@@@@@@@@@@@#+-. .%@@@@#. .-+#@@@@@@@@@@@%
  -@@@@@@@@@@@@@@@@*:#@@#:*@@@@@@@@@@@@@@@@-
    :+*********####-%@%%@%-####********++.
   .%@@@@@@@@@@@@@%:@@@@@@:@@@@@@@@@@@@@@%
   .@@@@@@@@%*+-:   =@@@@=  .:-+*%@@@@@@@%.
     =*+-:           ###*          .:-+*=
                     %@@%
                     *@@*
                     +@@=
                     :##:
                     :@@:
                      @@
                      ..
* Logs will be written to the first available of the following paths:
/tmp/dragonfly.*
* For the available flags type dragonfly [--help | --helpfull]
* Documentation can be found at: https://www.dragonflydb.io/docs
I0817 13:52:47.928053  171603 dfly_main.cc:1104] Starting dragonfly df-dev-0000000
I0817 13:52:47.928217  171603 dfly_main.cc:1154] Using proactor_threads=10 (overriding cgroup-derived 0)
W0817 13:52:47.928229  171603 dfly_main.cc:1161] SWAP is enabled. Consider disabling it when running Dragonfly.
I0817 13:52:47.928309  171603 dfly_main.cc:1167] maxmemory has not been specified. Deciding myself....
I0817 13:52:47.928311  171603 dfly_main.cc:1176] Found 20.31GiB available memory. Setting maxmemory to 16.25GiB
I0817 13:52:47.928941  171604 uring_proactor.cc:263] IORing with 1024 entries, allocated 98368 bytes, cq_entries is 2048
I0817 13:52:47.929628  171603 proactor_pool.cc:149] Running 10 io threads
I0817 13:52:47.930506  171603 dragonfly_listener.cc:152] SSL version: OpenSSL 3.0.13 30 Jan 2024
W0817 13:52:47.930535  171603 dfly_main.cc:353] Protected mode enabled. Binding to localhost only because no password is set. To accept remote connections, set a password with --requirepass or specify a bind address with --bind.
I0817 13:52:47.930813  171603 dfly_main.cc:437] Listening on admin socket any:43163
I0817 13:52:47.931688  171603 server_family.cc:1207] Host OS: Linux 7.0.0-28-generic x86_64 with 10 threads
I0817 13:52:47.931865  171605 listener_interface.cc:102] sock[25] AcceptServer - listening on 0.0.0.0:43163
I0817 13:52:47.931875  171606 listener_interface.cc:102] sock[26] AcceptServer - listening on 127.0.0.1:23163
I0817 13:52:48.451135  171606 server_family.cc:3393] Initiate replication with: 127.0.0.1:23162
I0817 13:52:48.460403  171606 replica.cc:681] Started full sync with 127.0.0.1:23162
I0817 13:52:50.659763  171606 replica.cc:720] full sync finished in 2.21 s
I0817 13:52:50.660709  171606 replica.cc:907] Transitioned into stable sync
I0817 13:52:51.353272  171605 listener_interface.cc:230] Listener stopped for port 43163
I0817 13:52:51.353308  171606 listener_interface.cc:230] Listener stopped for port 23163
W0817 13:52:51.353373  171607 main_service.cc:1536] VerifyCommandState error: Can not execute during SHUTTING DOWN
W0817 13:52:51.353420  171606 main_service.cc:1536] VerifyCommandState error: Can not execute during SHUTTING DOWN
W0817 13:52:51.353433  171612 main_service.cc:1536] VerifyCommandState error: Can not execute during SHUTTING DOWN
W0817 13:52:51.353439  171608 main_service.cc:1536] VerifyCommandState error: Can not execute during SHUTTING DOWN
W0817 13:52:51.353445  171611 main_service.cc:1536] VerifyCommandState error: Can not execute during SHUTTING DOWN
W0817 13:52:51.353518  171605 main_service.cc:1536] VerifyCommandState error: Can not execute during SHUTTING DOWN
W0817 13:52:51.353521  171604 main_service.cc:1536] VerifyCommandState error: Can not execute during SHUTTING DOWN
W0817 13:52:51.353533  171606 execution_state.cc:93] ReportError: Operation canceled: ExecutionState cancelled
W0817 13:52:51.353554  171610 main_service.cc:1536] VerifyCommandState error: Can not execute during SHUTTING DOWN
W0817 13:52:51.353570  171606 protocol_client.cc:277] Socket error: Operation canceled: ExecutionState cancelled in 127.0.0.1:23162, socket info: State: ESTABLISHED, Local: 127.0.0.1:40580, Remote: 127.0.0.1:23162, Inode: 418456
I0817 13:52:51.358361  171606 replica.cc:939] Exit stable sync
