                   .--::--.
   :+*=:          =@@@@@@@@=          :+*+:
  %@@@@@@%*=.     =@@@@@@@@-     .=*%@@@@@@#
  @@@@@@@@@@@@#+-. .%@@@@#. .-+#@@@@@@@@@@@%
  -@@@@@@@@@@@@@@@@*:#@@#:*@@@@@@@@@@@@@@@@-
    :+*********####-%@%%@%-####********++.
   .%@@@@@@@@@@@@@%:@@@@@@:@@@@@@@@@@@@@@%
   .@@@@@@@@%*+-:   =@@@@=  .:-+*%@@@@@@@%.
     =*+-:           ###*          .:-+*=
                     %@@%
                     *@@*
                     +@@=
                     :##:
                     :@@:
                      @@
                      ..
* Logs will be written to the first available of the following paths:
/tmp/dragonfly.*
* For the available flags type dragonfly [--help | --helpfull]
* Documentation can be found at: https://www.dragonflydb.io/docs
I0817 13:52:48.033842  171638 dfly_main.cc:1104] Starting dragonfly df-dev-0000000
I0817 13:52:48.033965  171638 dfly_main.cc:1154] Using proactor_threads=10 (overriding cgroup-derived 0)
W0817 13:52:48.033974  171638 dfly_main.cc:1161] SWAP is enabled. Consider disabling it when running Dragonfly.
I0817 13:52:48.034034  171638 dfly_main.cc:1167] maxmemory has not been specified. Deciding myself....
I0817 13:52:48.034036  171638 dfly_main.cc:1176] Found 20.30GiB available memory. Setting maxmemory to 16.24GiB
I0817 13:52:48.034531  171639 uring_proactor.cc:263] IORing with 1024 entries, allocated 98368 bytes, cq_entries is 2048
I0817 13:52:48.035232  171638 proactor_pool.cc:149] Running 10 io threads
I0817 13:52:48.036135  171638 dragonfly_listener.cc:152] SSL version: OpenSSL 3.0.13 30 Jan 2024
W0817 13:52:48.036166  171638 dfly_main.cc:353] Protected mode enabled. Binding to localhost only because no password is set. To accept remote connections, set a password with --requirepass or specify a bind address with --bind.
I0817 13:52:48.036371  171638 dfly_main.cc:437] Listening on admin socket any:43165
I0817 13:52:48.037205  171638 server_family.cc:1207] Host OS: Linux 7.0.0-28-generic x86_64 with 10 threads
I0817 13:52:48.037361  171640 listener_interface.cc:102] sock[25] AcceptServer - listening on 0.0.0.0:43165
I0817 13:52:48.037368  171641 listener_interface.cc:102] sock[26] AcceptServer - listening on 127.0.0.1:23165
I0817 13:52:48.451322  171641 server_family.cc:3393] Initiate replication with: 127.0.0.1:23162
I0817 13:52:48.460873  171641 replica.cc:681] Started full sync with 127.0.0.1:23162
I0817 13:52:50.660618  171641 replica.cc:720] full sync finished in 2.21 s
I0817 13:52:50.661727  171641 replica.cc:907] Transitioned into stable sync
I0817 13:52:51.223848  171641 listener_interface.cc:230] Listener stopped for port 23165
I0817 13:52:51.223932  171640 listener_interface.cc:230] Listener stopped for port 43165
W0817 13:52:51.224011  171644 main_service.cc:1536] VerifyCommandState error: Can not execute during SHUTTING DOWN
W0817 13:52:51.224066  171645 main_service.cc:1536] VerifyCommandState error: Can not execute during SHUTTING DOWN
W0817 13:52:51.224114  171643 main_service.cc:1536] VerifyCommandState error: Can not execute during SHUTTING DOWN
W0817 13:52:51.224128  171641 main_service.cc:1536] VerifyCommandState error: Can not execute during SHUTTING DOWN
W0817 13:52:51.224108  171648 main_service.cc:1536] VerifyCommandState error: Can not execute during SHUTTING DOWN
W0817 13:52:51.224134  171647 main_service.cc:1536] VerifyCommandState error: Can not execute during SHUTTING DOWN
W0817 13:52:51.224163  171647 main_service.cc:1536] VerifyCommandState error: Can not execute during SHUTTING DOWN
W0817 13:52:51.224168  171639 main_service.cc:1536] VerifyCommandState error: Can not execute during SHUTTING DOWN
W0817 13:52:51.224217  171646 main_service.cc:1536] VerifyCommandState error: Can not execute during SHUTTING DOWN
W0817 13:52:51.224235  171641 main_service.cc:1536] VerifyCommandState error: Can not execute during SHUTTING DOWN
W0817 13:52:51.224294  171645 main_service.cc:1536] VerifyCommandState error: Can not execute during SHUTTING DOWN
W0817 13:52:51.224305  171640 main_service.cc:1536] VerifyCommandState error: Can not execute during SHUTTING DOWN
W0817 13:52:51.224302  171642 main_service.cc:1536] VerifyCommandState error: Can not execute during SHUTTING DOWN
W0817 13:52:51.224321  171640 main_service.cc:1536] VerifyCommandState error: Can not execute during SHUTTING DOWN
W0817 13:52:51.224353  171641 execution_state.cc:93] ReportError: Operation canceled: ExecutionState cancelled
W0817 13:52:51.224369  171644 main_service.cc:1536] VerifyCommandState error: Can not execute during SHUTTING DOWN
W0817 13:52:51.224495  171641 protocol_client.cc:277] Socket error: Operation canceled: ExecutionState cancelled in 127.0.0.1:23162, socket info: State: ESTABLISHED, Local: 127.0.0.1:40588, Remote: 127.0.0.1:23162, Inode: 418459
I0817 13:52:51.227660  171641 replica.cc:939] Exit stable sync
