                   .--::--.
   :+*=:          =@@@@@@@@=          :+*+:
  %@@@@@@%*=.     =@@@@@@@@-     .=*%@@@@@@#
  @@@@@@@@@@@@#+-. .%@@@@#. .-+#@@@@@@@@@@@%
  -@@@@@@@@@@@@@@@@*:#@@#:*@@@@@@@@@@@@@@@@-
    :+*********####-%@%%@%-####********++.
   .%@@@@@@@@@@@@@%:@@@@@@:@@@@@@@@@@@@@@%
   .@@@@@@@@%*+-:   =@@@@=  .:-+*%@@@@@@@%.
     =*+-:           ###*          .:-+*=
                     %@@%
                     *@@*
                     +@@=
                     :##:
                     :@@:
                      @@
                      ..
* Logs will be written to the first available of the following paths:
/tmp/dragonfly.*
* For the available flags type dragonfly [--help | --helpfull]
* Documentation can be found at: https://www.dragonflydb.io/docs
I0817 13:52:48.296182  171693 dfly_main.cc:1104] Starting dragonfly df-dev-0000000
I0817 13:52:48.296301  171693 dfly_main.cc:1154] Using proactor_threads=10 (overriding cgroup-derived 0)
W0817 13:52:48.296309  171693 dfly_main.cc:1161] SWAP is enabled. Consider disabling it when running Dragonfly.
I0817 13:52:48.296368  171693 dfly_main.cc:1167] maxmemory has not been specified. Deciding myself....
I0817 13:52:48.296370  171693 dfly_main.cc:1176] Found 20.27GiB available memory. Setting maxmemory to 16.21GiB
I0817 13:52:48.297102  171695 uring_proactor.cc:263] IORing with 1024 entries, allocated 98368 bytes, cq_entries is 2048
I0817 13:52:48.297790  171693 proactor_pool.cc:149] Running 10 io threads
I0817 13:52:48.298692  171693 dragonfly_listener.cc:152] SSL version: OpenSSL 3.0.13 30 Jan 2024
W0817 13:52:48.298720  171693 dfly_main.cc:353] Protected mode enabled. Binding to localhost only because no password is set. To accept remote connections, set a password with --requirepass or specify a bind address with --bind.
I0817 13:52:48.298910  171693 dfly_main.cc:437] Listening on admin socket any:43170
I0817 13:52:48.299743  171693 server_family.cc:1207] Host OS: Linux 7.0.0-28-generic x86_64 with 10 threads
I0817 13:52:48.299896  171695 listener_interface.cc:102] sock[25] AcceptServer - listening on 0.0.0.0:43170
I0817 13:52:48.299917  171696 listener_interface.cc:102] sock[26] AcceptServer - listening on 127.0.0.1:23170
I0817 13:52:48.451922  171696 server_family.cc:3393] Initiate replication with: 127.0.0.1:23162
I0817 13:52:48.460460  171696 replica.cc:681] Started full sync with 127.0.0.1:23162
I0817 13:52:50.659997  171696 replica.cc:720] full sync finished in 2.2 s
I0817 13:52:50.661334  171696 replica.cc:907] Transitioned into stable sync
I0817 13:52:50.901485  171696 listener_interface.cc:230] Listener stopped for port 23170
I0817 13:52:50.901715  171695 listener_interface.cc:230] Listener stopped for port 43170
W0817 13:52:50.901916  171698 main_service.cc:1536] VerifyCommandState error: Can not execute during SHUTTING DOWN
W0817 13:52:50.901923  171701 main_service.cc:1536] VerifyCommandState error: Can not execute during SHUTTING DOWN
W0817 13:52:50.901929  171702 main_service.cc:1536] VerifyCommandState error: Can not execute during SHUTTING DOWN
W0817 13:52:50.902017  171697 main_service.cc:1536] VerifyCommandState error: Can not execute during SHUTTING DOWN
W0817 13:52:50.902022  171703 main_service.cc:1536] VerifyCommandState error: Can not execute during SHUTTING DOWN
W0817 13:52:50.902090  171700 main_service.cc:1536] VerifyCommandState error: Can not execute during SHUTTING DOWN
W0817 13:52:50.902284  171702 main_service.cc:1536] VerifyCommandState error: Can not execute during SHUTTING DOWN
W0817 13:52:50.902304  171698 main_service.cc:1536] VerifyCommandState error: Can not execute during SHUTTING DOWN
W0817 13:52:50.902402  171700 main_service.cc:1536] VerifyCommandState error: Can not execute during SHUTTING DOWN
W0817 13:52:50.902436  171703 main_service.cc:1536] VerifyCommandState error: Can not execute during SHUTTING DOWN
W0817 13:52:50.902509  171696 execution_state.cc:93] ReportError: Operation canceled: ExecutionState cancelled
W0817 13:52:50.902523  171694 main_service.cc:1536] VerifyCommandState error: Can not execute during SHUTTING DOWN
W0817 13:52:50.902553  171697 main_service.cc:1536] VerifyCommandState error: Can not execute during SHUTTING DOWN
W0817 13:52:50.902553  171701 main_service.cc:1536] VerifyCommandState error: Can not execute during SHUTTING DOWN
W0817 13:52:50.902588  171696 protocol_client.cc:277] Socket error: Operation canceled: ExecutionState cancelled in 127.0.0.1:23162, socket info: State: ESTABLISHED, Local: 127.0.0.1:40602, Remote: 127.0.0.1:23162, Inode: 418476
I0817 13:52:50.907467  171696 replica.cc:939] Exit stable sync
