                   .--::--.
   :+*=:          =@@@@@@@@=          :+*+:
  %@@@@@@%*=.     =@@@@@@@@-     .=*%@@@@@@#
  @@@@@@@@@@@@#+-. .%@@@@#. .-+#@@@@@@@@@@@%
  -@@@@@@@@@@@@@@@@*:#@@#:*@@@@@@@@@@@@@@@@-
    :+*********####-%@%%@%-####********++.
   .%@@@@@@@@@@@@@%:@@@@@@:@@@@@@@@@@@@@@%
   .@@@@@@@@%*+-:   =@@@@=  .:-+*%@@@@@@@%.
     =*+-:           ###*          .:-+*=
                     %@@%
                     *@@*
                     +@@=
                     :##:
                     :@@:
                      @@
                      ..
* Logs will be written to the first available of the following paths:
/tmp/dragonfly.*
* For the available flags type dragonfly [--help | --helpfull]
* Documentation can be found at: https://www.dragonflydb.io/docs
I0817 13:52:48.191546  171671 dfly_main.cc:1104] Starting dragonfly df-dev-0000000
I0817 13:52:48.191684  171671 dfly_main.cc:1154] Using proactor_threads=10 (overriding cgroup-derived 0)
W0817 13:52:48.191692  171671 dfly_main.cc:1161] SWAP is enabled. Consider disabling it when running Dragonfly.
I0817 13:52:48.191762  171671 dfly_main.cc:1167] maxmemory has not been specified. Deciding myself....
I0817 13:52:48.191766  171671 dfly_main.cc:1176] Found 20.28GiB available memory. Setting maxmemory to 16.23GiB
I0817 13:52:48.192361  171672 uring_proactor.cc:263] IORing with 1024 entries, allocated 98368 bytes, cq_entries is 2048
I0817 13:52:48.193099  171671 proactor_pool.cc:149] Running 10 io threads
I0817 13:52:48.193956  171671 dragonfly_listener.cc:152] SSL version: OpenSSL 3.0.13 30 Jan 2024
W0817 13:52:48.193978  171671 dfly_main.cc:353] Protected mode enabled. Binding to localhost only because no password is set. To accept remote connections, set a password with --requirepass or specify a bind address with --bind.
I0817 13:52:48.194211  171671 dfly_main.cc:437] Listening on admin socket any:43168
I0817 13:52:48.195073  171671 server_family.cc:1207] Host OS: Linux 7.0.0-28-generic x86_64 with 10 threads
I0817 13:52:48.195252  171674 listener_interface.cc:102] sock[26] AcceptServer - listening on 127.0.0.1:23168
I0817 13:52:48.195245  171673 listener_interface.cc:102] sock[25] AcceptServer - listening on 0.0.0.0:43168
I0817 13:52:48.450948  171674 server_family.cc:3393] Initiate replication with: 127.0.0.1:23162
I0817 13:52:48.460316  171674 replica.cc:681] Started full sync with 127.0.0.1:23162
I0817 13:52:50.660500  171674 replica.cc:720] full sync finished in 2.21 s
I0817 13:52:50.664181  171674 replica.cc:907] Transitioned into stable sync
I0817 13:52:51.030497  171674 listener_interface.cc:230] Listener stopped for port 23168
I0817 13:52:51.030737  171673 listener_interface.cc:230] Listener stopped for port 43168
W0817 13:52:51.030922  171674 main_service.cc:1536] VerifyCommandState error: Can not execute during SHUTTING DOWN
W0817 13:52:51.030982  171675 main_service.cc:1536] VerifyCommandState error: Can not execute during SHUTTING DOWN
W0817 13:52:51.030989  171681 main_service.cc:1536] VerifyCommandState error: Can not execute during SHUTTING DOWN
W0817 13:52:51.031134  171678 main_service.cc:1536] VerifyCommandState error: Can not execute during SHUTTING DOWN
W0817 13:52:51.031283  171673 main_service.cc:1536] VerifyCommandState error: Can not execute during SHUTTING DOWN
W0817 13:52:51.031305  171679 main_service.cc:1536] VerifyCommandState error: Can not execute during SHUTTING DOWN
W0817 13:52:51.031326  171674 execution_state.cc:93] ReportError: Operation canceled: ExecutionState cancelled
W0817 13:52:51.031404  171674 protocol_client.cc:277] Socket error: Operation canceled: ExecutionState cancelled in 127.0.0.1:23162, socket info: State: ESTABLISHED, Local: 127.0.0.1:40574, Remote: 127.0.0.1:23162, Inode: 418453
I0817 13:52:51.034473  171674 replica.cc:939] Exit stable sync
