                   .--::--.
   :+*=:          =@@@@@@@@=          :+*+:
  %@@@@@@%*=.     =@@@@@@@@-     .=*%@@@@@@#
  @@@@@@@@@@@@#+-. .%@@@@#. .-+#@@@@@@@@@@@%
  -@@@@@@@@@@@@@@@@*:#@@#:*@@@@@@@@@@@@@@@@-
    :+*********####-%@%%@%-####********++.
   .%@@@@@@@@@@@@@%:@@@@@@:@@@@@@@@@@@@@@%
   .@@@@@@@@%*+-:   =@@@@=  .:-+*%@@@@@@@%.
     =*+-:           ###*          .:-+*=
                     %@@%
                     *@@*
                     +@@=
                     :##:
                     :@@:
                      @@
                      ..
* Logs will be written to the first available of the following paths:
/tmp/dragonfly.*
* For the available flags type dragonfly [--help | --helpfull]
* Documentation can be found at: https://www.dragonflydb.io/docs
I0817 13:52:47.981311  171614 dfly_main.cc:1104] Starting dragonfly df-dev-0000000
I0817 13:52:47.981457  171614 dfly_main.cc:1154] Using proactor_threads=10 (overriding cgroup-derived 0)
W0817 13:52:47.981465  171614 dfly_main.cc:1161] SWAP is enabled. Consider disabling it when running Dragonfly.
I0817 13:52:47.981526  171614 dfly_main.cc:1167] maxmemory has not been specified. Deciding myself....
I0817 13:52:47.981529  171614 dfly_main.cc:1176] Found 20.31GiB available memory. Setting maxmemory to 16.25GiB
I0817 13:52:47.982150  171615 uring_proactor.cc:263] IORing with 1024 entries, allocated 98368 bytes, cq_entries is 2048
I0817 13:52:47.982884  171614 proactor_pool.cc:149] Running 10 io threads
I0817 13:52:47.983777  171614 dragonfly_listener.cc:152] SSL version: OpenSSL 3.0.13 30 Jan 2024
W0817 13:52:47.983808  171614 dfly_main.cc:353] Protected mode enabled. Binding to localhost only because no password is set. To accept remote connections, set a password with --requirepass or specify a bind address with --bind.
I0817 13:52:47.984016  171614 dfly_main.cc:437] Listening on admin socket any:43164
I0817 13:52:47.984842  171614 server_family.cc:1207] Host OS: Linux 7.0.0-28-generic x86_64 with 10 threads
I0817 13:52:47.984993  171617 listener_interface.cc:102] sock[26] AcceptServer - listening on 127.0.0.1:23164
I0817 13:52:47.984994  171616 listener_interface.cc:102] sock[25] AcceptServer - listening on 0.0.0.0:43164
I0817 13:52:48.450364  171617 server_family.cc:3393] Initiate replication with: 127.0.0.1:23162
I0817 13:52:48.461489  171617 replica.cc:681] Started full sync with 127.0.0.1:23162
I0817 13:52:50.659852  171617 replica.cc:720] full sync finished in 2.2 s
I0817 13:52:50.663441  171617 replica.cc:907] Transitioned into stable sync
I0817 13:52:51.288688  171617 listener_interface.cc:230] Listener stopped for port 23164
I0817 13:52:51.288675  171616 listener_interface.cc:230] Listener stopped for port 43164
W0817 13:52:51.288892  171624 main_service.cc:1536] VerifyCommandState error: Can not execute during SHUTTING DOWN
W0817 13:52:51.288939  171615 main_service.cc:1536] VerifyCommandState error: Can not execute during SHUTTING DOWN
W0817 13:52:51.288936  171620 main_service.cc:1536] VerifyCommandState error: Can not execute during SHUTTING DOWN
W0817 13:52:51.288964  171617 main_service.cc:1536] VerifyCommandState error: Can not execute during SHUTTING DOWN
W0817 13:52:51.288977  171617 main_service.cc:1536] VerifyCommandState error: Can not execute during SHUTTING DOWN
W0817 13:52:51.288983  171617 main_service.cc:1536] VerifyCommandState error: Can not execute during SHUTTING DOWN
W0817 13:52:51.289015  171620 main_service.cc:1536] VerifyCommandState error: Can not execute during SHUTTING DOWN
W0817 13:52:51.289095  171617 execution_state.cc:93] ReportError: Operation canceled: ExecutionState cancelled
W0817 13:52:51.289120  171624 main_service.cc:1536] VerifyCommandState error: Can not execute during SHUTTING DOWN
W0817 13:52:51.289158  171617 protocol_client.cc:277] Socket error: Operation canceled: ExecutionState cancelled in 127.0.0.1:23162, socket info: State: ESTABLISHED, Local: 127.0.0.1:40548, Remote: 127.0.0.1:23162, Inode: 418444
I0817 13:52:51.293673  171617 replica.cc:939] Exit stable sync
