                   .--::--.
   :+*=:          =@@@@@@@@=          :+*+:
  %@@@@@@%*=.     =@@@@@@@@-     .=*%@@@@@@#
  @@@@@@@@@@@@#+-. .%@@@@#. .-+#@@@@@@@@@@@%
  -@@@@@@@@@@@@@@@@*:#@@#:*@@@@@@@@@@@@@@@@-
    :+*********####-%@%%@%-####********++.
   .%@@@@@@@@@@@@@%:@@@@@@:@@@@@@@@@@@@@@%
   .@@@@@@@@%*+-:   =@@@@=  .:-+*%@@@@@@@%.
     =*+-:           ###*          .:-+*=
                     %@@%
                     *@@*
                     +@@=
                     :##:
                     :@@:
                      @@
                      ..
* Logs will be written to the first available of the following paths:
/tmp/dragonfly.*
* For the available flags type dragonfly [--help | --helpfull]
* Documentation can be found at: https://www.dragonflydb.io/docs
I0817 13:52:48.243926  171682 dfly_main.cc:1104] Starting dragonfly df-dev-0000000
I0817 13:52:48.244054  171682 dfly_main.cc:1154] Using proactor_threads=10 (overriding cgroup-derived 0)
W0817 13:52:48.244064  171682 dfly_main.cc:1161] SWAP is enabled. Consider disabling it when running Dragonfly.
I0817 13:52:48.244130  171682 dfly_main.cc:1167] maxmemory has not been specified. Deciding myself....
I0817 13:52:48.244132  171682 dfly_main.cc:1176] Found 20.28GiB available memory. Setting maxmemory to 16.22GiB
I0817 13:52:48.244672  171683 uring_proactor.cc:263] IORing with 1024 entries, allocated 98368 bytes, cq_entries is 2048
I0817 13:52:48.245376  171682 proactor_pool.cc:149] Running 10 io threads
I0817 13:52:48.246290  171682 dragonfly_listener.cc:152] SSL version: OpenSSL 3.0.13 30 Jan 2024
W0817 13:52:48.246315  171682 dfly_main.cc:353] Protected mode enabled. Binding to localhost only because no password is set. To accept remote connections, set a password with --requirepass or specify a bind address with --bind.
I0817 13:52:48.246515  171682 dfly_main.cc:437] Listening on admin socket any:43169
I0817 13:52:48.247452  171682 server_family.cc:1207] Host OS: Linux 7.0.0-28-generic x86_64 with 10 threads
I0817 13:52:48.247638  171685 listener_interface.cc:102] sock[26] AcceptServer - listening on 127.0.0.1:23169
I0817 13:52:48.247641  171684 listener_interface.cc:102] sock[25] AcceptServer - listening on 0.0.0.0:43169
I0817 13:52:48.452128  171685 server_family.cc:3393] Initiate replication with: 127.0.0.1:23162
I0817 13:52:48.460186  171685 replica.cc:681] Started full sync with 127.0.0.1:23162
I0817 13:52:50.660560  171685 replica.cc:720] full sync finished in 2.21 s
I0817 13:52:50.663879  171685 replica.cc:907] Transitioned into stable sync
I0817 13:52:50.965147  171685 listener_interface.cc:230] Listener stopped for port 23169
I0817 13:52:50.965357  171684 listener_interface.cc:230] Listener stopped for port 43169
W0817 13:52:50.965475  171683 main_service.cc:1536] VerifyCommandState error: Can not execute during SHUTTING DOWN
W0817 13:52:50.965706  171692 main_service.cc:1536] VerifyCommandState error: Can not execute during SHUTTING DOWN
W0817 13:52:50.965749  171689 main_service.cc:1536] VerifyCommandState error: Can not execute during SHUTTING DOWN
W0817 13:52:50.965778  171685 execution_state.cc:93] ReportError: Operation canceled: ExecutionState cancelled
W0817 13:52:50.965821  171685 protocol_client.cc:277] Socket error: Operation canceled: ExecutionState cancelled in 127.0.0.1:23162, socket info: State: ESTABLISHED, Local: 127.0.0.1:40604, Remote: 127.0.0.1:23162, Inode: 418479
I0817 13:52:50.969905  171685 replica.cc:939] Exit stable sync
