                   .--::--.
   :+*=:          =@@@@@@@@=          :+*+:
  %@@@@@@%*=.     =@@@@@@@@-     .=*%@@@@@@#
  @@@@@@@@@@@@#+-. .%@@@@#. .-+#@@@@@@@@@@@%
  -@@@@@@@@@@@@@@@@*:#@@#:*@@@@@@@@@@@@@@@@-
    :+*********####-%@%%@%-####********++.
   .%@@@@@@@@@@@@@%:@@@@@@:@@@@@@@@@@@@@@%
   .@@@@@@@@%*+-:   =@@@@=  .:-+*%@@@@@@@%.
     =*+-:           ###*          .:-+*=
                     %@@%
                     *@@*
                     +@@=
                     :##:
                     :@@:
                      @@
                      ..
* Logs will be written to the first available of the following paths:
/tmp/dragonfly.*
* For the available flags type dragonfly [--help | --helpfull]
* Documentation can be found at: https://www.dragonflydb.io/docs
I0817 13:52:48.138909  171660 dfly_main.cc:1104] Starting dragonfly df-dev-0000000
I0817 13:52:48.139032  171660 dfly_main.cc:1154] Using proactor_threads=10 (overriding cgroup-derived 0)
W0817 13:52:48.139041  171660 dfly_main.cc:1161] SWAP is enabled. Consider disabling it when running Dragonfly.
I0817 13:52:48.139104  171660 dfly_main.cc:1167] maxmemory has not been specified. Deciding myself....
I0817 13:52:48.139106  171660 dfly_main.cc:1176] Found 20.29GiB available memory. Setting maxmemory to 16.23GiB
I0817 13:52:48.139616  171661 uring_proactor.cc:263] IORing with 1024 entries, allocated 98368 bytes, cq_entries is 2048
I0817 13:52:48.140313  171660 proactor_pool.cc:149] Running 10 io threads
I0817 13:52:48.141181  171660 dragonfly_listener.cc:152] SSL version: OpenSSL 3.0.13 30 Jan 2024
W0817 13:52:48.141207  171660 dfly_main.cc:353] Protected mode enabled. Binding to localhost only because no password is set. To accept remote connections, set a password with --requirepass or specify a bind address with --bind.
I0817 13:52:48.141399  171660 dfly_main.cc:437] Listening on admin socket any:43167
I0817 13:52:48.142296  171660 server_family.cc:1207] Host OS: Linux 7.0.0-28-generic x86_64 with 10 threads
I0817 13:52:48.142472  171662 listener_interface.cc:102] sock[25] AcceptServer - listening on 0.0.0.0:43167
I0817 13:52:48.142506  171663 listener_interface.cc:102] sock[26] AcceptServer - listening on 127.0.0.1:23167
I0817 13:52:48.450596  171663 server_family.cc:3393] Initiate replication with: 127.0.0.1:23162
I0817 13:52:48.459939  171663 replica.cc:681] Started full sync with 127.0.0.1:23162
I0817 13:52:50.659882  171663 replica.cc:720] full sync finished in 2.21 s
I0817 13:52:50.660988  171663 replica.cc:907] Transitioned into stable sync
I0817 13:52:51.094664  171663 listener_interface.cc:230] Listener stopped for port 23167
I0817 13:52:51.094695  171662 listener_interface.cc:230] Listener stopped for port 43167
W0817 13:52:51.094908  171661 main_service.cc:1536] VerifyCommandState error: Can not execute during SHUTTING DOWN
W0817 13:52:51.094927  171663 main_service.cc:1536] VerifyCommandState error: Can not execute during SHUTTING DOWN
W0817 13:52:51.094962  171669 main_service.cc:1536] VerifyCommandState error: Can not execute during SHUTTING DOWN
W0817 13:52:51.095019  171670 main_service.cc:1536] VerifyCommandState error: Can not execute during SHUTTING DOWN
W0817 13:52:51.095038  171668 main_service.cc:1536] VerifyCommandState error: Can not execute during SHUTTING DOWN
W0817 13:52:51.095041  171667 main_service.cc:1536] VerifyCommandState error: Can not execute during SHUTTING DOWN
W0817 13:52:51.095131  171663 main_service.cc:1536] VerifyCommandState error: Can not execute during SHUTTING DOWN
W0817 13:52:51.095185  171663 execution_state.cc:93] ReportError: Operation canceled: ExecutionState cancelled
W0817 13:52:51.095228  171663 protocol_client.cc:277] Socket error: Operation canceled: ExecutionState cancelled in 127.0.0.1:23162, socket info: State: ESTABLISHED, Local: 127.0.0.1:40554, Remote: 127.0.0.1:23162, Inode: 418447
I0817 13:52:51.100087  171663 replica.cc:939] Exit stable sync
