                   .--::--.
   :+*=:          =@@@@@@@@=          :+*+:
  %@@@@@@%*=.     =@@@@@@@@-     .=*%@@@@@@#
  @@@@@@@@@@@@#+-. .%@@@@#. .-+#@@@@@@@@@@@%
  -@@@@@@@@@@@@@@@@*:#@@#:*@@@@@@@@@@@@@@@@-
    :+*********####-%@%%@%-####********++.
   .%@@@@@@@@@@@@@%:@@@@@@:@@@@@@@@@@@@@@%
   .@@@@@@@@%*+-:   =@@@@=  .:-+*%@@@@@@@%.
     =*+-:           ###*          .:-+*=
                     %@@%
                     *@@*
                     +@@=
                     :##:
                     :@@:
                      @@
                      ..
* Logs will be written to the first available of the following paths:
/tmp/dragonfly.*
* For the available flags type dragonfly [--help | --helpfull]
* Documentation can be found at: https://www.dragonflydb.io/docs
I0817 13:52:48.349673  171704 dfly_main.cc:1104] Starting dragonfly df-dev-0000000
I0817 13:52:48.349806  171704 dfly_main.cc:1154] Using proactor_threads=10 (overriding cgroup-derived 0)
W0817 13:52:48.349814  171704 dfly_main.cc:1161] SWAP is enabled. Consider disabling it when running Dragonfly.
I0817 13:52:48.349871  171704 dfly_main.cc:1167] maxmemory has not been specified. Deciding myself....
I0817 13:52:48.349873  171704 dfly_main.cc:1176] Found 20.26GiB available memory. Setting maxmemory to 16.21GiB
I0817 13:52:48.350368  171705 uring_proactor.cc:263] IORing with 1024 entries, allocated 98368 bytes, cq_entries is 2048
I0817 13:52:48.351150  171704 proactor_pool.cc:149] Running 10 io threads
I0817 13:52:48.351964  171704 dragonfly_listener.cc:152] SSL version: OpenSSL 3.0.13 30 Jan 2024
W0817 13:52:48.351985  171704 dfly_main.cc:353] Protected mode enabled. Binding to localhost only because no password is set. To accept remote connections, set a password with --requirepass or specify a bind address with --bind.
I0817 13:52:48.352188  171704 dfly_main.cc:437] Listening on admin socket any:43171
I0817 13:52:48.353032  171704 server_family.cc:1207] Host OS: Linux 7.0.0-28-generic x86_64 with 10 threads
I0817 13:52:48.353273  171706 listener_interface.cc:102] sock[25] AcceptServer - listening on 0.0.0.0:43171
I0817 13:52:48.353284  171707 listener_interface.cc:102] sock[26] AcceptServer - listening on 127.0.0.1:23171
I0817 13:52:48.451492  171707 server_family.cc:3393] Initiate replication with: 127.0.0.1:23162
I0817 13:52:48.460565  171707 replica.cc:681] Started full sync with 127.0.0.1:23162
I0817 13:52:50.660438  171707 replica.cc:720] full sync finished in 2.21 s
I0817 13:52:50.664472  171707 replica.cc:907] Transitioned into stable sync
I0817 13:52:50.838116  171707 listener_interface.cc:230] Listener stopped for port 23171
I0817 13:52:50.838393  171706 listener_interface.cc:230] Listener stopped for port 43171
W0817 13:52:50.838579  171713 main_service.cc:1536] VerifyCommandState error: Can not execute during SHUTTING DOWN
W0817 13:52:50.838691  171709 main_service.cc:1536] VerifyCommandState error: Can not execute during SHUTTING DOWN
W0817 13:52:50.838792  171707 main_service.cc:1536] VerifyCommandState error: Can not execute during SHUTTING DOWN
W0817 13:52:50.838974  171710 main_service.cc:1536] VerifyCommandState error: Can not execute during SHUTTING DOWN
W0817 13:52:50.839003  171706 main_service.cc:1536] VerifyCommandState error: Can not execute during SHUTTING DOWN
W0817 13:52:50.839141  171713 main_service.cc:1536] VerifyCommandState error: Can not execute during SHUTTING DOWN
W0817 13:52:50.839019  171714 main_service.cc:1536] VerifyCommandState error: Can not execute during SHUTTING DOWN
W0817 13:52:50.838571  171712 main_service.cc:1536] VerifyCommandState error: Can not execute during SHUTTING DOWN
W0817 13:52:50.839362  171712 main_service.cc:1536] VerifyCommandState error: Can not execute during SHUTTING DOWN
W0817 13:52:50.839632  171714 main_service.cc:1536] VerifyCommandState error: Can not execute during SHUTTING DOWN
W0817 13:52:50.839647  171712 main_service.cc:1536] VerifyCommandState error: Can not execute during SHUTTING DOWN
W0817 13:52:50.839694  171713 main_service.cc:1536] VerifyCommandState error: Can not execute during SHUTTING DOWN
W0817 13:52:50.839716  171710 main_service.cc:1536] VerifyCommandState error: Can not execute during SHUTTING DOWN
W0817 13:52:50.839862  171711 main_service.cc:1536] VerifyCommandState error: Can not execute during SHUTTING DOWN
W0817 13:52:50.840029  171709 main_service.cc:1536] VerifyCommandState error: Can not execute during SHUTTING DOWN
W0817 13:52:50.840043  171709 main_service.cc:1536] VerifyCommandState error: Can not execute during SHUTTING DOWN
W0817 13:52:50.840052  171709 main_service.cc:1536] VerifyCommandState error: Can not execute during SHUTTING DOWN
W0817 13:52:50.840193  171707 execution_state.cc:93] ReportError: Operation canceled: ExecutionState cancelled
W0817 13:52:50.840260  171707 protocol_client.cc:277] Socket error: Operation canceled: ExecutionState cancelled in 127.0.0.1:23162, socket info: State: ESTABLISHED, Local: 127.0.0.1:40590, Remote: 127.0.0.1:23162, Inode: 418462
I0817 13:52:50.845609  171707 replica.cc:939] Exit stable sync
