                   .--::--.
   :+*=:          =@@@@@@@@=          :+*+:
  %@@@@@@%*=.     =@@@@@@@@-     .=*%@@@@@@#
  @@@@@@@@@@@@#+-. .%@@@@#. .-+#@@@@@@@@@@@%
  -@@@@@@@@@@@@@@@@*:#@@#:*@@@@@@@@@@@@@@@@-
    :+*********####-%@%%@%-####********++.
   .%@@@@@@@@@@@@@%:@@@@@@:@@@@@@@@@@@@@@%
   .@@@@@@@@%*+-:   =@@@@=  .:-+*%@@@@@@@%.
     =*+-:           ###*          .:-+*=
                     %@@%
                     *@@*
                     +@@=
                     :##:
                     :@@:
                      @@
                      ..
* Logs will be written to the first available of the following paths:
/tmp/dragonfly.*
* For the available flags type dragonfly [--help | --helpfull]
* Documentation can be found at: https://www.dragonflydb.io/docs
I0817 12:35:32.608629   65603 dfly_main.cc:1104] Starting dragonfly df-dev-0000000
I0817 12:35:32.608736   65603 dfly_main.cc:1154] Using proactor_threads=10 (overriding cgroup-derived 0)
W0817 12:35:32.608742   65603 dfly_main.cc:1161] SWAP is enabled. Consider disabling it when running Dragonfly.
I0817 12:35:32.608791   65603 dfly_main.cc:1167] maxmemory has not been specified. Deciding myself....
I0817 12:35:32.608793   65603 dfly_main.cc:1176] Found 19.64GiB available memory. Setting maxmemory to 15.71GiB
I0817 12:35:32.609276   65604 uring_proactor.cc:263] IORing with 1024 entries, allocated 98368 bytes, cq_entries is 2048
I0817 12:35:32.610032   65603 proactor_pool.cc:149] Running 10 io threads
I0817 12:35:32.610811   65603 dragonfly_listener.cc:152] SSL version: OpenSSL 3.0.13 30 Jan 2024
W0817 12:35:32.610832   65603 dfly_main.cc:353] Protected mode enabled. Binding to localhost only because no password is set. To accept remote connections, set a password with --requirepass or specify a bind address with --bind.
I0817 12:35:32.611027   65603 dfly_main.cc:437] Listening on admin socket any:45246
I0817 12:35:32.611778   65603 server_family.cc:1207] Host OS: Linux 7.0.0-28-generic x86_64 with 10 threads
I0817 12:35:32.611962   65606 listener_interface.cc:102] sock[26] AcceptServer - listening on 127.0.0.1:25246
I0817 12:35:32.611963   65605 listener_interface.cc:102] sock[25] AcceptServer - listening on 0.0.0.0:45246
I0817 12:35:32.707565   65606 server_family.cc:3393] Initiate replication with: 127.0.0.1:25244
I0817 12:35:32.719393   65606 replica.cc:681] Started full sync with 127.0.0.1:25244
I0817 12:35:33.751949   65606 replica.cc:720] full sync finished in 1.04 s
I0817 12:35:33.752025   65606 replica.cc:907] Transitioned into stable sync
I0817 12:35:33.861782   65606 listener_interface.cc:230] Listener stopped for port 25246
I0817 12:35:33.861822   65605 listener_interface.cc:230] Listener stopped for port 45246
W0817 12:35:33.861877   65604 main_service.cc:1536] VerifyCommandState error: Can not execute during SHUTTING DOWN
W0817 12:35:33.861909   65604 main_service.cc:1536] VerifyCommandState error: Can not execute during SHUTTING DOWN
W0817 12:35:33.862006   65606 execution_state.cc:93] ReportError: Operation canceled: ExecutionState cancelled
W0817 12:35:33.862054   65606 protocol_client.cc:277] Socket error: Operation canceled: ExecutionState cancelled in 127.0.0.1:25244, socket info: State: ESTABLISHED, Local: 127.0.0.1:35434, Remote: 127.0.0.1:25244, Inode: 217428
I0817 12:35:33.863480   65606 replica.cc:939] Exit stable sync
