                   .--::--.
   :+*=:          =@@@@@@@@=          :+*+:
  %@@@@@@%*=.     =@@@@@@@@-     .=*%@@@@@@#
  @@@@@@@@@@@@#+-. .%@@@@#. .-+#@@@@@@@@@@@%
  -@@@@@@@@@@@@@@@@*:#@@#:*@@@@@@@@@@@@@@@@-
    :+*********####-%@%%@%-####********++.
   .%@@@@@@@@@@@@@%:@@@@@@:@@@@@@@@@@@@@@%
   .@@@@@@@@%*+-:   =@@@@=  .:-+*%@@@@@@@%.
     =*+-:           ###*          .:-+*=
                     %@@%
                     *@@*
                     +@@=
                     :##:
                     :@@:
                      @@
                      ..
* Logs will be written to the first available of the following paths:
/tmp/dragonfly.*
* For the available flags type dragonfly [--help | --helpfull]
* Documentation can be found at: https://www.dragonflydb.io/docs
I0817 12:35:32.660811   65614 dfly_main.cc:1104] Starting dragonfly df-dev-0000000
I0817 12:35:32.660919   65614 dfly_main.cc:1154] Using proactor_threads=10 (overriding cgroup-derived 0)
W0817 12:35:32.660925   65614 dfly_main.cc:1161] SWAP is enabled. Consider disabling it when running Dragonfly.
I0817 12:35:32.660968   65614 dfly_main.cc:1167] maxmemory has not been specified. Deciding myself....
I0817 12:35:32.660970   65614 dfly_main.cc:1176] Found 19.64GiB available memory. Setting maxmemory to 15.71GiB
I0817 12:35:32.661410   65615 uring_proactor.cc:263] IORing with 1024 entries, allocated 98368 bytes, cq_entries is 2048
I0817 12:35:32.662266   65614 proactor_pool.cc:149] Running 10 io threads
I0817 12:35:32.663360   65614 dragonfly_listener.cc:152] SSL version: OpenSSL 3.0.13 30 Jan 2024
W0817 12:35:32.663386   65614 dfly_main.cc:353] Protected mode enabled. Binding to localhost only because no password is set. To accept remote connections, set a password with --requirepass or specify a bind address with --bind.
I0817 12:35:32.663600   65614 dfly_main.cc:437] Listening on admin socket any:45247
I0817 12:35:32.664482   65614 server_family.cc:1207] Host OS: Linux 7.0.0-28-generic x86_64 with 10 threads
I0817 12:35:32.664648   65616 listener_interface.cc:102] sock[25] AcceptServer - listening on 0.0.0.0:45247
I0817 12:35:32.664665   65617 listener_interface.cc:102] sock[26] AcceptServer - listening on 127.0.0.1:25247
I0817 12:35:32.707116   65617 server_family.cc:3393] Initiate replication with: 127.0.0.1:25244
I0817 12:35:32.716003   65617 replica.cc:681] Started full sync with 127.0.0.1:25244
I0817 12:35:33.750546   65617 replica.cc:720] full sync finished in 1.04 s
I0817 12:35:33.750602   65617 replica.cc:907] Transitioned into stable sync
I0817 12:35:33.829449   65617 listener_interface.cc:230] Listener stopped for port 25247
I0817 12:35:33.829450   65616 listener_interface.cc:230] Listener stopped for port 45247
W0817 12:35:33.829600   65623 main_service.cc:1536] VerifyCommandState error: Can not execute during SHUTTING DOWN
W0817 12:35:33.829641   65623 main_service.cc:1536] VerifyCommandState error: Can not execute during SHUTTING DOWN
W0817 12:35:33.829684   65616 main_service.cc:1536] VerifyCommandState error: Can not execute during SHUTTING DOWN
W0817 12:35:33.829674   65619 main_service.cc:1536] VerifyCommandState error: Can not execute during SHUTTING DOWN
W0817 12:35:33.829700   65616 main_service.cc:1536] VerifyCommandState error: Can not execute during SHUTTING DOWN
W0817 12:35:33.829706   65619 main_service.cc:1536] VerifyCommandState error: Can not execute during SHUTTING DOWN
W0817 12:35:33.829705   65622 main_service.cc:1536] VerifyCommandState error: Can not execute during SHUTTING DOWN
W0817 12:35:33.829732   65622 main_service.cc:1536] VerifyCommandState error: Can not execute during SHUTTING DOWN
W0817 12:35:33.829739   65622 main_service.cc:1536] VerifyCommandState error: Can not execute during SHUTTING DOWN
W0817 12:35:33.829762   65620 main_service.cc:1536] VerifyCommandState error: Can not execute during SHUTTING DOWN
W0817 12:35:33.829790   65620 main_service.cc:1536] VerifyCommandState error: Can not execute during SHUTTING DOWN
W0817 12:35:33.829811   65617 execution_state.cc:93] ReportError: Operation canceled: ExecutionState cancelled
W0817 12:35:33.829855   65617 protocol_client.cc:277] Socket error: Operation canceled: ExecutionState cancelled in 127.0.0.1:25244, socket info: State: ESTABLISHED, Local: 127.0.0.1:35410, Remote: 127.0.0.1:25244, Inode: 217418
I0817 12:35:33.831529   65617 replica.cc:939] Exit stable sync
