                   .--::--.
   :+*=:          =@@@@@@@@=          :+*+:
  %@@@@@@%*=.     =@@@@@@@@-     .=*%@@@@@@#
  @@@@@@@@@@@@#+-. .%@@@@#. .-+#@@@@@@@@@@@%
  -@@@@@@@@@@@@@@@@*:#@@#:*@@@@@@@@@@@@@@@@-
    :+*********####-%@%%@%-####********++.
   .%@@@@@@@@@@@@@%:@@@@@@:@@@@@@@@@@@@@@%
   .@@@@@@@@%*+-:   =@@@@=  .:-+*%@@@@@@@%.
     =*+-:           ###*          .:-+*=
                     %@@%
                     *@@*
                     +@@=
                     :##:
                     :@@:
                      @@
                      ..
* Logs will be written to the first available of the following paths:
/tmp/dragonfly.*
* For the available flags type dragonfly [--help | --helpfull]
* Documentation can be found at: https://www.dragonflydb.io/docs
I0817 13:52:22.511584  170910 dfly_main.cc:1104] Starting dragonfly df-dev-0000000
I0817 13:52:22.511715  170910 dfly_main.cc:1154] Using proactor_threads=10 (overriding cgroup-derived 0)
W0817 13:52:22.511723  170910 dfly_main.cc:1161] SWAP is enabled. Consider disabling it when running Dragonfly.
I0817 13:52:22.511781  170910 dfly_main.cc:1167] maxmemory has not been specified. Deciding myself....
I0817 13:52:22.511783  170910 dfly_main.cc:1176] Found 21.39GiB available memory. Setting maxmemory to 17.11GiB
I0817 13:52:22.512236  170911 uring_proactor.cc:263] IORing with 1024 entries, allocated 98368 bytes, cq_entries is 2048
I0817 13:52:22.513249  170910 proactor_pool.cc:149] Running 10 io threads
I0817 13:52:22.514304  170910 dragonfly_listener.cc:152] SSL version: OpenSSL 3.0.13 30 Jan 2024
W0817 13:52:22.514334  170910 dfly_main.cc:353] Protected mode enabled. Binding to localhost only because no password is set. To accept remote connections, set a password with --requirepass or specify a bind address with --bind.
I0817 13:52:22.514554  170910 dfly_main.cc:437] Listening on admin socket any:43163
I0817 13:52:22.515388  170910 server_family.cc:1207] Host OS: Linux 7.0.0-28-generic x86_64 with 10 threads
I0817 13:52:22.515533  170913 listener_interface.cc:102] sock[26] AcceptServer - listening on 127.0.0.1:23163
I0817 13:52:22.515525  170912 listener_interface.cc:102] sock[25] AcceptServer - listening on 0.0.0.0:43163
I0817 13:52:22.557987  170913 server_family.cc:3393] Initiate replication with: 127.0.0.1:23162
I0817 13:52:22.559504  170913 replica.cc:681] Started full sync with 127.0.0.1:23162
I0817 13:52:23.948471  170913 replica.cc:720] full sync finished in 1.39 s
I0817 13:52:23.948660  170913 replica.cc:907] Transitioned into stable sync
I0817 13:52:24.002464  170913 listener_interface.cc:230] Listener stopped for port 23163
I0817 13:52:24.002476  170912 listener_interface.cc:230] Listener stopped for port 43163
W0817 13:52:24.002601  170911 main_service.cc:1536] VerifyCommandState error: Can not execute during SHUTTING DOWN
W0817 13:52:24.002662  170918 main_service.cc:1536] VerifyCommandState error: Can not execute during SHUTTING DOWN
W0817 13:52:24.002694  170912 main_service.cc:1536] VerifyCommandState error: Can not execute during SHUTTING DOWN
W0817 13:52:24.002711  170914 main_service.cc:1536] VerifyCommandState error: Can not execute during SHUTTING DOWN
W0817 13:52:24.002726  170912 main_service.cc:1536] VerifyCommandState error: Can not execute during SHUTTING DOWN
W0817 13:52:24.002733  170911 main_service.cc:1536] VerifyCommandState error: Can not execute during SHUTTING DOWN
W0817 13:52:24.002751  170916 main_service.cc:1536] VerifyCommandState error: Can not execute during SHUTTING DOWN
W0817 13:52:24.002769  170915 main_service.cc:1536] VerifyCommandState error: Can not execute during SHUTTING DOWN
W0817 13:52:24.002824  170918 main_service.cc:1536] VerifyCommandState error: Can not execute during SHUTTING DOWN
W0817 13:52:24.002837  170915 main_service.cc:1536] VerifyCommandState error: Can not execute during SHUTTING DOWN
W0817 13:52:24.002829  170917 main_service.cc:1536] VerifyCommandState error: Can not execute during SHUTTING DOWN
W0817 13:52:24.002890  170915 main_service.cc:1536] VerifyCommandState error: Can not execute during SHUTTING DOWN
W0817 13:52:24.002899  170914 main_service.cc:1536] VerifyCommandState error: Can not execute during SHUTTING DOWN
W0817 13:52:24.002935  170912 main_service.cc:1536] VerifyCommandState error: Can not execute during SHUTTING DOWN
W0817 13:52:24.002930  170913 execution_state.cc:93] ReportError: Operation canceled: ExecutionState cancelled
W0817 13:52:24.002992  170913 protocol_client.cc:277] Socket error: Operation canceled: ExecutionState cancelled in 127.0.0.1:23162, socket info: State: ESTABLISHED, Local: 127.0.0.1:49764, Remote: 127.0.0.1:23162, Inode: 409551
I0817 13:52:24.005290  170913 replica.cc:939] Exit stable sync
