                   .--::--.
   :+*=:          =@@@@@@@@=          :+*+:
  %@@@@@@%*=.     =@@@@@@@@-     .=*%@@@@@@#
  @@@@@@@@@@@@#+-. .%@@@@#. .-+#@@@@@@@@@@@%
  -@@@@@@@@@@@@@@@@*:#@@#:*@@@@@@@@@@@@@@@@-
    :+*********####-%@%%@%-####********++.
   .%@@@@@@@@@@@@@%:@@@@@@:@@@@@@@@@@@@@@%
   .@@@@@@@@%*+-:   =@@@@=  .:-+*%@@@@@@@%.
     =*+-:           ###*          .:-+*=
                     %@@%
                     *@@*
                     +@@=
                     :##:
                     :@@:
                      @@
                      ..
* Logs will be written to the first available of the following paths:
/tmp/dragonfly.*
* For the available flags type dragonfly [--help | --helpfull]
* Documentation can be found at: https://www.dragonflydb.io/docs
I0817 13:25:30.868849  140976 dfly_main.cc:1104] Starting dragonfly df-dev-0000000
I0817 13:25:30.868973  140976 dfly_main.cc:1154] Using proactor_threads=10 (overriding cgroup-derived 0)
W0817 13:25:30.868984  140976 dfly_main.cc:1161] SWAP is enabled. Consider disabling it when running Dragonfly.
I0817 13:25:30.869054  140976 dfly_main.cc:1167] maxmemory has not been specified. Deciding myself....
I0817 13:25:30.869057  140976 dfly_main.cc:1176] Found 21.24GiB available memory. Setting maxmemory to 16.99GiB
I0817 13:25:30.869574  140977 uring_proactor.cc:263] IORing with 1024 entries, allocated 98368 bytes, cq_entries is 2048
I0817 13:25:30.870499  140976 proactor_pool.cc:149] Running 10 io threads
I0817 13:25:30.871570  140976 dragonfly_listener.cc:152] SSL version: OpenSSL 3.0.13 30 Jan 2024
W0817 13:25:30.871603  140976 dfly_main.cc:353] Protected mode enabled. Binding to localhost only because no password is set. To accept remote connections, set a password with --requirepass or specify a bind address with --bind.
I0817 13:25:30.871847  140976 dfly_main.cc:437] Listening on admin socket any:50173
I0817 13:25:30.873217  140976 server_family.cc:1207] Host OS: Linux 7.0.0-28-generic x86_64 with 10 threads
I0817 13:25:30.873599  140978 listener_interface.cc:102] sock[24] AcceptServer - listening on 0.0.0.0:50173
I0817 13:25:30.873616  140979 listener_interface.cc:102] sock[25] AcceptServer - listening on 127.0.0.1:30173
I0817 13:25:30.970534  140979 server_family.cc:3393] Initiate replication with: 127.0.0.1:30168
I0817 13:25:30.982847  140979 replica.cc:681] Started full sync with 127.0.0.1:30168
W0817 13:25:39.149096  140982 proactor_base.cc:231] OnIdle task is taking too long: 2016 us defrag
I0817 13:25:43.261850  140979 replica.cc:720] full sync finished in 12.3 s
I0817 13:25:43.262036  140979 replica.cc:907] Transitioned into stable sync
I0817 13:25:43.520085  140979 listener_interface.cc:230] Listener stopped for port 30173
I0817 13:25:43.520072  140978 listener_interface.cc:230] Listener stopped for port 50173
W0817 13:25:43.520373  140985 main_service.cc:1536] VerifyCommandState error: Can not execute during SHUTTING DOWN
W0817 13:25:43.520484  140985 main_service.cc:1536] VerifyCommandState error: Can not execute during SHUTTING DOWN
W0817 13:25:43.520492  140985 main_service.cc:1536] VerifyCommandState error: Can not execute during SHUTTING DOWN
W0817 13:25:43.520499  140985 main_service.cc:1536] VerifyCommandState error: Can not execute during SHUTTING DOWN
W0817 13:25:43.520563  140986 main_service.cc:1536] VerifyCommandState error: Can not execute during SHUTTING DOWN
W0817 13:25:43.520591  140986 main_service.cc:1536] VerifyCommandState error: Can not execute during SHUTTING DOWN
W0817 13:25:43.520600  140986 main_service.cc:1536] VerifyCommandState error: Can not execute during SHUTTING DOWN
W0817 13:25:43.520724  140980 main_service.cc:1536] VerifyCommandState error: Can not execute during SHUTTING DOWN
W0817 13:25:43.520752  140983 main_service.cc:1536] VerifyCommandState error: Can not execute during SHUTTING DOWN
W0817 13:25:43.520762  140980 main_service.cc:1536] VerifyCommandState error: Can not execute during SHUTTING DOWN
W0817 13:25:43.520781  140983 main_service.cc:1536] VerifyCommandState error: Can not execute during SHUTTING DOWN
W0817 13:25:43.520798  140983 main_service.cc:1536] VerifyCommandState error: Can not execute during SHUTTING DOWN
W0817 13:25:43.520802  140983 main_service.cc:1536] VerifyCommandState error: Can not execute during SHUTTING DOWN
W0817 13:25:43.520810  140985 main_service.cc:1536] VerifyCommandState error: Can not execute during SHUTTING DOWN
W0817 13:25:43.520812  140981 main_service.cc:1536] VerifyCommandState error: Can not execute during SHUTTING DOWN
W0817 13:25:43.520820  140985 main_service.cc:1536] VerifyCommandState error: Can not execute during SHUTTING DOWN
W0817 13:25:43.520834  140981 main_service.cc:1536] VerifyCommandState error: Can not execute during SHUTTING DOWN
W0817 13:25:43.520946  140986 main_service.cc:1536] VerifyCommandState error: Can not execute during SHUTTING DOWN
W0817 13:25:43.520959  140986 main_service.cc:1536] VerifyCommandState error: Can not execute during SHUTTING DOWN
W0817 13:25:43.520968  140982 main_service.cc:1536] VerifyCommandState error: Can not execute during SHUTTING DOWN
W0817 13:25:43.520992  140982 main_service.cc:1536] VerifyCommandState error: Can not execute during SHUTTING DOWN
W0817 13:25:43.520999  140982 main_service.cc:1536] VerifyCommandState error: Can not execute during SHUTTING DOWN
W0817 13:25:43.521014  140981 main_service.cc:1536] VerifyCommandState error: Can not execute during SHUTTING DOWN
W0817 13:25:43.521024  140981 main_service.cc:1536] VerifyCommandState error: Can not execute during SHUTTING DOWN
W0817 13:25:43.521045  140985 main_service.cc:1536] VerifyCommandState error: Can not execute during SHUTTING DOWN
W0817 13:25:43.521051  140985 main_service.cc:1536] VerifyCommandState error: Can not execute during SHUTTING DOWN
W0817 13:25:43.521049  140979 execution_state.cc:93] ReportError: Operation canceled: ExecutionState cancelled
W0817 13:25:43.521233  140979 protocol_client.cc:277] Socket error: Operation canceled: ExecutionState cancelled in 127.0.0.1:30168, socket info: State: ESTABLISHED, Local: 127.0.0.1:48148, Remote: 127.0.0.1:30168, Inode: 345927
I0817 13:25:43.523418  140979 replica.cc:939] Exit stable sync
