                   .--::--.
   :+*=:          =@@@@@@@@=          :+*+:
  %@@@@@@%*=.     =@@@@@@@@-     .=*%@@@@@@#
  @@@@@@@@@@@@#+-. .%@@@@#. .-+#@@@@@@@@@@@%
  -@@@@@@@@@@@@@@@@*:#@@#:*@@@@@@@@@@@@@@@@-
    :+*********####-%@%%@%-####********++.
   .%@@@@@@@@@@@@@%:@@@@@@:@@@@@@@@@@@@@@%
   .@@@@@@@@%*+-:   =@@@@=  .:-+*%@@@@@@@%.
     =*+-:           ###*          .:-+*=
                     %@@%
                     *@@*
                     +@@=
                     :##:
                     :@@:
                      @@
                      ..
* Logs will be written to the first available of the following paths:
/tmp/dragonfly.*
* For the available flags type dragonfly [--help | --helpfull]
* Documentation can be found at: https://www.dragonflydb.io/docs
I0817 13:25:30.763496  140954 dfly_main.cc:1104] Starting dragonfly df-dev-0000000
I0817 13:25:30.763638  140954 dfly_main.cc:1154] Using proactor_threads=10 (overriding cgroup-derived 0)
W0817 13:25:30.763648  140954 dfly_main.cc:1161] SWAP is enabled. Consider disabling it when running Dragonfly.
I0817 13:25:30.763715  140954 dfly_main.cc:1167] maxmemory has not been specified. Deciding myself....
I0817 13:25:30.763718  140954 dfly_main.cc:1176] Found 21.26GiB available memory. Setting maxmemory to 17.01GiB
I0817 13:25:30.764350  140955 uring_proactor.cc:263] IORing with 1024 entries, allocated 98368 bytes, cq_entries is 2048
I0817 13:25:30.764968  140954 proactor_pool.cc:149] Running 10 io threads
I0817 13:25:30.766025  140954 dragonfly_listener.cc:152] SSL version: OpenSSL 3.0.13 30 Jan 2024
W0817 13:25:30.766057  140954 dfly_main.cc:353] Protected mode enabled. Binding to localhost only because no password is set. To accept remote connections, set a password with --requirepass or specify a bind address with --bind.
I0817 13:25:30.766285  140954 dfly_main.cc:437] Listening on admin socket any:50171
I0817 13:25:30.767229  140954 server_family.cc:1207] Host OS: Linux 7.0.0-28-generic x86_64 with 10 threads
I0817 13:25:30.767412  140957 listener_interface.cc:102] sock[26] AcceptServer - listening on 127.0.0.1:30171
I0817 13:25:30.767412  140956 listener_interface.cc:102] sock[25] AcceptServer - listening on 0.0.0.0:50171
I0817 13:25:30.971287  140957 server_family.cc:3393] Initiate replication with: 127.0.0.1:30168
I0817 13:25:30.982710  140957 replica.cc:681] Started full sync with 127.0.0.1:30168
I0817 13:25:43.213873  140957 replica.cc:720] full sync finished in 12.2 s
I0817 13:25:43.214873  140957 replica.cc:907] Transitioned into stable sync
I0817 13:25:43.750579  140956 listener_interface.cc:230] Listener stopped for port 50171
I0817 13:25:43.750550  140957 listener_interface.cc:230] Listener stopped for port 30171
W0817 13:25:43.750964  140957 main_service.cc:1536] VerifyCommandState error: Can not execute during SHUTTING DOWN
W0817 13:25:43.751136  140957 main_service.cc:1536] VerifyCommandState error: Can not execute during SHUTTING DOWN
W0817 13:25:43.751144  140957 main_service.cc:1536] VerifyCommandState error: Can not execute during SHUTTING DOWN
W0817 13:25:43.751176  140964 main_service.cc:1536] VerifyCommandState error: Can not execute during SHUTTING DOWN
W0817 13:25:43.751199  140964 main_service.cc:1536] VerifyCommandState error: Can not execute during SHUTTING DOWN
W0817 13:25:43.751206  140964 main_service.cc:1536] VerifyCommandState error: Can not execute during SHUTTING DOWN
W0817 13:25:43.751257  140956 main_service.cc:1536] VerifyCommandState error: Can not execute during SHUTTING DOWN
W0817 13:25:43.751266  140956 main_service.cc:1536] VerifyCommandState error: Can not execute during SHUTTING DOWN
W0817 13:25:43.751310  140964 main_service.cc:1536] VerifyCommandState error: Can not execute during SHUTTING DOWN
W0817 13:25:43.751315  140964 main_service.cc:1536] VerifyCommandState error: Can not execute during SHUTTING DOWN
W0817 13:25:43.751321  140960 main_service.cc:1536] VerifyCommandState error: Can not execute during SHUTTING DOWN
W0817 13:25:43.751362  140960 main_service.cc:1536] VerifyCommandState error: Can not execute during SHUTTING DOWN
W0817 13:25:43.751337  140962 main_service.cc:1536] VerifyCommandState error: Can not execute during SHUTTING DOWN
W0817 13:25:43.751409  140962 main_service.cc:1536] VerifyCommandState error: Can not execute during SHUTTING DOWN
W0817 13:25:43.751428  140962 main_service.cc:1536] VerifyCommandState error: Can not execute during SHUTTING DOWN
W0817 13:25:43.751436  140962 main_service.cc:1536] VerifyCommandState error: Can not execute during SHUTTING DOWN
W0817 13:25:43.751536  140956 main_service.cc:1536] VerifyCommandState error: Can not execute during SHUTTING DOWN
W0817 13:25:43.751537  140959 main_service.cc:1536] VerifyCommandState error: Can not execute during SHUTTING DOWN
W0817 13:25:43.751547  140956 main_service.cc:1536] VerifyCommandState error: Can not execute during SHUTTING DOWN
W0817 13:25:43.751571  140959 main_service.cc:1536] VerifyCommandState error: Can not execute during SHUTTING DOWN
W0817 13:25:43.751611  140955 main_service.cc:1536] VerifyCommandState error: Can not execute during SHUTTING DOWN
W0817 13:25:43.751637  140955 main_service.cc:1536] VerifyCommandState error: Can not execute during SHUTTING DOWN
W0817 13:25:43.751843  140961 main_service.cc:1536] VerifyCommandState error: Can not execute during SHUTTING DOWN
W0817 13:25:43.751868  140961 main_service.cc:1536] VerifyCommandState error: Can not execute during SHUTTING DOWN
W0817 13:25:43.751874  140961 main_service.cc:1536] VerifyCommandState error: Can not execute during SHUTTING DOWN
W0817 13:25:43.751470  140957 execution_state.cc:93] ReportError: Operation canceled: ExecutionState cancelled
W0817 13:25:43.751987  140957 protocol_client.cc:277] Socket error: Operation canceled: ExecutionState cancelled in 127.0.0.1:30168, socket info: State: ESTABLISHED, Local: 127.0.0.1:48140, Remote: 127.0.0.1:30168, Inode: 345924
I0817 13:25:43.753725  140957 replica.cc:939] Exit stable sync
