                   .--::--.
   :+*=:          =@@@@@@@@=          :+*+:
  %@@@@@@%*=.     =@@@@@@@@-     .=*%@@@@@@#
  @@@@@@@@@@@@#+-. .%@@@@#. .-+#@@@@@@@@@@@%
  -@@@@@@@@@@@@@@@@*:#@@#:*@@@@@@@@@@@@@@@@-
    :+*********####-%@%%@%-####********++.
   .%@@@@@@@@@@@@@%:@@@@@@:@@@@@@@@@@@@@@%
   .@@@@@@@@%*+-:   =@@@@=  .:-+*%@@@@@@@%.
     =*+-:           ###*          .:-+*=
                     %@@%
                     *@@*
                     +@@=
                     :##:
                     :@@:
                      @@
                      ..
* Logs will be written to the first available of the following paths:
/tmp/dragonfly.*
* For the available flags type dragonfly [--help | --helpfull]
* Documentation can be found at: https://www.dragonflydb.io/docs
I0817 13:52:06.006551  170426 dfly_main.cc:1104] Starting dragonfly df-dev-0000000
I0817 13:52:06.006685  170426 dfly_main.cc:1154] Using proactor_threads=10 (overriding cgroup-derived 0)
W0817 13:52:06.006694  170426 dfly_main.cc:1161] SWAP is enabled. Consider disabling it when running Dragonfly.
I0817 13:52:06.006765  170426 dfly_main.cc:1167] maxmemory has not been specified. Deciding myself....
I0817 13:52:06.006767  170426 dfly_main.cc:1176] Found 20.38GiB available memory. Setting maxmemory to 16.30GiB
I0817 13:52:06.007267  170427 uring_proactor.cc:263] IORing with 1024 entries, allocated 98368 bytes, cq_entries is 2048
I0817 13:52:06.008060  170426 proactor_pool.cc:149] Running 10 io threads
I0817 13:52:06.008964  170426 dragonfly_listener.cc:152] SSL version: OpenSSL 3.0.13 30 Jan 2024
W0817 13:52:06.008991  170426 dfly_main.cc:353] Protected mode enabled. Binding to localhost only because no password is set. To accept remote connections, set a password with --requirepass or specify a bind address with --bind.
I0817 13:52:06.009192  170426 dfly_main.cc:437] Listening on admin socket any:38220
I0817 13:52:06.010010  170426 server_family.cc:1207] Host OS: Linux 7.0.0-28-generic x86_64 with 10 threads
I0817 13:52:06.010200  170429 listener_interface.cc:102] sock[26] AcceptServer - listening on 127.0.0.1:18220
I0817 13:52:06.010194  170428 listener_interface.cc:102] sock[25] AcceptServer - listening on 0.0.0.0:38220
I0817 13:52:06.213387  170429 server_family.cc:3393] Initiate replication with: 127.0.0.1:18216
I0817 13:52:06.220148  170429 replica.cc:681] Started full sync with 127.0.0.1:18216
I0817 13:52:08.641283  170429 replica.cc:720] full sync finished in 2.43 s
I0817 13:52:08.641659  170429 replica.cc:907] Transitioned into stable sync
I0817 13:52:08.916776  170429 listener_interface.cc:230] Listener stopped for port 18220
I0817 13:52:08.916911  170428 listener_interface.cc:230] Listener stopped for port 38220
W0817 13:52:08.917129  170428 main_service.cc:1536] VerifyCommandState error: Can not execute during SHUTTING DOWN
W0817 13:52:08.917169  170431 main_service.cc:1536] VerifyCommandState error: Can not execute during SHUTTING DOWN
W0817 13:52:08.917203  170428 main_service.cc:1536] VerifyCommandState error: Can not execute during SHUTTING DOWN
W0817 13:52:08.917217  170431 main_service.cc:1536] VerifyCommandState error: Can not execute during SHUTTING DOWN
W0817 13:52:08.917213  170435 main_service.cc:1536] VerifyCommandState error: Can not execute during SHUTTING DOWN
W0817 13:52:08.917227  170431 main_service.cc:1536] VerifyCommandState error: Can not execute during SHUTTING DOWN
W0817 13:52:08.917210  170436 main_service.cc:1536] VerifyCommandState error: Can not execute during SHUTTING DOWN
W0817 13:52:08.917234  170435 main_service.cc:1536] VerifyCommandState error: Can not execute during SHUTTING DOWN
W0817 13:52:08.917256  170436 main_service.cc:1536] VerifyCommandState error: Can not execute during SHUTTING DOWN
W0817 13:52:08.917316  170432 main_service.cc:1536] VerifyCommandState error: Can not execute during SHUTTING DOWN
W0817 13:52:08.917310  170429 execution_state.cc:93] ReportError: Operation canceled: ExecutionState cancelled
W0817 13:52:08.917344  170432 main_service.cc:1536] VerifyCommandState error: Can not execute during SHUTTING DOWN
W0817 13:52:08.917374  170429 protocol_client.cc:277] Socket error: Operation canceled: ExecutionState cancelled in 127.0.0.1:18216, socket info: State: ESTABLISHED, Local: 127.0.0.1:39338, Remote: 127.0.0.1:18216, Inode: 404410
I0817 13:52:08.918832  170429 replica.cc:939] Exit stable sync
