                   .--::--.
   :+*=:          =@@@@@@@@=          :+*+:
  %@@@@@@%*=.     =@@@@@@@@-     .=*%@@@@@@#
  @@@@@@@@@@@@#+-. .%@@@@#. .-+#@@@@@@@@@@@%
  -@@@@@@@@@@@@@@@@*:#@@#:*@@@@@@@@@@@@@@@@-
    :+*********####-%@%%@%-####********++.
   .%@@@@@@@@@@@@@%:@@@@@@:@@@@@@@@@@@@@@%
   .@@@@@@@@%*+-:   =@@@@=  .:-+*%@@@@@@@%.
     =*+-:           ###*          .:-+*=
                     %@@%
                     *@@*
                     +@@=
                     :##:
                     :@@:
                      @@
                      ..
* Logs will be written to the first available of the following paths:
/tmp/dragonfly.*
* For the available flags type dragonfly [--help | --helpfull]
* Documentation can be found at: https://www.dragonflydb.io/docs
I0817 13:52:05.900895  170404 dfly_main.cc:1104] Starting dragonfly df-dev-0000000
I0817 13:52:05.901034  170404 dfly_main.cc:1154] Using proactor_threads=10 (overriding cgroup-derived 0)
W0817 13:52:05.901043  170404 dfly_main.cc:1161] SWAP is enabled. Consider disabling it when running Dragonfly.
I0817 13:52:05.901110  170404 dfly_main.cc:1167] maxmemory has not been specified. Deciding myself....
I0817 13:52:05.901113  170404 dfly_main.cc:1176] Found 20.39GiB available memory. Setting maxmemory to 16.31GiB
I0817 13:52:05.901706  170405 uring_proactor.cc:263] IORing with 1024 entries, allocated 98368 bytes, cq_entries is 2048
I0817 13:52:05.902428  170404 proactor_pool.cc:149] Running 10 io threads
I0817 13:52:05.903523  170404 dragonfly_listener.cc:152] SSL version: OpenSSL 3.0.13 30 Jan 2024
W0817 13:52:05.903553  170404 dfly_main.cc:353] Protected mode enabled. Binding to localhost only because no password is set. To accept remote connections, set a password with --requirepass or specify a bind address with --bind.
I0817 13:52:05.903819  170404 dfly_main.cc:437] Listening on admin socket any:38218
I0817 13:52:05.904982  170404 server_family.cc:1207] Host OS: Linux 7.0.0-28-generic x86_64 with 10 threads
I0817 13:52:05.905221  170406 listener_interface.cc:102] sock[25] AcceptServer - listening on 0.0.0.0:38218
I0817 13:52:05.905253  170407 listener_interface.cc:102] sock[26] AcceptServer - listening on 127.0.0.1:18218
I0817 13:52:06.212821  170407 server_family.cc:3393] Initiate replication with: 127.0.0.1:18216
I0817 13:52:06.219815  170407 replica.cc:681] Started full sync with 127.0.0.1:18216
I0817 13:52:08.631794  170407 replica.cc:720] full sync finished in 2.42 s
I0817 13:52:08.632088  170407 replica.cc:907] Transitioned into stable sync
I0817 13:52:09.016113  170407 listener_interface.cc:230] Listener stopped for port 18218
I0817 13:52:09.016242  170406 listener_interface.cc:230] Listener stopped for port 38218
W0817 13:52:09.016412  170406 main_service.cc:1536] VerifyCommandState error: Can not execute during SHUTTING DOWN
W0817 13:52:09.016408  170414 main_service.cc:1536] VerifyCommandState error: Can not execute during SHUTTING DOWN
W0817 13:52:09.016408  170409 main_service.cc:1536] VerifyCommandState error: Can not execute during SHUTTING DOWN
W0817 13:52:09.016442  170406 main_service.cc:1536] VerifyCommandState error: Can not execute during SHUTTING DOWN
W0817 13:52:09.016445  170414 main_service.cc:1536] VerifyCommandState error: Can not execute during SHUTTING DOWN
W0817 13:52:09.016456  170406 main_service.cc:1536] VerifyCommandState error: Can not execute during SHUTTING DOWN
W0817 13:52:09.016452  170409 main_service.cc:1536] VerifyCommandState error: Can not execute during SHUTTING DOWN
W0817 13:52:09.016465  170411 main_service.cc:1536] VerifyCommandState error: Can not execute during SHUTTING DOWN
W0817 13:52:09.016490  170411 main_service.cc:1536] VerifyCommandState error: Can not execute during SHUTTING DOWN
W0817 13:52:09.016478  170407 execution_state.cc:93] ReportError: Operation canceled: ExecutionState cancelled
W0817 13:52:09.016498  170405 main_service.cc:1536] VerifyCommandState error: Can not execute during SHUTTING DOWN
W0817 13:52:09.016541  170407 protocol_client.cc:277] Socket error: Operation canceled: ExecutionState cancelled in 127.0.0.1:18216, socket info: State: ESTABLISHED, Local: 127.0.0.1:39310, Remote: 127.0.0.1:18216, Inode: 404401
I0817 13:52:09.017845  170407 replica.cc:939] Exit stable sync
