                   .--::--.
   :+*=:          =@@@@@@@@=          :+*+:
  %@@@@@@%*=.     =@@@@@@@@-     .=*%@@@@@@#
  @@@@@@@@@@@@#+-. .%@@@@#. .-+#@@@@@@@@@@@%
  -@@@@@@@@@@@@@@@@*:#@@#:*@@@@@@@@@@@@@@@@-
    :+*********####-%@%%@%-####********++.
   .%@@@@@@@@@@@@@%:@@@@@@:@@@@@@@@@@@@@@%
   .@@@@@@@@%*+-:   =@@@@=  .:-+*%@@@@@@@%.
     =*+-:           ###*          .:-+*=
                     %@@%
                     *@@*
                     +@@=
                     :##:
                     :@@:
                      @@
                      ..
* Logs will be written to the first available of the following paths:
/tmp/dragonfly.*
* For the available flags type dragonfly [--help | --helpfull]
* Documentation can be found at: https://www.dragonflydb.io/docs
I0817 13:52:06.059490  170437 dfly_main.cc:1104] Starting dragonfly df-dev-0000000
I0817 13:52:06.059625  170437 dfly_main.cc:1154] Using proactor_threads=10 (overriding cgroup-derived 0)
W0817 13:52:06.059634  170437 dfly_main.cc:1161] SWAP is enabled. Consider disabling it when running Dragonfly.
I0817 13:52:06.059719  170437 dfly_main.cc:1167] maxmemory has not been specified. Deciding myself....
I0817 13:52:06.059721  170437 dfly_main.cc:1176] Found 20.37GiB available memory. Setting maxmemory to 16.29GiB
I0817 13:52:06.060232  170438 uring_proactor.cc:263] IORing with 1024 entries, allocated 98368 bytes, cq_entries is 2048
I0817 13:52:06.060817  170437 proactor_pool.cc:149] Running 10 io threads
I0817 13:52:06.061727  170437 dragonfly_listener.cc:152] SSL version: OpenSSL 3.0.13 30 Jan 2024
W0817 13:52:06.061774  170437 dfly_main.cc:353] Protected mode enabled. Binding to localhost only because no password is set. To accept remote connections, set a password with --requirepass or specify a bind address with --bind.
I0817 13:52:06.061980  170437 dfly_main.cc:437] Listening on admin socket any:38221
I0817 13:52:06.062755  170437 server_family.cc:1207] Host OS: Linux 7.0.0-28-generic x86_64 with 10 threads
I0817 13:52:06.062921  170439 listener_interface.cc:102] sock[25] AcceptServer - listening on 0.0.0.0:38221
I0817 13:52:06.062935  170440 listener_interface.cc:102] sock[26] AcceptServer - listening on 127.0.0.1:18221
I0817 13:52:06.213196  170440 server_family.cc:3393] Initiate replication with: 127.0.0.1:18216
I0817 13:52:06.219930  170440 replica.cc:681] Started full sync with 127.0.0.1:18216
I0817 13:52:08.644261  170440 replica.cc:720] full sync finished in 2.43 s
I0817 13:52:08.644510  170440 replica.cc:907] Transitioned into stable sync
I0817 13:52:08.851973  170440 listener_interface.cc:230] Listener stopped for port 18221
I0817 13:52:08.852020  170439 listener_interface.cc:230] Listener stopped for port 38221
W0817 13:52:08.852139  170438 main_service.cc:1536] VerifyCommandState error: Can not execute during SHUTTING DOWN
W0817 13:52:08.852176  170438 main_service.cc:1536] VerifyCommandState error: Can not execute during SHUTTING DOWN
W0817 13:52:08.852181  170438 main_service.cc:1536] VerifyCommandState error: Can not execute during SHUTTING DOWN
W0817 13:52:08.852158  170447 main_service.cc:1536] VerifyCommandState error: Can not execute during SHUTTING DOWN
W0817 13:52:08.852354  170447 main_service.cc:1536] VerifyCommandState error: Can not execute during SHUTTING DOWN
W0817 13:52:08.852350  170445 main_service.cc:1536] VerifyCommandState error: Can not execute during SHUTTING DOWN
W0817 13:52:08.852380  170445 main_service.cc:1536] VerifyCommandState error: Can not execute during SHUTTING DOWN
W0817 13:52:08.852387  170445 main_service.cc:1536] VerifyCommandState error: Can not execute during SHUTTING DOWN
W0817 13:52:08.852390  170447 main_service.cc:1536] VerifyCommandState error: Can not execute during SHUTTING DOWN
W0817 13:52:08.852396  170447 main_service.cc:1536] VerifyCommandState error: Can not execute during SHUTTING DOWN
W0817 13:52:08.852420  170440 execution_state.cc:93] ReportError: Operation canceled: ExecutionState cancelled
W0817 13:52:08.852450  170446 main_service.cc:1536] VerifyCommandState error: Can not execute during SHUTTING DOWN
W0817 13:52:08.852550  170440 protocol_client.cc:277] Socket error: Operation canceled: ExecutionState cancelled in 127.0.0.1:18216, socket info: State: ESTABLISHED, Local: 127.0.0.1:39334, Remote: 127.0.0.1:18216, Inode: 404407
I0817 13:52:08.854413  170440 replica.cc:939] Exit stable sync
