                   .--::--.
   :+*=:          =@@@@@@@@=          :+*+:
  %@@@@@@%*=.     =@@@@@@@@-     .=*%@@@@@@#
  @@@@@@@@@@@@#+-. .%@@@@#. .-+#@@@@@@@@@@@%
  -@@@@@@@@@@@@@@@@*:#@@#:*@@@@@@@@@@@@@@@@-
    :+*********####-%@%%@%-####********++.
   .%@@@@@@@@@@@@@%:@@@@@@:@@@@@@@@@@@@@@%
   .@@@@@@@@%*+-:   =@@@@=  .:-+*%@@@@@@@%.
     =*+-:           ###*          .:-+*=
                     %@@%
                     *@@*
                     +@@=
                     :##:
                     :@@:
                      @@
                      ..
* Logs will be written to the first available of the following paths:
/tmp/dragonfly.*
* For the available flags type dragonfly [--help | --helpfull]
* Documentation can be found at: https://www.dragonflydb.io/docs
I0817 13:52:06.164791  170459 dfly_main.cc:1104] Starting dragonfly df-dev-0000000
I0817 13:52:06.164911  170459 dfly_main.cc:1154] Using proactor_threads=10 (overriding cgroup-derived 0)
W0817 13:52:06.164919  170459 dfly_main.cc:1161] SWAP is enabled. Consider disabling it when running Dragonfly.
I0817 13:52:06.164978  170459 dfly_main.cc:1167] maxmemory has not been specified. Deciding myself....
I0817 13:52:06.164979  170459 dfly_main.cc:1176] Found 20.35GiB available memory. Setting maxmemory to 16.28GiB
I0817 13:52:06.165494  170460 uring_proactor.cc:263] IORing with 1024 entries, allocated 98368 bytes, cq_entries is 2048
I0817 13:52:06.166115  170459 proactor_pool.cc:149] Running 10 io threads
I0817 13:52:06.167012  170459 dragonfly_listener.cc:152] SSL version: OpenSSL 3.0.13 30 Jan 2024
W0817 13:52:06.167033  170459 dfly_main.cc:353] Protected mode enabled. Binding to localhost only because no password is set. To accept remote connections, set a password with --requirepass or specify a bind address with --bind.
I0817 13:52:06.167233  170459 dfly_main.cc:437] Listening on admin socket any:38223
I0817 13:52:06.168108  170459 server_family.cc:1207] Host OS: Linux 7.0.0-28-generic x86_64 with 10 threads
I0817 13:52:06.168282  170462 listener_interface.cc:102] sock[26] AcceptServer - listening on 127.0.0.1:18223
I0817 13:52:06.168271  170461 listener_interface.cc:102] sock[25] AcceptServer - listening on 0.0.0.0:38223
I0817 13:52:06.212595  170462 server_family.cc:3393] Initiate replication with: 127.0.0.1:18216
I0817 13:52:06.224834  170462 replica.cc:681] Started full sync with 127.0.0.1:18216
I0817 13:52:08.653578  170462 replica.cc:720] full sync finished in 2.44 s
I0817 13:52:08.653705  170462 replica.cc:907] Transitioned into stable sync
I0817 13:52:08.788475  170462 listener_interface.cc:230] Listener stopped for port 18223
I0817 13:52:08.788522  170461 listener_interface.cc:230] Listener stopped for port 38223
W0817 13:52:08.788782  170462 main_service.cc:1536] VerifyCommandState error: Can not execute during SHUTTING DOWN
W0817 13:52:08.788817  170462 main_service.cc:1536] VerifyCommandState error: Can not execute during SHUTTING DOWN
W0817 13:52:08.788823  170462 main_service.cc:1536] VerifyCommandState error: Can not execute during SHUTTING DOWN
W0817 13:52:08.788851  170460 main_service.cc:1536] VerifyCommandState error: Can not execute during SHUTTING DOWN
W0817 13:52:08.788874  170460 main_service.cc:1536] VerifyCommandState error: Can not execute during SHUTTING DOWN
W0817 13:52:08.789020  170462 execution_state.cc:93] ReportError: Operation canceled: ExecutionState cancelled
W0817 13:52:08.789110  170462 protocol_client.cc:277] Socket error: Operation canceled: ExecutionState cancelled in 127.0.0.1:18216, socket info: State: ESTABLISHED, Local: 127.0.0.1:39294, Remote: 127.0.0.1:18216, Inode: 404394
I0817 13:52:08.790904  170462 replica.cc:939] Exit stable sync
