                   .--::--.
   :+*=:          =@@@@@@@@=          :+*+:
  %@@@@@@%*=.     =@@@@@@@@-     .=*%@@@@@@#
  @@@@@@@@@@@@#+-. .%@@@@#. .-+#@@@@@@@@@@@%
  -@@@@@@@@@@@@@@@@*:#@@#:*@@@@@@@@@@@@@@@@-
    :+*********####-%@%%@%-####********++.
   .%@@@@@@@@@@@@@%:@@@@@@:@@@@@@@@@@@@@@%
   .@@@@@@@@%*+-:   =@@@@=  .:-+*%@@@@@@@%.
     =*+-:           ###*          .:-+*=
                     %@@%
                     *@@*
                     +@@=
                     :##:
                     :@@:
                      @@
                      ..
* Logs will be written to the first available of the following paths:
/tmp/dragonfly.*
* For the available flags type dragonfly [--help | --helpfull]
* Documentation can be found at: https://www.dragonflydb.io/docs
I0817 13:52:05.953827  170415 dfly_main.cc:1104] Starting dragonfly df-dev-0000000
I0817 13:52:05.953979  170415 dfly_main.cc:1154] Using proactor_threads=10 (overriding cgroup-derived 0)
W0817 13:52:05.953989  170415 dfly_main.cc:1161] SWAP is enabled. Consider disabling it when running Dragonfly.
I0817 13:52:05.954050  170415 dfly_main.cc:1167] maxmemory has not been specified. Deciding myself....
I0817 13:52:05.954052  170415 dfly_main.cc:1176] Found 20.38GiB available memory. Setting maxmemory to 16.30GiB
I0817 13:52:05.954547  170416 uring_proactor.cc:263] IORing with 1024 entries, allocated 98368 bytes, cq_entries is 2048
I0817 13:52:05.955370  170415 proactor_pool.cc:149] Running 10 io threads
I0817 13:52:05.956282  170415 dragonfly_listener.cc:152] SSL version: OpenSSL 3.0.13 30 Jan 2024
W0817 13:52:05.956306  170415 dfly_main.cc:353] Protected mode enabled. Binding to localhost only because no password is set. To accept remote connections, set a password with --requirepass or specify a bind address with --bind.
I0817 13:52:05.956504  170415 dfly_main.cc:437] Listening on admin socket any:38219
I0817 13:52:05.957351  170415 server_family.cc:1207] Host OS: Linux 7.0.0-28-generic x86_64 with 10 threads
I0817 13:52:05.957545  170417 listener_interface.cc:102] sock[25] AcceptServer - listening on 0.0.0.0:38219
I0817 13:52:05.957557  170418 listener_interface.cc:102] sock[26] AcceptServer - listening on 127.0.0.1:18219
I0817 13:52:06.212201  170418 server_family.cc:3393] Initiate replication with: 127.0.0.1:18216
I0817 13:52:06.224976  170418 replica.cc:681] Started full sync with 127.0.0.1:18216
I0817 13:52:08.646710  170418 replica.cc:720] full sync finished in 2.43 s
I0817 13:52:08.647065  170418 replica.cc:907] Transitioned into stable sync
I0817 13:52:08.981245  170418 listener_interface.cc:230] Listener stopped for port 18219
I0817 13:52:08.981265  170417 listener_interface.cc:230] Listener stopped for port 38219
W0817 13:52:08.981379  170422 main_service.cc:1536] VerifyCommandState error: Can not execute during SHUTTING DOWN
W0817 13:52:08.981416  170422 main_service.cc:1536] VerifyCommandState error: Can not execute during SHUTTING DOWN
W0817 13:52:08.981421  170422 main_service.cc:1536] VerifyCommandState error: Can not execute during SHUTTING DOWN
W0817 13:52:08.981425  170422 main_service.cc:1536] VerifyCommandState error: Can not execute during SHUTTING DOWN
W0817 13:52:08.981431  170416 main_service.cc:1536] VerifyCommandState error: Can not execute during SHUTTING DOWN
W0817 13:52:08.981450  170416 main_service.cc:1536] VerifyCommandState error: Can not execute during SHUTTING DOWN
W0817 13:52:08.981478  170418 execution_state.cc:93] ReportError: Operation canceled: ExecutionState cancelled
W0817 13:52:08.981524  170418 protocol_client.cc:277] Socket error: Operation canceled: ExecutionState cancelled in 127.0.0.1:18216, socket info: State: ESTABLISHED, Local: 127.0.0.1:39282, Remote: 127.0.0.1:18216, Inode: 404388
I0817 13:52:08.983083  170418 replica.cc:939] Exit stable sync
