                   .--::--.
   :+*=:          =@@@@@@@@=          :+*+:
  %@@@@@@%*=.     =@@@@@@@@-     .=*%@@@@@@#
  @@@@@@@@@@@@#+-. .%@@@@#. .-+#@@@@@@@@@@@%
  -@@@@@@@@@@@@@@@@*:#@@#:*@@@@@@@@@@@@@@@@-
    :+*********####-%@%%@%-####********++.
   .%@@@@@@@@@@@@@%:@@@@@@:@@@@@@@@@@@@@@%
   .@@@@@@@@%*+-:   =@@@@=  .:-+*%@@@@@@@%.
     =*+-:           ###*          .:-+*=
                     %@@%
                     *@@*
                     +@@=
                     :##:
                     :@@:
                      @@
                      ..
* Logs will be written to the first available of the following paths:
/tmp/dragonfly.*
* For the available flags type dragonfly [--help | --helpfull]
* Documentation can be found at: https://www.dragonflydb.io/docs
I0817 13:25:05.937868  140631 dfly_main.cc:1104] Starting dragonfly df-dev-0000000
I0817 13:25:05.937973  140631 dfly_main.cc:1154] Using proactor_threads=10 (overriding cgroup-derived 0)
W0817 13:25:05.937979  140631 dfly_main.cc:1161] SWAP is enabled. Consider disabling it when running Dragonfly.
I0817 13:25:05.938021  140631 dfly_main.cc:1167] maxmemory has not been specified. Deciding myself....
I0817 13:25:05.938023  140631 dfly_main.cc:1176] Found 17.14GiB available memory. Setting maxmemory to 13.71GiB
I0817 13:25:05.938517  140632 uring_proactor.cc:263] IORing with 1024 entries, allocated 98368 bytes, cq_entries is 2048
I0817 13:25:05.939360  140631 proactor_pool.cc:149] Running 10 io threads
I0817 13:25:05.940225  140631 dragonfly_listener.cc:152] SSL version: OpenSSL 3.0.13 30 Jan 2024
W0817 13:25:05.940247  140631 dfly_main.cc:353] Protected mode enabled. Binding to localhost only because no password is set. To accept remote connections, set a password with --requirepass or specify a bind address with --bind.
E0817 13:25:05.940457  140631 dfly_main.cc:435] Failed to open admin socket any:50170, error: Address already in use
I0817 13:25:05.941594  140631 server_family.cc:1207] Host OS: Linux 7.0.0-28-generic x86_64 with 10 threads
I0817 13:25:05.941807  140634 listener_interface.cc:102] sock[26] AcceptServer - listening on 127.0.0.1:30170
I0817 13:25:06.037011  140634 server_family.cc:3393] Initiate replication with: 127.0.0.1:30168
I0817 13:25:06.040043  140634 replica.cc:681] Started full sync with 127.0.0.1:30168
W0817 13:25:08.501161  140632 proactor_base.cc:231] OnIdle task is taking too long: 3854 us defrag
I0817 13:25:11.475794  140634 replica.cc:720] full sync finished in 5.44 s
I0817 13:25:11.475924  140634 replica.cc:907] Transitioned into stable sync
I0817 13:25:11.675960  140634 listener_interface.cc:230] Listener stopped for port 30170
W0817 13:25:11.676125  140639 main_service.cc:1536] VerifyCommandState error: Can not execute during SHUTTING DOWN
W0817 13:25:11.676181  140638 main_service.cc:1536] VerifyCommandState error: Can not execute during SHUTTING DOWN
W0817 13:25:11.676198  140639 main_service.cc:1536] VerifyCommandState error: Can not execute during SHUTTING DOWN
W0817 13:25:11.676211  140638 main_service.cc:1536] VerifyCommandState error: Can not execute during SHUTTING DOWN
W0817 13:25:11.676214  140639 main_service.cc:1536] VerifyCommandState error: Can not execute during SHUTTING DOWN
W0817 13:25:11.676222  140639 main_service.cc:1536] VerifyCommandState error: Can not execute during SHUTTING DOWN
W0817 13:25:11.676229  140639 main_service.cc:1536] VerifyCommandState error: Can not execute during SHUTTING DOWN
W0817 13:25:11.676366  140641 main_service.cc:1536] VerifyCommandState error: Can not execute during SHUTTING DOWN
W0817 13:25:11.676398  140641 main_service.cc:1536] VerifyCommandState error: Can not execute during SHUTTING DOWN
W0817 13:25:11.676406  140641 main_service.cc:1536] VerifyCommandState error: Can not execute during SHUTTING DOWN
W0817 13:25:11.676413  140641 main_service.cc:1536] VerifyCommandState error: Can not execute during SHUTTING DOWN
W0817 13:25:11.676435  140641 main_service.cc:1536] VerifyCommandState error: Can not execute during SHUTTING DOWN
W0817 13:25:11.676448  140641 main_service.cc:1536] VerifyCommandState error: Can not execute during SHUTTING DOWN
W0817 13:25:11.676465  140633 main_service.cc:1536] VerifyCommandState error: Can not execute during SHUTTING DOWN
W0817 13:25:11.676466  140634 execution_state.cc:93] ReportError: Operation canceled: ExecutionState cancelled
W0817 13:25:11.676487  140633 main_service.cc:1536] VerifyCommandState error: Can not execute during SHUTTING DOWN
W0817 13:25:11.676512  140634 protocol_client.cc:277] Socket error: Operation canceled: ExecutionState cancelled in 127.0.0.1:30168, socket info: State: ESTABLISHED, Local: 127.0.0.1:33954, Remote: 127.0.0.1:30168, Inode: 342467
I0817 13:25:11.678718  140634 replica.cc:939] Exit stable sync
