                   .--::--.
   :+*=:          =@@@@@@@@=          :+*+:
  %@@@@@@%*=.     =@@@@@@@@-     .=*%@@@@@@#
  @@@@@@@@@@@@#+-. .%@@@@#. .-+#@@@@@@@@@@@%
  -@@@@@@@@@@@@@@@@*:#@@#:*@@@@@@@@@@@@@@@@-
    :+*********####-%@%%@%-####********++.
   .%@@@@@@@@@@@@@%:@@@@@@:@@@@@@@@@@@@@@%
   .@@@@@@@@%*+-:   =@@@@=  .:-+*%@@@@@@@%.
     =*+-:           ###*          .:-+*=
                     %@@%
                     *@@*
                     +@@=
                     :##:
                     :@@:
                      @@
                      ..
* Logs will be written to the first available of the following paths:
/tmp/dragonfly.*
* For the available flags type dragonfly [--help | --helpfull]
* Documentation can be found at: https://www.dragonflydb.io/docs
I0817 13:25:05.990350  140642 dfly_main.cc:1104] Starting dragonfly df-dev-0000000
I0817 13:25:05.990489  140642 dfly_main.cc:1154] Using proactor_threads=10 (overriding cgroup-derived 0)
W0817 13:25:05.990499  140642 dfly_main.cc:1161] SWAP is enabled. Consider disabling it when running Dragonfly.
I0817 13:25:05.990559  140642 dfly_main.cc:1167] maxmemory has not been specified. Deciding myself....
I0817 13:25:05.990562  140642 dfly_main.cc:1176] Found 17.13GiB available memory. Setting maxmemory to 13.70GiB
I0817 13:25:05.991175  140643 uring_proactor.cc:263] IORing with 1024 entries, allocated 98368 bytes, cq_entries is 2048
I0817 13:25:05.991967  140642 proactor_pool.cc:149] Running 10 io threads
I0817 13:25:05.992820  140642 dragonfly_listener.cc:152] SSL version: OpenSSL 3.0.13 30 Jan 2024
W0817 13:25:05.992843  140642 dfly_main.cc:353] Protected mode enabled. Binding to localhost only because no password is set. To accept remote connections, set a password with --requirepass or specify a bind address with --bind.
I0817 13:25:05.993053  140642 dfly_main.cc:437] Listening on admin socket any:50171
I0817 13:25:05.993948  140642 server_family.cc:1207] Host OS: Linux 7.0.0-28-generic x86_64 with 10 threads
I0817 13:25:05.994135  140645 listener_interface.cc:102] sock[26] AcceptServer - listening on 127.0.0.1:30171
I0817 13:25:05.994129  140644 listener_interface.cc:102] sock[25] AcceptServer - listening on 0.0.0.0:50171
I0817 13:25:06.037504  140645 server_family.cc:3393] Initiate replication with: 127.0.0.1:30168
I0817 13:25:06.133364  140645 replica.cc:681] Started full sync with 127.0.0.1:30168
W0817 13:25:08.623113  140644 proactor_base.cc:231] OnIdle task is taking too long: 4036 us defrag
I0817 13:25:11.482140  140645 replica.cc:720] full sync finished in 5.44 s
I0817 13:25:11.482258  140645 replica.cc:907] Transitioned into stable sync
I0817 13:25:11.558571  140645 listener_interface.cc:230] Listener stopped for port 30171
I0817 13:25:11.558583  140644 listener_interface.cc:230] Listener stopped for port 50171
W0817 13:25:11.559677  140645 execution_state.cc:93] ReportError: Operation canceled: ExecutionState cancelled
W0817 13:25:11.559762  140645 protocol_client.cc:277] Socket error: Operation canceled: ExecutionState cancelled in 127.0.0.1:30168, socket info: State: ESTABLISHED, Local: 127.0.0.1:33986, Remote: 127.0.0.1:30168, Inode: 342476
I0817 13:25:11.562413  140645 replica.cc:939] Exit stable sync
