                   .--::--.
   :+*=:          =@@@@@@@@=          :+*+:
  %@@@@@@%*=.     =@@@@@@@@-     .=*%@@@@@@#
  @@@@@@@@@@@@#+-. .%@@@@#. .-+#@@@@@@@@@@@%
  -@@@@@@@@@@@@@@@@*:#@@#:*@@@@@@@@@@@@@@@@-
    :+*********####-%@%%@%-####********++.
   .%@@@@@@@@@@@@@%:@@@@@@:@@@@@@@@@@@@@@%
   .@@@@@@@@%*+-:   =@@@@=  .:-+*%@@@@@@@%.
     =*+-:           ###*          .:-+*=
                     %@@%
                     *@@*
                     +@@=
                     :##:
                     :@@:
                      @@
                      ..
* Logs will be written to the first available of the following paths:
/tmp/dragonfly.*
* For the available flags type dragonfly [--help | --helpfull]
* Documentation can be found at: https://www.dragonflydb.io/docs
I0817 12:35:33.966162   65628 dfly_main.cc:1104] Starting dragonfly df-dev-0000000
I0817 12:35:33.966321   65628 dfly_main.cc:1154] Using proactor_threads=10 (overriding cgroup-derived 0)
W0817 12:35:33.966329   65628 dfly_main.cc:1161] SWAP is enabled. Consider disabling it when running Dragonfly.
I0817 12:35:33.966374   65628 dfly_main.cc:1167] maxmemory has not been specified. Deciding myself....
I0817 12:35:33.966376   65628 dfly_main.cc:1176] Found 19.35GiB available memory. Setting maxmemory to 15.48GiB
I0817 12:35:33.966860   65629 uring_proactor.cc:263] IORing with 1024 entries, allocated 98368 bytes, cq_entries is 2048
I0817 12:35:33.967514   65628 proactor_pool.cc:149] Running 10 io threads
I0817 12:35:33.968337   65628 dragonfly_listener.cc:152] SSL version: OpenSSL 3.0.13 30 Jan 2024
W0817 12:35:33.968357   65628 dfly_main.cc:353] Protected mode enabled. Binding to localhost only because no password is set. To accept remote connections, set a password with --requirepass or specify a bind address with --bind.
I0817 12:35:33.968551   65628 dfly_main.cc:437] Listening on admin socket any:45245
I0817 12:35:33.969424   65628 server_family.cc:1207] Host OS: Linux 7.0.0-28-generic x86_64 with 10 threads
I0817 12:35:33.969612   65630 listener_interface.cc:102] sock[25] AcceptServer - listening on 0.0.0.0:45245
I0817 12:35:33.969625   65631 listener_interface.cc:102] sock[26] AcceptServer - listening on 127.0.0.1:25245
I0817 12:35:34.172132   65631 server_family.cc:3393] Initiate replication with: 127.0.0.1:25244
I0817 12:35:34.182432   65631 replica.cc:681] Started full sync with 127.0.0.1:25244
I0817 12:35:35.560326   65631 replica.cc:720] full sync finished in 1.39 s
I0817 12:35:35.560436   65631 replica.cc:907] Transitioned into stable sync
I0817 12:35:35.749171   65631 listener_interface.cc:230] Listener stopped for port 25245
I0817 12:35:35.749262   65630 listener_interface.cc:230] Listener stopped for port 45245
W0817 12:35:35.749384   65633 main_service.cc:1536] VerifyCommandState error: Can not execute during SHUTTING DOWN
W0817 12:35:35.749392   65636 main_service.cc:1536] VerifyCommandState error: Can not execute during SHUTTING DOWN
W0817 12:35:35.749447   65636 main_service.cc:1536] VerifyCommandState error: Can not execute during SHUTTING DOWN
W0817 12:35:35.749449   65633 main_service.cc:1536] VerifyCommandState error: Can not execute during SHUTTING DOWN
W0817 12:35:35.749456   65636 main_service.cc:1536] VerifyCommandState error: Can not execute during SHUTTING DOWN
W0817 12:35:35.749459   65633 main_service.cc:1536] VerifyCommandState error: Can not execute during SHUTTING DOWN
W0817 12:35:35.749496   65631 execution_state.cc:93] ReportError: Operation canceled: ExecutionState cancelled
W0817 12:35:35.749504   65632 main_service.cc:1536] VerifyCommandState error: Can not execute during SHUTTING DOWN
W0817 12:35:35.749538   65631 protocol_client.cc:277] Socket error: Operation canceled: ExecutionState cancelled in 127.0.0.1:25244, socket info: State: ESTABLISHED, Local: 127.0.0.1:56624, Remote: 127.0.0.1:25244, Inode: 217600
I0817 12:35:35.751282   65631 replica.cc:939] Exit stable sync
