                   .--::--.
   :+*=:          =@@@@@@@@=          :+*+:
  %@@@@@@%*=.     =@@@@@@@@-     .=*%@@@@@@#
  @@@@@@@@@@@@#+-. .%@@@@#. .-+#@@@@@@@@@@@%
  -@@@@@@@@@@@@@@@@*:#@@#:*@@@@@@@@@@@@@@@@-
    :+*********####-%@%%@%-####********++.
   .%@@@@@@@@@@@@@%:@@@@@@:@@@@@@@@@@@@@@%
   .@@@@@@@@%*+-:   =@@@@=  .:-+*%@@@@@@@%.
     =*+-:           ###*          .:-+*=
                     %@@%
                     *@@*
                     +@@=
                     :##:
                     :@@:
                      @@
                      ..
* Logs will be written to the first available of the following paths:
/tmp/dragonfly.*
* For the available flags type dragonfly [--help | --helpfull]
* Documentation can be found at: https://www.dragonflydb.io/docs
I0817 12:35:34.018438   65639 dfly_main.cc:1104] Starting dragonfly df-dev-0000000
I0817 12:35:34.018544   65639 dfly_main.cc:1154] Using proactor_threads=10 (overriding cgroup-derived 0)
W0817 12:35:34.018551   65639 dfly_main.cc:1161] SWAP is enabled. Consider disabling it when running Dragonfly.
I0817 12:35:34.018593   65639 dfly_main.cc:1167] maxmemory has not been specified. Deciding myself....
I0817 12:35:34.018594   65639 dfly_main.cc:1176] Found 19.35GiB available memory. Setting maxmemory to 15.48GiB
I0817 12:35:34.019056   65640 uring_proactor.cc:263] IORing with 1024 entries, allocated 98368 bytes, cq_entries is 2048
I0817 12:35:34.019706   65639 proactor_pool.cc:149] Running 10 io threads
I0817 12:35:34.020530   65639 dragonfly_listener.cc:152] SSL version: OpenSSL 3.0.13 30 Jan 2024
W0817 12:35:34.020551   65639 dfly_main.cc:353] Protected mode enabled. Binding to localhost only because no password is set. To accept remote connections, set a password with --requirepass or specify a bind address with --bind.
I0817 12:35:34.020745   65639 dfly_main.cc:437] Listening on admin socket any:45246
I0817 12:35:34.021619   65639 server_family.cc:1207] Host OS: Linux 7.0.0-28-generic x86_64 with 10 threads
I0817 12:35:34.021796   65641 listener_interface.cc:102] sock[25] AcceptServer - listening on 0.0.0.0:45246
I0817 12:35:34.021814   65642 listener_interface.cc:102] sock[26] AcceptServer - listening on 127.0.0.1:25246
I0817 12:35:34.172528   65642 server_family.cc:3393] Initiate replication with: 127.0.0.1:25244
I0817 12:35:34.176515   65642 replica.cc:681] Started full sync with 127.0.0.1:25244
I0817 12:35:35.556055   65642 replica.cc:720] full sync finished in 1.38 s
I0817 12:35:35.556493   65642 replica.cc:907] Transitioned into stable sync
I0817 12:35:35.684887   65642 listener_interface.cc:230] Listener stopped for port 25246
I0817 12:35:35.684894   65641 listener_interface.cc:230] Listener stopped for port 45246
W0817 12:35:35.685095   65648 main_service.cc:1536] VerifyCommandState error: Can not execute during SHUTTING DOWN
W0817 12:35:35.685132   65648 main_service.cc:1536] VerifyCommandState error: Can not execute during SHUTTING DOWN
W0817 12:35:35.685155   65642 execution_state.cc:93] ReportError: Operation canceled: ExecutionState cancelled
W0817 12:35:35.685197   65642 protocol_client.cc:277] Socket error: Operation canceled: ExecutionState cancelled in 127.0.0.1:25244, socket info: State: ESTABLISHED, Local: 127.0.0.1:56630, Remote: 127.0.0.1:25244, Inode: 217606
I0817 12:35:35.686955   65642 replica.cc:939] Exit stable sync
