                   .--::--.
   :+*=:          =@@@@@@@@=          :+*+:
  %@@@@@@%*=.     =@@@@@@@@-     .=*%@@@@@@#
  @@@@@@@@@@@@#+-. .%@@@@#. .-+#@@@@@@@@@@@%
  -@@@@@@@@@@@@@@@@*:#@@#:*@@@@@@@@@@@@@@@@-
    :+*********####-%@%%@%-####********++.
   .%@@@@@@@@@@@@@%:@@@@@@:@@@@@@@@@@@@@@%
   .@@@@@@@@%*+-:   =@@@@=  .:-+*%@@@@@@@%.
     =*+-:           ###*          .:-+*=
                     %@@%
                     *@@*
                     +@@=
                     :##:
                     :@@:
                      @@
                      ..
* Logs will be written to the first available of the following paths:
/tmp/dragonfly.*
* For the available flags type dragonfly [--help | --helpfull]
* Documentation can be found at: https://www.dragonflydb.io/docs
I0817 13:52:13.029978  170603 dfly_main.cc:1104] Starting dragonfly df-dev-0000000
I0817 13:52:13.030125  170603 dfly_main.cc:1154] Using proactor_threads=10 (overriding cgroup-derived 0)
W0817 13:52:13.030138  170603 dfly_main.cc:1161] SWAP is enabled. Consider disabling it when running Dragonfly.
I0817 13:52:13.030203  170603 dfly_main.cc:1167] maxmemory has not been specified. Deciding myself....
I0817 13:52:13.030205  170603 dfly_main.cc:1176] Found 20.38GiB available memory. Setting maxmemory to 16.30GiB
I0817 13:52:13.030710  170604 uring_proactor.cc:263] IORing with 1024 entries, allocated 98368 bytes, cq_entries is 2048
I0817 13:52:13.031526  170603 proactor_pool.cc:149] Running 10 io threads
I0817 13:52:13.032409  170603 dragonfly_listener.cc:152] SSL version: OpenSSL 3.0.13 30 Jan 2024
W0817 13:52:13.032442  170603 dfly_main.cc:353] Protected mode enabled. Binding to localhost only because no password is set. To accept remote connections, set a password with --requirepass or specify a bind address with --bind.
I0817 13:52:13.032659  170603 dfly_main.cc:437] Listening on admin socket any:38217
I0817 13:52:13.033487  170603 server_family.cc:1207] Host OS: Linux 7.0.0-28-generic x86_64 with 10 threads
I0817 13:52:13.033678  170606 listener_interface.cc:102] sock[26] AcceptServer - listening on 127.0.0.1:18217
I0817 13:52:13.033673  170605 listener_interface.cc:102] sock[25] AcceptServer - listening on 0.0.0.0:38217
I0817 13:52:13.497573  170606 server_family.cc:3393] Initiate replication with: 127.0.0.1:18216
I0817 13:52:13.530619  170606 replica.cc:681] Started full sync with 127.0.0.1:18216
I0817 13:52:16.702966  170606 replica.cc:720] full sync finished in 3.2 s
I0817 13:52:16.703147  170606 replica.cc:907] Transitioned into stable sync
I0817 13:52:17.326313  170606 listener_interface.cc:230] Listener stopped for port 18217
I0817 13:52:17.326339  170605 listener_interface.cc:230] Listener stopped for port 38217
W0817 13:52:17.326412  170605 main_service.cc:1536] VerifyCommandState error: Can not execute during SHUTTING DOWN
W0817 13:52:17.326410  170612 main_service.cc:1536] VerifyCommandState error: Can not execute during SHUTTING DOWN
W0817 13:52:17.326473  170605 main_service.cc:1536] VerifyCommandState error: Can not execute during SHUTTING DOWN
W0817 13:52:17.326476  170612 main_service.cc:1536] VerifyCommandState error: Can not execute during SHUTTING DOWN
W0817 13:52:17.326478  170606 main_service.cc:1536] VerifyCommandState error: Can not execute during SHUTTING DOWN
W0817 13:52:17.326490  170606 main_service.cc:1536] VerifyCommandState error: Can not execute during SHUTTING DOWN
W0817 13:52:17.326560  170606 execution_state.cc:93] ReportError: Operation canceled: ExecutionState cancelled
W0817 13:52:17.326596  170606 protocol_client.cc:277] Socket error: Operation canceled: ExecutionState cancelled in 127.0.0.1:18216, socket info: State: ESTABLISHED, Local: 127.0.0.1:51068, Remote: 127.0.0.1:18216, Inode: 405221
I0817 13:52:17.328447  170606 replica.cc:939] Exit stable sync
