                   .--::--.
   :+*=:          =@@@@@@@@=          :+*+:
  %@@@@@@%*=.     =@@@@@@@@-     .=*%@@@@@@#
  @@@@@@@@@@@@#+-. .%@@@@#. .-+#@@@@@@@@@@@%
  -@@@@@@@@@@@@@@@@*:#@@#:*@@@@@@@@@@@@@@@@-
    :+*********####-%@%%@%-####********++.
   .%@@@@@@@@@@@@@%:@@@@@@:@@@@@@@@@@@@@@%
   .@@@@@@@@%*+-:   =@@@@=  .:-+*%@@@@@@@%.
     =*+-:           ###*          .:-+*=
                     %@@%
                     *@@*
                     +@@=
                     :##:
                     :@@:
                      @@
                      ..
* Logs will be written to the first available of the following paths:
/tmp/dragonfly.*
* For the available flags type dragonfly [--help | --helpfull]
* Documentation can be found at: https://www.dragonflydb.io/docs
I0817 13:52:13.134432  170625 dfly_main.cc:1104] Starting dragonfly df-dev-0000000
I0817 13:52:13.134555  170625 dfly_main.cc:1154] Using proactor_threads=10 (overriding cgroup-derived 0)
W0817 13:52:13.134563  170625 dfly_main.cc:1161] SWAP is enabled. Consider disabling it when running Dragonfly.
I0817 13:52:13.134624  170625 dfly_main.cc:1167] maxmemory has not been specified. Deciding myself....
I0817 13:52:13.134626  170625 dfly_main.cc:1176] Found 20.37GiB available memory. Setting maxmemory to 16.30GiB
I0817 13:52:13.135142  170626 uring_proactor.cc:263] IORing with 1024 entries, allocated 98368 bytes, cq_entries is 2048
I0817 13:52:13.135774  170625 proactor_pool.cc:149] Running 10 io threads
I0817 13:52:13.136733  170625 dragonfly_listener.cc:152] SSL version: OpenSSL 3.0.13 30 Jan 2024
W0817 13:52:13.136764  170625 dfly_main.cc:353] Protected mode enabled. Binding to localhost only because no password is set. To accept remote connections, set a password with --requirepass or specify a bind address with --bind.
I0817 13:52:13.136954  170625 dfly_main.cc:437] Listening on admin socket any:38219
I0817 13:52:13.137727  170625 server_family.cc:1207] Host OS: Linux 7.0.0-28-generic x86_64 with 10 threads
I0817 13:52:13.137904  170627 listener_interface.cc:102] sock[25] AcceptServer - listening on 0.0.0.0:38219
I0817 13:52:13.137936  170628 listener_interface.cc:102] sock[26] AcceptServer - listening on 127.0.0.1:18219
I0817 13:52:13.498202  170628 server_family.cc:3393] Initiate replication with: 127.0.0.1:18216
I0817 13:52:13.503708  170628 replica.cc:681] Started full sync with 127.0.0.1:18216
I0817 13:52:16.600958  170628 replica.cc:720] full sync finished in 3.1 s
I0817 13:52:16.601085  170628 replica.cc:907] Transitioned into stable sync
I0817 13:52:17.197539  170628 listener_interface.cc:230] Listener stopped for port 18219
I0817 13:52:17.197715  170627 listener_interface.cc:230] Listener stopped for port 38219
W0817 13:52:17.197798  170634 main_service.cc:1536] VerifyCommandState error: Can not execute during SHUTTING DOWN
W0817 13:52:17.197835  170634 main_service.cc:1536] VerifyCommandState error: Can not execute during SHUTTING DOWN
W0817 13:52:17.197892  170633 main_service.cc:1536] VerifyCommandState error: Can not execute during SHUTTING DOWN
W0817 13:52:17.197920  170633 main_service.cc:1536] VerifyCommandState error: Can not execute during SHUTTING DOWN
W0817 13:52:17.197927  170633 main_service.cc:1536] VerifyCommandState error: Can not execute during SHUTTING DOWN
W0817 13:52:17.197896  170630 main_service.cc:1536] VerifyCommandState error: Can not execute during SHUTTING DOWN
W0817 13:52:17.197946  170630 main_service.cc:1536] VerifyCommandState error: Can not execute during SHUTTING DOWN
W0817 13:52:17.197953  170630 main_service.cc:1536] VerifyCommandState error: Can not execute during SHUTTING DOWN
W0817 13:52:17.197951  170628 main_service.cc:1536] VerifyCommandState error: Can not execute during SHUTTING DOWN
W0817 13:52:17.197959  170630 main_service.cc:1536] VerifyCommandState error: Can not execute during SHUTTING DOWN
W0817 13:52:17.197967  170628 main_service.cc:1536] VerifyCommandState error: Can not execute during SHUTTING DOWN
W0817 13:52:17.198020  170635 main_service.cc:1536] VerifyCommandState error: Can not execute during SHUTTING DOWN
W0817 13:52:17.198044  170635 main_service.cc:1536] VerifyCommandState error: Can not execute during SHUTTING DOWN
W0817 13:52:17.198032  170628 execution_state.cc:93] ReportError: Operation canceled: ExecutionState cancelled
W0817 13:52:17.198088  170628 protocol_client.cc:277] Socket error: Operation canceled: ExecutionState cancelled in 127.0.0.1:18216, socket info: State: ESTABLISHED, Local: 127.0.0.1:51090, Remote: 127.0.0.1:18216, Inode: 405230
I0817 13:52:17.199764  170628 replica.cc:939] Exit stable sync
