                   .--::--.
   :+*=:          =@@@@@@@@=          :+*+:
  %@@@@@@%*=.     =@@@@@@@@-     .=*%@@@@@@#
  @@@@@@@@@@@@#+-. .%@@@@#. .-+#@@@@@@@@@@@%
  -@@@@@@@@@@@@@@@@*:#@@#:*@@@@@@@@@@@@@@@@-
    :+*********####-%@%%@%-####********++.
   .%@@@@@@@@@@@@@%:@@@@@@:@@@@@@@@@@@@@@%
   .@@@@@@@@%*+-:   =@@@@=  .:-+*%@@@@@@@%.
     =*+-:           ###*          .:-+*=
                     %@@%
                     *@@*
                     +@@=
                     :##:
                     :@@:
                      @@
                      ..
* Logs will be written to the first available of the following paths:
/tmp/dragonfly.*
* For the available flags type dragonfly [--help | --helpfull]
* Documentation can be found at: https://www.dragonflydb.io/docs
I0817 13:52:13.396618  170693 dfly_main.cc:1104] Starting dragonfly df-dev-0000000
I0817 13:52:13.396746  170693 dfly_main.cc:1154] Using proactor_threads=10 (overriding cgroup-derived 0)
W0817 13:52:13.396755  170693 dfly_main.cc:1161] SWAP is enabled. Consider disabling it when running Dragonfly.
I0817 13:52:13.396823  170693 dfly_main.cc:1167] maxmemory has not been specified. Deciding myself....
I0817 13:52:13.396825  170693 dfly_main.cc:1176] Found 20.48GiB available memory. Setting maxmemory to 16.38GiB
I0817 13:52:13.397338  170694 uring_proactor.cc:263] IORing with 1024 entries, allocated 98368 bytes, cq_entries is 2048
I0817 13:52:13.398245  170693 proactor_pool.cc:149] Running 10 io threads
I0817 13:52:13.399274  170693 dragonfly_listener.cc:152] SSL version: OpenSSL 3.0.13 30 Jan 2024
W0817 13:52:13.399298  170693 dfly_main.cc:353] Protected mode enabled. Binding to localhost only because no password is set. To accept remote connections, set a password with --requirepass or specify a bind address with --bind.
I0817 13:52:13.399501  170693 dfly_main.cc:437] Listening on admin socket any:38224
I0817 13:52:13.400254  170693 server_family.cc:1207] Host OS: Linux 7.0.0-28-generic x86_64 with 10 threads
I0817 13:52:13.400464  170696 listener_interface.cc:102] sock[26] AcceptServer - listening on 127.0.0.1:18224
I0817 13:52:13.400453  170695 listener_interface.cc:102] sock[25] AcceptServer - listening on 0.0.0.0:38224
I0817 13:52:13.498933  170696 server_family.cc:3393] Initiate replication with: 127.0.0.1:18216
I0817 13:52:13.506029  170696 replica.cc:681] Started full sync with 127.0.0.1:18216
I0817 13:52:16.674792  170696 replica.cc:720] full sync finished in 3.17 s
I0817 13:52:16.674919  170696 replica.cc:907] Transitioned into stable sync
I0817 13:52:16.906411  170695 listener_interface.cc:230] Listener stopped for port 38224
I0817 13:52:16.906438  170696 listener_interface.cc:230] Listener stopped for port 18224
W0817 13:52:16.906538  170702 main_service.cc:1536] VerifyCommandState error: Can not execute during SHUTTING DOWN
W0817 13:52:16.906576  170702 main_service.cc:1536] VerifyCommandState error: Can not execute during SHUTTING DOWN
W0817 13:52:16.906584  170702 main_service.cc:1536] VerifyCommandState error: Can not execute during SHUTTING DOWN
W0817 13:52:16.906577  170701 main_service.cc:1536] VerifyCommandState error: Can not execute during SHUTTING DOWN
W0817 13:52:16.906607  170701 main_service.cc:1536] VerifyCommandState error: Can not execute during SHUTTING DOWN
W0817 13:52:16.906614  170701 main_service.cc:1536] VerifyCommandState error: Can not execute during SHUTTING DOWN
W0817 13:52:16.906619  170703 main_service.cc:1536] VerifyCommandState error: Can not execute during SHUTTING DOWN
W0817 13:52:16.906642  170703 main_service.cc:1536] VerifyCommandState error: Can not execute during SHUTTING DOWN
W0817 13:52:16.906648  170703 main_service.cc:1536] VerifyCommandState error: Can not execute during SHUTTING DOWN
W0817 13:52:16.906787  170702 main_service.cc:1536] VerifyCommandState error: Can not execute during SHUTTING DOWN
W0817 13:52:16.906786  170694 main_service.cc:1536] VerifyCommandState error: Can not execute during SHUTTING DOWN
W0817 13:52:16.906812  170694 main_service.cc:1536] VerifyCommandState error: Can not execute during SHUTTING DOWN
W0817 13:52:16.906800  170702 main_service.cc:1536] VerifyCommandState error: Can not execute during SHUTTING DOWN
W0817 13:52:16.906898  170695 main_service.cc:1536] VerifyCommandState error: Can not execute during SHUTTING DOWN
W0817 13:52:16.906916  170695 main_service.cc:1536] VerifyCommandState error: Can not execute during SHUTTING DOWN
W0817 13:52:16.906922  170695 main_service.cc:1536] VerifyCommandState error: Can not execute during SHUTTING DOWN
W0817 13:52:16.906928  170695 main_service.cc:1536] VerifyCommandState error: Can not execute during SHUTTING DOWN
W0817 13:52:16.906948  170700 main_service.cc:1536] VerifyCommandState error: Can not execute during SHUTTING DOWN
W0817 13:52:16.906981  170700 main_service.cc:1536] VerifyCommandState error: Can not execute during SHUTTING DOWN
W0817 13:52:16.906987  170700 main_service.cc:1536] VerifyCommandState error: Can not execute during SHUTTING DOWN
W0817 13:52:16.907003  170696 execution_state.cc:93] ReportError: Operation canceled: ExecutionState cancelled
W0817 13:52:16.907064  170696 protocol_client.cc:277] Socket error: Operation canceled: ExecutionState cancelled in 127.0.0.1:18216, socket info: State: ESTABLISHED, Local: 127.0.0.1:51132, Remote: 127.0.0.1:18216, Inode: 405248
I0817 13:52:16.909409  170696 replica.cc:939] Exit stable sync
