                   .--::--.
   :+*=:          =@@@@@@@@=          :+*+:
  %@@@@@@%*=.     =@@@@@@@@-     .=*%@@@@@@#
  @@@@@@@@@@@@#+-. .%@@@@#. .-+#@@@@@@@@@@@%
  -@@@@@@@@@@@@@@@@*:#@@#:*@@@@@@@@@@@@@@@@-
    :+*********####-%@%%@%-####********++.
   .%@@@@@@@@@@@@@%:@@@@@@:@@@@@@@@@@@@@@%
   .@@@@@@@@%*+-:   =@@@@=  .:-+*%@@@@@@@%.
     =*+-:           ###*          .:-+*=
                     %@@%
                     *@@*
                     +@@=
                     :##:
                     :@@:
                      @@
                      ..
* Logs will be written to the first available of the following paths:
/tmp/dragonfly.*
* For the available flags type dragonfly [--help | --helpfull]
* Documentation can be found at: https://www.dragonflydb.io/docs
I0817 13:52:13.187361  170636 dfly_main.cc:1104] Starting dragonfly df-dev-0000000
I0817 13:52:13.187493  170636 dfly_main.cc:1154] Using proactor_threads=10 (overriding cgroup-derived 0)
W0817 13:52:13.187502  170636 dfly_main.cc:1161] SWAP is enabled. Consider disabling it when running Dragonfly.
I0817 13:52:13.187564  170636 dfly_main.cc:1167] maxmemory has not been specified. Deciding myself....
I0817 13:52:13.187566  170636 dfly_main.cc:1176] Found 20.37GiB available memory. Setting maxmemory to 16.29GiB
I0817 13:52:13.188084  170637 uring_proactor.cc:263] IORing with 1024 entries, allocated 98368 bytes, cq_entries is 2048
I0817 13:52:13.188759  170636 proactor_pool.cc:149] Running 10 io threads
I0817 13:52:13.189671  170636 dragonfly_listener.cc:152] SSL version: OpenSSL 3.0.13 30 Jan 2024
W0817 13:52:13.189697  170636 dfly_main.cc:353] Protected mode enabled. Binding to localhost only because no password is set. To accept remote connections, set a password with --requirepass or specify a bind address with --bind.
I0817 13:52:13.189901  170636 dfly_main.cc:437] Listening on admin socket any:38220
I0817 13:52:13.190753  170636 server_family.cc:1207] Host OS: Linux 7.0.0-28-generic x86_64 with 10 threads
I0817 13:52:13.190933  170638 listener_interface.cc:102] sock[25] AcceptServer - listening on 0.0.0.0:38220
I0817 13:52:13.190939  170639 listener_interface.cc:102] sock[26] AcceptServer - listening on 127.0.0.1:18220
I0817 13:52:13.499127  170639 server_family.cc:3393] Initiate replication with: 127.0.0.1:18216
I0817 13:52:13.506334  170639 replica.cc:681] Started full sync with 127.0.0.1:18216
I0817 13:52:16.691813  170639 replica.cc:720] full sync finished in 3.19 s
I0817 13:52:16.691948  170639 replica.cc:907] Transitioned into stable sync
I0817 13:52:17.132636  170638 listener_interface.cc:230] Listener stopped for port 38220
I0817 13:52:17.132669  170639 listener_interface.cc:230] Listener stopped for port 18220
W0817 13:52:17.132789  170645 main_service.cc:1536] VerifyCommandState error: Can not execute during SHUTTING DOWN
W0817 13:52:17.132824  170645 main_service.cc:1536] VerifyCommandState error: Can not execute during SHUTTING DOWN
W0817 13:52:17.132875  170638 main_service.cc:1536] VerifyCommandState error: Can not execute during SHUTTING DOWN
W0817 13:52:17.132893  170638 main_service.cc:1536] VerifyCommandState error: Can not execute during SHUTTING DOWN
W0817 13:52:17.132894  170642 main_service.cc:1536] VerifyCommandState error: Can not execute during SHUTTING DOWN
W0817 13:52:17.132925  170642 main_service.cc:1536] VerifyCommandState error: Can not execute during SHUTTING DOWN
W0817 13:52:17.132894  170646 main_service.cc:1536] VerifyCommandState error: Can not execute during SHUTTING DOWN
W0817 13:52:17.132932  170642 main_service.cc:1536] VerifyCommandState error: Can not execute during SHUTTING DOWN
W0817 13:52:17.132942  170646 main_service.cc:1536] VerifyCommandState error: Can not execute during SHUTTING DOWN
W0817 13:52:17.132948  170646 main_service.cc:1536] VerifyCommandState error: Can not execute during SHUTTING DOWN
W0817 13:52:17.132955  170646 main_service.cc:1536] VerifyCommandState error: Can not execute during SHUTTING DOWN
W0817 13:52:17.133013  170642 main_service.cc:1536] VerifyCommandState error: Can not execute during SHUTTING DOWN
W0817 13:52:17.133019  170646 main_service.cc:1536] VerifyCommandState error: Can not execute during SHUTTING DOWN
W0817 13:52:17.133023  170646 main_service.cc:1536] VerifyCommandState error: Can not execute during SHUTTING DOWN
W0817 13:52:17.133027  170646 main_service.cc:1536] VerifyCommandState error: Can not execute during SHUTTING DOWN
W0817 13:52:17.133031  170646 main_service.cc:1536] VerifyCommandState error: Can not execute during SHUTTING DOWN
W0817 13:52:17.133034  170641 main_service.cc:1536] VerifyCommandState error: Can not execute during SHUTTING DOWN
W0817 13:52:17.133061  170639 execution_state.cc:93] ReportError: Operation canceled: ExecutionState cancelled
W0817 13:52:17.133088  170641 main_service.cc:1536] VerifyCommandState error: Can not execute during SHUTTING DOWN
W0817 13:52:17.133106  170646 main_service.cc:1536] VerifyCommandState error: Can not execute during SHUTTING DOWN
W0817 13:52:17.133120  170644 main_service.cc:1536] VerifyCommandState error: Can not execute during SHUTTING DOWN
W0817 13:52:17.133139  170639 protocol_client.cc:277] Socket error: Operation canceled: ExecutionState cancelled in 127.0.0.1:18216, socket info: State: ESTABLISHED, Local: 127.0.0.1:51134, Remote: 127.0.0.1:18216, Inode: 405251
I0817 13:52:17.134790  170639 replica.cc:939] Exit stable sync
