                   .--::--.
   :+*=:          =@@@@@@@@=          :+*+:
  %@@@@@@%*=.     =@@@@@@@@-     .=*%@@@@@@#
  @@@@@@@@@@@@#+-. .%@@@@#. .-+#@@@@@@@@@@@%
  -@@@@@@@@@@@@@@@@*:#@@#:*@@@@@@@@@@@@@@@@-
    :+*********####-%@%%@%-####********++.
   .%@@@@@@@@@@@@@%:@@@@@@:@@@@@@@@@@@@@@%
   .@@@@@@@@%*+-:   =@@@@=  .:-+*%@@@@@@@%.
     =*+-:           ###*          .:-+*=
                     %@@%
                     *@@*
                     +@@=
                     :##:
                     :@@:
                      @@
                      ..
* Logs will be written to the first available of the following paths:
/tmp/dragonfly.*
* For the available flags type dragonfly [--help | --helpfull]
* Documentation can be found at: https://www.dragonflydb.io/docs
I0817 13:52:13.291669  170658 dfly_main.cc:1104] Starting dragonfly df-dev-0000000
I0817 13:52:13.291792  170658 dfly_main.cc:1154] Using proactor_threads=10 (overriding cgroup-derived 0)
W0817 13:52:13.291801  170658 dfly_main.cc:1161] SWAP is enabled. Consider disabling it when running Dragonfly.
I0817 13:52:13.291883  170658 dfly_main.cc:1167] maxmemory has not been specified. Deciding myself....
I0817 13:52:13.291885  170658 dfly_main.cc:1176] Found 20.36GiB available memory. Setting maxmemory to 16.29GiB
I0817 13:52:13.292399  170659 uring_proactor.cc:263] IORing with 1024 entries, allocated 98368 bytes, cq_entries is 2048
I0817 13:52:13.293022  170658 proactor_pool.cc:149] Running 10 io threads
I0817 13:52:13.293971  170658 dragonfly_listener.cc:152] SSL version: OpenSSL 3.0.13 30 Jan 2024
W0817 13:52:13.293995  170658 dfly_main.cc:353] Protected mode enabled. Binding to localhost only because no password is set. To accept remote connections, set a password with --requirepass or specify a bind address with --bind.
I0817 13:52:13.294242  170658 dfly_main.cc:437] Listening on admin socket any:38222
I0817 13:52:13.295008  170658 server_family.cc:1207] Host OS: Linux 7.0.0-28-generic x86_64 with 10 threads
I0817 13:52:13.295174  170660 listener_interface.cc:102] sock[25] AcceptServer - listening on 0.0.0.0:38222
I0817 13:52:13.295185  170661 listener_interface.cc:102] sock[26] AcceptServer - listening on 127.0.0.1:18222
I0817 13:52:13.498014  170661 server_family.cc:3393] Initiate replication with: 127.0.0.1:18216
I0817 13:52:13.504744  170661 replica.cc:681] Started full sync with 127.0.0.1:18216
I0817 13:52:16.631435  170661 replica.cc:720] full sync finished in 3.13 s
I0817 13:52:16.633109  170661 replica.cc:907] Transitioned into stable sync
I0817 13:52:17.002998  170661 listener_interface.cc:230] Listener stopped for port 18222
I0817 13:52:17.003175  170660 listener_interface.cc:230] Listener stopped for port 38222
W0817 13:52:17.003332  170659 main_service.cc:1536] VerifyCommandState error: Can not execute during SHUTTING DOWN
W0817 13:52:17.003355  170661 main_service.cc:1536] VerifyCommandState error: Can not execute during SHUTTING DOWN
W0817 13:52:17.003364  170659 main_service.cc:1536] VerifyCommandState error: Can not execute during SHUTTING DOWN
W0817 13:52:17.003367  170661 main_service.cc:1536] VerifyCommandState error: Can not execute during SHUTTING DOWN
W0817 13:52:17.003429  170664 main_service.cc:1536] VerifyCommandState error: Can not execute during SHUTTING DOWN
W0817 13:52:17.003459  170664 main_service.cc:1536] VerifyCommandState error: Can not execute during SHUTTING DOWN
W0817 13:52:17.003472  170668 main_service.cc:1536] VerifyCommandState error: Can not execute during SHUTTING DOWN
W0817 13:52:17.003482  170667 main_service.cc:1536] VerifyCommandState error: Can not execute during SHUTTING DOWN
W0817 13:52:17.003495  170668 main_service.cc:1536] VerifyCommandState error: Can not execute during SHUTTING DOWN
W0817 13:52:17.003498  170667 main_service.cc:1536] VerifyCommandState error: Can not execute during SHUTTING DOWN
W0817 13:52:17.003488  170662 main_service.cc:1536] VerifyCommandState error: Can not execute during SHUTTING DOWN
W0817 13:52:17.003535  170662 main_service.cc:1536] VerifyCommandState error: Can not execute during SHUTTING DOWN
W0817 13:52:17.003553  170661 execution_state.cc:93] ReportError: Operation canceled: ExecutionState cancelled
W0817 13:52:17.003501  170668 main_service.cc:1536] VerifyCommandState error: Can not execute during SHUTTING DOWN
W0817 13:52:17.003599  170661 protocol_client.cc:277] Socket error: Operation canceled: ExecutionState cancelled in 127.0.0.1:18216, socket info: State: ESTABLISHED, Local: 127.0.0.1:51084, Remote: 127.0.0.1:18216, Inode: 405227
I0817 13:52:17.005964  170661 replica.cc:939] Exit stable sync
