                   .--::--.
   :+*=:          =@@@@@@@@=          :+*+:
  %@@@@@@%*=.     =@@@@@@@@-     .=*%@@@@@@#
  @@@@@@@@@@@@#+-. .%@@@@#. .-+#@@@@@@@@@@@%
  -@@@@@@@@@@@@@@@@*:#@@#:*@@@@@@@@@@@@@@@@-
    :+*********####-%@%%@%-####********++.
   .%@@@@@@@@@@@@@%:@@@@@@:@@@@@@@@@@@@@@%
   .@@@@@@@@%*+-:   =@@@@=  .:-+*%@@@@@@@%.
     =*+-:           ###*          .:-+*=
                     %@@%
                     *@@*
                     +@@=
                     :##:
                     :@@:
                      @@
                      ..
* Logs will be written to the first available of the following paths:
/tmp/dragonfly.*
* For the available flags type dragonfly [--help | --helpfull]
* Documentation can be found at: https://www.dragonflydb.io/docs
I0817 13:52:13.082502  170614 dfly_main.cc:1104] Starting dragonfly df-dev-0000000
I0817 13:52:13.082630  170614 dfly_main.cc:1154] Using proactor_threads=10 (overriding cgroup-derived 0)
W0817 13:52:13.082637  170614 dfly_main.cc:1161] SWAP is enabled. Consider disabling it when running Dragonfly.
I0817 13:52:13.082685  170614 dfly_main.cc:1167] maxmemory has not been specified. Deciding myself....
I0817 13:52:13.082688  170614 dfly_main.cc:1176] Found 20.37GiB available memory. Setting maxmemory to 16.30GiB
I0817 13:52:13.083279  170615 uring_proactor.cc:263] IORing with 1024 entries, allocated 98368 bytes, cq_entries is 2048
I0817 13:52:13.083951  170614 proactor_pool.cc:149] Running 10 io threads
I0817 13:52:13.085034  170614 dragonfly_listener.cc:152] SSL version: OpenSSL 3.0.13 30 Jan 2024
W0817 13:52:13.085072  170614 dfly_main.cc:353] Protected mode enabled. Binding to localhost only because no password is set. To accept remote connections, set a password with --requirepass or specify a bind address with --bind.
I0817 13:52:13.085329  170614 dfly_main.cc:437] Listening on admin socket any:38218
I0817 13:52:13.086229  170614 server_family.cc:1207] Host OS: Linux 7.0.0-28-generic x86_64 with 10 threads
I0817 13:52:13.086385  170617 listener_interface.cc:102] sock[26] AcceptServer - listening on 127.0.0.1:18218
I0817 13:52:13.086399  170616 listener_interface.cc:102] sock[25] AcceptServer - listening on 0.0.0.0:38218
I0817 13:52:13.498761  170617 server_family.cc:3393] Initiate replication with: 127.0.0.1:18216
I0817 13:52:13.506286  170617 replica.cc:681] Started full sync with 127.0.0.1:18216
I0817 13:52:16.686408  170617 replica.cc:720] full sync finished in 3.18 s
I0817 13:52:16.686514  170617 replica.cc:907] Transitioned into stable sync
I0817 13:52:17.261899  170617 listener_interface.cc:230] Listener stopped for port 18218
I0817 13:52:17.261945  170616 listener_interface.cc:230] Listener stopped for port 38218
W0817 13:52:17.262016  170615 main_service.cc:1536] VerifyCommandState error: Can not execute during SHUTTING DOWN
W0817 13:52:17.262032  170618 main_service.cc:1536] VerifyCommandState error: Can not execute during SHUTTING DOWN
W0817 13:52:17.262055  170615 main_service.cc:1536] VerifyCommandState error: Can not execute during SHUTTING DOWN
W0817 13:52:17.262061  170618 main_service.cc:1536] VerifyCommandState error: Can not execute during SHUTTING DOWN
W0817 13:52:17.262066  170621 main_service.cc:1536] VerifyCommandState error: Can not execute during SHUTTING DOWN
W0817 13:52:17.262101  170621 main_service.cc:1536] VerifyCommandState error: Can not execute during SHUTTING DOWN
W0817 13:52:17.262136  170621 main_service.cc:1536] VerifyCommandState error: Can not execute during SHUTTING DOWN
W0817 13:52:17.262177  170624 main_service.cc:1536] VerifyCommandState error: Can not execute during SHUTTING DOWN
W0817 13:52:17.262186  170623 main_service.cc:1536] VerifyCommandState error: Can not execute during SHUTTING DOWN
W0817 13:52:17.262198  170624 main_service.cc:1536] VerifyCommandState error: Can not execute during SHUTTING DOWN
W0817 13:52:17.262199  170623 main_service.cc:1536] VerifyCommandState error: Can not execute during SHUTTING DOWN
W0817 13:52:17.262227  170617 execution_state.cc:93] ReportError: Operation canceled: ExecutionState cancelled
W0817 13:52:17.262262  170619 main_service.cc:1536] VerifyCommandState error: Can not execute during SHUTTING DOWN
W0817 13:52:17.262289  170617 protocol_client.cc:277] Socket error: Operation canceled: ExecutionState cancelled in 127.0.0.1:18216, socket info: State: ESTABLISHED, Local: 127.0.0.1:51124, Remote: 127.0.0.1:18216, Inode: 405245
I0817 13:52:17.264382  170617 replica.cc:939] Exit stable sync
