                   .--::--.
   :+*=:          =@@@@@@@@=          :+*+:
  %@@@@@@%*=.     =@@@@@@@@-     .=*%@@@@@@#
  @@@@@@@@@@@@#+-. .%@@@@#. .-+#@@@@@@@@@@@%
  -@@@@@@@@@@@@@@@@*:#@@#:*@@@@@@@@@@@@@@@@-
    :+*********####-%@%%@%-####********++.
   .%@@@@@@@@@@@@@%:@@@@@@:@@@@@@@@@@@@@@%
   .@@@@@@@@%*+-:   =@@@@=  .:-+*%@@@@@@@%.
     =*+-:           ###*          .:-+*=
                     %@@%
                     *@@*
                     +@@=
                     :##:
                     :@@:
                      @@
                      ..
* Logs will be written to the first available of the following paths:
/tmp/dragonfly.*
* For the available flags type dragonfly [--help | --helpfull]
* Documentation can be found at: https://www.dragonflydb.io/docs
I0817 13:52:13.449143  170704 dfly_main.cc:1104] Starting dragonfly df-dev-0000000
I0817 13:52:13.449254  170704 dfly_main.cc:1154] Using proactor_threads=10 (overriding cgroup-derived 0)
W0817 13:52:13.449261  170704 dfly_main.cc:1161] SWAP is enabled. Consider disabling it when running Dragonfly.
I0817 13:52:13.449311  170704 dfly_main.cc:1167] maxmemory has not been specified. Deciding myself....
I0817 13:52:13.449313  170704 dfly_main.cc:1176] Found 20.47GiB available memory. Setting maxmemory to 16.38GiB
I0817 13:52:13.449823  170705 uring_proactor.cc:263] IORing with 1024 entries, allocated 98368 bytes, cq_entries is 2048
I0817 13:52:13.450732  170704 proactor_pool.cc:149] Running 10 io threads
I0817 13:52:13.451537  170704 dragonfly_listener.cc:152] SSL version: OpenSSL 3.0.13 30 Jan 2024
W0817 13:52:13.451563  170704 dfly_main.cc:353] Protected mode enabled. Binding to localhost only because no password is set. To accept remote connections, set a password with --requirepass or specify a bind address with --bind.
I0817 13:52:13.451759  170704 dfly_main.cc:437] Listening on admin socket any:38225
I0817 13:52:13.452778  170704 server_family.cc:1207] Host OS: Linux 7.0.0-28-generic x86_64 with 10 threads
I0817 13:52:13.452986  170707 listener_interface.cc:102] sock[26] AcceptServer - listening on 127.0.0.1:18225
I0817 13:52:13.452987  170706 listener_interface.cc:102] sock[25] AcceptServer - listening on 0.0.0.0:38225
I0817 13:52:13.498597  170707 server_family.cc:3393] Initiate replication with: 127.0.0.1:18216
I0817 13:52:13.848664  170707 replica.cc:681] Started full sync with 127.0.0.1:18216
I0817 13:52:16.716593  170707 replica.cc:720] full sync finished in 3.21 s
I0817 13:52:16.716760  170707 replica.cc:907] Transitioned into stable sync
I0817 13:52:16.874082  170707 listener_interface.cc:230] Listener stopped for port 18225
I0817 13:52:16.874402  170706 listener_interface.cc:230] Listener stopped for port 38225
W0817 13:52:16.874513  170709 main_service.cc:1536] VerifyCommandState error: Can not execute during SHUTTING DOWN
W0817 13:52:16.874560  170709 main_service.cc:1536] VerifyCommandState error: Can not execute during SHUTTING DOWN
W0817 13:52:16.874751  170711 main_service.cc:1536] VerifyCommandState error: Can not execute during SHUTTING DOWN
W0817 13:52:16.874774  170711 main_service.cc:1536] VerifyCommandState error: Can not execute during SHUTTING DOWN
W0817 13:52:16.874817  170710 main_service.cc:1536] VerifyCommandState error: Can not execute during SHUTTING DOWN
W0817 13:52:16.874846  170710 main_service.cc:1536] VerifyCommandState error: Can not execute during SHUTTING DOWN
W0817 13:52:16.874854  170710 main_service.cc:1536] VerifyCommandState error: Can not execute during SHUTTING DOWN
W0817 13:52:16.874863  170705 main_service.cc:1536] VerifyCommandState error: Can not execute during SHUTTING DOWN
W0817 13:52:16.874888  170705 main_service.cc:1536] VerifyCommandState error: Can not execute during SHUTTING DOWN
W0817 13:52:16.874893  170705 main_service.cc:1536] VerifyCommandState error: Can not execute during SHUTTING DOWN
W0817 13:52:16.874882  170707 execution_state.cc:93] ReportError: Operation canceled: ExecutionState cancelled
W0817 13:52:16.874952  170707 protocol_client.cc:277] Socket error: Operation canceled: ExecutionState cancelled in 127.0.0.1:18216, socket info: State: ESTABLISHED, Local: 127.0.0.1:51108, Remote: 127.0.0.1:18216, Inode: 405242
I0817 13:52:16.878123  170707 replica.cc:939] Exit stable sync
