                   .--::--.
   :+*=:          =@@@@@@@@=          :+*+:
  %@@@@@@%*=.     =@@@@@@@@-     .=*%@@@@@@#
  @@@@@@@@@@@@#+-. .%@@@@#. .-+#@@@@@@@@@@@%
  -@@@@@@@@@@@@@@@@*:#@@#:*@@@@@@@@@@@@@@@@-
    :+*********####-%@%%@%-####********++.
   .%@@@@@@@@@@@@@%:@@@@@@:@@@@@@@@@@@@@@%
   .@@@@@@@@%*+-:   =@@@@=  .:-+*%@@@@@@@%.
     =*+-:           ###*          .:-+*=
                     %@@%
                     *@@*
                     +@@=
                     :##:
                     :@@:
                      @@
                      ..
* Logs will be written to the first available of the following paths:
/tmp/dragonfly.*
* For the available flags type dragonfly [--help | --helpfull]
* Documentation can be found at: https://www.dragonflydb.io/docs
I0817 12:35:36.031691   65731 dfly_main.cc:1104] Starting dragonfly df-dev-0000000
I0817 12:35:36.031790   65731 dfly_main.cc:1154] Using proactor_threads=10 (overriding cgroup-derived 0)
W0817 12:35:36.031797   65731 dfly_main.cc:1161] SWAP is enabled. Consider disabling it when running Dragonfly.
I0817 12:35:36.031833   65731 dfly_main.cc:1167] maxmemory has not been specified. Deciding myself....
I0817 12:35:36.031834   65731 dfly_main.cc:1176] Found 19.49GiB available memory. Setting maxmemory to 15.59GiB
I0817 12:35:36.032320   65732 uring_proactor.cc:263] IORing with 1024 entries, allocated 98368 bytes, cq_entries is 2048
I0817 12:35:36.033005   65731 proactor_pool.cc:149] Running 10 io threads
I0817 12:35:36.033904   65731 dragonfly_listener.cc:152] SSL version: OpenSSL 3.0.13 30 Jan 2024
W0817 12:35:36.033927   65731 dfly_main.cc:353] Protected mode enabled. Binding to localhost only because no password is set. To accept remote connections, set a password with --requirepass or specify a bind address with --bind.
I0817 12:35:36.034119   65731 dfly_main.cc:437] Listening on admin socket any:45249
I0817 12:35:36.035028   65731 server_family.cc:1207] Host OS: Linux 7.0.0-28-generic x86_64 with 10 threads
I0817 12:35:36.035213   65733 listener_interface.cc:102] sock[25] AcceptServer - listening on 0.0.0.0:45249
I0817 12:35:36.035223   65734 listener_interface.cc:102] sock[26] AcceptServer - listening on 127.0.0.1:25249
I0817 12:35:36.078711   65734 server_family.cc:3393] Initiate replication with: 127.0.0.1:25244
I0817 12:35:36.083727   65734 replica.cc:681] Started full sync with 127.0.0.1:25244
I0817 12:35:37.774290   65734 replica.cc:720] full sync finished in 1.69 s
I0817 12:35:37.774529   65734 replica.cc:907] Transitioned into stable sync
I0817 12:35:37.905360   65733 listener_interface.cc:230] Listener stopped for port 45249
I0817 12:35:37.905378   65734 listener_interface.cc:230] Listener stopped for port 25249
W0817 12:35:37.905498   65737 main_service.cc:1536] VerifyCommandState error: Can not execute during SHUTTING DOWN
W0817 12:35:37.905583   65737 main_service.cc:1536] VerifyCommandState error: Can not execute during SHUTTING DOWN
W0817 12:35:37.905588   65740 main_service.cc:1536] VerifyCommandState error: Can not execute during SHUTTING DOWN
W0817 12:35:37.905612   65740 main_service.cc:1536] VerifyCommandState error: Can not execute during SHUTTING DOWN
W0817 12:35:37.905617   65740 main_service.cc:1536] VerifyCommandState error: Can not execute during SHUTTING DOWN
W0817 12:35:37.905607   65735 main_service.cc:1536] VerifyCommandState error: Can not execute during SHUTTING DOWN
W0817 12:35:37.905639   65735 main_service.cc:1536] VerifyCommandState error: Can not execute during SHUTTING DOWN
W0817 12:35:37.905645   65735 main_service.cc:1536] VerifyCommandState error: Can not execute during SHUTTING DOWN
W0817 12:35:37.905652   65741 main_service.cc:1536] VerifyCommandState error: Can not execute during SHUTTING DOWN
W0817 12:35:37.905676   65741 main_service.cc:1536] VerifyCommandState error: Can not execute during SHUTTING DOWN
W0817 12:35:37.905670   65738 main_service.cc:1536] VerifyCommandState error: Can not execute during SHUTTING DOWN
W0817 12:35:37.905702   65738 main_service.cc:1536] VerifyCommandState error: Can not execute during SHUTTING DOWN
W0817 12:35:37.905722   65734 execution_state.cc:93] ReportError: Operation canceled: ExecutionState cancelled
W0817 12:35:37.905766   65734 protocol_client.cc:277] Socket error: Operation canceled: ExecutionState cancelled in 127.0.0.1:25244, socket info: State: ESTABLISHED, Local: 127.0.0.1:57098, Remote: 127.0.0.1:25244, Inode: 217835
I0817 12:35:37.907538   65734 replica.cc:939] Exit stable sync
