                   .--::--.
   :+*=:          =@@@@@@@@=          :+*+:
  %@@@@@@%*=.     =@@@@@@@@-     .=*%@@@@@@#
  @@@@@@@@@@@@#+-. .%@@@@#. .-+#@@@@@@@@@@@%
  -@@@@@@@@@@@@@@@@*:#@@#:*@@@@@@@@@@@@@@@@-
    :+*********####-%@%%@%-####********++.
   .%@@@@@@@@@@@@@%:@@@@@@:@@@@@@@@@@@@@@%
   .@@@@@@@@%*+-:   =@@@@=  .:-+*%@@@@@@@%.
     =*+-:           ###*          .:-+*=
                     %@@%
                     *@@*
                     +@@=
                     :##:
                     :@@:
                      @@
                      ..
* Logs will be written to the first available of the following paths:
/tmp/dragonfly.*
* For the available flags type dragonfly [--help | --helpfull]
* Documentation can be found at: https://www.dragonflydb.io/docs
I0817 12:35:35.820890   65687 dfly_main.cc:1104] Starting dragonfly df-dev-0000000
I0817 12:35:35.821005   65687 dfly_main.cc:1154] Using proactor_threads=10 (overriding cgroup-derived 0)
W0817 12:35:35.821015   65687 dfly_main.cc:1161] SWAP is enabled. Consider disabling it when running Dragonfly.
I0817 12:35:35.821072   65687 dfly_main.cc:1167] maxmemory has not been specified. Deciding myself....
I0817 12:35:35.821075   65687 dfly_main.cc:1176] Found 19.52GiB available memory. Setting maxmemory to 15.62GiB
I0817 12:35:35.821555   65688 uring_proactor.cc:263] IORing with 1024 entries, allocated 98368 bytes, cq_entries is 2048
I0817 12:35:35.822247   65687 proactor_pool.cc:149] Running 10 io threads
I0817 12:35:35.823060   65687 dragonfly_listener.cc:152] SSL version: OpenSSL 3.0.13 30 Jan 2024
W0817 12:35:35.823088   65687 dfly_main.cc:353] Protected mode enabled. Binding to localhost only because no password is set. To accept remote connections, set a password with --requirepass or specify a bind address with --bind.
I0817 12:35:35.823299   65687 dfly_main.cc:437] Listening on admin socket any:45245
I0817 12:35:35.824227   65687 server_family.cc:1207] Host OS: Linux 7.0.0-28-generic x86_64 with 10 threads
I0817 12:35:35.824403   65690 listener_interface.cc:102] sock[26] AcceptServer - listening on 127.0.0.1:25245
I0817 12:35:35.824392   65689 listener_interface.cc:102] sock[24] AcceptServer - listening on 0.0.0.0:45245
I0817 12:35:36.079043   65690 server_family.cc:3393] Initiate replication with: 127.0.0.1:25244
I0817 12:35:36.083550   65690 replica.cc:681] Started full sync with 127.0.0.1:25244
I0817 12:35:37.779150   65690 replica.cc:720] full sync finished in 1.7 s
I0817 12:35:37.779588   65690 replica.cc:907] Transitioned into stable sync
I0817 12:35:38.098771   65690 listener_interface.cc:230] Listener stopped for port 25245
I0817 12:35:38.098857   65689 listener_interface.cc:230] Listener stopped for port 45245
W0817 12:35:38.099064   65693 main_service.cc:1536] VerifyCommandState error: Can not execute during SHUTTING DOWN
W0817 12:35:38.099138   65693 main_service.cc:1536] VerifyCommandState error: Can not execute during SHUTTING DOWN
W0817 12:35:38.099152   65693 main_service.cc:1536] VerifyCommandState error: Can not execute during SHUTTING DOWN
W0817 12:35:38.099158   65693 main_service.cc:1536] VerifyCommandState error: Can not execute during SHUTTING DOWN
W0817 12:35:38.099169   65692 main_service.cc:1536] VerifyCommandState error: Can not execute during SHUTTING DOWN
W0817 12:35:38.099189   65692 main_service.cc:1536] VerifyCommandState error: Can not execute during SHUTTING DOWN
W0817 12:35:38.099178   65690 execution_state.cc:93] ReportError: Operation canceled: ExecutionState cancelled
W0817 12:35:38.099209   65693 main_service.cc:1536] VerifyCommandState error: Can not execute during SHUTTING DOWN
W0817 12:35:38.099213   65693 main_service.cc:1536] VerifyCommandState error: Can not execute during SHUTTING DOWN
W0817 12:35:38.099230   65690 protocol_client.cc:277] Socket error: Operation canceled: ExecutionState cancelled in 127.0.0.1:25244, socket info: State: ESTABLISHED, Local: 127.0.0.1:57118, Remote: 127.0.0.1:25244, Inode: 217841
I0817 12:35:38.101204   65690 replica.cc:939] Exit stable sync
