                   .--::--.
   :+*=:          =@@@@@@@@=          :+*+:
  %@@@@@@%*=.     =@@@@@@@@-     .=*%@@@@@@#
  @@@@@@@@@@@@#+-. .%@@@@#. .-+#@@@@@@@@@@@%
  -@@@@@@@@@@@@@@@@*:#@@#:*@@@@@@@@@@@@@@@@-
    :+*********####-%@%%@%-####********++.
   .%@@@@@@@@@@@@@%:@@@@@@:@@@@@@@@@@@@@@%
   .@@@@@@@@%*+-:   =@@@@=  .:-+*%@@@@@@@%.
     =*+-:           ###*          .:-+*=
                     %@@%
                     *@@*
                     +@@=
                     :##:
                     :@@:
                      @@
                      ..
* Logs will be written to the first available of the following paths:
/tmp/dragonfly.*
* For the available flags type dragonfly [--help | --helpfull]
* Documentation can be found at: https://www.dragonflydb.io/docs
I0817 12:35:35.925751   65709 dfly_main.cc:1104] Starting dragonfly df-dev-0000000
I0817 12:35:35.925863   65709 dfly_main.cc:1154] Using proactor_threads=10 (overriding cgroup-derived 0)
W0817 12:35:35.925869   65709 dfly_main.cc:1161] SWAP is enabled. Consider disabling it when running Dragonfly.
I0817 12:35:35.925916   65709 dfly_main.cc:1167] maxmemory has not been specified. Deciding myself....
I0817 12:35:35.925918   65709 dfly_main.cc:1176] Found 19.50GiB available memory. Setting maxmemory to 15.60GiB
I0817 12:35:35.926377   65710 uring_proactor.cc:263] IORing with 1024 entries, allocated 98368 bytes, cq_entries is 2048
I0817 12:35:35.927017   65709 proactor_pool.cc:149] Running 10 io threads
I0817 12:35:35.927835   65709 dragonfly_listener.cc:152] SSL version: OpenSSL 3.0.13 30 Jan 2024
W0817 12:35:35.927855   65709 dfly_main.cc:353] Protected mode enabled. Binding to localhost only because no password is set. To accept remote connections, set a password with --requirepass or specify a bind address with --bind.
I0817 12:35:35.928055   65709 dfly_main.cc:437] Listening on admin socket any:45247
I0817 12:35:35.928924   65709 server_family.cc:1207] Host OS: Linux 7.0.0-28-generic x86_64 with 10 threads
I0817 12:35:35.929121   65712 listener_interface.cc:102] sock[26] AcceptServer - listening on 127.0.0.1:25247
I0817 12:35:35.929111   65711 listener_interface.cc:102] sock[25] AcceptServer - listening on 0.0.0.0:45247
I0817 12:35:36.079214   65712 server_family.cc:3393] Initiate replication with: 127.0.0.1:25244
I0817 12:35:36.083611   65712 replica.cc:681] Started full sync with 127.0.0.1:25244
I0817 12:35:37.768422   65712 replica.cc:720] full sync finished in 1.69 s
I0817 12:35:37.768615   65712 replica.cc:907] Transitioned into stable sync
I0817 12:35:37.969644   65711 listener_interface.cc:230] Listener stopped for port 45247
I0817 12:35:37.969658   65712 listener_interface.cc:230] Listener stopped for port 25247
W0817 12:35:37.969774   65710 main_service.cc:1536] VerifyCommandState error: Can not execute during SHUTTING DOWN
W0817 12:35:37.969784   65717 main_service.cc:1536] VerifyCommandState error: Can not execute during SHUTTING DOWN
W0817 12:35:37.969815   65713 main_service.cc:1536] VerifyCommandState error: Can not execute during SHUTTING DOWN
W0817 12:35:37.969855   65710 main_service.cc:1536] VerifyCommandState error: Can not execute during SHUTTING DOWN
W0817 12:35:37.969861   65717 main_service.cc:1536] VerifyCommandState error: Can not execute during SHUTTING DOWN
W0817 12:35:37.969867   65713 main_service.cc:1536] VerifyCommandState error: Can not execute during SHUTTING DOWN
W0817 12:35:37.969948   65718 main_service.cc:1536] VerifyCommandState error: Can not execute during SHUTTING DOWN
W0817 12:35:37.969960   65718 main_service.cc:1536] VerifyCommandState error: Can not execute during SHUTTING DOWN
W0817 12:35:37.969964   65718 main_service.cc:1536] VerifyCommandState error: Can not execute during SHUTTING DOWN
W0817 12:35:37.970014   65712 execution_state.cc:93] ReportError: Operation canceled: ExecutionState cancelled
W0817 12:35:37.970059   65712 protocol_client.cc:277] Socket error: Operation canceled: ExecutionState cancelled in 127.0.0.1:25244, socket info: State: ESTABLISHED, Local: 127.0.0.1:57134, Remote: 127.0.0.1:25244, Inode: 217844
I0817 12:35:37.971409   65712 replica.cc:939] Exit stable sync
