                   .--::--.
   :+*=:          =@@@@@@@@=          :+*+:
  %@@@@@@%*=.     =@@@@@@@@-     .=*%@@@@@@#
  @@@@@@@@@@@@#+-. .%@@@@#. .-+#@@@@@@@@@@@%
  -@@@@@@@@@@@@@@@@*:#@@#:*@@@@@@@@@@@@@@@@-
    :+*********####-%@%%@%-####********++.
   .%@@@@@@@@@@@@@%:@@@@@@:@@@@@@@@@@@@@@%
   .@@@@@@@@%*+-:   =@@@@=  .:-+*%@@@@@@@%.
     =*+-:           ###*          .:-+*=
                     %@@%
                     *@@*
                     +@@=
                     :##:
                     :@@:
                      @@
                      ..
* Logs will be written to the first available of the following paths:
/tmp/dragonfly.*
* For the available flags type dragonfly [--help | --helpfull]
* Documentation can be found at: https://www.dragonflydb.io/docs
I0817 12:35:57.885299   66364 dfly_main.cc:1104] Starting dragonfly df-dev-0000000
I0817 12:35:57.885420   66364 dfly_main.cc:1154] Using proactor_threads=10 (overriding cgroup-derived 0)
W0817 12:35:57.885429   66364 dfly_main.cc:1161] SWAP is enabled. Consider disabling it when running Dragonfly.
I0817 12:35:57.885489   66364 dfly_main.cc:1167] maxmemory has not been specified. Deciding myself....
I0817 12:35:57.885491   66364 dfly_main.cc:1176] Found 20.93GiB available memory. Setting maxmemory to 16.74GiB
I0817 12:35:57.886083   66365 uring_proactor.cc:263] IORing with 1024 entries, allocated 98368 bytes, cq_entries is 2048
I0817 12:35:57.886810   66364 proactor_pool.cc:149] Running 10 io threads
I0817 12:35:57.887766   66364 dragonfly_listener.cc:152] SSL version: OpenSSL 3.0.13 30 Jan 2024
W0817 12:35:57.887795   66364 dfly_main.cc:353] Protected mode enabled. Binding to localhost only because no password is set. To accept remote connections, set a password with --requirepass or specify a bind address with --bind.
I0817 12:35:57.888026   66364 dfly_main.cc:437] Listening on admin socket any:39581
I0817 12:35:57.888958   66364 server_family.cc:1207] Host OS: Linux 7.0.0-28-generic x86_64 with 10 threads
I0817 12:35:57.889143   66367 listener_interface.cc:102] sock[26] AcceptServer - listening on 127.0.0.1:19581
I0817 12:35:57.889134   66366 listener_interface.cc:102] sock[25] AcceptServer - listening on 0.0.0.0:39581
I0817 12:35:57.932150   66367 server_family.cc:3393] Initiate replication with: 127.0.0.1:19580
I0817 12:35:57.933773   66367 replica.cc:681] Started full sync with 127.0.0.1:19580
I0817 12:35:59.326798   66367 replica.cc:720] full sync finished in 1.39 s
I0817 12:35:59.326857   66367 replica.cc:907] Transitioned into stable sync
I0817 12:35:59.377523   66367 listener_interface.cc:230] Listener stopped for port 19581
I0817 12:35:59.377522   66366 listener_interface.cc:230] Listener stopped for port 39581
W0817 12:35:59.377669   66366 main_service.cc:1536] VerifyCommandState error: Can not execute during SHUTTING DOWN
W0817 12:35:59.377705   66371 main_service.cc:1536] VerifyCommandState error: Can not execute during SHUTTING DOWN
W0817 12:35:59.377723   66374 main_service.cc:1536] VerifyCommandState error: Can not execute during SHUTTING DOWN
W0817 12:35:59.377742   66370 main_service.cc:1536] VerifyCommandState error: Can not execute during SHUTTING DOWN
W0817 12:35:59.377755   66371 main_service.cc:1536] VerifyCommandState error: Can not execute during SHUTTING DOWN
W0817 12:35:59.377762   66367 main_service.cc:1536] VerifyCommandState error: Can not execute during SHUTTING DOWN
W0817 12:35:59.377780   66368 main_service.cc:1536] VerifyCommandState error: Can not execute during SHUTTING DOWN
W0817 12:35:59.377793   66370 main_service.cc:1536] VerifyCommandState error: Can not execute during SHUTTING DOWN
W0817 12:35:59.377837   66367 main_service.cc:1536] VerifyCommandState error: Can not execute during SHUTTING DOWN
W0817 12:35:59.377856   66367 execution_state.cc:93] ReportError: Operation canceled: ExecutionState cancelled
W0817 12:35:59.377894   66367 protocol_client.cc:277] Socket error: Operation canceled: ExecutionState cancelled in 127.0.0.1:19580, socket info: State: ESTABLISHED, Local: 127.0.0.1:58594, Remote: 127.0.0.1:19580, Inode: 227829
I0817 12:35:59.380466   66367 replica.cc:939] Exit stable sync
