                   .--::--.
   :+*=:          =@@@@@@@@=          :+*+:
  %@@@@@@%*=.     =@@@@@@@@-     .=*%@@@@@@#
  @@@@@@@@@@@@#+-. .%@@@@#. .-+#@@@@@@@@@@@%
  -@@@@@@@@@@@@@@@@*:#@@#:*@@@@@@@@@@@@@@@@-
    :+*********####-%@%%@%-####********++.
   .%@@@@@@@@@@@@@%:@@@@@@:@@@@@@@@@@@@@@%
   .@@@@@@@@%*+-:   =@@@@=  .:-+*%@@@@@@@%.
     =*+-:           ###*          .:-+*=
                     %@@%
                     *@@*
                     +@@=
                     :##:
                     :@@:
                      @@
                      ..
* Logs will be written to the first available of the following paths:
/tmp/dragonfly.*
* For the available flags type dragonfly [--help | --helpfull]
* Documentation can be found at: https://www.dragonflydb.io/docs
I0817 13:52:09.281516  170531 dfly_main.cc:1104] Starting dragonfly df-dev-0000000
I0817 13:52:09.281651  170531 dfly_main.cc:1154] Using proactor_threads=10 (overriding cgroup-derived 0)
W0817 13:52:09.281660  170531 dfly_main.cc:1161] SWAP is enabled. Consider disabling it when running Dragonfly.
I0817 13:52:09.281728  170531 dfly_main.cc:1167] maxmemory has not been specified. Deciding myself....
I0817 13:52:09.281730  170531 dfly_main.cc:1176] Found 20.35GiB available memory. Setting maxmemory to 16.28GiB
I0817 13:52:09.282347  170532 uring_proactor.cc:263] IORing with 1024 entries, allocated 98368 bytes, cq_entries is 2048
I0817 13:52:09.282983  170531 proactor_pool.cc:149] Running 10 io threads
I0817 13:52:09.284024  170531 dragonfly_listener.cc:152] SSL version: OpenSSL 3.0.13 30 Jan 2024
W0817 13:52:09.284062  170531 dfly_main.cc:353] Protected mode enabled. Binding to localhost only because no password is set. To accept remote connections, set a password with --requirepass or specify a bind address with --bind.
I0817 13:52:09.284280  170531 dfly_main.cc:437] Listening on admin socket any:38220
I0817 13:52:09.285098  170531 server_family.cc:1207] Host OS: Linux 7.0.0-28-generic x86_64 with 10 threads
I0817 13:52:09.285269  170533 listener_interface.cc:102] sock[24] AcceptServer - listening on 0.0.0.0:38220
I0817 13:52:09.285281  170534 listener_interface.cc:102] sock[26] AcceptServer - listening on 127.0.0.1:18220
I0817 13:52:09.542459  170534 server_family.cc:3393] Initiate replication with: 127.0.0.1:18216
I0817 13:52:09.558950  170534 replica.cc:681] Started full sync with 127.0.0.1:18216
I0817 13:52:12.377987  170534 replica.cc:720] full sync finished in 2.83 s
I0817 13:52:12.378150  170534 replica.cc:907] Transitioned into stable sync
I0817 13:52:12.764266  170534 listener_interface.cc:230] Listener stopped for port 18220
I0817 13:52:12.764332  170533 listener_interface.cc:230] Listener stopped for port 38220
W0817 13:52:12.764418  170537 main_service.cc:1536] VerifyCommandState error: Can not execute during SHUTTING DOWN
W0817 13:52:12.764419  170538 main_service.cc:1536] VerifyCommandState error: Can not execute during SHUTTING DOWN
W0817 13:52:12.764465  170537 main_service.cc:1536] VerifyCommandState error: Can not execute during SHUTTING DOWN
W0817 13:52:12.764470  170538 main_service.cc:1536] VerifyCommandState error: Can not execute during SHUTTING DOWN
W0817 13:52:12.764468  170535 main_service.cc:1536] VerifyCommandState error: Can not execute during SHUTTING DOWN
W0817 13:52:12.764498  170535 main_service.cc:1536] VerifyCommandState error: Can not execute during SHUTTING DOWN
W0817 13:52:12.764507  170535 main_service.cc:1536] VerifyCommandState error: Can not execute during SHUTTING DOWN
W0817 13:52:12.764513  170535 main_service.cc:1536] VerifyCommandState error: Can not execute during SHUTTING DOWN
W0817 13:52:12.764581  170536 main_service.cc:1536] VerifyCommandState error: Can not execute during SHUTTING DOWN
W0817 13:52:12.764601  170533 main_service.cc:1536] VerifyCommandState error: Can not execute during SHUTTING DOWN
W0817 13:52:12.764610  170536 main_service.cc:1536] VerifyCommandState error: Can not execute during SHUTTING DOWN
W0817 13:52:12.764615  170533 main_service.cc:1536] VerifyCommandState error: Can not execute during SHUTTING DOWN
W0817 13:52:12.764637  170534 execution_state.cc:93] ReportError: Operation canceled: ExecutionState cancelled
W0817 13:52:12.764650  170539 main_service.cc:1536] VerifyCommandState error: Can not execute during SHUTTING DOWN
W0817 13:52:12.764687  170534 protocol_client.cc:277] Socket error: Operation canceled: ExecutionState cancelled in 127.0.0.1:18216, socket info: State: ESTABLISHED, Local: 127.0.0.1:40078, Remote: 127.0.0.1:18216, Inode: 404794
I0817 13:52:12.766670  170534 replica.cc:939] Exit stable sync
