                   .--::--.
   :+*=:          =@@@@@@@@=          :+*+:
  %@@@@@@%*=.     =@@@@@@@@-     .=*%@@@@@@#
  @@@@@@@@@@@@#+-. .%@@@@#. .-+#@@@@@@@@@@@%
  -@@@@@@@@@@@@@@@@*:#@@#:*@@@@@@@@@@@@@@@@-
    :+*********####-%@%%@%-####********++.
   .%@@@@@@@@@@@@@%:@@@@@@:@@@@@@@@@@@@@@%
   .@@@@@@@@%*+-:   =@@@@=  .:-+*%@@@@@@@%.
     =*+-:           ###*          .:-+*=
                     %@@%
                     *@@*
                     +@@=
                     :##:
                     :@@:
                      @@
                      ..
* Logs will be written to the first available of the following paths:
/tmp/dragonfly.*
* For the available flags type dragonfly [--help | --helpfull]
* Documentation can be found at: https://www.dragonflydb.io/docs
I0817 13:52:09.175824  170497 dfly_main.cc:1104] Starting dragonfly df-dev-0000000
I0817 13:52:09.175958  170497 dfly_main.cc:1154] Using proactor_threads=10 (overriding cgroup-derived 0)
W0817 13:52:09.175966  170497 dfly_main.cc:1161] SWAP is enabled. Consider disabling it when running Dragonfly.
I0817 13:52:09.176017  170497 dfly_main.cc:1167] maxmemory has not been specified. Deciding myself....
I0817 13:52:09.176019  170497 dfly_main.cc:1176] Found 20.37GiB available memory. Setting maxmemory to 16.29GiB
I0817 13:52:09.176648  170498 uring_proactor.cc:263] IORing with 1024 entries, allocated 98368 bytes, cq_entries is 2048
I0817 13:52:09.177430  170497 proactor_pool.cc:149] Running 10 io threads
I0817 13:52:09.178294  170497 dragonfly_listener.cc:152] SSL version: OpenSSL 3.0.13 30 Jan 2024
W0817 13:52:09.178322  170497 dfly_main.cc:353] Protected mode enabled. Binding to localhost only because no password is set. To accept remote connections, set a password with --requirepass or specify a bind address with --bind.
I0817 13:52:09.178515  170497 dfly_main.cc:437] Listening on admin socket any:38218
I0817 13:52:09.179387  170497 server_family.cc:1207] Host OS: Linux 7.0.0-28-generic x86_64 with 10 threads
I0817 13:52:09.179576  170500 listener_interface.cc:102] sock[26] AcceptServer - listening on 127.0.0.1:18218
I0817 13:52:09.179602  170499 listener_interface.cc:102] sock[25] AcceptServer - listening on 0.0.0.0:38218
I0817 13:52:09.542114  170500 server_family.cc:3393] Initiate replication with: 127.0.0.1:18216
I0817 13:52:09.553930  170500 replica.cc:681] Started full sync with 127.0.0.1:18216
I0817 13:52:12.295897  170500 replica.cc:720] full sync finished in 2.75 s
I0817 13:52:12.296084  170500 replica.cc:907] Transitioned into stable sync
I0817 13:52:12.893832  170499 listener_interface.cc:230] Listener stopped for port 38218
I0817 13:52:12.893838  170500 listener_interface.cc:230] Listener stopped for port 18218
W0817 13:52:12.894029  170507 main_service.cc:1536] VerifyCommandState error: Can not execute during SHUTTING DOWN
W0817 13:52:12.894064  170507 main_service.cc:1536] VerifyCommandState error: Can not execute during SHUTTING DOWN
W0817 13:52:12.894076  170507 main_service.cc:1536] VerifyCommandState error: Can not execute during SHUTTING DOWN
W0817 13:52:12.894115  170500 execution_state.cc:93] ReportError: Operation canceled: ExecutionState cancelled
W0817 13:52:12.894160  170500 protocol_client.cc:277] Socket error: Operation canceled: ExecutionState cancelled in 127.0.0.1:18216, socket info: State: ESTABLISHED, Local: 127.0.0.1:40050, Remote: 127.0.0.1:18216, Inode: 404788
I0817 13:52:12.895651  170500 replica.cc:939] Exit stable sync
