                   .--::--.
   :+*=:          =@@@@@@@@=          :+*+:
  %@@@@@@%*=.     =@@@@@@@@-     .=*%@@@@@@#
  @@@@@@@@@@@@#+-. .%@@@@#. .-+#@@@@@@@@@@@%
  -@@@@@@@@@@@@@@@@*:#@@#:*@@@@@@@@@@@@@@@@-
    :+*********####-%@%%@%-####********++.
   .%@@@@@@@@@@@@@%:@@@@@@:@@@@@@@@@@@@@@%
   .@@@@@@@@%*+-:   =@@@@=  .:-+*%@@@@@@@%.
     =*+-:           ###*          .:-+*=
                     %@@%
                     *@@*
                     +@@=
                     :##:
                     :@@:
                      @@
                      ..
* Logs will be written to the first available of the following paths:
/tmp/dragonfly.*
* For the available flags type dragonfly [--help | --helpfull]
* Documentation can be found at: https://www.dragonflydb.io/docs
I0817 13:52:09.493686  170575 dfly_main.cc:1104] Starting dragonfly df-dev-0000000
I0817 13:52:09.493808  170575 dfly_main.cc:1154] Using proactor_threads=10 (overriding cgroup-derived 0)
W0817 13:52:09.493815  170575 dfly_main.cc:1161] SWAP is enabled. Consider disabling it when running Dragonfly.
I0817 13:52:09.493861  170575 dfly_main.cc:1167] maxmemory has not been specified. Deciding myself....
I0817 13:52:09.493863  170575 dfly_main.cc:1176] Found 20.39GiB available memory. Setting maxmemory to 16.32GiB
I0817 13:52:09.494401  170576 uring_proactor.cc:263] IORing with 1024 entries, allocated 98368 bytes, cq_entries is 2048
I0817 13:52:09.495092  170575 proactor_pool.cc:149] Running 10 io threads
I0817 13:52:09.495942  170575 dragonfly_listener.cc:152] SSL version: OpenSSL 3.0.13 30 Jan 2024
W0817 13:52:09.495965  170575 dfly_main.cc:353] Protected mode enabled. Binding to localhost only because no password is set. To accept remote connections, set a password with --requirepass or specify a bind address with --bind.
I0817 13:52:09.496191  170575 dfly_main.cc:437] Listening on admin socket any:38224
I0817 13:52:09.497295  170575 server_family.cc:1207] Host OS: Linux 7.0.0-28-generic x86_64 with 10 threads
I0817 13:52:09.497453  170578 listener_interface.cc:102] sock[26] AcceptServer - listening on 127.0.0.1:18224
I0817 13:52:09.497452  170577 listener_interface.cc:102] sock[24] AcceptServer - listening on 0.0.0.0:38224
I0817 13:52:09.541903  170578 server_family.cc:3393] Initiate replication with: 127.0.0.1:18216
I0817 13:52:09.547478  170578 replica.cc:681] Started full sync with 127.0.0.1:18216
I0817 13:52:12.242356  170578 replica.cc:720] full sync finished in 2.7 s
I0817 13:52:12.242710  170578 replica.cc:907] Transitioned into stable sync
I0817 13:52:12.537949  170578 listener_interface.cc:230] Listener stopped for port 18224
I0817 13:52:12.537947  170577 listener_interface.cc:230] Listener stopped for port 38224
W0817 13:52:12.538270  170582 main_service.cc:1536] VerifyCommandState error: Can not execute during SHUTTING DOWN
W0817 13:52:12.538286  170585 main_service.cc:1536] VerifyCommandState error: Can not execute during SHUTTING DOWN
W0817 13:52:12.538321  170578 main_service.cc:1536] VerifyCommandState error: Can not execute during SHUTTING DOWN
W0817 13:52:12.538329  170582 main_service.cc:1536] VerifyCommandState error: Can not execute during SHUTTING DOWN
W0817 13:52:12.538335  170577 main_service.cc:1536] VerifyCommandState error: Can not execute during SHUTTING DOWN
W0817 13:52:12.538355  170577 main_service.cc:1536] VerifyCommandState error: Can not execute during SHUTTING DOWN
W0817 13:52:12.538371  170577 main_service.cc:1536] VerifyCommandState error: Can not execute during SHUTTING DOWN
W0817 13:52:12.538378  170577 main_service.cc:1536] VerifyCommandState error: Can not execute during SHUTTING DOWN
W0817 13:52:12.538371  170584 main_service.cc:1536] VerifyCommandState error: Can not execute during SHUTTING DOWN
W0817 13:52:12.538337  170578 main_service.cc:1536] VerifyCommandState error: Can not execute during SHUTTING DOWN
W0817 13:52:12.538388  170585 main_service.cc:1536] VerifyCommandState error: Can not execute during SHUTTING DOWN
W0817 13:52:12.538414  170585 main_service.cc:1536] VerifyCommandState error: Can not execute during SHUTTING DOWN
W0817 13:52:12.538455  170585 main_service.cc:1536] VerifyCommandState error: Can not execute during SHUTTING DOWN
W0817 13:52:12.538393  170584 main_service.cc:1536] VerifyCommandState error: Can not execute during SHUTTING DOWN
W0817 13:52:12.538461  170585 main_service.cc:1536] VerifyCommandState error: Can not execute during SHUTTING DOWN
W0817 13:52:12.538468  170584 main_service.cc:1536] VerifyCommandState error: Can not execute during SHUTTING DOWN
W0817 13:52:12.538573  170578 execution_state.cc:93] ReportError: Operation canceled: ExecutionState cancelled
W0817 13:52:12.538597  170581 main_service.cc:1536] VerifyCommandState error: Can not execute during SHUTTING DOWN
W0817 13:52:12.538620  170578 protocol_client.cc:277] Socket error: Operation canceled: ExecutionState cancelled in 127.0.0.1:18216, socket info: State: ESTABLISHED, Local: 127.0.0.1:40040, Remote: 127.0.0.1:18216, Inode: 404781
I0817 13:52:12.541358  170578 replica.cc:939] Exit stable sync
