                   .--::--.
   :+*=:          =@@@@@@@@=          :+*+:
  %@@@@@@%*=.     =@@@@@@@@-     .=*%@@@@@@#
  @@@@@@@@@@@@#+-. .%@@@@#. .-+#@@@@@@@@@@@%
  -@@@@@@@@@@@@@@@@*:#@@#:*@@@@@@@@@@@@@@@@-
    :+*********####-%@%%@%-####********++.
   .%@@@@@@@@@@@@@%:@@@@@@:@@@@@@@@@@@@@@%
   .@@@@@@@@%*+-:   =@@@@=  .:-+*%@@@@@@@%.
     =*+-:           ###*          .:-+*=
                     %@@%
                     *@@*
                     +@@=
                     :##:
                     :@@:
                      @@
                      ..
* Logs will be written to the first available of the following paths:
/tmp/dragonfly.*
* For the available flags type dragonfly [--help | --helpfull]
* Documentation can be found at: https://www.dragonflydb.io/docs
I0817 13:52:09.387622  170553 dfly_main.cc:1104] Starting dragonfly df-dev-0000000
I0817 13:52:09.387763  170553 dfly_main.cc:1154] Using proactor_threads=10 (overriding cgroup-derived 0)
W0817 13:52:09.387772  170553 dfly_main.cc:1161] SWAP is enabled. Consider disabling it when running Dragonfly.
I0817 13:52:09.387834  170553 dfly_main.cc:1167] maxmemory has not been specified. Deciding myself....
I0817 13:52:09.387836  170553 dfly_main.cc:1176] Found 20.37GiB available memory. Setting maxmemory to 16.30GiB
I0817 13:52:09.388333  170554 uring_proactor.cc:263] IORing with 1024 entries, allocated 98368 bytes, cq_entries is 2048
I0817 13:52:09.389351  170553 proactor_pool.cc:149] Running 10 io threads
I0817 13:52:09.390241  170553 dragonfly_listener.cc:152] SSL version: OpenSSL 3.0.13 30 Jan 2024
W0817 13:52:09.390266  170553 dfly_main.cc:353] Protected mode enabled. Binding to localhost only because no password is set. To accept remote connections, set a password with --requirepass or specify a bind address with --bind.
I0817 13:52:09.390462  170553 dfly_main.cc:437] Listening on admin socket any:38222
I0817 13:52:09.391281  170553 server_family.cc:1207] Host OS: Linux 7.0.0-28-generic x86_64 with 10 threads
I0817 13:52:09.391458  170555 listener_interface.cc:102] sock[25] AcceptServer - listening on 0.0.0.0:38222
I0817 13:52:09.391475  170556 listener_interface.cc:102] sock[26] AcceptServer - listening on 127.0.0.1:18222
I0817 13:52:09.541711  170556 server_family.cc:3393] Initiate replication with: 127.0.0.1:18216
I0817 13:52:09.554735  170556 replica.cc:681] Started full sync with 127.0.0.1:18216
I0817 13:52:12.362279  170556 replica.cc:720] full sync finished in 2.82 s
I0817 13:52:12.362759  170556 replica.cc:907] Transitioned into stable sync
I0817 13:52:12.634147  170556 listener_interface.cc:230] Listener stopped for port 18222
I0817 13:52:12.634139  170555 listener_interface.cc:230] Listener stopped for port 38222
W0817 13:52:12.634415  170554 main_service.cc:1536] VerifyCommandState error: Can not execute during SHUTTING DOWN
W0817 13:52:12.634437  170556 main_service.cc:1536] VerifyCommandState error: Can not execute during SHUTTING DOWN
W0817 13:52:12.634456  170554 main_service.cc:1536] VerifyCommandState error: Can not execute during SHUTTING DOWN
W0817 13:52:12.634455  170555 main_service.cc:1536] VerifyCommandState error: Can not execute during SHUTTING DOWN
W0817 13:52:12.634467  170559 main_service.cc:1536] VerifyCommandState error: Can not execute during SHUTTING DOWN
W0817 13:52:12.634504  170556 main_service.cc:1536] VerifyCommandState error: Can not execute during SHUTTING DOWN
W0817 13:52:12.634497  170555 main_service.cc:1536] VerifyCommandState error: Can not execute during SHUTTING DOWN
W0817 13:52:12.634523  170556 main_service.cc:1536] VerifyCommandState error: Can not execute during SHUTTING DOWN
W0817 13:52:12.634523  170559 main_service.cc:1536] VerifyCommandState error: Can not execute during SHUTTING DOWN
W0817 13:52:12.634549  170559 main_service.cc:1536] VerifyCommandState error: Can not execute during SHUTTING DOWN
W0817 13:52:12.634555  170559 main_service.cc:1536] VerifyCommandState error: Can not execute during SHUTTING DOWN
W0817 13:52:12.634639  170556 execution_state.cc:93] ReportError: Operation canceled: ExecutionState cancelled
W0817 13:52:12.634675  170556 protocol_client.cc:277] Socket error: Operation canceled: ExecutionState cancelled in 127.0.0.1:18216, socket info: State: ESTABLISHED, Local: 127.0.0.1:40038, Remote: 127.0.0.1:18216, Inode: 404778
I0817 13:52:12.636715  170556 replica.cc:939] Exit stable sync
