                   .--::--.
   :+*=:          =@@@@@@@@=          :+*+:
  %@@@@@@%*=.     =@@@@@@@@-     .=*%@@@@@@#
  @@@@@@@@@@@@#+-. .%@@@@#. .-+#@@@@@@@@@@@%
  -@@@@@@@@@@@@@@@@*:#@@#:*@@@@@@@@@@@@@@@@-
    :+*********####-%@%%@%-####********++.
   .%@@@@@@@@@@@@@%:@@@@@@:@@@@@@@@@@@@@@%
   .@@@@@@@@%*+-:   =@@@@=  .:-+*%@@@@@@@%.
     =*+-:           ###*          .:-+*=
                     %@@%
                     *@@*
                     +@@=
                     :##:
                     :@@:
                      @@
                      ..
* Logs will be written to the first available of the following paths:
/tmp/dragonfly.*
* For the available flags type dragonfly [--help | --helpfull]
* Documentation can be found at: https://www.dragonflydb.io/docs
I0817 13:52:09.228607  170508 dfly_main.cc:1104] Starting dragonfly df-dev-0000000
I0817 13:52:09.228735  170508 dfly_main.cc:1154] Using proactor_threads=10 (overriding cgroup-derived 0)
W0817 13:52:09.228742  170508 dfly_main.cc:1161] SWAP is enabled. Consider disabling it when running Dragonfly.
I0817 13:52:09.228802  170508 dfly_main.cc:1167] maxmemory has not been specified. Deciding myself....
I0817 13:52:09.228804  170508 dfly_main.cc:1176] Found 20.36GiB available memory. Setting maxmemory to 16.29GiB
I0817 13:52:09.229301  170509 uring_proactor.cc:263] IORing with 1024 entries, allocated 98368 bytes, cq_entries is 2048
I0817 13:52:09.230054  170508 proactor_pool.cc:149] Running 10 io threads
I0817 13:52:09.230905  170508 dragonfly_listener.cc:152] SSL version: OpenSSL 3.0.13 30 Jan 2024
W0817 13:52:09.230932  170508 dfly_main.cc:353] Protected mode enabled. Binding to localhost only because no password is set. To accept remote connections, set a password with --requirepass or specify a bind address with --bind.
I0817 13:52:09.231134  170508 dfly_main.cc:437] Listening on admin socket any:38219
I0817 13:52:09.231857  170508 server_family.cc:1207] Host OS: Linux 7.0.0-28-generic x86_64 with 10 threads
I0817 13:52:09.232040  170510 listener_interface.cc:102] sock[25] AcceptServer - listening on 0.0.0.0:38219
I0817 13:52:09.232065  170511 listener_interface.cc:102] sock[26] AcceptServer - listening on 127.0.0.1:18219
I0817 13:52:09.542771  170511 server_family.cc:3393] Initiate replication with: 127.0.0.1:18216
I0817 13:52:09.554528  170511 replica.cc:681] Started full sync with 127.0.0.1:18216
I0817 13:52:12.312304  170511 replica.cc:720] full sync finished in 2.77 s
I0817 13:52:12.312619  170511 replica.cc:907] Transitioned into stable sync
I0817 13:52:12.829053  170511 listener_interface.cc:230] Listener stopped for port 18219
I0817 13:52:12.829139  170510 listener_interface.cc:230] Listener stopped for port 38219
W0817 13:52:12.829230  170517 main_service.cc:1536] VerifyCommandState error: Can not execute during SHUTTING DOWN
W0817 13:52:12.829269  170517 main_service.cc:1536] VerifyCommandState error: Can not execute during SHUTTING DOWN
W0817 13:52:12.829329  170512 main_service.cc:1536] VerifyCommandState error: Can not execute during SHUTTING DOWN
W0817 13:52:12.829357  170512 main_service.cc:1536] VerifyCommandState error: Can not execute during SHUTTING DOWN
W0817 13:52:12.829347  170510 main_service.cc:1536] VerifyCommandState error: Can not execute during SHUTTING DOWN
W0817 13:52:12.829366  170512 main_service.cc:1536] VerifyCommandState error: Can not execute during SHUTTING DOWN
W0817 13:52:12.829379  170510 main_service.cc:1536] VerifyCommandState error: Can not execute during SHUTTING DOWN
W0817 13:52:12.829381  170514 main_service.cc:1536] VerifyCommandState error: Can not execute during SHUTTING DOWN
W0817 13:52:12.829391  170510 main_service.cc:1536] VerifyCommandState error: Can not execute during SHUTTING DOWN
W0817 13:52:12.829410  170510 main_service.cc:1536] VerifyCommandState error: Can not execute during SHUTTING DOWN
W0817 13:52:12.829408  170514 main_service.cc:1536] VerifyCommandState error: Can not execute during SHUTTING DOWN
W0817 13:52:12.829414  170510 main_service.cc:1536] VerifyCommandState error: Can not execute during SHUTTING DOWN
W0817 13:52:12.829466  170517 main_service.cc:1536] VerifyCommandState error: Can not execute during SHUTTING DOWN
W0817 13:52:12.829479  170517 main_service.cc:1536] VerifyCommandState error: Can not execute during SHUTTING DOWN
W0817 13:52:12.829485  170517 main_service.cc:1536] VerifyCommandState error: Can not execute during SHUTTING DOWN
W0817 13:52:12.829455  170511 execution_state.cc:93] ReportError: Operation canceled: ExecutionState cancelled
W0817 13:52:12.829514  170511 protocol_client.cc:277] Socket error: Operation canceled: ExecutionState cancelled in 127.0.0.1:18216, socket info: State: ESTABLISHED, Local: 127.0.0.1:40096, Remote: 127.0.0.1:18216, Inode: 404800
I0817 13:52:12.831413  170511 replica.cc:939] Exit stable sync
