                   .--::--.
   :+*=:          =@@@@@@@@=          :+*+:
  %@@@@@@%*=.     =@@@@@@@@-     .=*%@@@@@@#
  @@@@@@@@@@@@#+-. .%@@@@#. .-+#@@@@@@@@@@@%
  -@@@@@@@@@@@@@@@@*:#@@#:*@@@@@@@@@@@@@@@@-
    :+*********####-%@%%@%-####********++.
   .%@@@@@@@@@@@@@%:@@@@@@:@@@@@@@@@@@@@@%
   .@@@@@@@@%*+-:   =@@@@=  .:-+*%@@@@@@@%.
     =*+-:           ###*          .:-+*=
                     %@@%
                     *@@*
                     +@@=
                     :##:
                     :@@:
                      @@
                      ..
* Logs will be written to the first available of the following paths:
/tmp/dragonfly.*
* For the available flags type dragonfly [--help | --helpfull]
* Documentation can be found at: https://www.dragonflydb.io/docs
I0817 13:52:09.334466  170542 dfly_main.cc:1104] Starting dragonfly df-dev-0000000
I0817 13:52:09.334603  170542 dfly_main.cc:1154] Using proactor_threads=10 (overriding cgroup-derived 0)
W0817 13:52:09.334612  170542 dfly_main.cc:1161] SWAP is enabled. Consider disabling it when running Dragonfly.
I0817 13:52:09.334669  170542 dfly_main.cc:1167] maxmemory has not been specified. Deciding myself....
I0817 13:52:09.334671  170542 dfly_main.cc:1176] Found 20.35GiB available memory. Setting maxmemory to 16.28GiB
I0817 13:52:09.335175  170543 uring_proactor.cc:263] IORing with 1024 entries, allocated 98368 bytes, cq_entries is 2048
I0817 13:52:09.335783  170542 proactor_pool.cc:149] Running 10 io threads
I0817 13:52:09.336726  170542 dragonfly_listener.cc:152] SSL version: OpenSSL 3.0.13 30 Jan 2024
W0817 13:52:09.336759  170542 dfly_main.cc:353] Protected mode enabled. Binding to localhost only because no password is set. To accept remote connections, set a password with --requirepass or specify a bind address with --bind.
I0817 13:52:09.336959  170542 dfly_main.cc:437] Listening on admin socket any:38221
I0817 13:52:09.337785  170542 server_family.cc:1207] Host OS: Linux 7.0.0-28-generic x86_64 with 10 threads
I0817 13:52:09.337923  170544 listener_interface.cc:102] sock[25] AcceptServer - listening on 0.0.0.0:38221
I0817 13:52:09.337943  170545 listener_interface.cc:102] sock[26] AcceptServer - listening on 127.0.0.1:18221
I0817 13:52:09.542293  170545 server_family.cc:3393] Initiate replication with: 127.0.0.1:18216
I0817 13:52:09.559633  170545 replica.cc:681] Started full sync with 127.0.0.1:18216
I0817 13:52:12.374797  170545 replica.cc:720] full sync finished in 2.83 s
I0817 13:52:12.375141  170545 replica.cc:907] Transitioned into stable sync
I0817 13:52:12.700021  170545 listener_interface.cc:230] Listener stopped for port 18221
I0817 13:52:12.700063  170544 listener_interface.cc:230] Listener stopped for port 38221
W0817 13:52:12.700208  170552 main_service.cc:1536] VerifyCommandState error: Can not execute during SHUTTING DOWN
W0817 13:52:12.700233  170545 main_service.cc:1536] VerifyCommandState error: Can not execute during SHUTTING DOWN
W0817 13:52:12.700243  170552 main_service.cc:1536] VerifyCommandState error: Can not execute during SHUTTING DOWN
W0817 13:52:12.700248  170545 main_service.cc:1536] VerifyCommandState error: Can not execute during SHUTTING DOWN
W0817 13:52:12.700310  170548 main_service.cc:1536] VerifyCommandState error: Can not execute during SHUTTING DOWN
W0817 13:52:12.700336  170548 main_service.cc:1536] VerifyCommandState error: Can not execute during SHUTTING DOWN
W0817 13:52:12.700344  170548 main_service.cc:1536] VerifyCommandState error: Can not execute during SHUTTING DOWN
W0817 13:52:12.700366  170545 execution_state.cc:93] ReportError: Operation canceled: ExecutionState cancelled
W0817 13:52:12.700406  170545 protocol_client.cc:277] Socket error: Operation canceled: ExecutionState cancelled in 127.0.0.1:18216, socket info: State: ESTABLISHED, Local: 127.0.0.1:40062, Remote: 127.0.0.1:18216, Inode: 404791
I0817 13:52:12.702533  170545 replica.cc:939] Exit stable sync
