                   .--::--.
   :+*=:          =@@@@@@@@=          :+*+:
  %@@@@@@%*=.     =@@@@@@@@-     .=*%@@@@@@#
  @@@@@@@@@@@@#+-. .%@@@@#. .-+#@@@@@@@@@@@%
  -@@@@@@@@@@@@@@@@*:#@@#:*@@@@@@@@@@@@@@@@-
    :+*********####-%@%%@%-####********++.
   .%@@@@@@@@@@@@@%:@@@@@@:@@@@@@@@@@@@@@%
   .@@@@@@@@%*+-:   =@@@@=  .:-+*%@@@@@@@%.
     =*+-:           ###*          .:-+*=
                     %@@%
                     *@@*
                     +@@=
                     :##:
                     :@@:
                      @@
                      ..
* Logs will be written to the first available of the following paths:
/tmp/dragonfly.*
* For the available flags type dragonfly [--help | --helpfull]
* Documentation can be found at: https://www.dragonflydb.io/docs
I0817 13:25:58.359009  141304 dfly_main.cc:1104] Starting dragonfly df-dev-0000000
I0817 13:25:58.359132  141304 dfly_main.cc:1154] Using proactor_threads=10 (overriding cgroup-derived 0)
W0817 13:25:58.359143  141304 dfly_main.cc:1161] SWAP is enabled. Consider disabling it when running Dragonfly.
I0817 13:25:58.359198  141304 dfly_main.cc:1167] maxmemory has not been specified. Deciding myself....
I0817 13:25:58.359200  141304 dfly_main.cc:1176] Found 22.90GiB available memory. Setting maxmemory to 18.32GiB
I0817 13:25:58.359680  141305 uring_proactor.cc:263] IORing with 1024 entries, allocated 98368 bytes, cq_entries is 2048
I0817 13:25:58.360288  141304 proactor_pool.cc:149] Running 10 io threads
I0817 13:25:58.361170  141304 dragonfly_listener.cc:152] SSL version: OpenSSL 3.0.13 30 Jan 2024
W0817 13:25:58.361207  141304 dfly_main.cc:353] Protected mode enabled. Binding to localhost only because no password is set. To accept remote connections, set a password with --requirepass or specify a bind address with --bind.
I0817 13:25:58.361452  141304 dfly_main.cc:437] Listening on admin socket any:50172
I0817 13:25:58.362317  141304 server_family.cc:1207] Host OS: Linux 7.0.0-28-generic x86_64 with 10 threads
I0817 13:25:58.362543  141306 listener_interface.cc:102] sock[25] AcceptServer - listening on 0.0.0.0:50172
I0817 13:25:58.362557  141307 listener_interface.cc:102] sock[26] AcceptServer - listening on 127.0.0.1:30172
I0817 13:25:58.619929  141307 server_family.cc:3393] Initiate replication with: 127.0.0.1:30168
I0817 13:25:58.634176  141307 replica.cc:681] Started full sync with 127.0.0.1:30168
W0817 13:26:06.585087  141305 proactor_base.cc:231] OnIdle task is taking too long: 1871 us defrag
I0817 13:26:12.698846  141307 replica.cc:720] full sync finished in 14.1 s
I0817 13:26:12.699052  141307 replica.cc:907] Transitioned into stable sync
I0817 13:26:13.305613  141306 listener_interface.cc:230] Listener stopped for port 50172
I0817 13:26:13.305651  141307 listener_interface.cc:230] Listener stopped for port 30172
W0817 13:26:13.305897  141314 main_service.cc:1536] VerifyCommandState error: Can not execute during SHUTTING DOWN
W0817 13:26:13.305935  141314 main_service.cc:1536] VerifyCommandState error: Can not execute during SHUTTING DOWN
W0817 13:26:13.306126  141307 main_service.cc:1536] VerifyCommandState error: Can not execute during SHUTTING DOWN
W0817 13:26:13.306146  141307 main_service.cc:1536] VerifyCommandState error: Can not execute during SHUTTING DOWN
W0817 13:26:13.306741  141311 main_service.cc:1536] VerifyCommandState error: Can not execute during SHUTTING DOWN
W0817 13:26:13.306744  141313 main_service.cc:1536] VerifyCommandState error: Can not execute during SHUTTING DOWN
W0817 13:26:13.306764  141311 main_service.cc:1536] VerifyCommandState error: Can not execute during SHUTTING DOWN
W0817 13:26:13.306768  141313 main_service.cc:1536] VerifyCommandState error: Can not execute during SHUTTING DOWN
W0817 13:26:13.306771  141311 main_service.cc:1536] VerifyCommandState error: Can not execute during SHUTTING DOWN
W0817 13:26:13.306778  141313 main_service.cc:1536] VerifyCommandState error: Can not execute during SHUTTING DOWN
W0817 13:26:13.306791  141311 main_service.cc:1536] VerifyCommandState error: Can not execute during SHUTTING DOWN
W0817 13:26:13.306800  141313 main_service.cc:1536] VerifyCommandState error: Can not execute during SHUTTING DOWN
W0817 13:26:13.306801  141311 main_service.cc:1536] VerifyCommandState error: Can not execute during SHUTTING DOWN
W0817 13:26:13.306801  141310 main_service.cc:1536] VerifyCommandState error: Can not execute during SHUTTING DOWN
W0817 13:26:13.306813  141312 main_service.cc:1536] VerifyCommandState error: Can not execute during SHUTTING DOWN
W0817 13:26:13.306795  141308 main_service.cc:1536] VerifyCommandState error: Can not execute during SHUTTING DOWN
W0817 13:26:13.306825  141311 main_service.cc:1536] VerifyCommandState error: Can not execute during SHUTTING DOWN
W0817 13:26:13.306839  141312 main_service.cc:1536] VerifyCommandState error: Can not execute during SHUTTING DOWN
W0817 13:26:13.306827  141310 main_service.cc:1536] VerifyCommandState error: Can not execute during SHUTTING DOWN
W0817 13:26:13.306855  141305 main_service.cc:1536] VerifyCommandState error: Can not execute during SHUTTING DOWN
W0817 13:26:13.306868  141305 main_service.cc:1536] VerifyCommandState error: Can not execute during SHUTTING DOWN
W0817 13:26:13.306883  141308 main_service.cc:1536] VerifyCommandState error: Can not execute during SHUTTING DOWN
W0817 13:26:13.306887  141305 main_service.cc:1536] VerifyCommandState error: Can not execute during SHUTTING DOWN
W0817 13:26:13.306891  141308 main_service.cc:1536] VerifyCommandState error: Can not execute during SHUTTING DOWN
W0817 13:26:13.306895  141305 main_service.cc:1536] VerifyCommandState error: Can not execute during SHUTTING DOWN
W0817 13:26:13.306896  141308 main_service.cc:1536] VerifyCommandState error: Can not execute during SHUTTING DOWN
W0817 13:26:13.306904  141308 main_service.cc:1536] VerifyCommandState error: Can not execute during SHUTTING DOWN
W0817 13:26:13.307050  141314 main_service.cc:1536] VerifyCommandState error: Can not execute during SHUTTING DOWN
W0817 13:26:13.307076  141306 main_service.cc:1536] VerifyCommandState error: Can not execute during SHUTTING DOWN
W0817 13:26:13.307094  141306 main_service.cc:1536] VerifyCommandState error: Can not execute during SHUTTING DOWN
W0817 13:26:13.307102  141306 main_service.cc:1536] VerifyCommandState error: Can not execute during SHUTTING DOWN
W0817 13:26:13.307081  141314 main_service.cc:1536] VerifyCommandState error: Can not execute during SHUTTING DOWN
W0817 13:26:13.307109  141306 main_service.cc:1536] VerifyCommandState error: Can not execute during SHUTTING DOWN
W0817 13:26:13.307123  141314 main_service.cc:1536] VerifyCommandState error: Can not execute during SHUTTING DOWN
W0817 13:26:13.307125  141306 main_service.cc:1536] VerifyCommandState error: Can not execute during SHUTTING DOWN
W0817 13:26:13.307200  141312 main_service.cc:1536] VerifyCommandState error: Can not execute during SHUTTING DOWN
W0817 13:26:13.307209  141312 main_service.cc:1536] VerifyCommandState error: Can not execute during SHUTTING DOWN
W0817 13:26:13.307219  141308 main_service.cc:1536] VerifyCommandState error: Can not execute during SHUTTING DOWN
W0817 13:26:13.307227  141308 main_service.cc:1536] VerifyCommandState error: Can not execute during SHUTTING DOWN
W0817 13:26:13.307245  141307 main_service.cc:1536] VerifyCommandState error: Can not execute during SHUTTING DOWN
W0817 13:26:13.307257  141307 main_service.cc:1536] VerifyCommandState error: Can not execute during SHUTTING DOWN
W0817 13:26:13.307262  141307 main_service.cc:1536] VerifyCommandState error: Can not execute during SHUTTING DOWN
W0817 13:26:13.307267  141307 main_service.cc:1536] VerifyCommandState error: Can not execute during SHUTTING DOWN
W0817 13:26:13.307272  141307 main_service.cc:1536] VerifyCommandState error: Can not execute during SHUTTING DOWN
W0817 13:26:13.307278  141307 main_service.cc:1536] VerifyCommandState error: Can not execute during SHUTTING DOWN
W0817 13:26:13.307287  141307 main_service.cc:1536] VerifyCommandState error: Can not execute during SHUTTING DOWN
W0817 13:26:13.307290  141307 main_service.cc:1536] VerifyCommandState error: Can not execute during SHUTTING DOWN
W0817 13:26:13.307297  141314 main_service.cc:1536] VerifyCommandState error: Can not execute during SHUTTING DOWN
W0817 13:26:13.307304  141314 main_service.cc:1536] VerifyCommandState error: Can not execute during SHUTTING DOWN
W0817 13:26:13.307318  141305 main_service.cc:1536] VerifyCommandState error: Can not execute during SHUTTING DOWN
W0817 13:26:13.307327  141305 main_service.cc:1536] VerifyCommandState error: Can not execute during SHUTTING DOWN
W0817 13:26:13.307331  141305 main_service.cc:1536] VerifyCommandState error: Can not execute during SHUTTING DOWN
W0817 13:26:13.307352  141309 main_service.cc:1536] VerifyCommandState error: Can not execute during SHUTTING DOWN
W0817 13:26:13.307361  141306 main_service.cc:1536] VerifyCommandState error: Can not execute during SHUTTING DOWN
W0817 13:26:13.307383  141309 main_service.cc:1536] VerifyCommandState error: Can not execute during SHUTTING DOWN
W0817 13:26:13.307392  141311 main_service.cc:1536] VerifyCommandState error: Can not execute during SHUTTING DOWN
W0817 13:26:13.307395  141309 main_service.cc:1536] VerifyCommandState error: Can not execute during SHUTTING DOWN
W0817 13:26:13.307404  141311 main_service.cc:1536] VerifyCommandState error: Can not execute during SHUTTING DOWN
W0817 13:26:13.307408  141311 main_service.cc:1536] VerifyCommandState error: Can not execute during SHUTTING DOWN
W0817 13:26:13.307411  141311 main_service.cc:1536] VerifyCommandState error: Can not execute during SHUTTING DOWN
W0817 13:26:13.307616  141305 main_service.cc:1536] VerifyCommandState error: Can not execute during SHUTTING DOWN
W0817 13:26:13.307621  141305 main_service.cc:1536] VerifyCommandState error: Can not execute during SHUTTING DOWN
W0817 13:26:13.307620  141309 main_service.cc:1536] VerifyCommandState error: Can not execute during SHUTTING DOWN
W0817 13:26:13.307628  141309 main_service.cc:1536] VerifyCommandState error: Can not execute during SHUTTING DOWN
W0817 13:26:13.307409  141307 execution_state.cc:93] ReportError: Operation canceled: ExecutionState cancelled
W0817 13:26:13.307657  141307 protocol_client.cc:277] Socket error: Operation canceled: ExecutionState cancelled in 127.0.0.1:30168, socket info: State: ESTABLISHED, Local: 127.0.0.1:43224, Remote: 127.0.0.1:30168, Inode: 351578
I0817 13:26:13.309702  141307 replica.cc:939] Exit stable sync
