                   .--::--.
   :+*=:          =@@@@@@@@=          :+*+:
  %@@@@@@%*=.     =@@@@@@@@-     .=*%@@@@@@#
  @@@@@@@@@@@@#+-. .%@@@@#. .-+#@@@@@@@@@@@%
  -@@@@@@@@@@@@@@@@*:#@@#:*@@@@@@@@@@@@@@@@-
    :+*********####-%@%%@%-####********++.
   .%@@@@@@@@@@@@@%:@@@@@@:@@@@@@@@@@@@@@%
   .@@@@@@@@%*+-:   =@@@@=  .:-+*%@@@@@@@%.
     =*+-:           ###*          .:-+*=
                     %@@%
                     *@@*
                     +@@=
                     :##:
                     :@@:
                      @@
                      ..
* Logs will be written to the first available of the following paths:
/tmp/dragonfly.*
* For the available flags type dragonfly [--help | --helpfull]
* Documentation can be found at: https://www.dragonflydb.io/docs
I0817 13:25:58.306375  141293 dfly_main.cc:1104] Starting dragonfly df-dev-0000000
I0817 13:25:58.306490  141293 dfly_main.cc:1154] Using proactor_threads=10 (overriding cgroup-derived 0)
W0817 13:25:58.306497  141293 dfly_main.cc:1161] SWAP is enabled. Consider disabling it when running Dragonfly.
I0817 13:25:58.306544  141293 dfly_main.cc:1167] maxmemory has not been specified. Deciding myself....
I0817 13:25:58.306546  141293 dfly_main.cc:1176] Found 22.91GiB available memory. Setting maxmemory to 18.33GiB
I0817 13:25:58.307020  141294 uring_proactor.cc:263] IORing with 1024 entries, allocated 98368 bytes, cq_entries is 2048
I0817 13:25:58.307670  141293 proactor_pool.cc:149] Running 10 io threads
I0817 13:25:58.308500  141293 dragonfly_listener.cc:152] SSL version: OpenSSL 3.0.13 30 Jan 2024
W0817 13:25:58.308526  141293 dfly_main.cc:353] Protected mode enabled. Binding to localhost only because no password is set. To accept remote connections, set a password with --requirepass or specify a bind address with --bind.
I0817 13:25:58.308736  141293 dfly_main.cc:437] Listening on admin socket any:50171
I0817 13:25:58.309608  141293 server_family.cc:1207] Host OS: Linux 7.0.0-28-generic x86_64 with 10 threads
I0817 13:25:58.309762  141295 listener_interface.cc:102] sock[24] AcceptServer - listening on 0.0.0.0:50171
I0817 13:25:58.309783  141296 listener_interface.cc:102] sock[26] AcceptServer - listening on 127.0.0.1:30171
I0817 13:25:58.620128  141296 server_family.cc:3393] Initiate replication with: 127.0.0.1:30168
I0817 13:25:58.634236  141296 replica.cc:681] Started full sync with 127.0.0.1:30168
I0817 13:26:12.663940  141296 replica.cc:720] full sync finished in 14 s
I0817 13:26:12.664331  141296 replica.cc:907] Transitioned into stable sync
I0817 13:26:13.371187  141296 listener_interface.cc:230] Listener stopped for port 30171
I0817 13:26:13.371216  141295 listener_interface.cc:230] Listener stopped for port 50171
W0817 13:26:13.371587  141295 main_service.cc:1536] VerifyCommandState error: Can not execute during SHUTTING DOWN
W0817 13:26:13.371621  141295 main_service.cc:1536] VerifyCommandState error: Can not execute during SHUTTING DOWN
W0817 13:26:13.371846  141300 main_service.cc:1536] VerifyCommandState error: Can not execute during SHUTTING DOWN
W0817 13:26:13.371855  141301 main_service.cc:1536] VerifyCommandState error: Can not execute during SHUTTING DOWN
W0817 13:26:13.371873  141300 main_service.cc:1536] VerifyCommandState error: Can not execute during SHUTTING DOWN
W0817 13:26:13.371879  141303 main_service.cc:1536] VerifyCommandState error: Can not execute during SHUTTING DOWN
W0817 13:26:13.371884  141301 main_service.cc:1536] VerifyCommandState error: Can not execute during SHUTTING DOWN
W0817 13:26:13.371886  141300 main_service.cc:1536] VerifyCommandState error: Can not execute during SHUTTING DOWN
W0817 13:26:13.371901  141303 main_service.cc:1536] VerifyCommandState error: Can not execute during SHUTTING DOWN
W0817 13:26:13.371947  141295 main_service.cc:1536] VerifyCommandState error: Can not execute during SHUTTING DOWN
W0817 13:26:13.371959  141295 main_service.cc:1536] VerifyCommandState error: Can not execute during SHUTTING DOWN
W0817 13:26:13.371978  141295 main_service.cc:1536] VerifyCommandState error: Can not execute during SHUTTING DOWN
W0817 13:26:13.372064  141302 main_service.cc:1536] VerifyCommandState error: Can not execute during SHUTTING DOWN
W0817 13:26:13.372067  141298 main_service.cc:1536] VerifyCommandState error: Can not execute during SHUTTING DOWN
W0817 13:26:13.372098  141302 main_service.cc:1536] VerifyCommandState error: Can not execute during SHUTTING DOWN
W0817 13:26:13.372108  141298 main_service.cc:1536] VerifyCommandState error: Can not execute during SHUTTING DOWN
W0817 13:26:13.372115  141298 main_service.cc:1536] VerifyCommandState error: Can not execute during SHUTTING DOWN
W0817 13:26:13.372154  141301 main_service.cc:1536] VerifyCommandState error: Can not execute during SHUTTING DOWN
W0817 13:26:13.372174  141301 main_service.cc:1536] VerifyCommandState error: Can not execute during SHUTTING DOWN
W0817 13:26:13.372246  141297 main_service.cc:1536] VerifyCommandState error: Can not execute during SHUTTING DOWN
W0817 13:26:13.372271  141297 main_service.cc:1536] VerifyCommandState error: Can not execute during SHUTTING DOWN
W0817 13:26:13.372276  141297 main_service.cc:1536] VerifyCommandState error: Can not execute during SHUTTING DOWN
W0817 13:26:13.372281  141297 main_service.cc:1536] VerifyCommandState error: Can not execute during SHUTTING DOWN
W0817 13:26:13.372312  141294 main_service.cc:1536] VerifyCommandState error: Can not execute during SHUTTING DOWN
W0817 13:26:13.372326  141294 main_service.cc:1536] VerifyCommandState error: Can not execute during SHUTTING DOWN
W0817 13:26:13.372331  141294 main_service.cc:1536] VerifyCommandState error: Can not execute during SHUTTING DOWN
W0817 13:26:13.372335  141294 main_service.cc:1536] VerifyCommandState error: Can not execute during SHUTTING DOWN
W0817 13:26:13.372357  141303 main_service.cc:1536] VerifyCommandState error: Can not execute during SHUTTING DOWN
W0817 13:26:13.372370  141303 main_service.cc:1536] VerifyCommandState error: Can not execute during SHUTTING DOWN
W0817 13:26:13.372410  141302 main_service.cc:1536] VerifyCommandState error: Can not execute during SHUTTING DOWN
W0817 13:26:13.372417  141302 main_service.cc:1536] VerifyCommandState error: Can not execute during SHUTTING DOWN
W0817 13:26:13.372457  141300 main_service.cc:1536] VerifyCommandState error: Can not execute during SHUTTING DOWN
W0817 13:26:13.372464  141300 main_service.cc:1536] VerifyCommandState error: Can not execute during SHUTTING DOWN
W0817 13:26:13.372477  141300 main_service.cc:1536] VerifyCommandState error: Can not execute during SHUTTING DOWN
W0817 13:26:13.372594  141295 main_service.cc:1536] VerifyCommandState error: Can not execute during SHUTTING DOWN
W0817 13:26:13.372602  141295 main_service.cc:1536] VerifyCommandState error: Can not execute during SHUTTING DOWN
W0817 13:26:13.372606  141295 main_service.cc:1536] VerifyCommandState error: Can not execute during SHUTTING DOWN
W0817 13:26:13.372610  141295 main_service.cc:1536] VerifyCommandState error: Can not execute during SHUTTING DOWN
W0817 13:26:13.372614  141295 main_service.cc:1536] VerifyCommandState error: Can not execute during SHUTTING DOWN
W0817 13:26:13.372653  141299 main_service.cc:1536] VerifyCommandState error: Can not execute during SHUTTING DOWN
W0817 13:26:13.372675  141299 main_service.cc:1536] VerifyCommandState error: Can not execute during SHUTTING DOWN
W0817 13:26:13.372681  141299 main_service.cc:1536] VerifyCommandState error: Can not execute during SHUTTING DOWN
W0817 13:26:13.372694  141295 main_service.cc:1536] VerifyCommandState error: Can not execute during SHUTTING DOWN
W0817 13:26:13.372699  141295 main_service.cc:1536] VerifyCommandState error: Can not execute during SHUTTING DOWN
W0817 13:26:13.372711  141297 main_service.cc:1536] VerifyCommandState error: Can not execute during SHUTTING DOWN
W0817 13:26:13.372719  141297 main_service.cc:1536] VerifyCommandState error: Can not execute during SHUTTING DOWN
W0817 13:26:13.372719  141300 main_service.cc:1536] VerifyCommandState error: Can not execute during SHUTTING DOWN
W0817 13:26:13.372736  141300 main_service.cc:1536] VerifyCommandState error: Can not execute during SHUTTING DOWN
W0817 13:26:13.372383  141296 execution_state.cc:93] ReportError: Operation canceled: ExecutionState cancelled
W0817 13:26:13.372837  141296 protocol_client.cc:277] Socket error: Operation canceled: ExecutionState cancelled in 127.0.0.1:30168, socket info: State: ESTABLISHED, Local: 127.0.0.1:43234, Remote: 127.0.0.1:30168, Inode: 351581
I0817 13:26:13.375104  141296 replica.cc:939] Exit stable sync
