                   .--::--.
   :+*=:          =@@@@@@@@=          :+*+:
  %@@@@@@%*=.     =@@@@@@@@-     .=*%@@@@@@#
  @@@@@@@@@@@@#+-. .%@@@@#. .-+#@@@@@@@@@@@%
  -@@@@@@@@@@@@@@@@*:#@@#:*@@@@@@@@@@@@@@@@-
    :+*********####-%@%%@%-####********++.
   .%@@@@@@@@@@@@@%:@@@@@@:@@@@@@@@@@@@@@%
   .@@@@@@@@%*+-:   =@@@@=  .:-+*%@@@@@@@%.
     =*+-:           ###*          .:-+*=
                     %@@%
                     *@@*
                     +@@=
                     :##:
                     :@@:
                      @@
                      ..
* Logs will be written to the first available of the following paths:
/tmp/dragonfly.*
* For the available flags type dragonfly [--help | --helpfull]
* Documentation can be found at: https://www.dragonflydb.io/docs
I0817 13:25:58.203180  141271 dfly_main.cc:1104] Starting dragonfly df-dev-0000000
I0817 13:25:58.203304  141271 dfly_main.cc:1154] Using proactor_threads=10 (overriding cgroup-derived 0)
W0817 13:25:58.203314  141271 dfly_main.cc:1161] SWAP is enabled. Consider disabling it when running Dragonfly.
I0817 13:25:58.203375  141271 dfly_main.cc:1167] maxmemory has not been specified. Deciding myself....
I0817 13:25:58.203377  141271 dfly_main.cc:1176] Found 22.92GiB available memory. Setting maxmemory to 18.33GiB
I0817 13:25:58.203851  141272 uring_proactor.cc:263] IORing with 1024 entries, allocated 98368 bytes, cq_entries is 2048
I0817 13:25:58.204661  141271 proactor_pool.cc:149] Running 10 io threads
I0817 13:25:58.205665  141271 dragonfly_listener.cc:152] SSL version: OpenSSL 3.0.13 30 Jan 2024
W0817 13:25:58.205694  141271 dfly_main.cc:353] Protected mode enabled. Binding to localhost only because no password is set. To accept remote connections, set a password with --requirepass or specify a bind address with --bind.
I0817 13:25:58.205910  141271 dfly_main.cc:437] Listening on admin socket any:50169
I0817 13:25:58.206696  141271 server_family.cc:1207] Host OS: Linux 7.0.0-28-generic x86_64 with 10 threads
I0817 13:25:58.206862  141273 listener_interface.cc:102] sock[25] AcceptServer - listening on 0.0.0.0:50169
I0817 13:25:58.206871  141274 listener_interface.cc:102] sock[26] AcceptServer - listening on 127.0.0.1:30169
I0817 13:25:58.619320  141274 server_family.cc:3393] Initiate replication with: 127.0.0.1:30168
I0817 13:25:58.633100  141274 replica.cc:681] Started full sync with 127.0.0.1:30168
W0817 13:26:08.515963  141278 proactor_base.cc:231] OnIdle task is taking too long: 1700 us defrag
I0817 13:26:12.726395  141274 replica.cc:720] full sync finished in 14.1 s
I0817 13:26:12.727653  141274 replica.cc:907] Transitioned into stable sync
I0817 13:26:13.500282  141274 listener_interface.cc:230] Listener stopped for port 30169
I0817 13:26:13.500295  141273 listener_interface.cc:230] Listener stopped for port 50169
W0817 13:26:13.500930  141273 main_service.cc:1536] VerifyCommandState error: Can not execute during SHUTTING DOWN
W0817 13:26:13.500955  141273 main_service.cc:1536] VerifyCommandState error: Can not execute during SHUTTING DOWN
W0817 13:26:13.500962  141273 main_service.cc:1536] VerifyCommandState error: Can not execute during SHUTTING DOWN
W0817 13:26:13.501295  141274 main_service.cc:1536] VerifyCommandState error: Can not execute during SHUTTING DOWN
W0817 13:26:13.501312  141274 main_service.cc:1536] VerifyCommandState error: Can not execute during SHUTTING DOWN
W0817 13:26:13.501464  141272 main_service.cc:1536] VerifyCommandState error: Can not execute during SHUTTING DOWN
W0817 13:26:13.501502  141272 main_service.cc:1536] VerifyCommandState error: Can not execute during SHUTTING DOWN
W0817 13:26:13.501702  141278 main_service.cc:1536] VerifyCommandState error: Can not execute during SHUTTING DOWN
W0817 13:26:13.501701  141275 main_service.cc:1536] VerifyCommandState error: Can not execute during SHUTTING DOWN
W0817 13:26:13.501722  141278 main_service.cc:1536] VerifyCommandState error: Can not execute during SHUTTING DOWN
W0817 13:26:13.501735  141275 main_service.cc:1536] VerifyCommandState error: Can not execute during SHUTTING DOWN
W0817 13:26:13.501729  141276 main_service.cc:1536] VerifyCommandState error: Can not execute during SHUTTING DOWN
W0817 13:26:13.501741  141278 main_service.cc:1536] VerifyCommandState error: Can not execute during SHUTTING DOWN
W0817 13:26:13.501737  141277 main_service.cc:1536] VerifyCommandState error: Can not execute during SHUTTING DOWN
W0817 13:26:13.501749  141275 main_service.cc:1536] VerifyCommandState error: Can not execute during SHUTTING DOWN
W0817 13:26:13.501757  141276 main_service.cc:1536] VerifyCommandState error: Can not execute during SHUTTING DOWN
W0817 13:26:13.501763  141281 main_service.cc:1536] VerifyCommandState error: Can not execute during SHUTTING DOWN
W0817 13:26:13.501775  141277 main_service.cc:1536] VerifyCommandState error: Can not execute during SHUTTING DOWN
W0817 13:26:13.501785  141281 main_service.cc:1536] VerifyCommandState error: Can not execute during SHUTTING DOWN
W0817 13:26:13.501787  141276 main_service.cc:1536] VerifyCommandState error: Can not execute during SHUTTING DOWN
W0817 13:26:13.501783  141279 main_service.cc:1536] VerifyCommandState error: Can not execute during SHUTTING DOWN
W0817 13:26:13.501804  141276 main_service.cc:1536] VerifyCommandState error: Can not execute during SHUTTING DOWN
W0817 13:26:13.501807  141275 main_service.cc:1536] VerifyCommandState error: Can not execute during SHUTTING DOWN
W0817 13:26:13.501812  141277 main_service.cc:1536] VerifyCommandState error: Can not execute during SHUTTING DOWN
W0817 13:26:13.501817  141279 main_service.cc:1536] VerifyCommandState error: Can not execute during SHUTTING DOWN
W0817 13:26:13.501820  141277 main_service.cc:1536] VerifyCommandState error: Can not execute during SHUTTING DOWN
W0817 13:26:13.501825  141276 main_service.cc:1536] VerifyCommandState error: Can not execute during SHUTTING DOWN
W0817 13:26:13.501827  141277 main_service.cc:1536] VerifyCommandState error: Can not execute during SHUTTING DOWN
W0817 13:26:13.501831  141275 main_service.cc:1536] VerifyCommandState error: Can not execute during SHUTTING DOWN
W0817 13:26:13.501845  141279 main_service.cc:1536] VerifyCommandState error: Can not execute during SHUTTING DOWN
W0817 13:26:13.501856  141279 main_service.cc:1536] VerifyCommandState error: Can not execute during SHUTTING DOWN
W0817 13:26:13.501861  141279 main_service.cc:1536] VerifyCommandState error: Can not execute during SHUTTING DOWN
W0817 13:26:13.501869  141281 main_service.cc:1536] VerifyCommandState error: Can not execute during SHUTTING DOWN
W0817 13:26:13.501881  141281 main_service.cc:1536] VerifyCommandState error: Can not execute during SHUTTING DOWN
W0817 13:26:13.501902  141277 main_service.cc:1536] VerifyCommandState error: Can not execute during SHUTTING DOWN
W0817 13:26:13.501908  141277 main_service.cc:1536] VerifyCommandState error: Can not execute during SHUTTING DOWN
W0817 13:26:13.501912  141277 main_service.cc:1536] VerifyCommandState error: Can not execute during SHUTTING DOWN
W0817 13:26:13.502194  141273 main_service.cc:1536] VerifyCommandState error: Can not execute during SHUTTING DOWN
W0817 13:26:13.502204  141273 main_service.cc:1536] VerifyCommandState error: Can not execute during SHUTTING DOWN
W0817 13:26:13.502208  141273 main_service.cc:1536] VerifyCommandState error: Can not execute during SHUTTING DOWN
W0817 13:26:13.502212  141273 main_service.cc:1536] VerifyCommandState error: Can not execute during SHUTTING DOWN
W0817 13:26:13.502218  141273 main_service.cc:1536] VerifyCommandState error: Can not execute during SHUTTING DOWN
W0817 13:26:13.502223  141273 main_service.cc:1536] VerifyCommandState error: Can not execute during SHUTTING DOWN
W0817 13:26:13.502225  141280 main_service.cc:1536] VerifyCommandState error: Can not execute during SHUTTING DOWN
W0817 13:26:13.502240  141280 main_service.cc:1536] VerifyCommandState error: Can not execute during SHUTTING DOWN
W0817 13:26:13.502264  141277 main_service.cc:1536] VerifyCommandState error: Can not execute during SHUTTING DOWN
W0817 13:26:13.502271  141277 main_service.cc:1536] VerifyCommandState error: Can not execute during SHUTTING DOWN
W0817 13:26:13.502327  141272 main_service.cc:1536] VerifyCommandState error: Can not execute during SHUTTING DOWN
W0817 13:26:13.502333  141272 main_service.cc:1536] VerifyCommandState error: Can not execute during SHUTTING DOWN
W0817 13:26:13.502336  141272 main_service.cc:1536] VerifyCommandState error: Can not execute during SHUTTING DOWN
W0817 13:26:13.502339  141272 main_service.cc:1536] VerifyCommandState error: Can not execute during SHUTTING DOWN
W0817 13:26:13.502440  141278 main_service.cc:1536] VerifyCommandState error: Can not execute during SHUTTING DOWN
W0817 13:26:13.502455  141278 main_service.cc:1536] VerifyCommandState error: Can not execute during SHUTTING DOWN
W0817 13:26:13.502574  141273 main_service.cc:1536] VerifyCommandState error: Can not execute during SHUTTING DOWN
W0817 13:26:13.502581  141273 main_service.cc:1536] VerifyCommandState error: Can not execute during SHUTTING DOWN
W0817 13:26:13.502648  141279 main_service.cc:1536] VerifyCommandState error: Can not execute during SHUTTING DOWN
W0817 13:26:13.502656  141279 main_service.cc:1536] VerifyCommandState error: Can not execute during SHUTTING DOWN
W0817 13:26:13.502661  141279 main_service.cc:1536] VerifyCommandState error: Can not execute during SHUTTING DOWN
W0817 13:26:13.502685  141275 main_service.cc:1536] VerifyCommandState error: Can not execute during SHUTTING DOWN
W0817 13:26:13.502694  141275 main_service.cc:1536] VerifyCommandState error: Can not execute during SHUTTING DOWN
W0817 13:26:13.502698  141275 main_service.cc:1536] VerifyCommandState error: Can not execute during SHUTTING DOWN
W0817 13:26:13.502463  141274 execution_state.cc:93] ReportError: Operation canceled: ExecutionState cancelled
W0817 13:26:13.502919  141276 main_service.cc:1536] VerifyCommandState error: Can not execute during SHUTTING DOWN
W0817 13:26:13.502951  141274 protocol_client.cc:277] Socket error: Operation canceled: ExecutionState cancelled in 127.0.0.1:30168, socket info: State: ESTABLISHED, Local: 127.0.0.1:43196, Remote: 127.0.0.1:30168, Inode: 351569
I0817 13:26:13.505072  141274 replica.cc:939] Exit stable sync
