                   .--::--.
   :+*=:          =@@@@@@@@=          :+*+:
  %@@@@@@%*=.     =@@@@@@@@-     .=*%@@@@@@#
  @@@@@@@@@@@@#+-. .%@@@@#. .-+#@@@@@@@@@@@%
  -@@@@@@@@@@@@@@@@*:#@@#:*@@@@@@@@@@@@@@@@-
    :+*********####-%@%%@%-####********++.
   .%@@@@@@@@@@@@@%:@@@@@@:@@@@@@@@@@@@@@%
   .@@@@@@@@%*+-:   =@@@@=  .:-+*%@@@@@@@%.
     =*+-:           ###*          .:-+*=
                     %@@%
                     *@@*
                     +@@=
                     :##:
                     :@@:
                      @@
                      ..
* Logs will be written to the first available of the following paths:
/tmp/dragonfly.*
* For the available flags type dragonfly [--help | --helpfull]
* Documentation can be found at: https://www.dragonflydb.io/docs
I0817 13:25:58.464930  141326 dfly_main.cc:1104] Starting dragonfly df-dev-0000000
I0817 13:25:58.465038  141326 dfly_main.cc:1154] Using proactor_threads=10 (overriding cgroup-derived 0)
W0817 13:25:58.465044  141326 dfly_main.cc:1161] SWAP is enabled. Consider disabling it when running Dragonfly.
I0817 13:25:58.465103  141326 dfly_main.cc:1167] maxmemory has not been specified. Deciding myself....
I0817 13:25:58.465105  141326 dfly_main.cc:1176] Found 22.92GiB available memory. Setting maxmemory to 18.34GiB
I0817 13:25:58.465617  141327 uring_proactor.cc:263] IORing with 1024 entries, allocated 98368 bytes, cq_entries is 2048
I0817 13:25:58.466230  141326 proactor_pool.cc:149] Running 10 io threads
I0817 13:25:58.467124  141326 dragonfly_listener.cc:152] SSL version: OpenSSL 3.0.13 30 Jan 2024
W0817 13:25:58.467147  141326 dfly_main.cc:353] Protected mode enabled. Binding to localhost only because no password is set. To accept remote connections, set a password with --requirepass or specify a bind address with --bind.
I0817 13:25:58.467338  141326 dfly_main.cc:437] Listening on admin socket any:50174
I0817 13:25:58.468221  141326 server_family.cc:1207] Host OS: Linux 7.0.0-28-generic x86_64 with 10 threads
I0817 13:25:58.468407  141328 listener_interface.cc:102] sock[25] AcceptServer - listening on 0.0.0.0:50174
I0817 13:25:58.468439  141329 listener_interface.cc:102] sock[26] AcceptServer - listening on 127.0.0.1:30174
I0817 13:25:58.620298  141329 server_family.cc:3393] Initiate replication with: 127.0.0.1:30168
I0817 13:25:58.634099  141329 replica.cc:681] Started full sync with 127.0.0.1:30168
W0817 13:26:06.595107  141330 proactor_base.cc:231] OnIdle task is taking too long: 1931 us defrag
I0817 13:26:12.718225  141329 replica.cc:720] full sync finished in 14.1 s
I0817 13:26:12.721390  141329 replica.cc:907] Transitioned into stable sync
I0817 13:26:13.124420  141329 listener_interface.cc:230] Listener stopped for port 30174
I0817 13:26:13.124488  141328 listener_interface.cc:230] Listener stopped for port 50174
W0817 13:26:13.124708  141332 main_service.cc:1536] VerifyCommandState error: Can not execute during SHUTTING DOWN
W0817 13:26:13.124742  141329 main_service.cc:1536] VerifyCommandState error: Can not execute during SHUTTING DOWN
W0817 13:26:13.124778  141329 main_service.cc:1536] VerifyCommandState error: Can not execute during SHUTTING DOWN
W0817 13:26:13.124749  141332 main_service.cc:1536] VerifyCommandState error: Can not execute during SHUTTING DOWN
W0817 13:26:13.125065  141333 main_service.cc:1536] VerifyCommandState error: Can not execute during SHUTTING DOWN
W0817 13:26:13.125098  141333 main_service.cc:1536] VerifyCommandState error: Can not execute during SHUTTING DOWN
W0817 13:26:13.125105  141333 main_service.cc:1536] VerifyCommandState error: Can not execute during SHUTTING DOWN
W0817 13:26:13.125189  141334 main_service.cc:1536] VerifyCommandState error: Can not execute during SHUTTING DOWN
W0817 13:26:13.125220  141334 main_service.cc:1536] VerifyCommandState error: Can not execute during SHUTTING DOWN
W0817 13:26:13.125219  141332 main_service.cc:1536] VerifyCommandState error: Can not execute during SHUTTING DOWN
W0817 13:26:13.125227  141334 main_service.cc:1536] VerifyCommandState error: Can not execute during SHUTTING DOWN
W0817 13:26:13.125192  141330 main_service.cc:1536] VerifyCommandState error: Can not execute during SHUTTING DOWN
W0817 13:26:13.125246  141332 main_service.cc:1536] VerifyCommandState error: Can not execute during SHUTTING DOWN
W0817 13:26:13.125269  141330 main_service.cc:1536] VerifyCommandState error: Can not execute during SHUTTING DOWN
W0817 13:26:13.125278  141330 main_service.cc:1536] VerifyCommandState error: Can not execute during SHUTTING DOWN
W0817 13:26:13.125285  141330 main_service.cc:1536] VerifyCommandState error: Can not execute during SHUTTING DOWN
W0817 13:26:13.125293  141329 main_service.cc:1536] VerifyCommandState error: Can not execute during SHUTTING DOWN
W0817 13:26:13.125296  141328 main_service.cc:1536] VerifyCommandState error: Can not execute during SHUTTING DOWN
W0817 13:26:13.125319  141329 main_service.cc:1536] VerifyCommandState error: Can not execute during SHUTTING DOWN
W0817 13:26:13.125323  141329 main_service.cc:1536] VerifyCommandState error: Can not execute during SHUTTING DOWN
W0817 13:26:13.125335  141328 main_service.cc:1536] VerifyCommandState error: Can not execute during SHUTTING DOWN
W0817 13:26:13.125356  141328 main_service.cc:1536] VerifyCommandState error: Can not execute during SHUTTING DOWN
W0817 13:26:13.125362  141328 main_service.cc:1536] VerifyCommandState error: Can not execute during SHUTTING DOWN
W0817 13:26:13.125366  141328 main_service.cc:1536] VerifyCommandState error: Can not execute during SHUTTING DOWN
W0817 13:26:13.125372  141328 main_service.cc:1536] VerifyCommandState error: Can not execute during SHUTTING DOWN
W0817 13:26:13.125690  141331 main_service.cc:1536] VerifyCommandState error: Can not execute during SHUTTING DOWN
W0817 13:26:13.125716  141331 main_service.cc:1536] VerifyCommandState error: Can not execute during SHUTTING DOWN
W0817 13:26:13.125722  141331 main_service.cc:1536] VerifyCommandState error: Can not execute during SHUTTING DOWN
W0817 13:26:13.125779  141335 main_service.cc:1536] VerifyCommandState error: Can not execute during SHUTTING DOWN
W0817 13:26:13.125805  141335 main_service.cc:1536] VerifyCommandState error: Can not execute during SHUTTING DOWN
W0817 13:26:13.125781  141336 main_service.cc:1536] VerifyCommandState error: Can not execute during SHUTTING DOWN
W0817 13:26:13.125834  141336 main_service.cc:1536] VerifyCommandState error: Can not execute during SHUTTING DOWN
W0817 13:26:13.125850  141336 main_service.cc:1536] VerifyCommandState error: Can not execute during SHUTTING DOWN
W0817 13:26:13.125893  141329 main_service.cc:1536] VerifyCommandState error: Can not execute during SHUTTING DOWN
W0817 13:26:13.125903  141329 main_service.cc:1536] VerifyCommandState error: Can not execute during SHUTTING DOWN
W0817 13:26:13.125907  141329 main_service.cc:1536] VerifyCommandState error: Can not execute during SHUTTING DOWN
W0817 13:26:13.125907  141328 main_service.cc:1536] VerifyCommandState error: Can not execute during SHUTTING DOWN
W0817 13:26:13.125914  141328 main_service.cc:1536] VerifyCommandState error: Can not execute during SHUTTING DOWN
W0817 13:26:13.125950  141333 main_service.cc:1536] VerifyCommandState error: Can not execute during SHUTTING DOWN
W0817 13:26:13.125933  141329 execution_state.cc:93] ReportError: Operation canceled: ExecutionState cancelled
W0817 13:26:13.125964  141333 main_service.cc:1536] VerifyCommandState error: Can not execute during SHUTTING DOWN
W0817 13:26:13.125969  141333 main_service.cc:1536] VerifyCommandState error: Can not execute during SHUTTING DOWN
W0817 13:26:13.125986  141329 protocol_client.cc:277] Socket error: Operation canceled: ExecutionState cancelled in 127.0.0.1:30168, socket info: State: ESTABLISHED, Local: 127.0.0.1:43244, Remote: 127.0.0.1:30168, Inode: 351584
I0817 13:26:13.128340  141329 replica.cc:939] Exit stable sync
