                   .--::--.
   :+*=:          =@@@@@@@@=          :+*+:
  %@@@@@@%*=.     =@@@@@@@@-     .=*%@@@@@@#
  @@@@@@@@@@@@#+-. .%@@@@#. .-+#@@@@@@@@@@@%
  -@@@@@@@@@@@@@@@@*:#@@#:*@@@@@@@@@@@@@@@@-
    :+*********####-%@%%@%-####********++.
   .%@@@@@@@@@@@@@%:@@@@@@:@@@@@@@@@@@@@@%
   .@@@@@@@@%*+-:   =@@@@=  .:-+*%@@@@@@@%.
     =*+-:           ###*          .:-+*=
                     %@@%
                     *@@*
                     +@@=
                     :##:
                     :@@:
                      @@
                      ..
* Logs will be written to the first available of the following paths:
/tmp/dragonfly.*
* For the available flags type dragonfly [--help | --helpfull]
* Documentation can be found at: https://www.dragonflydb.io/docs
I0817 13:25:58.518172  141337 dfly_main.cc:1104] Starting dragonfly df-dev-0000000
I0817 13:25:58.518284  141337 dfly_main.cc:1154] Using proactor_threads=10 (overriding cgroup-derived 0)
W0817 13:25:58.518294  141337 dfly_main.cc:1161] SWAP is enabled. Consider disabling it when running Dragonfly.
I0817 13:25:58.518354  141337 dfly_main.cc:1167] maxmemory has not been specified. Deciding myself....
I0817 13:25:58.518356  141337 dfly_main.cc:1176] Found 22.92GiB available memory. Setting maxmemory to 18.33GiB
I0817 13:25:58.518876  141338 uring_proactor.cc:263] IORing with 1024 entries, allocated 98368 bytes, cq_entries is 2048
I0817 13:25:58.519673  141337 proactor_pool.cc:149] Running 10 io threads
I0817 13:25:58.520492  141337 dragonfly_listener.cc:152] SSL version: OpenSSL 3.0.13 30 Jan 2024
W0817 13:25:58.520511  141337 dfly_main.cc:353] Protected mode enabled. Binding to localhost only because no password is set. To accept remote connections, set a password with --requirepass or specify a bind address with --bind.
I0817 13:25:58.520707  141337 dfly_main.cc:437] Listening on admin socket any:50175
I0817 13:25:58.521764  141337 server_family.cc:1207] Host OS: Linux 7.0.0-28-generic x86_64 with 10 threads
I0817 13:25:58.521962  141339 listener_interface.cc:102] sock[24] AcceptServer - listening on 0.0.0.0:50175
I0817 13:25:58.521964  141340 listener_interface.cc:102] sock[26] AcceptServer - listening on 127.0.0.1:30175
I0817 13:25:58.619517  141340 server_family.cc:3393] Initiate replication with: 127.0.0.1:30168
I0817 13:25:58.632619  141340 replica.cc:681] Started full sync with 127.0.0.1:30168
W0817 13:26:07.075085  141340 proactor_base.cc:231] OnIdle task is taking too long: 2494 us defrag
I0817 13:26:12.565074  141340 replica.cc:720] full sync finished in 13.9 s
I0817 13:26:12.565468  141340 replica.cc:907] Transitioned into stable sync
I0817 13:26:13.009612  141340 listener_interface.cc:230] Listener stopped for port 30175
I0817 13:26:13.009682  141339 listener_interface.cc:230] Listener stopped for port 50175
W0817 13:26:13.010040  141340 main_service.cc:1536] VerifyCommandState error: Can not execute during SHUTTING DOWN
W0817 13:26:13.010065  141340 main_service.cc:1536] VerifyCommandState error: Can not execute during SHUTTING DOWN
W0817 13:26:13.010175  141338 main_service.cc:1536] VerifyCommandState error: Can not execute during SHUTTING DOWN
W0817 13:26:13.010205  141338 main_service.cc:1536] VerifyCommandState error: Can not execute during SHUTTING DOWN
W0817 13:26:13.010259  141347 main_service.cc:1536] VerifyCommandState error: Can not execute during SHUTTING DOWN
W0817 13:26:13.010261  141342 main_service.cc:1536] VerifyCommandState error: Can not execute during SHUTTING DOWN
W0817 13:26:13.010285  141347 main_service.cc:1536] VerifyCommandState error: Can not execute during SHUTTING DOWN
W0817 13:26:13.010291  141342 main_service.cc:1536] VerifyCommandState error: Can not execute during SHUTTING DOWN
W0817 13:26:13.010294  141347 main_service.cc:1536] VerifyCommandState error: Can not execute during SHUTTING DOWN
W0817 13:26:13.010384  141340 main_service.cc:1536] VerifyCommandState error: Can not execute during SHUTTING DOWN
W0817 13:26:13.010384  141345 main_service.cc:1536] VerifyCommandState error: Can not execute during SHUTTING DOWN
W0817 13:26:13.010412  141340 main_service.cc:1536] VerifyCommandState error: Can not execute during SHUTTING DOWN
W0817 13:26:13.010426  141345 main_service.cc:1536] VerifyCommandState error: Can not execute during SHUTTING DOWN
W0817 13:26:13.010523  141338 main_service.cc:1536] VerifyCommandState error: Can not execute during SHUTTING DOWN
W0817 13:26:13.010525  141339 main_service.cc:1536] VerifyCommandState error: Can not execute during SHUTTING DOWN
W0817 13:26:13.010533  141338 main_service.cc:1536] VerifyCommandState error: Can not execute during SHUTTING DOWN
W0817 13:26:13.010547  141339 main_service.cc:1536] VerifyCommandState error: Can not execute during SHUTTING DOWN
W0817 13:26:13.010556  141339 main_service.cc:1536] VerifyCommandState error: Can not execute during SHUTTING DOWN
W0817 13:26:13.010575  141339 main_service.cc:1536] VerifyCommandState error: Can not execute during SHUTTING DOWN
W0817 13:26:13.010605  141340 execution_state.cc:93] ReportError: Operation canceled: ExecutionState cancelled
W0817 13:26:13.010647  141340 protocol_client.cc:277] Socket error: Operation canceled: ExecutionState cancelled in 127.0.0.1:30168, socket info: State: ESTABLISHED, Local: 127.0.0.1:43200, Remote: 127.0.0.1:30168, Inode: 351572
I0817 13:26:13.014585  141340 replica.cc:939] Exit stable sync
