                   .--::--.
   :+*=:          =@@@@@@@@=          :+*+:
  %@@@@@@%*=.     =@@@@@@@@-     .=*%@@@@@@#
  @@@@@@@@@@@@#+-. .%@@@@#. .-+#@@@@@@@@@@@%
  -@@@@@@@@@@@@@@@@*:#@@#:*@@@@@@@@@@@@@@@@-
    :+*********####-%@%%@%-####********++.
   .%@@@@@@@@@@@@@%:@@@@@@:@@@@@@@@@@@@@@%
   .@@@@@@@@%*+-:   =@@@@=  .:-+*%@@@@@@@%.
     =*+-:           ###*          .:-+*=
                     %@@%
                     *@@*
                     +@@=
                     :##:
                     :@@:
                      @@
                      ..
* Logs will be written to the first available of the following paths:
/tmp/dragonfly.*
* For the available flags type dragonfly [--help | --helpfull]
* Documentation can be found at: https://www.dragonflydb.io/docs
I0817 12:35:31.635714   65557 dfly_main.cc:1104] Starting dragonfly df-dev-0000000
I0817 12:35:31.635874   65557 dfly_main.cc:1154] Using proactor_threads=10 (overriding cgroup-derived 0)
W0817 12:35:31.635890   65557 dfly_main.cc:1161] SWAP is enabled. Consider disabling it when running Dragonfly.
I0817 12:35:31.635962   65557 dfly_main.cc:1167] maxmemory has not been specified. Deciding myself....
I0817 12:35:31.635965   65557 dfly_main.cc:1176] Found 20.24GiB available memory. Setting maxmemory to 16.20GiB
I0817 12:35:31.636581   65558 uring_proactor.cc:263] IORing with 1024 entries, allocated 98368 bytes, cq_entries is 2048
I0817 12:35:31.637341   65557 proactor_pool.cc:149] Running 10 io threads
I0817 12:35:31.638394   65557 dragonfly_listener.cc:152] SSL version: OpenSSL 3.0.13 30 Jan 2024
W0817 12:35:31.638422   65557 dfly_main.cc:353] Protected mode enabled. Binding to localhost only because no password is set. To accept remote connections, set a password with --requirepass or specify a bind address with --bind.
I0817 12:35:31.638672   65557 dfly_main.cc:437] Listening on admin socket any:45245
I0817 12:35:31.639519   65557 server_family.cc:1207] Host OS: Linux 7.0.0-28-generic x86_64 with 10 threads
I0817 12:35:31.639713   65560 listener_interface.cc:102] sock[26] AcceptServer - listening on 127.0.0.1:25245
I0817 12:35:31.639705   65559 listener_interface.cc:102] sock[24] AcceptServer - listening on 0.0.0.0:45245
I0817 12:35:31.736329   65560 server_family.cc:3393] Initiate replication with: 127.0.0.1:25244
I0817 12:35:31.738414   65560 replica.cc:681] Started full sync with 127.0.0.1:25244
I0817 12:35:32.420031   65560 replica.cc:720] full sync finished in 683 ms
I0817 12:35:32.420145   65560 replica.cc:907] Transitioned into stable sync
I0817 12:35:32.517585   65560 listener_interface.cc:230] Listener stopped for port 25245
I0817 12:35:32.517616   65559 listener_interface.cc:230] Listener stopped for port 45245
W0817 12:35:32.517666   65558 main_service.cc:1536] VerifyCommandState error: Can not execute during SHUTTING DOWN
W0817 12:35:32.517732   65558 main_service.cc:1536] VerifyCommandState error: Can not execute during SHUTTING DOWN
W0817 12:35:32.517725   65566 main_service.cc:1536] VerifyCommandState error: Can not execute during SHUTTING DOWN
W0817 12:35:32.517751   65566 main_service.cc:1536] VerifyCommandState error: Can not execute during SHUTTING DOWN
W0817 12:35:32.517759   65565 main_service.cc:1536] VerifyCommandState error: Can not execute during SHUTTING DOWN
W0817 12:35:32.517779   65558 main_service.cc:1536] VerifyCommandState error: Can not execute during SHUTTING DOWN
W0817 12:35:32.517788   65565 main_service.cc:1536] VerifyCommandState error: Can not execute during SHUTTING DOWN
W0817 12:35:32.517789   65558 main_service.cc:1536] VerifyCommandState error: Can not execute during SHUTTING DOWN
W0817 12:35:32.517825   65560 execution_state.cc:93] ReportError: Operation canceled: ExecutionState cancelled
W0817 12:35:32.517863   65560 protocol_client.cc:277] Socket error: Operation canceled: ExecutionState cancelled in 127.0.0.1:25244, socket info: State: ESTABLISHED, Local: 127.0.0.1:35188, Remote: 127.0.0.1:25244, Inode: 217287
I0817 12:35:32.518557   65560 replica.cc:939] Exit stable sync
