                   .--::--.
   :+*=:          =@@@@@@@@=          :+*+:
  %@@@@@@%*=.     =@@@@@@@@-     .=*%@@@@@@#
  @@@@@@@@@@@@#+-. .%@@@@#. .-+#@@@@@@@@@@@%
  -@@@@@@@@@@@@@@@@*:#@@#:*@@@@@@@@@@@@@@@@-
    :+*********####-%@%%@%-####********++.
   .%@@@@@@@@@@@@@%:@@@@@@:@@@@@@@@@@@@@@%
   .@@@@@@@@%*+-:   =@@@@=  .:-+*%@@@@@@@%.
     =*+-:           ###*          .:-+*=
                     %@@%
                     *@@*
                     +@@=
                     :##:
                     :@@:
                      @@
                      ..
* Logs will be written to the first available of the following paths:
/tmp/dragonfly.*
* For the available flags type dragonfly [--help | --helpfull]
* Documentation can be found at: https://www.dragonflydb.io/docs
I0817 12:35:31.688712   65568 dfly_main.cc:1104] Starting dragonfly df-dev-0000000
I0817 12:35:31.688817   65568 dfly_main.cc:1154] Using proactor_threads=10 (overriding cgroup-derived 0)
W0817 12:35:31.688824   65568 dfly_main.cc:1161] SWAP is enabled. Consider disabling it when running Dragonfly.
I0817 12:35:31.688863   65568 dfly_main.cc:1167] maxmemory has not been specified. Deciding myself....
I0817 12:35:31.688865   65568 dfly_main.cc:1176] Found 20.24GiB available memory. Setting maxmemory to 16.19GiB
I0817 12:35:31.689349   65569 uring_proactor.cc:263] IORing with 1024 entries, allocated 98368 bytes, cq_entries is 2048
I0817 12:35:31.690168   65568 proactor_pool.cc:149] Running 10 io threads
I0817 12:35:31.691473   65568 dragonfly_listener.cc:152] SSL version: OpenSSL 3.0.13 30 Jan 2024
W0817 12:35:31.691501   65568 dfly_main.cc:353] Protected mode enabled. Binding to localhost only because no password is set. To accept remote connections, set a password with --requirepass or specify a bind address with --bind.
I0817 12:35:31.691726   65568 dfly_main.cc:437] Listening on admin socket any:45246
I0817 12:35:31.692649   65568 server_family.cc:1207] Host OS: Linux 7.0.0-28-generic x86_64 with 10 threads
I0817 12:35:31.692860   65570 listener_interface.cc:102] sock[25] AcceptServer - listening on 0.0.0.0:45246
I0817 12:35:31.692873   65571 listener_interface.cc:102] sock[26] AcceptServer - listening on 127.0.0.1:25246
I0817 12:35:31.736086   65571 server_family.cc:3393] Initiate replication with: 127.0.0.1:25244
I0817 12:35:31.738244   65571 replica.cc:681] Started full sync with 127.0.0.1:25244
I0817 12:35:32.419406   65571 replica.cc:720] full sync finished in 682 ms
I0817 12:35:32.419583   65571 replica.cc:907] Transitioned into stable sync
I0817 12:35:32.486289   65571 listener_interface.cc:230] Listener stopped for port 25246
I0817 12:35:32.486307   65570 listener_interface.cc:230] Listener stopped for port 45246
W0817 12:35:32.486453   65577 main_service.cc:1536] VerifyCommandState error: Can not execute during SHUTTING DOWN
W0817 12:35:32.486470   65575 main_service.cc:1536] VerifyCommandState error: Can not execute during SHUTTING DOWN
W0817 12:35:32.486503   65577 main_service.cc:1536] VerifyCommandState error: Can not execute during SHUTTING DOWN
W0817 12:35:32.486509   65575 main_service.cc:1536] VerifyCommandState error: Can not execute during SHUTTING DOWN
W0817 12:35:32.486544   65576 main_service.cc:1536] VerifyCommandState error: Can not execute during SHUTTING DOWN
W0817 12:35:32.486572   65576 main_service.cc:1536] VerifyCommandState error: Can not execute during SHUTTING DOWN
W0817 12:35:32.486582   65573 main_service.cc:1536] VerifyCommandState error: Can not execute during SHUTTING DOWN
W0817 12:35:32.486600   65573 main_service.cc:1536] VerifyCommandState error: Can not execute during SHUTTING DOWN
W0817 12:35:32.486605   65573 main_service.cc:1536] VerifyCommandState error: Can not execute during SHUTTING DOWN
W0817 12:35:32.486606   65571 execution_state.cc:93] ReportError: Operation canceled: ExecutionState cancelled
W0817 12:35:32.486663   65570 main_service.cc:1536] VerifyCommandState error: Can not execute during SHUTTING DOWN
W0817 12:35:32.486699   65571 protocol_client.cc:277] Socket error: Operation canceled: ExecutionState cancelled in 127.0.0.1:25244, socket info: State: ESTABLISHED, Local: 127.0.0.1:35174, Remote: 127.0.0.1:25244, Inode: 217284
I0817 12:35:32.487874   65571 replica.cc:939] Exit stable sync
