                   .--::--.
   :+*=:          =@@@@@@@@=          :+*+:
  %@@@@@@%*=.     =@@@@@@@@-     .=*%@@@@@@#
  @@@@@@@@@@@@#+-. .%@@@@#. .-+#@@@@@@@@@@@%
  -@@@@@@@@@@@@@@@@*:#@@#:*@@@@@@@@@@@@@@@@-
    :+*********####-%@%%@%-####********++.
   .%@@@@@@@@@@@@@%:@@@@@@:@@@@@@@@@@@@@@%
   .@@@@@@@@%*+-:   =@@@@=  .:-+*%@@@@@@@%.
     =*+-:           ###*          .:-+*=
                     %@@%
                     *@@*
                     +@@=
                     :##:
                     :@@:
                      @@
                      ..
* Logs will be written to the first available of the following paths:
/tmp/dragonfly.*
* For the available flags type dragonfly [--help | --helpfull]
* Documentation can be found at: https://www.dragonflydb.io/docs
I0817 13:52:36.629514  171309 dfly_main.cc:1104] Starting dragonfly df-dev-0000000
I0817 13:52:36.629640  171309 dfly_main.cc:1154] Using proactor_threads=10 (overriding cgroup-derived 0)
W0817 13:52:36.629648  171309 dfly_main.cc:1161] SWAP is enabled. Consider disabling it when running Dragonfly.
I0817 13:52:36.629704  171309 dfly_main.cc:1167] maxmemory has not been specified. Deciding myself....
I0817 13:52:36.629706  171309 dfly_main.cc:1176] Found 20.17GiB available memory. Setting maxmemory to 16.14GiB
I0817 13:52:36.630253  171310 uring_proactor.cc:263] IORing with 1024 entries, allocated 98368 bytes, cq_entries is 2048
I0817 13:52:36.631101  171309 proactor_pool.cc:149] Running 10 io threads
I0817 13:52:36.632113  171309 dragonfly_listener.cc:152] SSL version: OpenSSL 3.0.13 30 Jan 2024
W0817 13:52:36.632144  171309 dfly_main.cc:353] Protected mode enabled. Binding to localhost only because no password is set. To accept remote connections, set a password with --requirepass or specify a bind address with --bind.
I0817 13:52:36.632353  171309 dfly_main.cc:437] Listening on admin socket any:43167
I0817 13:52:36.633119  171309 server_family.cc:1207] Host OS: Linux 7.0.0-28-generic x86_64 with 10 threads
I0817 13:52:36.633293  171311 listener_interface.cc:102] sock[25] AcceptServer - listening on 0.0.0.0:43167
I0817 13:52:36.633304  171312 listener_interface.cc:102] sock[26] AcceptServer - listening on 127.0.0.1:23167
I0817 13:52:36.783311  171312 server_family.cc:3393] Initiate replication with: 127.0.0.1:23162
I0817 13:52:36.790703  171312 replica.cc:681] Started full sync with 127.0.0.1:23162
I0817 13:52:39.362351  171312 replica.cc:720] full sync finished in 2.58 s
I0817 13:52:39.364404  171312 replica.cc:907] Transitioned into stable sync
I0817 13:52:39.572169  171312 listener_interface.cc:230] Listener stopped for port 23167
I0817 13:52:39.572247  171311 listener_interface.cc:230] Listener stopped for port 43167
W0817 13:52:39.572342  171314 main_service.cc:1536] VerifyCommandState error: Can not execute during SHUTTING DOWN
W0817 13:52:39.572364  171315 main_service.cc:1536] VerifyCommandState error: Can not execute during SHUTTING DOWN
W0817 13:52:39.572449  171318 main_service.cc:1536] VerifyCommandState error: Can not execute during SHUTTING DOWN
W0817 13:52:39.572507  171311 main_service.cc:1536] VerifyCommandState error: Can not execute during SHUTTING DOWN
W0817 13:52:39.572643  171314 main_service.cc:1536] VerifyCommandState error: Can not execute during SHUTTING DOWN
W0817 13:52:39.572753  171310 main_service.cc:1536] VerifyCommandState error: Can not execute during SHUTTING DOWN
W0817 13:52:39.572862  171317 main_service.cc:1536] VerifyCommandState error: Can not execute during SHUTTING DOWN
W0817 13:52:39.572887  171318 main_service.cc:1536] VerifyCommandState error: Can not execute during SHUTTING DOWN
W0817 13:52:39.572920  171314 main_service.cc:1536] VerifyCommandState error: Can not execute during SHUTTING DOWN
W0817 13:52:39.573022  171318 main_service.cc:1536] VerifyCommandState error: Can not execute during SHUTTING DOWN
W0817 13:52:39.573028  171310 main_service.cc:1536] VerifyCommandState error: Can not execute during SHUTTING DOWN
W0817 13:52:39.573055  171312 main_service.cc:1536] VerifyCommandState error: Can not execute during SHUTTING DOWN
W0817 13:52:39.573153  171317 main_service.cc:1536] VerifyCommandState error: Can not execute during SHUTTING DOWN
W0817 13:52:39.573173  171313 main_service.cc:1536] VerifyCommandState error: Can not execute during SHUTTING DOWN
W0817 13:52:39.573238  171314 main_service.cc:1536] VerifyCommandState error: Can not execute during SHUTTING DOWN
W0817 13:52:39.573284  171318 main_service.cc:1536] VerifyCommandState error: Can not execute during SHUTTING DOWN
W0817 13:52:39.573304  171312 execution_state.cc:93] ReportError: Operation canceled: ExecutionState cancelled
W0817 13:52:39.573378  171312 protocol_client.cc:277] Socket error: Operation canceled: ExecutionState cancelled in 127.0.0.1:23162, socket info: State: ESTABLISHED, Local: 127.0.0.1:46844, Remote: 127.0.0.1:23162, Inode: 416112
I0817 13:52:39.576150  171312 replica.cc:939] Exit stable sync
