                   .--::--.
   :+*=:          =@@@@@@@@=          :+*+:
  %@@@@@@%*=.     =@@@@@@@@-     .=*%@@@@@@#
  @@@@@@@@@@@@#+-. .%@@@@#. .-+#@@@@@@@@@@@%
  -@@@@@@@@@@@@@@@@*:#@@#:*@@@@@@@@@@@@@@@@-
    :+*********####-%@%%@%-####********++.
   .%@@@@@@@@@@@@@%:@@@@@@:@@@@@@@@@@@@@@%
   .@@@@@@@@%*+-:   =@@@@=  .:-+*%@@@@@@@%.
     =*+-:           ###*          .:-+*=
                     %@@%
                     *@@*
                     +@@=
                     :##:
                     :@@:
                      @@
                      ..
* Logs will be written to the first available of the following paths:
/tmp/dragonfly.*
* For the available flags type dragonfly [--help | --helpfull]
* Documentation can be found at: https://www.dragonflydb.io/docs
I0817 13:52:36.471191  171276 dfly_main.cc:1104] Starting dragonfly df-dev-0000000
I0817 13:52:36.471313  171276 dfly_main.cc:1154] Using proactor_threads=10 (overriding cgroup-derived 0)
W0817 13:52:36.471319  171276 dfly_main.cc:1161] SWAP is enabled. Consider disabling it when running Dragonfly.
I0817 13:52:36.471370  171276 dfly_main.cc:1167] maxmemory has not been specified. Deciding myself....
I0817 13:52:36.471371  171276 dfly_main.cc:1176] Found 20.18GiB available memory. Setting maxmemory to 16.15GiB
I0817 13:52:36.471870  171277 uring_proactor.cc:263] IORing with 1024 entries, allocated 98368 bytes, cq_entries is 2048
I0817 13:52:36.472821  171276 proactor_pool.cc:149] Running 10 io threads
I0817 13:52:36.473755  171276 dragonfly_listener.cc:152] SSL version: OpenSSL 3.0.13 30 Jan 2024
W0817 13:52:36.473783  171276 dfly_main.cc:353] Protected mode enabled. Binding to localhost only because no password is set. To accept remote connections, set a password with --requirepass or specify a bind address with --bind.
I0817 13:52:36.473997  171276 dfly_main.cc:437] Listening on admin socket any:43164
I0817 13:52:36.475026  171276 server_family.cc:1207] Host OS: Linux 7.0.0-28-generic x86_64 with 10 threads
I0817 13:52:36.475210  171279 listener_interface.cc:102] sock[26] AcceptServer - listening on 127.0.0.1:23164
I0817 13:52:36.475227  171278 listener_interface.cc:102] sock[25] AcceptServer - listening on 0.0.0.0:43164
I0817 13:52:36.783126  171279 server_family.cc:3393] Initiate replication with: 127.0.0.1:23162
I0817 13:52:36.787838  171279 replica.cc:681] Started full sync with 127.0.0.1:23162
I0817 13:52:39.362149  171279 replica.cc:720] full sync finished in 2.58 s
I0817 13:52:39.363076  171279 replica.cc:907] Transitioned into stable sync
I0817 13:52:39.770852  171279 listener_interface.cc:230] Listener stopped for port 23164
I0817 13:52:39.770908  171278 listener_interface.cc:230] Listener stopped for port 43164
W0817 13:52:39.771043  171281 main_service.cc:1536] VerifyCommandState error: Can not execute during SHUTTING DOWN
W0817 13:52:39.771083  171278 main_service.cc:1536] VerifyCommandState error: Can not execute during SHUTTING DOWN
W0817 13:52:39.771136  171279 main_service.cc:1536] VerifyCommandState error: Can not execute during SHUTTING DOWN
W0817 13:52:39.771201  171285 main_service.cc:1536] VerifyCommandState error: Can not execute during SHUTTING DOWN
W0817 13:52:39.771207  171279 execution_state.cc:93] ReportError: Operation canceled: ExecutionState cancelled
W0817 13:52:39.771255  171279 protocol_client.cc:277] Socket error: Operation canceled: ExecutionState cancelled in 127.0.0.1:23162, socket info: State: ESTABLISHED, Local: 127.0.0.1:46834, Remote: 127.0.0.1:23162, Inode: 416109
I0817 13:52:39.774158  171279 replica.cc:939] Exit stable sync
