                   .--::--.
   :+*=:          =@@@@@@@@=          :+*+:
  %@@@@@@%*=.     =@@@@@@@@-     .=*%@@@@@@#
  @@@@@@@@@@@@#+-. .%@@@@#. .-+#@@@@@@@@@@@%
  -@@@@@@@@@@@@@@@@*:#@@#:*@@@@@@@@@@@@@@@@-
    :+*********####-%@%%@%-####********++.
   .%@@@@@@@@@@@@@%:@@@@@@:@@@@@@@@@@@@@@%
   .@@@@@@@@%*+-:   =@@@@=  .:-+*%@@@@@@@%.
     =*+-:           ###*          .:-+*=
                     %@@%
                     *@@*
                     +@@=
                     :##:
                     :@@:
                      @@
                      ..
* Logs will be written to the first available of the following paths:
/tmp/dragonfly.*
* For the available flags type dragonfly [--help | --helpfull]
* Documentation can be found at: https://www.dragonflydb.io/docs
I0817 13:52:36.524384  171287 dfly_main.cc:1104] Starting dragonfly df-dev-0000000
I0817 13:52:36.524529  171287 dfly_main.cc:1154] Using proactor_threads=10 (overriding cgroup-derived 0)
W0817 13:52:36.524541  171287 dfly_main.cc:1161] SWAP is enabled. Consider disabling it when running Dragonfly.
I0817 13:52:36.524598  171287 dfly_main.cc:1167] maxmemory has not been specified. Deciding myself....
I0817 13:52:36.524601  171287 dfly_main.cc:1176] Found 20.18GiB available memory. Setting maxmemory to 16.14GiB
I0817 13:52:36.525207  171288 uring_proactor.cc:263] IORing with 1024 entries, allocated 98368 bytes, cq_entries is 2048
I0817 13:52:36.525792  171287 proactor_pool.cc:149] Running 10 io threads
I0817 13:52:36.526825  171287 dragonfly_listener.cc:152] SSL version: OpenSSL 3.0.13 30 Jan 2024
W0817 13:52:36.526856  171287 dfly_main.cc:353] Protected mode enabled. Binding to localhost only because no password is set. To accept remote connections, set a password with --requirepass or specify a bind address with --bind.
I0817 13:52:36.527073  171287 dfly_main.cc:437] Listening on admin socket any:43165
I0817 13:52:36.527827  171287 server_family.cc:1207] Host OS: Linux 7.0.0-28-generic x86_64 with 10 threads
I0817 13:52:36.527981  171289 listener_interface.cc:102] sock[25] AcceptServer - listening on 0.0.0.0:43165
I0817 13:52:36.527992  171290 listener_interface.cc:102] sock[26] AcceptServer - listening on 127.0.0.1:23165
I0817 13:52:36.783844  171290 server_family.cc:3393] Initiate replication with: 127.0.0.1:23162
I0817 13:52:36.789831  171290 replica.cc:681] Started full sync with 127.0.0.1:23162
I0817 13:52:39.362221  171290 replica.cc:720] full sync finished in 2.58 s
I0817 13:52:39.363519  171290 replica.cc:907] Transitioned into stable sync
I0817 13:52:39.700615  171290 listener_interface.cc:230] Listener stopped for port 23165
I0817 13:52:39.700738  171289 listener_interface.cc:230] Listener stopped for port 43165
W0817 13:52:39.700814  171294 main_service.cc:1536] VerifyCommandState error: Can not execute during SHUTTING DOWN
W0817 13:52:39.700908  171296 main_service.cc:1536] VerifyCommandState error: Can not execute during SHUTTING DOWN
W0817 13:52:39.700969  171292 main_service.cc:1536] VerifyCommandState error: Can not execute during SHUTTING DOWN
W0817 13:52:39.700980  171290 execution_state.cc:93] ReportError: Operation canceled: ExecutionState cancelled
W0817 13:52:39.701043  171290 protocol_client.cc:277] Socket error: Operation canceled: ExecutionState cancelled in 127.0.0.1:23162, socket info: State: ESTABLISHED, Local: 127.0.0.1:46850, Remote: 127.0.0.1:23162, Inode: 416126
I0817 13:52:39.704066  171290 replica.cc:939] Exit stable sync
