                   .--::--.
   :+*=:          =@@@@@@@@=          :+*+:
  %@@@@@@%*=.     =@@@@@@@@-     .=*%@@@@@@#
  @@@@@@@@@@@@#+-. .%@@@@#. .-+#@@@@@@@@@@@%
  -@@@@@@@@@@@@@@@@*:#@@#:*@@@@@@@@@@@@@@@@-
    :+*********####-%@%%@%-####********++.
   .%@@@@@@@@@@@@@%:@@@@@@:@@@@@@@@@@@@@@%
   .@@@@@@@@%*+-:   =@@@@=  .:-+*%@@@@@@@%.
     =*+-:           ###*          .:-+*=
                     %@@%
                     *@@*
                     +@@=
                     :##:
                     :@@:
                      @@
                      ..
* Logs will be written to the first available of the following paths:
/tmp/dragonfly.*
* For the available flags type dragonfly [--help | --helpfull]
* Documentation can be found at: https://www.dragonflydb.io/docs
I0817 13:52:36.683312  171320 dfly_main.cc:1104] Starting dragonfly df-dev-0000000
I0817 13:52:36.683442  171320 dfly_main.cc:1154] Using proactor_threads=10 (overriding cgroup-derived 0)
W0817 13:52:36.683450  171320 dfly_main.cc:1161] SWAP is enabled. Consider disabling it when running Dragonfly.
I0817 13:52:36.683496  171320 dfly_main.cc:1167] maxmemory has not been specified. Deciding myself....
I0817 13:52:36.683498  171320 dfly_main.cc:1176] Found 20.16GiB available memory. Setting maxmemory to 16.13GiB
I0817 13:52:36.683983  171321 uring_proactor.cc:263] IORing with 1024 entries, allocated 98368 bytes, cq_entries is 2048
I0817 13:52:36.684758  171320 proactor_pool.cc:149] Running 10 io threads
I0817 13:52:36.685560  171320 dragonfly_listener.cc:152] SSL version: OpenSSL 3.0.13 30 Jan 2024
W0817 13:52:36.685582  171320 dfly_main.cc:353] Protected mode enabled. Binding to localhost only because no password is set. To accept remote connections, set a password with --requirepass or specify a bind address with --bind.
I0817 13:52:36.685770  171320 dfly_main.cc:437] Listening on admin socket any:43168
I0817 13:52:36.686686  171320 server_family.cc:1207] Host OS: Linux 7.0.0-28-generic x86_64 with 10 threads
I0817 13:52:36.686849  171323 listener_interface.cc:102] sock[26] AcceptServer - listening on 127.0.0.1:23168
I0817 13:52:36.686849  171322 listener_interface.cc:102] sock[25] AcceptServer - listening on 0.0.0.0:43168
I0817 13:52:36.783475  171323 server_family.cc:3393] Initiate replication with: 127.0.0.1:23162
I0817 13:52:36.790496  171323 replica.cc:681] Started full sync with 127.0.0.1:23162
I0817 13:52:39.362284  171323 replica.cc:720] full sync finished in 2.58 s
I0817 13:52:39.365051  171323 replica.cc:907] Transitioned into stable sync
I0817 13:52:39.507645  171323 listener_interface.cc:230] Listener stopped for port 23168
I0817 13:52:39.507711  171322 listener_interface.cc:230] Listener stopped for port 43168
W0817 13:52:39.507786  171327 main_service.cc:1536] VerifyCommandState error: Can not execute during SHUTTING DOWN
W0817 13:52:39.507912  171324 main_service.cc:1536] VerifyCommandState error: Can not execute during SHUTTING DOWN
W0817 13:52:39.507918  171325 main_service.cc:1536] VerifyCommandState error: Can not execute during SHUTTING DOWN
W0817 13:52:39.508063  171330 main_service.cc:1536] VerifyCommandState error: Can not execute during SHUTTING DOWN
W0817 13:52:39.508113  171327 main_service.cc:1536] VerifyCommandState error: Can not execute during SHUTTING DOWN
W0817 13:52:39.508206  171325 main_service.cc:1536] VerifyCommandState error: Can not execute during SHUTTING DOWN
W0817 13:52:39.508252  171322 main_service.cc:1536] VerifyCommandState error: Can not execute during SHUTTING DOWN
W0817 13:52:39.508309  171324 main_service.cc:1536] VerifyCommandState error: Can not execute during SHUTTING DOWN
W0817 13:52:39.508323  171329 main_service.cc:1536] VerifyCommandState error: Can not execute during SHUTTING DOWN
W0817 13:52:39.508342  171323 execution_state.cc:93] ReportError: Operation canceled: ExecutionState cancelled
W0817 13:52:39.508365  171326 main_service.cc:1536] VerifyCommandState error: Can not execute during SHUTTING DOWN
W0817 13:52:39.508400  171323 protocol_client.cc:277] Socket error: Operation canceled: ExecutionState cancelled in 127.0.0.1:23162, socket info: State: ESTABLISHED, Local: 127.0.0.1:46846, Remote: 127.0.0.1:23162, Inode: 416115
I0817 13:52:39.512523  171323 replica.cc:939] Exit stable sync
