                   .--::--.
   :+*=:          =@@@@@@@@=          :+*+:
  %@@@@@@%*=.     =@@@@@@@@-     .=*%@@@@@@#
  @@@@@@@@@@@@#+-. .%@@@@#. .-+#@@@@@@@@@@@%
  -@@@@@@@@@@@@@@@@*:#@@#:*@@@@@@@@@@@@@@@@-
    :+*********####-%@%%@%-####********++.
   .%@@@@@@@@@@@@@%:@@@@@@:@@@@@@@@@@@@@@%
   .@@@@@@@@%*+-:   =@@@@=  .:-+*%@@@@@@@%.
     =*+-:           ###*          .:-+*=
                     %@@%
                     *@@*
                     +@@=
                     :##:
                     :@@:
                      @@
                      ..
* Logs will be written to the first available of the following paths:
/tmp/dragonfly.*
* For the available flags type dragonfly [--help | --helpfull]
* Documentation can be found at: https://www.dragonflydb.io/docs
I0817 13:52:36.418536  171265 dfly_main.cc:1104] Starting dragonfly df-dev-0000000
I0817 13:52:36.418678  171265 dfly_main.cc:1154] Using proactor_threads=10 (overriding cgroup-derived 0)
W0817 13:52:36.418688  171265 dfly_main.cc:1161] SWAP is enabled. Consider disabling it when running Dragonfly.
I0817 13:52:36.418757  171265 dfly_main.cc:1167] maxmemory has not been specified. Deciding myself....
I0817 13:52:36.418759  171265 dfly_main.cc:1176] Found 20.16GiB available memory. Setting maxmemory to 16.13GiB
I0817 13:52:36.419379  171266 uring_proactor.cc:263] IORing with 1024 entries, allocated 98368 bytes, cq_entries is 2048
I0817 13:52:36.420030  171265 proactor_pool.cc:149] Running 10 io threads
I0817 13:52:36.421174  171265 dragonfly_listener.cc:152] SSL version: OpenSSL 3.0.13 30 Jan 2024
W0817 13:52:36.421214  171265 dfly_main.cc:353] Protected mode enabled. Binding to localhost only because no password is set. To accept remote connections, set a password with --requirepass or specify a bind address with --bind.
I0817 13:52:36.421448  171265 dfly_main.cc:437] Listening on admin socket any:43163
I0817 13:52:36.422459  171265 server_family.cc:1207] Host OS: Linux 7.0.0-28-generic x86_64 with 10 threads
I0817 13:52:36.422616  171267 listener_interface.cc:102] sock[25] AcceptServer - listening on 0.0.0.0:43163
I0817 13:52:36.422640  171268 listener_interface.cc:102] sock[26] AcceptServer - listening on 127.0.0.1:23163
I0817 13:52:36.782846  171268 server_family.cc:3393] Initiate replication with: 127.0.0.1:23162
I0817 13:52:36.790875  171268 replica.cc:681] Started full sync with 127.0.0.1:23162
I0817 13:52:39.362303  171268 replica.cc:720] full sync finished in 2.58 s
I0817 13:52:39.363298  171268 replica.cc:907] Transitioned into stable sync
I0817 13:52:39.832029  171268 listener_interface.cc:230] Listener stopped for port 23163
I0817 13:52:39.832125  171267 listener_interface.cc:230] Listener stopped for port 43163
W0817 13:52:39.832227  171269 main_service.cc:1536] VerifyCommandState error: Can not execute during SHUTTING DOWN
W0817 13:52:39.832250  171274 main_service.cc:1536] VerifyCommandState error: Can not execute during SHUTTING DOWN
W0817 13:52:39.832252  171268 main_service.cc:1536] VerifyCommandState error: Can not execute during SHUTTING DOWN
W0817 13:52:39.832285  171271 main_service.cc:1536] VerifyCommandState error: Can not execute during SHUTTING DOWN
W0817 13:52:39.832310  171274 main_service.cc:1536] VerifyCommandState error: Can not execute during SHUTTING DOWN
W0817 13:52:39.832312  171267 main_service.cc:1536] VerifyCommandState error: Can not execute during SHUTTING DOWN
W0817 13:52:39.832317  171270 main_service.cc:1536] VerifyCommandState error: Can not execute during SHUTTING DOWN
W0817 13:52:39.832336  171271 main_service.cc:1536] VerifyCommandState error: Can not execute during SHUTTING DOWN
W0817 13:52:39.832349  171267 main_service.cc:1536] VerifyCommandState error: Can not execute during SHUTTING DOWN
W0817 13:52:39.832341  171273 main_service.cc:1536] VerifyCommandState error: Can not execute during SHUTTING DOWN
W0817 13:52:39.832347  171268 execution_state.cc:93] ReportError: Operation canceled: ExecutionState cancelled
W0817 13:52:39.832383  171272 main_service.cc:1536] VerifyCommandState error: Can not execute during SHUTTING DOWN
W0817 13:52:39.832399  171268 protocol_client.cc:277] Socket error: Operation canceled: ExecutionState cancelled in 127.0.0.1:23162, socket info: State: ESTABLISHED, Local: 127.0.0.1:46818, Remote: 127.0.0.1:23162, Inode: 416104
I0817 13:52:39.835767  171268 replica.cc:939] Exit stable sync
