                   .--::--.
   :+*=:          =@@@@@@@@=          :+*+:
  %@@@@@@%*=.     =@@@@@@@@-     .=*%@@@@@@#
  @@@@@@@@@@@@#+-. .%@@@@#. .-+#@@@@@@@@@@@%
  -@@@@@@@@@@@@@@@@*:#@@#:*@@@@@@@@@@@@@@@@-
    :+*********####-%@%%@%-####********++.
   .%@@@@@@@@@@@@@%:@@@@@@:@@@@@@@@@@@@@@%
   .@@@@@@@@%*+-:   =@@@@=  .:-+*%@@@@@@@%.
     =*+-:           ###*          .:-+*=
                     %@@%
                     *@@*
                     +@@=
                     :##:
                     :@@:
                      @@
                      ..
* Logs will be written to the first available of the following paths:
/tmp/dragonfly.*
* For the available flags type dragonfly [--help | --helpfull]
* Documentation can be found at: https://www.dragonflydb.io/docs
I0817 13:52:36.576520  171298 dfly_main.cc:1104] Starting dragonfly df-dev-0000000
I0817 13:52:36.576664  171298 dfly_main.cc:1154] Using proactor_threads=10 (overriding cgroup-derived 0)
W0817 13:52:36.576674  171298 dfly_main.cc:1161] SWAP is enabled. Consider disabling it when running Dragonfly.
I0817 13:52:36.576735  171298 dfly_main.cc:1167] maxmemory has not been specified. Deciding myself....
I0817 13:52:36.576737  171298 dfly_main.cc:1176] Found 20.17GiB available memory. Setting maxmemory to 16.14GiB
I0817 13:52:36.577365  171299 uring_proactor.cc:263] IORing with 1024 entries, allocated 98368 bytes, cq_entries is 2048
I0817 13:52:36.578184  171298 proactor_pool.cc:149] Running 10 io threads
I0817 13:52:36.579281  171298 dragonfly_listener.cc:152] SSL version: OpenSSL 3.0.13 30 Jan 2024
W0817 13:52:36.579312  171298 dfly_main.cc:353] Protected mode enabled. Binding to localhost only because no password is set. To accept remote connections, set a password with --requirepass or specify a bind address with --bind.
I0817 13:52:36.579563  171298 dfly_main.cc:437] Listening on admin socket any:43166
I0817 13:52:36.580423  171298 server_family.cc:1207] Host OS: Linux 7.0.0-28-generic x86_64 with 10 threads
I0817 13:52:36.580634  171300 listener_interface.cc:102] sock[25] AcceptServer - listening on 0.0.0.0:43166
I0817 13:52:36.580658  171301 listener_interface.cc:102] sock[26] AcceptServer - listening on 127.0.0.1:23166
I0817 13:52:36.784037  171301 server_family.cc:3393] Initiate replication with: 127.0.0.1:23162
I0817 13:52:36.789267  171301 replica.cc:681] Started full sync with 127.0.0.1:23162
I0817 13:52:39.362255  171301 replica.cc:720] full sync finished in 2.58 s
I0817 13:52:39.364422  171301 replica.cc:907] Transitioned into stable sync
I0817 13:52:39.635920  171301 listener_interface.cc:230] Listener stopped for port 23166
I0817 13:52:39.635946  171300 listener_interface.cc:230] Listener stopped for port 43166
W0817 13:52:39.636102  171304 main_service.cc:1536] VerifyCommandState error: Can not execute during SHUTTING DOWN
W0817 13:52:39.636137  171305 main_service.cc:1536] VerifyCommandState error: Can not execute during SHUTTING DOWN
W0817 13:52:39.636157  171301 main_service.cc:1536] VerifyCommandState error: Can not execute during SHUTTING DOWN
W0817 13:52:39.636249  171303 main_service.cc:1536] VerifyCommandState error: Can not execute during SHUTTING DOWN
W0817 13:52:39.636313  171302 main_service.cc:1536] VerifyCommandState error: Can not execute during SHUTTING DOWN
W0817 13:52:39.636428  171308 main_service.cc:1536] VerifyCommandState error: Can not execute during SHUTTING DOWN
W0817 13:52:39.636501  171307 main_service.cc:1536] VerifyCommandState error: Can not execute during SHUTTING DOWN
W0817 13:52:39.636520  171301 execution_state.cc:93] ReportError: Operation canceled: ExecutionState cancelled
W0817 13:52:39.636540  171305 main_service.cc:1536] VerifyCommandState error: Can not execute during SHUTTING DOWN
W0817 13:52:39.636563  171301 protocol_client.cc:277] Socket error: Operation canceled: ExecutionState cancelled in 127.0.0.1:23162, socket info: State: ESTABLISHED, Local: 127.0.0.1:46852, Remote: 127.0.0.1:23162, Inode: 416129
I0817 13:52:39.640699  171301 replica.cc:939] Exit stable sync
