                   .--::--.
   :+*=:          =@@@@@@@@=          :+*+:
  %@@@@@@%*=.     =@@@@@@@@-     .=*%@@@@@@#
  @@@@@@@@@@@@#+-. .%@@@@#. .-+#@@@@@@@@@@@%
  -@@@@@@@@@@@@@@@@*:#@@#:*@@@@@@@@@@@@@@@@-
    :+*********####-%@%%@%-####********++.
   .%@@@@@@@@@@@@@%:@@@@@@:@@@@@@@@@@@@@@%
   .@@@@@@@@%*+-:   =@@@@=  .:-+*%@@@@@@@%.
     =*+-:           ###*          .:-+*=
                     %@@%
                     *@@*
                     +@@=
                     :##:
                     :@@:
                      @@
                      ..
* Logs will be written to the first available of the following paths:
/tmp/dragonfly.*
* For the available flags type dragonfly [--help | --helpfull]
* Documentation can be found at: https://www.dragonflydb.io/docs
I0817 13:24:58.372205  140536 dfly_main.cc:1104] Starting dragonfly df-dev-0000000
I0817 13:24:58.372332  140536 dfly_main.cc:1154] Using proactor_threads=10 (overriding cgroup-derived 0)
W0817 13:24:58.372343  140536 dfly_main.cc:1161] SWAP is enabled. Consider disabling it when running Dragonfly.
I0817 13:24:58.372388  140536 dfly_main.cc:1167] maxmemory has not been specified. Deciding myself....
I0817 13:24:58.372390  140536 dfly_main.cc:1176] Found 16.00GiB available memory. Setting maxmemory to 12.80GiB
I0817 13:24:58.372980  140537 uring_proactor.cc:263] IORing with 1024 entries, allocated 98368 bytes, cq_entries is 2048
I0817 13:24:58.374318  140536 proactor_pool.cc:149] Running 10 io threads
I0817 13:24:58.375391  140536 dragonfly_listener.cc:152] SSL version: OpenSSL 3.0.13 30 Jan 2024
W0817 13:24:58.375462  140536 dfly_main.cc:353] Protected mode enabled. Binding to localhost only because no password is set. To accept remote connections, set a password with --requirepass or specify a bind address with --bind.
I0817 13:24:58.375711  140536 dfly_main.cc:437] Listening on admin socket any:50169
I0817 13:24:58.376790  140536 server_family.cc:1207] Host OS: Linux 7.0.0-28-generic x86_64 with 10 threads
I0817 13:24:58.377909  140539 listener_interface.cc:102] sock[26] AcceptServer - listening on 127.0.0.1:30169
I0817 13:24:58.377927  140538 listener_interface.cc:102] sock[25] AcceptServer - listening on 0.0.0.0:50169
I0817 13:24:58.409929  140539 server_family.cc:3393] Initiate replication with: 127.0.0.1:30168
I0817 13:24:58.411394  140539 replica.cc:681] Started full sync with 127.0.0.1:30168
I0817 13:25:01.020855  140539 replica.cc:720] full sync finished in 2.61 s
I0817 13:25:01.020916  140539 replica.cc:907] Transitioned into stable sync
I0817 13:25:01.052126  140539 listener_interface.cc:230] Listener stopped for port 30169
I0817 13:25:01.052155  140538 listener_interface.cc:230] Listener stopped for port 50169
W0817 13:25:01.052234  140540 main_service.cc:1536] VerifyCommandState error: Can not execute during SHUTTING DOWN
W0817 13:25:01.052271  140539 main_service.cc:1536] VerifyCommandState error: Can not execute during SHUTTING DOWN
W0817 13:25:01.052298  140540 main_service.cc:1536] VerifyCommandState error: Can not execute during SHUTTING DOWN
W0817 13:25:01.052306  140539 main_service.cc:1536] VerifyCommandState error: Can not execute during SHUTTING DOWN
W0817 13:25:01.052330  140545 main_service.cc:1536] VerifyCommandState error: Can not execute during SHUTTING DOWN
W0817 13:25:01.052342  140541 main_service.cc:1536] VerifyCommandState error: Can not execute during SHUTTING DOWN
W0817 13:25:01.052370  140545 main_service.cc:1536] VerifyCommandState error: Can not execute during SHUTTING DOWN
W0817 13:25:01.052379  140541 main_service.cc:1536] VerifyCommandState error: Can not execute during SHUTTING DOWN
W0817 13:25:01.052399  140539 execution_state.cc:93] ReportError: Operation canceled: ExecutionState cancelled
W0817 13:25:01.052439  140539 protocol_client.cc:277] Socket error: Operation canceled: ExecutionState cancelled in 127.0.0.1:30168, socket info: State: ESTABLISHED, Local: 127.0.0.1:50516, Remote: 127.0.0.1:30168, Inode: 342041
I0817 13:25:01.054041  140539 replica.cc:939] Exit stable sync
