                   .--::--.
   :+*=:          =@@@@@@@@=          :+*+:
  %@@@@@@%*=.     =@@@@@@@@-     .=*%@@@@@@#
  @@@@@@@@@@@@#+-. .%@@@@#. .-+#@@@@@@@@@@@%
  -@@@@@@@@@@@@@@@@*:#@@#:*@@@@@@@@@@@@@@@@-
    :+*********####-%@%%@%-####********++.
   .%@@@@@@@@@@@@@%:@@@@@@:@@@@@@@@@@@@@@%
   .@@@@@@@@%*+-:   =@@@@=  .:-+*%@@@@@@@%.
     =*+-:           ###*          .:-+*=
                     %@@%
                     *@@*
                     +@@=
                     :##:
                     :@@:
                      @@
                      ..
* Logs will be written to the first available of the following paths:
/tmp/dragonfly.*
* For the available flags type dragonfly [--help | --helpfull]
* Documentation can be found at: https://www.dragonflydb.io/docs
I0817 13:52:24.042250  170934 dfly_main.cc:1104] Starting dragonfly df-dev-0000000
I0817 13:52:24.042373  170934 dfly_main.cc:1154] Using proactor_threads=10 (overriding cgroup-derived 0)
W0817 13:52:24.042383  170934 dfly_main.cc:1161] SWAP is enabled. Consider disabling it when running Dragonfly.
I0817 13:52:24.042437  170934 dfly_main.cc:1167] maxmemory has not been specified. Deciding myself....
I0817 13:52:24.042439  170934 dfly_main.cc:1176] Found 21.12GiB available memory. Setting maxmemory to 16.89GiB
I0817 13:52:24.042948  170935 uring_proactor.cc:263] IORing with 1024 entries, allocated 98368 bytes, cq_entries is 2048
I0817 13:52:24.043686  170934 proactor_pool.cc:149] Running 10 io threads
I0817 13:52:24.044536  170934 dragonfly_listener.cc:152] SSL version: OpenSSL 3.0.13 30 Jan 2024
W0817 13:52:24.044561  170934 dfly_main.cc:353] Protected mode enabled. Binding to localhost only because no password is set. To accept remote connections, set a password with --requirepass or specify a bind address with --bind.
I0817 13:52:24.044785  170934 dfly_main.cc:437] Listening on admin socket any:43163
I0817 13:52:24.045595  170934 server_family.cc:1207] Host OS: Linux 7.0.0-28-generic x86_64 with 10 threads
I0817 13:52:24.045747  170936 listener_interface.cc:102] sock[25] AcceptServer - listening on 0.0.0.0:43163
I0817 13:52:24.045769  170937 listener_interface.cc:102] sock[26] AcceptServer - listening on 127.0.0.1:23163
I0817 13:52:24.142034  170937 server_family.cc:3393] Initiate replication with: 127.0.0.1:23162
I0817 13:52:24.144292  170937 replica.cc:681] Started full sync with 127.0.0.1:23162
I0817 13:52:25.715076  170937 replica.cc:720] full sync finished in 1.57 s
I0817 13:52:25.715157  170937 replica.cc:907] Transitioned into stable sync
I0817 13:52:25.797559  170936 listener_interface.cc:230] Listener stopped for port 43163
I0817 13:52:25.797555  170937 listener_interface.cc:230] Listener stopped for port 23163
W0817 13:52:25.797687  170935 main_service.cc:1536] VerifyCommandState error: Can not execute during SHUTTING DOWN
W0817 13:52:25.797741  170938 main_service.cc:1536] VerifyCommandState error: Can not execute during SHUTTING DOWN
W0817 13:52:25.797755  170939 main_service.cc:1536] VerifyCommandState error: Can not execute during SHUTTING DOWN
W0817 13:52:25.797771  170938 main_service.cc:1536] VerifyCommandState error: Can not execute during SHUTTING DOWN
W0817 13:52:25.797777  170938 main_service.cc:1536] VerifyCommandState error: Can not execute during SHUTTING DOWN
W0817 13:52:25.797797  170942 main_service.cc:1536] VerifyCommandState error: Can not execute during SHUTTING DOWN
W0817 13:52:25.797805  170941 main_service.cc:1536] VerifyCommandState error: Can not execute during SHUTTING DOWN
W0817 13:52:25.797828  170939 main_service.cc:1536] VerifyCommandState error: Can not execute during SHUTTING DOWN
W0817 13:52:25.797831  170938 main_service.cc:1536] VerifyCommandState error: Can not execute during SHUTTING DOWN
W0817 13:52:25.797845  170942 main_service.cc:1536] VerifyCommandState error: Can not execute during SHUTTING DOWN
W0817 13:52:25.797863  170937 execution_state.cc:93] ReportError: Operation canceled: ExecutionState cancelled
W0817 13:52:25.797883  170939 main_service.cc:1536] VerifyCommandState error: Can not execute during SHUTTING DOWN
W0817 13:52:25.797922  170937 protocol_client.cc:277] Socket error: Operation canceled: ExecutionState cancelled in 127.0.0.1:23162, socket info: State: ESTABLISHED, Local: 127.0.0.1:58080, Remote: 127.0.0.1:23162, Inode: 410713
I0817 13:52:25.799920  170937 replica.cc:939] Exit stable sync
