                   .--::--.
   :+*=:          =@@@@@@@@=          :+*+:
  %@@@@@@%*=.     =@@@@@@@@-     .=*%@@@@@@#
  @@@@@@@@@@@@#+-. .%@@@@#. .-+#@@@@@@@@@@@%
  -@@@@@@@@@@@@@@@@*:#@@#:*@@@@@@@@@@@@@@@@-
    :+*********####-%@%%@%-####********++.
   .%@@@@@@@@@@@@@%:@@@@@@:@@@@@@@@@@@@@@%
   .@@@@@@@@%*+-:   =@@@@=  .:-+*%@@@@@@@%.
     =*+-:           ###*          .:-+*=
                     %@@%
                     *@@*
                     +@@=
                     :##:
                     :@@:
                      @@
                      ..
* Logs will be written to the first available of the following paths:
/tmp/dragonfly.*
* For the available flags type dragonfly [--help | --helpfull]
* Documentation can be found at: https://www.dragonflydb.io/docs
I0817 13:52:24.094997  170945 dfly_main.cc:1104] Starting dragonfly df-dev-0000000
I0817 13:52:24.095148  170945 dfly_main.cc:1154] Using proactor_threads=10 (overriding cgroup-derived 0)
W0817 13:52:24.095160  170945 dfly_main.cc:1161] SWAP is enabled. Consider disabling it when running Dragonfly.
I0817 13:52:24.095233  170945 dfly_main.cc:1167] maxmemory has not been specified. Deciding myself....
I0817 13:52:24.095235  170945 dfly_main.cc:1176] Found 21.12GiB available memory. Setting maxmemory to 16.89GiB
I0817 13:52:24.095824  170946 uring_proactor.cc:263] IORing with 1024 entries, allocated 98368 bytes, cq_entries is 2048
I0817 13:52:24.096536  170945 proactor_pool.cc:149] Running 10 io threads
I0817 13:52:24.097434  170945 dragonfly_listener.cc:152] SSL version: OpenSSL 3.0.13 30 Jan 2024
W0817 13:52:24.097458  170945 dfly_main.cc:353] Protected mode enabled. Binding to localhost only because no password is set. To accept remote connections, set a password with --requirepass or specify a bind address with --bind.
I0817 13:52:24.097689  170945 dfly_main.cc:437] Listening on admin socket any:43164
I0817 13:52:24.098364  170945 server_family.cc:1207] Host OS: Linux 7.0.0-28-generic x86_64 with 10 threads
I0817 13:52:24.098513  170948 listener_interface.cc:102] sock[26] AcceptServer - listening on 127.0.0.1:23164
I0817 13:52:24.098509  170947 listener_interface.cc:102] sock[25] AcceptServer - listening on 0.0.0.0:43164
I0817 13:52:24.141852  170948 server_family.cc:3393] Initiate replication with: 127.0.0.1:23162
I0817 13:52:24.144432  170948 replica.cc:681] Started full sync with 127.0.0.1:23162
I0817 13:52:25.714927  170948 replica.cc:720] full sync finished in 1.57 s
I0817 13:52:25.715343  170948 replica.cc:907] Transitioned into stable sync
I0817 13:52:25.764814  170948 listener_interface.cc:230] Listener stopped for port 23164
I0817 13:52:25.764807  170947 listener_interface.cc:230] Listener stopped for port 43164
W0817 13:52:25.764939  170946 main_service.cc:1536] VerifyCommandState error: Can not execute during SHUTTING DOWN
W0817 13:52:25.764985  170952 main_service.cc:1536] VerifyCommandState error: Can not execute during SHUTTING DOWN
W0817 13:52:25.765009  170948 main_service.cc:1536] VerifyCommandState error: Can not execute during SHUTTING DOWN
W0817 13:52:25.765045  170950 main_service.cc:1536] VerifyCommandState error: Can not execute during SHUTTING DOWN
W0817 13:52:25.765081  170952 main_service.cc:1536] VerifyCommandState error: Can not execute during SHUTTING DOWN
W0817 13:52:25.765111  170951 main_service.cc:1536] VerifyCommandState error: Can not execute during SHUTTING DOWN
W0817 13:52:25.765135  170950 main_service.cc:1536] VerifyCommandState error: Can not execute during SHUTTING DOWN
W0817 13:52:25.765149  170949 main_service.cc:1536] VerifyCommandState error: Can not execute during SHUTTING DOWN
W0817 13:52:25.765124  170946 main_service.cc:1536] VerifyCommandState error: Can not execute during SHUTTING DOWN
W0817 13:52:25.765242  170948 execution_state.cc:93] ReportError: Operation canceled: ExecutionState cancelled
W0817 13:52:25.765269  170952 main_service.cc:1536] VerifyCommandState error: Can not execute during SHUTTING DOWN
W0817 13:52:25.765259  170953 main_service.cc:1536] VerifyCommandState error: Can not execute during SHUTTING DOWN
W0817 13:52:25.765326  170948 protocol_client.cc:277] Socket error: Operation canceled: ExecutionState cancelled in 127.0.0.1:23162, socket info: State: ESTABLISHED, Local: 127.0.0.1:58078, Remote: 127.0.0.1:23162, Inode: 410712
I0817 13:52:25.767633  170948 replica.cc:939] Exit stable sync
