                   .--::--.
   :+*=:          =@@@@@@@@=          :+*+:
  %@@@@@@%*=.     =@@@@@@@@-     .=*%@@@@@@#
  @@@@@@@@@@@@#+-. .%@@@@#. .-+#@@@@@@@@@@@%
  -@@@@@@@@@@@@@@@@*:#@@#:*@@@@@@@@@@@@@@@@-
    :+*********####-%@%%@%-####********++.
   .%@@@@@@@@@@@@@%:@@@@@@:@@@@@@@@@@@@@@%
   .@@@@@@@@%*+-:   =@@@@=  .:-+*%@@@@@@@%.
     =*+-:           ###*          .:-+*=
                     %@@%
                     *@@*
                     +@@=
                     :##:
                     :@@:
                      @@
                      ..
* Logs will be written to the first available of the following paths:
/tmp/dragonfly.*
* For the available flags type dragonfly [--help | --helpfull]
* Documentation can be found at: https://www.dragonflydb.io/docs
I0817 12:35:52.871111   66224 dfly_main.cc:1104] Starting dragonfly df-dev-0000000
I0817 12:35:52.871253   66224 dfly_main.cc:1154] Using proactor_threads=10 (overriding cgroup-derived 0)
W0817 12:35:52.871266   66224 dfly_main.cc:1161] SWAP is enabled. Consider disabling it when running Dragonfly.
I0817 12:35:52.871345   66224 dfly_main.cc:1167] maxmemory has not been specified. Deciding myself....
I0817 12:35:52.871348   66224 dfly_main.cc:1176] Found 19.75GiB available memory. Setting maxmemory to 15.80GiB
I0817 12:35:52.872000   66225 uring_proactor.cc:263] IORing with 1024 entries, allocated 98368 bytes, cq_entries is 2048
I0817 12:35:52.872654   66224 proactor_pool.cc:149] Running 10 io threads
I0817 12:35:52.873690   66224 dragonfly_listener.cc:152] SSL version: OpenSSL 3.0.13 30 Jan 2024
W0817 12:35:52.873717   66224 dfly_main.cc:353] Protected mode enabled. Binding to localhost only because no password is set. To accept remote connections, set a password with --requirepass or specify a bind address with --bind.
I0817 12:35:52.873919   66224 dfly_main.cc:437] Listening on admin socket any:45247
I0817 12:35:52.874763   66224 server_family.cc:1207] Host OS: Linux 7.0.0-28-generic x86_64 with 10 threads
I0817 12:35:52.874928   66226 listener_interface.cc:102] sock[24] AcceptServer - listening on 0.0.0.0:45247
I0817 12:35:52.874938   66227 listener_interface.cc:102] sock[26] AcceptServer - listening on 127.0.0.1:25247
I0817 12:35:53.288417   66227 server_family.cc:3393] Initiate replication with: 127.0.0.1:25244
I0817 12:35:53.295944   66227 replica.cc:681] Started full sync with 127.0.0.1:25244
I0817 12:35:56.801712   66227 replica.cc:720] full sync finished in 3.51 s
I0817 12:35:56.802012   66227 replica.cc:907] Transitioned into stable sync
I0817 12:35:57.366682   66226 listener_interface.cc:230] Listener stopped for port 45247
I0817 12:35:57.366701   66227 listener_interface.cc:230] Listener stopped for port 25247
W0817 12:35:57.366801   66233 main_service.cc:1536] VerifyCommandState error: Can not execute during SHUTTING DOWN
W0817 12:35:57.366806   66230 main_service.cc:1536] VerifyCommandState error: Can not execute during SHUTTING DOWN
W0817 12:35:57.366840   66233 main_service.cc:1536] VerifyCommandState error: Can not execute during SHUTTING DOWN
W0817 12:35:57.366831   66234 main_service.cc:1536] VerifyCommandState error: Can not execute during SHUTTING DOWN
W0817 12:35:57.366845   66230 main_service.cc:1536] VerifyCommandState error: Can not execute during SHUTTING DOWN
W0817 12:35:57.366857   66234 main_service.cc:1536] VerifyCommandState error: Can not execute during SHUTTING DOWN
W0817 12:35:57.366858   66230 main_service.cc:1536] VerifyCommandState error: Can not execute during SHUTTING DOWN
W0817 12:35:57.366865   66234 main_service.cc:1536] VerifyCommandState error: Can not execute during SHUTTING DOWN
W0817 12:35:57.366870   66234 main_service.cc:1536] VerifyCommandState error: Can not execute during SHUTTING DOWN
W0817 12:35:57.366878   66234 main_service.cc:1536] VerifyCommandState error: Can not execute during SHUTTING DOWN
W0817 12:35:57.366930   66227 execution_state.cc:93] ReportError: Operation canceled: ExecutionState cancelled
W0817 12:35:57.366945   66231 main_service.cc:1536] VerifyCommandState error: Can not execute during SHUTTING DOWN
W0817 12:35:57.366991   66227 protocol_client.cc:277] Socket error: Operation canceled: ExecutionState cancelled in 127.0.0.1:25244, socket info: State: ESTABLISHED, Local: 127.0.0.1:52834, Remote: 127.0.0.1:25244, Inode: 224003
I0817 12:35:57.369679   66227 replica.cc:939] Exit stable sync
