                   .--::--.
   :+*=:          =@@@@@@@@=          :+*+:
  %@@@@@@%*=.     =@@@@@@@@-     .=*%@@@@@@#
  @@@@@@@@@@@@#+-. .%@@@@#. .-+#@@@@@@@@@@@%
  -@@@@@@@@@@@@@@@@*:#@@#:*@@@@@@@@@@@@@@@@-
    :+*********####-%@%%@%-####********++.
   .%@@@@@@@@@@@@@%:@@@@@@:@@@@@@@@@@@@@@%
   .@@@@@@@@%*+-:   =@@@@=  .:-+*%@@@@@@@%.
     =*+-:           ###*          .:-+*=
                     %@@%
                     *@@*
                     +@@=
                     :##:
                     :@@:
                      @@
                      ..
* Logs will be written to the first available of the following paths:
/tmp/dragonfly.*
* For the available flags type dragonfly [--help | --helpfull]
* Documentation can be found at: https://www.dragonflydb.io/docs
I0817 12:35:53.029737   66257 dfly_main.cc:1104] Starting dragonfly df-dev-0000000
I0817 12:35:53.029842   66257 dfly_main.cc:1154] Using proactor_threads=10 (overriding cgroup-derived 0)
W0817 12:35:53.029850   66257 dfly_main.cc:1161] SWAP is enabled. Consider disabling it when running Dragonfly.
I0817 12:35:53.029896   66257 dfly_main.cc:1167] maxmemory has not been specified. Deciding myself....
I0817 12:35:53.029898   66257 dfly_main.cc:1176] Found 19.73GiB available memory. Setting maxmemory to 15.78GiB
I0817 12:35:53.030419   66258 uring_proactor.cc:263] IORing with 1024 entries, allocated 98368 bytes, cq_entries is 2048
I0817 12:35:53.031017   66257 proactor_pool.cc:149] Running 10 io threads
I0817 12:35:53.031816   66257 dragonfly_listener.cc:152] SSL version: OpenSSL 3.0.13 30 Jan 2024
W0817 12:35:53.031838   66257 dfly_main.cc:353] Protected mode enabled. Binding to localhost only because no password is set. To accept remote connections, set a password with --requirepass or specify a bind address with --bind.
I0817 12:35:53.032026   66257 dfly_main.cc:437] Listening on admin socket any:45250
I0817 12:35:53.032846   66257 server_family.cc:1207] Host OS: Linux 7.0.0-28-generic x86_64 with 10 threads
I0817 12:35:53.033047   66259 listener_interface.cc:102] sock[25] AcceptServer - listening on 0.0.0.0:45250
I0817 12:35:53.033059   66260 listener_interface.cc:102] sock[26] AcceptServer - listening on 127.0.0.1:25250
I0817 12:35:53.288595   66260 server_family.cc:3393] Initiate replication with: 127.0.0.1:25244
I0817 12:35:53.307357   66260 replica.cc:681] Started full sync with 127.0.0.1:25244
I0817 12:35:56.805567   66260 replica.cc:720] full sync finished in 3.51 s
I0817 12:35:56.805872   66260 replica.cc:907] Transitioned into stable sync
I0817 12:35:57.173464   66260 listener_interface.cc:230] Listener stopped for port 25250
I0817 12:35:57.173464   66259 listener_interface.cc:230] Listener stopped for port 45250
W0817 12:35:57.173592   66259 main_service.cc:1536] VerifyCommandState error: Can not execute during SHUTTING DOWN
W0817 12:35:57.173625   66259 main_service.cc:1536] VerifyCommandState error: Can not execute during SHUTTING DOWN
W0817 12:35:57.173623   66266 main_service.cc:1536] VerifyCommandState error: Can not execute during SHUTTING DOWN
W0817 12:35:57.173647   66266 main_service.cc:1536] VerifyCommandState error: Can not execute during SHUTTING DOWN
W0817 12:35:57.173652   66266 main_service.cc:1536] VerifyCommandState error: Can not execute during SHUTTING DOWN
W0817 12:35:57.173710   66267 main_service.cc:1536] VerifyCommandState error: Can not execute during SHUTTING DOWN
W0817 12:35:57.173633   66259 main_service.cc:1536] VerifyCommandState error: Can not execute during SHUTTING DOWN
W0817 12:35:57.173732   66267 main_service.cc:1536] VerifyCommandState error: Can not execute during SHUTTING DOWN
W0817 12:35:57.173739   66267 main_service.cc:1536] VerifyCommandState error: Can not execute during SHUTTING DOWN
W0817 12:35:57.173767   66265 main_service.cc:1536] VerifyCommandState error: Can not execute during SHUTTING DOWN
W0817 12:35:57.173794   66265 main_service.cc:1536] VerifyCommandState error: Can not execute during SHUTTING DOWN
W0817 12:35:57.173805   66260 execution_state.cc:93] ReportError: Operation canceled: ExecutionState cancelled
W0817 12:35:57.173850   66260 protocol_client.cc:277] Socket error: Operation canceled: ExecutionState cancelled in 127.0.0.1:25244, socket info: State: ESTABLISHED, Local: 127.0.0.1:52850, Remote: 127.0.0.1:25244, Inode: 224006
I0817 12:35:57.176430   66260 replica.cc:939] Exit stable sync
