                   .--::--.
   :+*=:          =@@@@@@@@=          :+*+:
  %@@@@@@%*=.     =@@@@@@@@-     .=*%@@@@@@#
  @@@@@@@@@@@@#+-. .%@@@@#. .-+#@@@@@@@@@@@%
  -@@@@@@@@@@@@@@@@*:#@@#:*@@@@@@@@@@@@@@@@-
    :+*********####-%@%%@%-####********++.
   .%@@@@@@@@@@@@@%:@@@@@@:@@@@@@@@@@@@@@%
   .@@@@@@@@%*+-:   =@@@@=  .:-+*%@@@@@@@%.
     =*+-:           ###*          .:-+*=
                     %@@%
                     *@@*
                     +@@=
                     :##:
                     :@@:
                      @@
                      ..
* Logs will be written to the first available of the following paths:
/tmp/dragonfly.*
* For the available flags type dragonfly [--help | --helpfull]
* Documentation can be found at: https://www.dragonflydb.io/docs
I0817 12:35:52.924002   66235 dfly_main.cc:1104] Starting dragonfly df-dev-0000000
I0817 12:35:52.924125   66235 dfly_main.cc:1154] Using proactor_threads=10 (overriding cgroup-derived 0)
W0817 12:35:52.924137   66235 dfly_main.cc:1161] SWAP is enabled. Consider disabling it when running Dragonfly.
I0817 12:35:52.924198   66235 dfly_main.cc:1167] maxmemory has not been specified. Deciding myself....
I0817 12:35:52.924202   66235 dfly_main.cc:1176] Found 19.75GiB available memory. Setting maxmemory to 15.80GiB
I0817 12:35:52.924688   66236 uring_proactor.cc:263] IORing with 1024 entries, allocated 98368 bytes, cq_entries is 2048
I0817 12:35:52.925449   66235 proactor_pool.cc:149] Running 10 io threads
I0817 12:35:52.926307   66235 dragonfly_listener.cc:152] SSL version: OpenSSL 3.0.13 30 Jan 2024
W0817 12:35:52.926331   66235 dfly_main.cc:353] Protected mode enabled. Binding to localhost only because no password is set. To accept remote connections, set a password with --requirepass or specify a bind address with --bind.
I0817 12:35:52.926552   66235 dfly_main.cc:437] Listening on admin socket any:45248
I0817 12:35:52.927451   66235 server_family.cc:1207] Host OS: Linux 7.0.0-28-generic x86_64 with 10 threads
I0817 12:35:52.927631   66237 listener_interface.cc:102] sock[25] AcceptServer - listening on 0.0.0.0:45248
I0817 12:35:52.927655   66238 listener_interface.cc:102] sock[26] AcceptServer - listening on 127.0.0.1:25248
I0817 12:35:53.287568   66238 server_family.cc:3393] Initiate replication with: 127.0.0.1:25244
I0817 12:35:53.305469   66238 replica.cc:681] Started full sync with 127.0.0.1:25244
I0817 12:35:56.819300   66238 replica.cc:720] full sync finished in 3.52 s
I0817 12:35:56.819881   66238 replica.cc:907] Transitioned into stable sync
I0817 12:35:57.301911   66237 listener_interface.cc:230] Listener stopped for port 45248
I0817 12:35:57.302026   66238 listener_interface.cc:230] Listener stopped for port 25248
W0817 12:35:57.302213   66245 main_service.cc:1536] VerifyCommandState error: Can not execute during SHUTTING DOWN
W0817 12:35:57.302286   66242 main_service.cc:1536] VerifyCommandState error: Can not execute during SHUTTING DOWN
W0817 12:35:57.302304   66245 main_service.cc:1536] VerifyCommandState error: Can not execute during SHUTTING DOWN
W0817 12:35:57.302310   66242 main_service.cc:1536] VerifyCommandState error: Can not execute during SHUTTING DOWN
W0817 12:35:57.302446   66243 main_service.cc:1536] VerifyCommandState error: Can not execute during SHUTTING DOWN
W0817 12:35:57.302482   66243 main_service.cc:1536] VerifyCommandState error: Can not execute during SHUTTING DOWN
W0817 12:35:57.302507   66245 main_service.cc:1536] VerifyCommandState error: Can not execute during SHUTTING DOWN
W0817 12:35:57.302518   66245 main_service.cc:1536] VerifyCommandState error: Can not execute during SHUTTING DOWN
W0817 12:35:57.302516   66239 main_service.cc:1536] VerifyCommandState error: Can not execute during SHUTTING DOWN
W0817 12:35:57.302546   66239 main_service.cc:1536] VerifyCommandState error: Can not execute during SHUTTING DOWN
W0817 12:35:57.302684   66239 main_service.cc:1536] VerifyCommandState error: Can not execute during SHUTTING DOWN
W0817 12:35:57.302707   66239 main_service.cc:1536] VerifyCommandState error: Can not execute during SHUTTING DOWN
W0817 12:35:57.302714   66245 main_service.cc:1536] VerifyCommandState error: Can not execute during SHUTTING DOWN
W0817 12:35:57.302723   66245 main_service.cc:1536] VerifyCommandState error: Can not execute during SHUTTING DOWN
W0817 12:35:57.302724   66244 main_service.cc:1536] VerifyCommandState error: Can not execute during SHUTTING DOWN
W0817 12:35:57.302722   66238 execution_state.cc:93] ReportError: Operation canceled: ExecutionState cancelled
W0817 12:35:57.302769   66244 main_service.cc:1536] VerifyCommandState error: Can not execute during SHUTTING DOWN
W0817 12:35:57.302773   66244 main_service.cc:1536] VerifyCommandState error: Can not execute during SHUTTING DOWN
W0817 12:35:57.302777   66244 main_service.cc:1536] VerifyCommandState error: Can not execute during SHUTTING DOWN
W0817 12:35:57.302810   66238 protocol_client.cc:277] Socket error: Operation canceled: ExecutionState cancelled in 127.0.0.1:25244, socket info: State: ESTABLISHED, Local: 127.0.0.1:52784, Remote: 127.0.0.1:25244, Inode: 223987
I0817 12:35:57.305922   66238 replica.cc:939] Exit stable sync
