                   .--::--.
   :+*=:          =@@@@@@@@=          :+*+:
  %@@@@@@%*=.     =@@@@@@@@-     .=*%@@@@@@#
  @@@@@@@@@@@@#+-. .%@@@@#. .-+#@@@@@@@@@@@%
  -@@@@@@@@@@@@@@@@*:#@@#:*@@@@@@@@@@@@@@@@-
    :+*********####-%@%%@%-####********++.
   .%@@@@@@@@@@@@@%:@@@@@@:@@@@@@@@@@@@@@%
   .@@@@@@@@%*+-:   =@@@@=  .:-+*%@@@@@@@%.
     =*+-:           ###*          .:-+*=
                     %@@%
                     *@@*
                     +@@=
                     :##:
                     :@@:
                      @@
                      ..
* Logs will be written to the first available of the following paths:
/tmp/dragonfly.*
* For the available flags type dragonfly [--help | --helpfull]
* Documentation can be found at: https://www.dragonflydb.io/docs
I0817 12:35:52.818268   66213 dfly_main.cc:1104] Starting dragonfly df-dev-0000000
I0817 12:35:52.818368   66213 dfly_main.cc:1154] Using proactor_threads=10 (overriding cgroup-derived 0)
W0817 12:35:52.818375   66213 dfly_main.cc:1161] SWAP is enabled. Consider disabling it when running Dragonfly.
I0817 12:35:52.818415   66213 dfly_main.cc:1167] maxmemory has not been specified. Deciding myself....
I0817 12:35:52.818417   66213 dfly_main.cc:1176] Found 19.76GiB available memory. Setting maxmemory to 15.81GiB
I0817 12:35:52.818861   66214 uring_proactor.cc:263] IORing with 1024 entries, allocated 98368 bytes, cq_entries is 2048
I0817 12:35:52.819626   66213 proactor_pool.cc:149] Running 10 io threads
I0817 12:35:52.820941   66213 dragonfly_listener.cc:152] SSL version: OpenSSL 3.0.13 30 Jan 2024
W0817 12:35:52.820974   66213 dfly_main.cc:353] Protected mode enabled. Binding to localhost only because no password is set. To accept remote connections, set a password with --requirepass or specify a bind address with --bind.
I0817 12:35:52.821300   66213 dfly_main.cc:437] Listening on admin socket any:45246
I0817 12:35:52.822141   66213 server_family.cc:1207] Host OS: Linux 7.0.0-28-generic x86_64 with 10 threads
I0817 12:35:52.822284   66215 listener_interface.cc:102] sock[24] AcceptServer - listening on 0.0.0.0:45246
I0817 12:35:52.822295   66216 listener_interface.cc:102] sock[26] AcceptServer - listening on 127.0.0.1:25246
I0817 12:35:53.289389   66216 server_family.cc:3393] Initiate replication with: 127.0.0.1:25244
I0817 12:35:53.307211   66216 replica.cc:681] Started full sync with 127.0.0.1:25244
I0817 12:35:56.815020   66216 replica.cc:720] full sync finished in 3.52 s
I0817 12:35:56.815242   66216 replica.cc:907] Transitioned into stable sync
I0817 12:35:57.431079   66216 listener_interface.cc:230] Listener stopped for port 25246
I0817 12:35:57.431085   66215 listener_interface.cc:230] Listener stopped for port 45246
W0817 12:35:57.431276   66219 main_service.cc:1536] VerifyCommandState error: Can not execute during SHUTTING DOWN
W0817 12:35:57.431305   66214 main_service.cc:1536] VerifyCommandState error: Can not execute during SHUTTING DOWN
W0817 12:35:57.431314   66216 execution_state.cc:93] ReportError: Operation canceled: ExecutionState cancelled
W0817 12:35:57.431338   66219 main_service.cc:1536] VerifyCommandState error: Can not execute during SHUTTING DOWN
W0817 12:35:57.431340   66214 main_service.cc:1536] VerifyCommandState error: Can not execute during SHUTTING DOWN
W0817 12:35:57.431365   66216 protocol_client.cc:277] Socket error: Operation canceled: ExecutionState cancelled in 127.0.0.1:25244, socket info: State: ESTABLISHED, Local: 127.0.0.1:52878, Remote: 127.0.0.1:25244, Inode: 224026
I0817 12:35:57.434418   66216 replica.cc:939] Exit stable sync
