                   .--::--.
   :+*=:          =@@@@@@@@=          :+*+:
  %@@@@@@%*=.     =@@@@@@@@-     .=*%@@@@@@#
  @@@@@@@@@@@@#+-. .%@@@@#. .-+#@@@@@@@@@@@%
  -@@@@@@@@@@@@@@@@*:#@@#:*@@@@@@@@@@@@@@@@-
    :+*********####-%@%%@%-####********++.
   .%@@@@@@@@@@@@@%:@@@@@@:@@@@@@@@@@@@@@%
   .@@@@@@@@%*+-:   =@@@@=  .:-+*%@@@@@@@%.
     =*+-:           ###*          .:-+*=
                     %@@%
                     *@@*
                     +@@=
                     :##:
                     :@@:
                      @@
                      ..
* Logs will be written to the first available of the following paths:
/tmp/dragonfly.*
* For the available flags type dragonfly [--help | --helpfull]
* Documentation can be found at: https://www.dragonflydb.io/docs
I0817 12:35:53.240182   66301 dfly_main.cc:1104] Starting dragonfly df-dev-0000000
I0817 12:35:53.240288   66301 dfly_main.cc:1154] Using proactor_threads=10 (overriding cgroup-derived 0)
W0817 12:35:53.240295   66301 dfly_main.cc:1161] SWAP is enabled. Consider disabling it when running Dragonfly.
I0817 12:35:53.240341   66301 dfly_main.cc:1167] maxmemory has not been specified. Deciding myself....
I0817 12:35:53.240342   66301 dfly_main.cc:1176] Found 19.70GiB available memory. Setting maxmemory to 15.76GiB
I0817 12:35:53.240800   66302 uring_proactor.cc:263] IORing with 1024 entries, allocated 98368 bytes, cq_entries is 2048
I0817 12:35:53.241509   66301 proactor_pool.cc:149] Running 10 io threads
I0817 12:35:53.242373   66301 dragonfly_listener.cc:152] SSL version: OpenSSL 3.0.13 30 Jan 2024
W0817 12:35:53.242397   66301 dfly_main.cc:353] Protected mode enabled. Binding to localhost only because no password is set. To accept remote connections, set a password with --requirepass or specify a bind address with --bind.
I0817 12:35:53.242616   66301 dfly_main.cc:437] Listening on admin socket any:45254
I0817 12:35:53.243440   66301 server_family.cc:1207] Host OS: Linux 7.0.0-28-generic x86_64 with 10 threads
I0817 12:35:53.243609   66304 listener_interface.cc:102] sock[26] AcceptServer - listening on 127.0.0.1:25254
I0817 12:35:53.243599   66303 listener_interface.cc:102] sock[25] AcceptServer - listening on 0.0.0.0:45254
I0817 12:35:53.289134   66304 server_family.cc:3393] Initiate replication with: 127.0.0.1:25244
I0817 12:35:53.305617   66304 replica.cc:681] Started full sync with 127.0.0.1:25244
I0817 12:35:56.793449   66304 replica.cc:720] full sync finished in 3.5 s
I0817 12:35:56.793590   66304 replica.cc:907] Transitioned into stable sync
I0817 12:35:56.915684   66303 listener_interface.cc:230] Listener stopped for port 45254
I0817 12:35:56.915698   66304 listener_interface.cc:230] Listener stopped for port 25254
W0817 12:35:56.915832   66304 main_service.cc:1536] VerifyCommandState error: Can not execute during SHUTTING DOWN
W0817 12:35:56.915868   66304 main_service.cc:1536] VerifyCommandState error: Can not execute during SHUTTING DOWN
W0817 12:35:56.915949   66308 main_service.cc:1536] VerifyCommandState error: Can not execute during SHUTTING DOWN
W0817 12:35:56.915973   66308 main_service.cc:1536] VerifyCommandState error: Can not execute during SHUTTING DOWN
W0817 12:35:56.915978   66308 main_service.cc:1536] VerifyCommandState error: Can not execute during SHUTTING DOWN
W0817 12:35:56.916140   66302 main_service.cc:1536] VerifyCommandState error: Can not execute during SHUTTING DOWN
W0817 12:35:56.916177   66302 main_service.cc:1536] VerifyCommandState error: Can not execute during SHUTTING DOWN
W0817 12:35:56.916217   66310 main_service.cc:1536] VerifyCommandState error: Can not execute during SHUTTING DOWN
W0817 12:35:56.916237   66310 main_service.cc:1536] VerifyCommandState error: Can not execute during SHUTTING DOWN
W0817 12:35:56.916242   66310 main_service.cc:1536] VerifyCommandState error: Can not execute during SHUTTING DOWN
W0817 12:35:56.916335   66309 main_service.cc:1536] VerifyCommandState error: Can not execute during SHUTTING DOWN
W0817 12:35:56.916380   66309 main_service.cc:1536] VerifyCommandState error: Can not execute during SHUTTING DOWN
W0817 12:35:56.916465   66306 main_service.cc:1536] VerifyCommandState error: Can not execute during SHUTTING DOWN
W0817 12:35:56.916469   66307 main_service.cc:1536] VerifyCommandState error: Can not execute during SHUTTING DOWN
W0817 12:35:56.916489   66306 main_service.cc:1536] VerifyCommandState error: Can not execute during SHUTTING DOWN
W0817 12:35:56.916502   66307 main_service.cc:1536] VerifyCommandState error: Can not execute during SHUTTING DOWN
W0817 12:35:56.916517   66305 main_service.cc:1536] VerifyCommandState error: Can not execute during SHUTTING DOWN
W0817 12:35:56.916533   66306 main_service.cc:1536] VerifyCommandState error: Can not execute during SHUTTING DOWN
W0817 12:35:56.916544   66305 main_service.cc:1536] VerifyCommandState error: Can not execute during SHUTTING DOWN
W0817 12:35:56.916585   66304 execution_state.cc:93] ReportError: Operation canceled: ExecutionState cancelled
W0817 12:35:56.916614   66302 main_service.cc:1536] VerifyCommandState error: Can not execute during SHUTTING DOWN
W0817 12:35:56.916631   66304 protocol_client.cc:277] Socket error: Operation canceled: ExecutionState cancelled in 127.0.0.1:25244, socket info: State: ESTABLISHED, Local: 127.0.0.1:52862, Remote: 127.0.0.1:25244, Inode: 224015
I0817 12:35:56.919230   66304 replica.cc:939] Exit stable sync
