                   .--::--.
   :+*=:          =@@@@@@@@=          :+*+:
  %@@@@@@%*=.     =@@@@@@@@-     .=*%@@@@@@#
  @@@@@@@@@@@@#+-. .%@@@@#. .-+#@@@@@@@@@@@%
  -@@@@@@@@@@@@@@@@*:#@@#:*@@@@@@@@@@@@@@@@-
    :+*********####-%@%%@%-####********++.
   .%@@@@@@@@@@@@@%:@@@@@@:@@@@@@@@@@@@@@%
   .@@@@@@@@%*+-:   =@@@@=  .:-+*%@@@@@@@%.
     =*+-:           ###*          .:-+*=
                     %@@%
                     *@@*
                     +@@=
                     :##:
                     :@@:
                      @@
                      ..
* Logs will be written to the first available of the following paths:
/tmp/dragonfly.*
* For the available flags type dragonfly [--help | --helpfull]
* Documentation can be found at: https://www.dragonflydb.io/docs
I0817 12:35:52.977020   66246 dfly_main.cc:1104] Starting dragonfly df-dev-0000000
I0817 12:35:52.977125   66246 dfly_main.cc:1154] Using proactor_threads=10 (overriding cgroup-derived 0)
W0817 12:35:52.977133   66246 dfly_main.cc:1161] SWAP is enabled. Consider disabling it when running Dragonfly.
I0817 12:35:52.977178   66246 dfly_main.cc:1167] maxmemory has not been specified. Deciding myself....
I0817 12:35:52.977179   66246 dfly_main.cc:1176] Found 19.74GiB available memory. Setting maxmemory to 15.79GiB
I0817 12:35:52.977648   66247 uring_proactor.cc:263] IORing with 1024 entries, allocated 98368 bytes, cq_entries is 2048
I0817 12:35:52.978489   66246 proactor_pool.cc:149] Running 10 io threads
I0817 12:35:52.979335   66246 dragonfly_listener.cc:152] SSL version: OpenSSL 3.0.13 30 Jan 2024
W0817 12:35:52.979361   66246 dfly_main.cc:353] Protected mode enabled. Binding to localhost only because no password is set. To accept remote connections, set a password with --requirepass or specify a bind address with --bind.
I0817 12:35:52.979568   66246 dfly_main.cc:437] Listening on admin socket any:45249
I0817 12:35:52.980370   66246 server_family.cc:1207] Host OS: Linux 7.0.0-28-generic x86_64 with 10 threads
I0817 12:35:52.980540   66248 listener_interface.cc:102] sock[25] AcceptServer - listening on 0.0.0.0:45249
I0817 12:35:52.980584   66249 listener_interface.cc:102] sock[26] AcceptServer - listening on 127.0.0.1:25249
I0817 12:35:53.288228   66249 server_family.cc:3393] Initiate replication with: 127.0.0.1:25244
I0817 12:35:53.297818   66249 replica.cc:681] Started full sync with 127.0.0.1:25244
I0817 12:35:56.784437   66249 replica.cc:720] full sync finished in 3.49 s
I0817 12:35:56.784992   66249 replica.cc:907] Transitioned into stable sync
I0817 12:35:57.238018   66249 listener_interface.cc:230] Listener stopped for port 25249
I0817 12:35:57.238059   66248 listener_interface.cc:230] Listener stopped for port 45249
W0817 12:35:57.238249   66256 main_service.cc:1536] VerifyCommandState error: Can not execute during SHUTTING DOWN
W0817 12:35:57.238260   66253 main_service.cc:1536] VerifyCommandState error: Can not execute during SHUTTING DOWN
W0817 12:35:57.238282   66256 main_service.cc:1536] VerifyCommandState error: Can not execute during SHUTTING DOWN
W0817 12:35:57.238304   66253 main_service.cc:1536] VerifyCommandState error: Can not execute during SHUTTING DOWN
W0817 12:35:57.238322   66249 execution_state.cc:93] ReportError: Operation canceled: ExecutionState cancelled
W0817 12:35:57.238363   66249 protocol_client.cc:277] Socket error: Operation canceled: ExecutionState cancelled in 127.0.0.1:25244, socket info: State: ESTABLISHED, Local: 127.0.0.1:52820, Remote: 127.0.0.1:25244, Inode: 224000
I0817 12:35:57.241171   66249 replica.cc:939] Exit stable sync
