                   .--::--.
   :+*=:          =@@@@@@@@=          :+*+:
  %@@@@@@%*=.     =@@@@@@@@-     .=*%@@@@@@#
  @@@@@@@@@@@@#+-. .%@@@@#. .-+#@@@@@@@@@@@%
  -@@@@@@@@@@@@@@@@*:#@@#:*@@@@@@@@@@@@@@@@-
    :+*********####-%@%%@%-####********++.
   .%@@@@@@@@@@@@@%:@@@@@@:@@@@@@@@@@@@@@%
   .@@@@@@@@%*+-:   =@@@@=  .:-+*%@@@@@@@%.
     =*+-:           ###*          .:-+*=
                     %@@%
                     *@@*
                     +@@=
                     :##:
                     :@@:
                      @@
                      ..
* Logs will be written to the first available of the following paths:
/tmp/dragonfly.*
* For the available flags type dragonfly [--help | --helpfull]
* Documentation can be found at: https://www.dragonflydb.io/docs
I0817 13:52:00.619479  170261 dfly_main.cc:1104] Starting dragonfly df-dev-0000000
I0817 13:52:00.619598  170261 dfly_main.cc:1154] Using proactor_threads=10 (overriding cgroup-derived 0)
W0817 13:52:00.619606  170261 dfly_main.cc:1161] SWAP is enabled. Consider disabling it when running Dragonfly.
I0817 13:52:00.619674  170261 dfly_main.cc:1167] maxmemory has not been specified. Deciding myself....
I0817 13:52:00.619675  170261 dfly_main.cc:1176] Found 20.19GiB available memory. Setting maxmemory to 16.15GiB
I0817 13:52:00.620162  170262 uring_proactor.cc:263] IORing with 1024 entries, allocated 98368 bytes, cq_entries is 2048
I0817 13:52:00.620756  170261 proactor_pool.cc:149] Running 10 io threads
I0817 13:52:00.621595  170261 dragonfly_listener.cc:152] SSL version: OpenSSL 3.0.13 30 Jan 2024
W0817 13:52:00.621619  170261 dfly_main.cc:353] Protected mode enabled. Binding to localhost only because no password is set. To accept remote connections, set a password with --requirepass or specify a bind address with --bind.
I0817 13:52:00.621811  170261 dfly_main.cc:437] Listening on admin socket any:38220
I0817 13:52:00.622590  170261 server_family.cc:1207] Host OS: Linux 7.0.0-28-generic x86_64 with 10 threads
I0817 13:52:00.622754  170263 listener_interface.cc:102] sock[25] AcceptServer - listening on 0.0.0.0:38220
I0817 13:52:00.622765  170264 listener_interface.cc:102] sock[26] AcceptServer - listening on 127.0.0.1:18220
I0817 13:52:00.719765  170264 server_family.cc:3393] Initiate replication with: 127.0.0.1:18216
I0817 13:52:00.729176  170264 replica.cc:681] Started full sync with 127.0.0.1:18216
I0817 13:52:02.504360  170264 replica.cc:720] full sync finished in 1.78 s
I0817 13:52:02.504475  170264 replica.cc:907] Transitioned into stable sync
I0817 13:52:02.681328  170264 listener_interface.cc:230] Listener stopped for port 18220
I0817 13:52:02.681376  170263 listener_interface.cc:230] Listener stopped for port 38220
W0817 13:52:02.681604  170265 main_service.cc:1536] VerifyCommandState error: Can not execute during SHUTTING DOWN
W0817 13:52:02.681648  170265 main_service.cc:1536] VerifyCommandState error: Can not execute during SHUTTING DOWN
W0817 13:52:02.681656  170265 main_service.cc:1536] VerifyCommandState error: Can not execute during SHUTTING DOWN
W0817 13:52:02.681644  170271 main_service.cc:1536] VerifyCommandState error: Can not execute during SHUTTING DOWN
W0817 13:52:02.681665  170265 main_service.cc:1536] VerifyCommandState error: Can not execute during SHUTTING DOWN
W0817 13:52:02.681676  170271 main_service.cc:1536] VerifyCommandState error: Can not execute during SHUTTING DOWN
W0817 13:52:02.681681  170271 main_service.cc:1536] VerifyCommandState error: Can not execute during SHUTTING DOWN
W0817 13:52:02.681755  170268 main_service.cc:1536] VerifyCommandState error: Can not execute during SHUTTING DOWN
W0817 13:52:02.681781  170268 main_service.cc:1536] VerifyCommandState error: Can not execute during SHUTTING DOWN
W0817 13:52:02.681810  170264 execution_state.cc:93] ReportError: Operation canceled: ExecutionState cancelled
W0817 13:52:02.681839  170269 main_service.cc:1536] VerifyCommandState error: Can not execute during SHUTTING DOWN
W0817 13:52:02.681869  170264 protocol_client.cc:277] Socket error: Operation canceled: ExecutionState cancelled in 127.0.0.1:18216, socket info: State: ESTABLISHED, Local: 127.0.0.1:59620, Remote: 127.0.0.1:18216, Inode: 403775
I0817 13:52:02.683920  170264 replica.cc:939] Exit stable sync
