                   .--::--.
   :+*=:          =@@@@@@@@=          :+*+:
  %@@@@@@%*=.     =@@@@@@@@-     .=*%@@@@@@#
  @@@@@@@@@@@@#+-. .%@@@@#. .-+#@@@@@@@@@@@%
  -@@@@@@@@@@@@@@@@*:#@@#:*@@@@@@@@@@@@@@@@-
    :+*********####-%@%%@%-####********++.
   .%@@@@@@@@@@@@@%:@@@@@@:@@@@@@@@@@@@@@%
   .@@@@@@@@%*+-:   =@@@@=  .:-+*%@@@@@@@%.
     =*+-:           ###*          .:-+*=
                     %@@%
                     *@@*
                     +@@=
                     :##:
                     :@@:
                      @@
                      ..
* Logs will be written to the first available of the following paths:
/tmp/dragonfly.*
* For the available flags type dragonfly [--help | --helpfull]
* Documentation can be found at: https://www.dragonflydb.io/docs
I0817 13:52:00.513998  170239 dfly_main.cc:1104] Starting dragonfly df-dev-0000000
I0817 13:52:00.514151  170239 dfly_main.cc:1154] Using proactor_threads=10 (overriding cgroup-derived 0)
W0817 13:52:00.514161  170239 dfly_main.cc:1161] SWAP is enabled. Consider disabling it when running Dragonfly.
I0817 13:52:00.514218  170239 dfly_main.cc:1167] maxmemory has not been specified. Deciding myself....
I0817 13:52:00.514220  170239 dfly_main.cc:1176] Found 20.20GiB available memory. Setting maxmemory to 16.16GiB
I0817 13:52:00.514870  170240 uring_proactor.cc:263] IORing with 1024 entries, allocated 98368 bytes, cq_entries is 2048
I0817 13:52:00.515469  170239 proactor_pool.cc:149] Running 10 io threads
I0817 13:52:00.516357  170239 dragonfly_listener.cc:152] SSL version: OpenSSL 3.0.13 30 Jan 2024
W0817 13:52:00.516380  170239 dfly_main.cc:353] Protected mode enabled. Binding to localhost only because no password is set. To accept remote connections, set a password with --requirepass or specify a bind address with --bind.
I0817 13:52:00.516575  170239 dfly_main.cc:437] Listening on admin socket any:38218
I0817 13:52:00.517506  170239 server_family.cc:1207] Host OS: Linux 7.0.0-28-generic x86_64 with 10 threads
I0817 13:52:00.517683  170242 listener_interface.cc:102] sock[26] AcceptServer - listening on 127.0.0.1:18218
I0817 13:52:00.517685  170241 listener_interface.cc:102] sock[24] AcceptServer - listening on 0.0.0.0:38218
I0817 13:52:00.720171  170242 server_family.cc:3393] Initiate replication with: 127.0.0.1:18216
I0817 13:52:00.725090  170242 replica.cc:681] Started full sync with 127.0.0.1:18216
I0817 13:52:02.498614  170242 replica.cc:720] full sync finished in 1.78 s
I0817 13:52:02.498752  170242 replica.cc:907] Transitioned into stable sync
I0817 13:52:02.810835  170242 listener_interface.cc:230] Listener stopped for port 18218
I0817 13:52:02.810835  170241 listener_interface.cc:230] Listener stopped for port 38218
W0817 13:52:02.811006  170249 main_service.cc:1536] VerifyCommandState error: Can not execute during SHUTTING DOWN
W0817 13:52:02.811008  170243 main_service.cc:1536] VerifyCommandState error: Can not execute during SHUTTING DOWN
W0817 13:52:02.811066  170243 main_service.cc:1536] VerifyCommandState error: Can not execute during SHUTTING DOWN
W0817 13:52:02.811049  170249 main_service.cc:1536] VerifyCommandState error: Can not execute during SHUTTING DOWN
W0817 13:52:02.811091  170243 main_service.cc:1536] VerifyCommandState error: Can not execute during SHUTTING DOWN
W0817 13:52:02.811099  170243 main_service.cc:1536] VerifyCommandState error: Can not execute during SHUTTING DOWN
W0817 13:52:02.811138  170246 main_service.cc:1536] VerifyCommandState error: Can not execute during SHUTTING DOWN
W0817 13:52:02.811160  170246 main_service.cc:1536] VerifyCommandState error: Can not execute during SHUTTING DOWN
W0817 13:52:02.811189  170242 execution_state.cc:93] ReportError: Operation canceled: ExecutionState cancelled
W0817 13:52:02.811241  170242 protocol_client.cc:277] Socket error: Operation canceled: ExecutionState cancelled in 127.0.0.1:18216, socket info: State: ESTABLISHED, Local: 127.0.0.1:59638, Remote: 127.0.0.1:18216, Inode: 403785
I0817 13:52:02.812916  170242 replica.cc:939] Exit stable sync
