                   .--::--.
   :+*=:          =@@@@@@@@=          :+*+:
  %@@@@@@%*=.     =@@@@@@@@-     .=*%@@@@@@#
  @@@@@@@@@@@@#+-. .%@@@@#. .-+#@@@@@@@@@@@%
  -@@@@@@@@@@@@@@@@*:#@@#:*@@@@@@@@@@@@@@@@-
    :+*********####-%@%%@%-####********++.
   .%@@@@@@@@@@@@@%:@@@@@@:@@@@@@@@@@@@@@%
   .@@@@@@@@%*+-:   =@@@@=  .:-+*%@@@@@@@%.
     =*+-:           ###*          .:-+*=
                     %@@%
                     *@@*
                     +@@=
                     :##:
                     :@@:
                      @@
                      ..
* Logs will be written to the first available of the following paths:
/tmp/dragonfly.*
* For the available flags type dragonfly [--help | --helpfull]
* Documentation can be found at: https://www.dragonflydb.io/docs
I0817 13:52:00.674053  170272 dfly_main.cc:1104] Starting dragonfly df-dev-0000000
I0817 13:52:00.674166  170272 dfly_main.cc:1154] Using proactor_threads=10 (overriding cgroup-derived 0)
W0817 13:52:00.674173  170272 dfly_main.cc:1161] SWAP is enabled. Consider disabling it when running Dragonfly.
I0817 13:52:00.674216  170272 dfly_main.cc:1167] maxmemory has not been specified. Deciding myself....
I0817 13:52:00.674218  170272 dfly_main.cc:1176] Found 20.18GiB available memory. Setting maxmemory to 16.14GiB
I0817 13:52:00.674698  170273 uring_proactor.cc:263] IORing with 1024 entries, allocated 98368 bytes, cq_entries is 2048
I0817 13:52:00.675518  170272 proactor_pool.cc:149] Running 10 io threads
I0817 13:52:00.676447  170272 dragonfly_listener.cc:152] SSL version: OpenSSL 3.0.13 30 Jan 2024
W0817 13:52:00.676476  170272 dfly_main.cc:353] Protected mode enabled. Binding to localhost only because no password is set. To accept remote connections, set a password with --requirepass or specify a bind address with --bind.
I0817 13:52:00.676676  170272 dfly_main.cc:437] Listening on admin socket any:38221
I0817 13:52:00.677506  170272 server_family.cc:1207] Host OS: Linux 7.0.0-28-generic x86_64 with 10 threads
I0817 13:52:00.677665  170274 listener_interface.cc:102] sock[24] AcceptServer - listening on 0.0.0.0:38221
I0817 13:52:00.677676  170275 listener_interface.cc:102] sock[26] AcceptServer - listening on 127.0.0.1:18221
I0817 13:52:00.719941  170275 server_family.cc:3393] Initiate replication with: 127.0.0.1:18216
I0817 13:52:00.728143  170275 replica.cc:681] Started full sync with 127.0.0.1:18216
I0817 13:52:02.506737  170275 replica.cc:720] full sync finished in 1.78 s
I0817 13:52:02.506857  170275 replica.cc:907] Transitioned into stable sync
I0817 13:52:02.648648  170274 listener_interface.cc:230] Listener stopped for port 38221
I0817 13:52:02.648754  170275 listener_interface.cc:230] Listener stopped for port 18221
W0817 13:52:02.648916  170274 main_service.cc:1536] VerifyCommandState error: Can not execute during SHUTTING DOWN
W0817 13:52:02.648953  170274 main_service.cc:1536] VerifyCommandState error: Can not execute during SHUTTING DOWN
W0817 13:52:02.648956  170277 main_service.cc:1536] VerifyCommandState error: Can not execute during SHUTTING DOWN
W0817 13:52:02.648985  170277 main_service.cc:1536] VerifyCommandState error: Can not execute during SHUTTING DOWN
W0817 13:52:02.649025  170282 main_service.cc:1536] VerifyCommandState error: Can not execute during SHUTTING DOWN
W0817 13:52:02.649041  170282 main_service.cc:1536] VerifyCommandState error: Can not execute during SHUTTING DOWN
W0817 13:52:02.649116  170275 execution_state.cc:93] ReportError: Operation canceled: ExecutionState cancelled
W0817 13:52:02.649177  170275 protocol_client.cc:277] Socket error: Operation canceled: ExecutionState cancelled in 127.0.0.1:18216, socket info: State: ESTABLISHED, Local: 127.0.0.1:59624, Remote: 127.0.0.1:18216, Inode: 403778
I0817 13:52:02.651781  170275 replica.cc:939] Exit stable sync
