                   .--::--.
   :+*=:          =@@@@@@@@=          :+*+:
  %@@@@@@%*=.     =@@@@@@@@-     .=*%@@@@@@#
  @@@@@@@@@@@@#+-. .%@@@@#. .-+#@@@@@@@@@@@%
  -@@@@@@@@@@@@@@@@*:#@@#:*@@@@@@@@@@@@@@@@-
    :+*********####-%@%%@%-####********++.
   .%@@@@@@@@@@@@@%:@@@@@@:@@@@@@@@@@@@@@%
   .@@@@@@@@%*+-:   =@@@@=  .:-+*%@@@@@@@%.
     =*+-:           ###*          .:-+*=
                     %@@%
                     *@@*
                     +@@=
                     :##:
                     :@@:
                      @@
                      ..
* Logs will be written to the first available of the following paths:
/tmp/dragonfly.*
* For the available flags type dragonfly [--help | --helpfull]
* Documentation can be found at: https://www.dragonflydb.io/docs
I0817 13:52:00.567117  170250 dfly_main.cc:1104] Starting dragonfly df-dev-0000000
I0817 13:52:00.567262  170250 dfly_main.cc:1154] Using proactor_threads=10 (overriding cgroup-derived 0)
W0817 13:52:00.567270  170250 dfly_main.cc:1161] SWAP is enabled. Consider disabling it when running Dragonfly.
I0817 13:52:00.567327  170250 dfly_main.cc:1167] maxmemory has not been specified. Deciding myself....
I0817 13:52:00.567329  170250 dfly_main.cc:1176] Found 20.20GiB available memory. Setting maxmemory to 16.16GiB
I0817 13:52:00.567914  170251 uring_proactor.cc:263] IORing with 1024 entries, allocated 98368 bytes, cq_entries is 2048
I0817 13:52:00.568820  170250 proactor_pool.cc:149] Running 10 io threads
I0817 13:52:00.569913  170250 dragonfly_listener.cc:152] SSL version: OpenSSL 3.0.13 30 Jan 2024
W0817 13:52:00.569943  170250 dfly_main.cc:353] Protected mode enabled. Binding to localhost only because no password is set. To accept remote connections, set a password with --requirepass or specify a bind address with --bind.
I0817 13:52:00.570167  170250 dfly_main.cc:437] Listening on admin socket any:38219
I0817 13:52:00.570991  170250 server_family.cc:1207] Host OS: Linux 7.0.0-28-generic x86_64 with 10 threads
I0817 13:52:00.571153  170252 listener_interface.cc:102] sock[25] AcceptServer - listening on 0.0.0.0:38219
I0817 13:52:00.571159  170253 listener_interface.cc:102] sock[26] AcceptServer - listening on 127.0.0.1:18219
I0817 13:52:00.720346  170253 server_family.cc:3393] Initiate replication with: 127.0.0.1:18216
I0817 13:52:00.724603  170253 replica.cc:681] Started full sync with 127.0.0.1:18216
I0817 13:52:02.491189  170253 replica.cc:720] full sync finished in 1.77 s
I0817 13:52:02.491465  170253 replica.cc:907] Transitioned into stable sync
I0817 13:52:02.746307  170253 listener_interface.cc:230] Listener stopped for port 18219
I0817 13:52:02.746431  170252 listener_interface.cc:230] Listener stopped for port 38219
W0817 13:52:02.746531  170259 main_service.cc:1536] VerifyCommandState error: Can not execute during SHUTTING DOWN
W0817 13:52:02.746650  170259 main_service.cc:1536] VerifyCommandState error: Can not execute during SHUTTING DOWN
W0817 13:52:02.746658  170259 main_service.cc:1536] VerifyCommandState error: Can not execute during SHUTTING DOWN
W0817 13:52:02.746676  170260 main_service.cc:1536] VerifyCommandState error: Can not execute during SHUTTING DOWN
W0817 13:52:02.746702  170260 main_service.cc:1536] VerifyCommandState error: Can not execute during SHUTTING DOWN
W0817 13:52:02.746705  170253 execution_state.cc:93] ReportError: Operation canceled: ExecutionState cancelled
W0817 13:52:02.746758  170253 protocol_client.cc:277] Socket error: Operation canceled: ExecutionState cancelled in 127.0.0.1:18216, socket info: State: ESTABLISHED, Local: 127.0.0.1:59650, Remote: 127.0.0.1:18216, Inode: 403788
I0817 13:52:02.748727  170253 replica.cc:939] Exit stable sync
