                   .--::--.
   :+*=:          =@@@@@@@@=          :+*+:
  %@@@@@@%*=.     =@@@@@@@@-     .=*%@@@@@@#
  @@@@@@@@@@@@#+-. .%@@@@#. .-+#@@@@@@@@@@@%
  -@@@@@@@@@@@@@@@@*:#@@#:*@@@@@@@@@@@@@@@@-
    :+*********####-%@%%@%-####********++.
   .%@@@@@@@@@@@@@%:@@@@@@:@@@@@@@@@@@@@@%
   .@@@@@@@@%*+-:   =@@@@=  .:-+*%@@@@@@@%.
     =*+-:           ###*          .:-+*=
                     %@@%
                     *@@*
                     +@@=
                     :##:
                     :@@:
                      @@
                      ..
* Logs will be written to the first available of the following paths:
/tmp/dragonfly.*
* For the available flags type dragonfly [--help | --helpfull]
* Documentation can be found at: https://www.dragonflydb.io/docs
I0817 12:35:48.451373   66084 dfly_main.cc:1104] Starting dragonfly df-dev-0000000
I0817 12:35:48.451488   66084 dfly_main.cc:1154] Using proactor_threads=10 (overriding cgroup-derived 0)
W0817 12:35:48.451497   66084 dfly_main.cc:1161] SWAP is enabled. Consider disabling it when running Dragonfly.
I0817 12:35:48.451556   66084 dfly_main.cc:1167] maxmemory has not been specified. Deciding myself....
I0817 12:35:48.451558   66084 dfly_main.cc:1176] Found 19.69GiB available memory. Setting maxmemory to 15.75GiB
I0817 12:35:48.452036   66085 uring_proactor.cc:263] IORing with 1024 entries, allocated 98368 bytes, cq_entries is 2048
I0817 12:35:48.452863   66084 proactor_pool.cc:149] Running 10 io threads
I0817 12:35:48.453893   66084 dragonfly_listener.cc:152] SSL version: OpenSSL 3.0.13 30 Jan 2024
W0817 12:35:48.453917   66084 dfly_main.cc:353] Protected mode enabled. Binding to localhost only because no password is set. To accept remote connections, set a password with --requirepass or specify a bind address with --bind.
I0817 12:35:48.454209   66084 dfly_main.cc:437] Listening on admin socket any:45247
I0817 12:35:48.454929   66084 server_family.cc:1207] Host OS: Linux 7.0.0-28-generic x86_64 with 10 threads
I0817 12:35:48.455128   66086 listener_interface.cc:102] sock[25] AcceptServer - listening on 0.0.0.0:45247
I0817 12:35:48.455142   66087 listener_interface.cc:102] sock[26] AcceptServer - listening on 127.0.0.1:25247
I0817 12:35:48.815465   66087 server_family.cc:3393] Initiate replication with: 127.0.0.1:25244
I0817 12:35:48.822102   66087 replica.cc:681] Started full sync with 127.0.0.1:25244
I0817 12:35:51.980184   66087 replica.cc:720] full sync finished in 3.16 s
I0817 12:35:51.980300   66087 replica.cc:907] Transitioned into stable sync
I0817 12:35:52.564454   66087 listener_interface.cc:230] Listener stopped for port 25247
I0817 12:35:52.564461   66086 listener_interface.cc:230] Listener stopped for port 45247
W0817 12:35:52.564619   66091 main_service.cc:1536] VerifyCommandState error: Can not execute during SHUTTING DOWN
W0817 12:35:52.564623   66087 main_service.cc:1536] VerifyCommandState error: Can not execute during SHUTTING DOWN
W0817 12:35:52.564665   66091 main_service.cc:1536] VerifyCommandState error: Can not execute during SHUTTING DOWN
W0817 12:35:52.564670   66087 main_service.cc:1536] VerifyCommandState error: Can not execute during SHUTTING DOWN
W0817 12:35:52.564724   66085 main_service.cc:1536] VerifyCommandState error: Can not execute during SHUTTING DOWN
W0817 12:35:52.564729   66087 execution_state.cc:93] ReportError: Operation canceled: ExecutionState cancelled
W0817 12:35:52.564747   66085 main_service.cc:1536] VerifyCommandState error: Can not execute during SHUTTING DOWN
W0817 12:35:52.564749   66093 main_service.cc:1536] VerifyCommandState error: Can not execute during SHUTTING DOWN
W0817 12:35:52.564787   66087 protocol_client.cc:277] Socket error: Operation canceled: ExecutionState cancelled in 127.0.0.1:25244, socket info: State: ESTABLISHED, Local: 127.0.0.1:51816, Remote: 127.0.0.1:25244, Inode: 223489
I0817 12:35:52.568457   66087 replica.cc:939] Exit stable sync
