                   .--::--.
   :+*=:          =@@@@@@@@=          :+*+:
  %@@@@@@%*=.     =@@@@@@@@-     .=*%@@@@@@#
  @@@@@@@@@@@@#+-. .%@@@@#. .-+#@@@@@@@@@@@%
  -@@@@@@@@@@@@@@@@*:#@@#:*@@@@@@@@@@@@@@@@-
    :+*********####-%@%%@%-####********++.
   .%@@@@@@@@@@@@@%:@@@@@@:@@@@@@@@@@@@@@%
   .@@@@@@@@%*+-:   =@@@@=  .:-+*%@@@@@@@%.
     =*+-:           ###*          .:-+*=
                     %@@%
                     *@@*
                     +@@=
                     :##:
                     :@@:
                      @@
                      ..
* Logs will be written to the first available of the following paths:
/tmp/dragonfly.*
* For the available flags type dragonfly [--help | --helpfull]
* Documentation can be found at: https://www.dragonflydb.io/docs
I0817 12:35:48.556436   66118 dfly_main.cc:1104] Starting dragonfly df-dev-0000000
I0817 12:35:48.556537   66118 dfly_main.cc:1154] Using proactor_threads=10 (overriding cgroup-derived 0)
W0817 12:35:48.556544   66118 dfly_main.cc:1161] SWAP is enabled. Consider disabling it when running Dragonfly.
I0817 12:35:48.556591   66118 dfly_main.cc:1167] maxmemory has not been specified. Deciding myself....
I0817 12:35:48.556593   66118 dfly_main.cc:1176] Found 19.66GiB available memory. Setting maxmemory to 15.73GiB
I0817 12:35:48.557079   66119 uring_proactor.cc:263] IORing with 1024 entries, allocated 98368 bytes, cq_entries is 2048
I0817 12:35:48.557690   66118 proactor_pool.cc:149] Running 10 io threads
I0817 12:35:48.558567   66118 dragonfly_listener.cc:152] SSL version: OpenSSL 3.0.13 30 Jan 2024
W0817 12:35:48.558593   66118 dfly_main.cc:353] Protected mode enabled. Binding to localhost only because no password is set. To accept remote connections, set a password with --requirepass or specify a bind address with --bind.
I0817 12:35:48.558791   66118 dfly_main.cc:437] Listening on admin socket any:45249
I0817 12:35:48.559643   66118 server_family.cc:1207] Host OS: Linux 7.0.0-28-generic x86_64 with 10 threads
I0817 12:35:48.559835   66120 listener_interface.cc:102] sock[24] AcceptServer - listening on 0.0.0.0:45249
I0817 12:35:48.559855   66121 listener_interface.cc:102] sock[26] AcceptServer - listening on 127.0.0.1:25249
I0817 12:35:48.815114   66121 server_family.cc:3393] Initiate replication with: 127.0.0.1:25244
I0817 12:35:48.821264   66121 replica.cc:681] Started full sync with 127.0.0.1:25244
I0817 12:35:51.915488   66121 replica.cc:720] full sync finished in 3.1 s
I0817 12:35:51.915683   66121 replica.cc:907] Transitioned into stable sync
I0817 12:35:52.433508   66121 listener_interface.cc:230] Listener stopped for port 25249
I0817 12:35:52.433538   66120 listener_interface.cc:230] Listener stopped for port 45249
W0817 12:35:52.433706   66121 main_service.cc:1536] VerifyCommandState error: Can not execute during SHUTTING DOWN
W0817 12:35:52.433732   66121 main_service.cc:1536] VerifyCommandState error: Can not execute during SHUTTING DOWN
W0817 12:35:52.433738   66121 main_service.cc:1536] VerifyCommandState error: Can not execute during SHUTTING DOWN
W0817 12:35:52.433744   66121 main_service.cc:1536] VerifyCommandState error: Can not execute during SHUTTING DOWN
W0817 12:35:52.433910   66121 main_service.cc:1536] VerifyCommandState error: Can not execute during SHUTTING DOWN
W0817 12:35:52.433919   66121 main_service.cc:1536] VerifyCommandState error: Can not execute during SHUTTING DOWN
W0817 12:35:52.433923   66121 main_service.cc:1536] VerifyCommandState error: Can not execute during SHUTTING DOWN
W0817 12:35:52.433927   66121 main_service.cc:1536] VerifyCommandState error: Can not execute during SHUTTING DOWN
W0817 12:35:52.433932   66121 main_service.cc:1536] VerifyCommandState error: Can not execute during SHUTTING DOWN
W0817 12:35:52.433931   66125 main_service.cc:1536] VerifyCommandState error: Can not execute during SHUTTING DOWN
W0817 12:35:52.433957   66125 main_service.cc:1536] VerifyCommandState error: Can not execute during SHUTTING DOWN
W0817 12:35:52.433964   66124 main_service.cc:1536] VerifyCommandState error: Can not execute during SHUTTING DOWN
W0817 12:35:52.433993   66124 main_service.cc:1536] VerifyCommandState error: Can not execute during SHUTTING DOWN
W0817 12:35:52.433943   66122 main_service.cc:1536] VerifyCommandState error: Can not execute during SHUTTING DOWN
W0817 12:35:52.434014   66122 main_service.cc:1536] VerifyCommandState error: Can not execute during SHUTTING DOWN
W0817 12:35:52.434028   66121 execution_state.cc:93] ReportError: Operation canceled: ExecutionState cancelled
W0817 12:35:52.433998   66124 main_service.cc:1536] VerifyCommandState error: Can not execute during SHUTTING DOWN
W0817 12:35:52.433976   66125 main_service.cc:1536] VerifyCommandState error: Can not execute during SHUTTING DOWN
W0817 12:35:52.434097   66121 protocol_client.cc:277] Socket error: Operation canceled: ExecutionState cancelled in 127.0.0.1:25244, socket info: State: ESTABLISHED, Local: 127.0.0.1:51798, Remote: 127.0.0.1:25244, Inode: 223483
I0817 12:35:52.436674   66121 replica.cc:939] Exit stable sync
