                   .--::--.
   :+*=:          =@@@@@@@@=          :+*+:
  %@@@@@@%*=.     =@@@@@@@@-     .=*%@@@@@@#
  @@@@@@@@@@@@#+-. .%@@@@#. .-+#@@@@@@@@@@@%
  -@@@@@@@@@@@@@@@@*:#@@#:*@@@@@@@@@@@@@@@@-
    :+*********####-%@%%@%-####********++.
   .%@@@@@@@@@@@@@%:@@@@@@:@@@@@@@@@@@@@@%
   .@@@@@@@@%*+-:   =@@@@=  .:-+*%@@@@@@@%.
     =*+-:           ###*          .:-+*=
                     %@@%
                     *@@*
                     +@@=
                     :##:
                     :@@:
                      @@
                      ..
* Logs will be written to the first available of the following paths:
/tmp/dragonfly.*
* For the available flags type dragonfly [--help | --helpfull]
* Documentation can be found at: https://www.dragonflydb.io/docs
I0817 12:35:48.345473   66062 dfly_main.cc:1104] Starting dragonfly df-dev-0000000
I0817 12:35:48.345610   66062 dfly_main.cc:1154] Using proactor_threads=10 (overriding cgroup-derived 0)
W0817 12:35:48.345620   66062 dfly_main.cc:1161] SWAP is enabled. Consider disabling it when running Dragonfly.
I0817 12:35:48.345676   66062 dfly_main.cc:1167] maxmemory has not been specified. Deciding myself....
I0817 12:35:48.345679   66062 dfly_main.cc:1176] Found 19.62GiB available memory. Setting maxmemory to 15.69GiB
I0817 12:35:48.346306   66063 uring_proactor.cc:263] IORing with 1024 entries, allocated 98368 bytes, cq_entries is 2048
I0817 12:35:48.346950   66062 proactor_pool.cc:149] Running 10 io threads
I0817 12:35:48.347947   66062 dragonfly_listener.cc:152] SSL version: OpenSSL 3.0.13 30 Jan 2024
W0817 12:35:48.347978   66062 dfly_main.cc:353] Protected mode enabled. Binding to localhost only because no password is set. To accept remote connections, set a password with --requirepass or specify a bind address with --bind.
I0817 12:35:48.348203   66062 dfly_main.cc:437] Listening on admin socket any:45245
I0817 12:35:48.348979   66062 server_family.cc:1207] Host OS: Linux 7.0.0-28-generic x86_64 with 10 threads
I0817 12:35:48.349186   66064 listener_interface.cc:102] sock[25] AcceptServer - listening on 0.0.0.0:45245
I0817 12:35:48.349208   66065 listener_interface.cc:102] sock[26] AcceptServer - listening on 127.0.0.1:25245
I0817 12:35:48.815704   66065 server_family.cc:3393] Initiate replication with: 127.0.0.1:25244
I0817 12:35:48.839039   66065 replica.cc:681] Started full sync with 127.0.0.1:25244
I0817 12:35:51.998525   66065 replica.cc:720] full sync finished in 3.18 s
I0817 12:35:51.998720   66065 replica.cc:907] Transitioned into stable sync
I0817 12:35:52.693781   66065 listener_interface.cc:230] Listener stopped for port 25245
I0817 12:35:52.693906   66064 listener_interface.cc:230] Listener stopped for port 45245
W0817 12:35:52.694052   66064 main_service.cc:1536] VerifyCommandState error: Can not execute during SHUTTING DOWN
W0817 12:35:52.694082   66067 main_service.cc:1536] VerifyCommandState error: Can not execute during SHUTTING DOWN
W0817 12:35:52.694105   66068 main_service.cc:1536] VerifyCommandState error: Can not execute during SHUTTING DOWN
W0817 12:35:52.694118   66064 main_service.cc:1536] VerifyCommandState error: Can not execute during SHUTTING DOWN
W0817 12:35:52.694127   66067 main_service.cc:1536] VerifyCommandState error: Can not execute during SHUTTING DOWN
W0817 12:35:52.694164   66068 main_service.cc:1536] VerifyCommandState error: Can not execute during SHUTTING DOWN
W0817 12:35:52.694180   66070 main_service.cc:1536] VerifyCommandState error: Can not execute during SHUTTING DOWN
W0817 12:35:52.694209   66070 main_service.cc:1536] VerifyCommandState error: Can not execute during SHUTTING DOWN
W0817 12:35:52.694221   66065 execution_state.cc:93] ReportError: Operation canceled: ExecutionState cancelled
W0817 12:35:52.694246   66067 main_service.cc:1536] VerifyCommandState error: Can not execute during SHUTTING DOWN
W0817 12:35:52.694280   66065 protocol_client.cc:277] Socket error: Operation canceled: ExecutionState cancelled in 127.0.0.1:25244, socket info: State: ESTABLISHED, Local: 127.0.0.1:51818, Remote: 127.0.0.1:25244, Inode: 223497
I0817 12:35:52.697148   66065 replica.cc:939] Exit stable sync
