                   .--::--.
   :+*=:          =@@@@@@@@=          :+*+:
  %@@@@@@%*=.     =@@@@@@@@-     .=*%@@@@@@#
  @@@@@@@@@@@@#+-. .%@@@@#. .-+#@@@@@@@@@@@%
  -@@@@@@@@@@@@@@@@*:#@@#:*@@@@@@@@@@@@@@@@-
    :+*********####-%@%%@%-####********++.
   .%@@@@@@@@@@@@@%:@@@@@@:@@@@@@@@@@@@@@%
   .@@@@@@@@%*+-:   =@@@@=  .:-+*%@@@@@@@%.
     =*+-:           ###*          .:-+*=
                     %@@%
                     *@@*
                     +@@=
                     :##:
                     :@@:
                      @@
                      ..
* Logs will be written to the first available of the following paths:
/tmp/dragonfly.*
* For the available flags type dragonfly [--help | --helpfull]
* Documentation can be found at: https://www.dragonflydb.io/docs
I0817 12:35:48.399138   66073 dfly_main.cc:1104] Starting dragonfly df-dev-0000000
I0817 12:35:48.399250   66073 dfly_main.cc:1154] Using proactor_threads=10 (overriding cgroup-derived 0)
W0817 12:35:48.399258   66073 dfly_main.cc:1161] SWAP is enabled. Consider disabling it when running Dragonfly.
I0817 12:35:48.399307   66073 dfly_main.cc:1167] maxmemory has not been specified. Deciding myself....
I0817 12:35:48.399310   66073 dfly_main.cc:1176] Found 19.66GiB available memory. Setting maxmemory to 15.73GiB
I0817 12:35:48.399904   66074 uring_proactor.cc:263] IORing with 1024 entries, allocated 98368 bytes, cq_entries is 2048
I0817 12:35:48.400779   66073 proactor_pool.cc:149] Running 10 io threads
I0817 12:35:48.401656   66073 dragonfly_listener.cc:152] SSL version: OpenSSL 3.0.13 30 Jan 2024
W0817 12:35:48.401678   66073 dfly_main.cc:353] Protected mode enabled. Binding to localhost only because no password is set. To accept remote connections, set a password with --requirepass or specify a bind address with --bind.
I0817 12:35:48.401885   66073 dfly_main.cc:437] Listening on admin socket any:45246
I0817 12:35:48.402671   66073 server_family.cc:1207] Host OS: Linux 7.0.0-28-generic x86_64 with 10 threads
I0817 12:35:48.402837   66076 listener_interface.cc:102] sock[26] AcceptServer - listening on 127.0.0.1:25246
I0817 12:35:48.402841   66075 listener_interface.cc:102] sock[24] AcceptServer - listening on 0.0.0.0:45246
I0817 12:35:48.816246   66076 server_family.cc:3393] Initiate replication with: 127.0.0.1:25244
I0817 12:35:48.832151   66076 replica.cc:681] Started full sync with 127.0.0.1:25244
I0817 12:35:51.991891   66076 replica.cc:720] full sync finished in 3.17 s
I0817 12:35:51.992057   66076 replica.cc:907] Transitioned into stable sync
I0817 12:35:52.629156   66076 listener_interface.cc:230] Listener stopped for port 25246
I0817 12:35:52.629246   66075 listener_interface.cc:230] Listener stopped for port 45246
W0817 12:35:52.629433   66075 main_service.cc:1536] VerifyCommandState error: Can not execute during SHUTTING DOWN
W0817 12:35:52.629448   66076 main_service.cc:1536] VerifyCommandState error: Can not execute during SHUTTING DOWN
W0817 12:35:52.629457   66075 main_service.cc:1536] VerifyCommandState error: Can not execute during SHUTTING DOWN
W0817 12:35:52.629460   66076 main_service.cc:1536] VerifyCommandState error: Can not execute during SHUTTING DOWN
W0817 12:35:52.629463   66075 main_service.cc:1536] VerifyCommandState error: Can not execute during SHUTTING DOWN
W0817 12:35:52.629466   66076 main_service.cc:1536] VerifyCommandState error: Can not execute during SHUTTING DOWN
W0817 12:35:52.629469   66075 main_service.cc:1536] VerifyCommandState error: Can not execute during SHUTTING DOWN
W0817 12:35:52.629470   66076 main_service.cc:1536] VerifyCommandState error: Can not execute during SHUTTING DOWN
W0817 12:35:52.629500   66076 execution_state.cc:93] ReportError: Operation canceled: ExecutionState cancelled
W0817 12:35:52.629534   66076 protocol_client.cc:277] Socket error: Operation canceled: ExecutionState cancelled in 127.0.0.1:25244, socket info: State: ESTABLISHED, Local: 127.0.0.1:51846, Remote: 127.0.0.1:25244, Inode: 223506
I0817 12:35:52.631729   66076 replica.cc:939] Exit stable sync
