                   .--::--.
   :+*=:          =@@@@@@@@=          :+*+:
  %@@@@@@%*=.     =@@@@@@@@-     .=*%@@@@@@#
  @@@@@@@@@@@@#+-. .%@@@@#. .-+#@@@@@@@@@@@%
  -@@@@@@@@@@@@@@@@*:#@@#:*@@@@@@@@@@@@@@@@-
    :+*********####-%@%%@%-####********++.
   .%@@@@@@@@@@@@@%:@@@@@@:@@@@@@@@@@@@@@%
   .@@@@@@@@%*+-:   =@@@@=  .:-+*%@@@@@@@%.
     =*+-:           ###*          .:-+*=
                     %@@%
                     *@@*
                     +@@=
                     :##:
                     :@@:
                      @@
                      ..
* Logs will be written to the first available of the following paths:
/tmp/dragonfly.*
* For the available flags type dragonfly [--help | --helpfull]
* Documentation can be found at: https://www.dragonflydb.io/docs
I0817 12:35:48.609161   66129 dfly_main.cc:1104] Starting dragonfly df-dev-0000000
I0817 12:35:48.609275   66129 dfly_main.cc:1154] Using proactor_threads=10 (overriding cgroup-derived 0)
W0817 12:35:48.609285   66129 dfly_main.cc:1161] SWAP is enabled. Consider disabling it when running Dragonfly.
I0817 12:35:48.609350   66129 dfly_main.cc:1167] maxmemory has not been specified. Deciding myself....
I0817 12:35:48.609354   66129 dfly_main.cc:1176] Found 19.65GiB available memory. Setting maxmemory to 15.72GiB
I0817 12:35:48.609859   66130 uring_proactor.cc:263] IORing with 1024 entries, allocated 98368 bytes, cq_entries is 2048
I0817 12:35:48.610563   66129 proactor_pool.cc:149] Running 10 io threads
I0817 12:35:48.611361   66129 dragonfly_listener.cc:152] SSL version: OpenSSL 3.0.13 30 Jan 2024
W0817 12:35:48.611385   66129 dfly_main.cc:353] Protected mode enabled. Binding to localhost only because no password is set. To accept remote connections, set a password with --requirepass or specify a bind address with --bind.
I0817 12:35:48.611592   66129 dfly_main.cc:437] Listening on admin socket any:45250
I0817 12:35:48.612368   66129 server_family.cc:1207] Host OS: Linux 7.0.0-28-generic x86_64 with 10 threads
I0817 12:35:48.612558   66132 listener_interface.cc:102] sock[26] AcceptServer - listening on 127.0.0.1:25250
I0817 12:35:48.612559   66131 listener_interface.cc:102] sock[25] AcceptServer - listening on 0.0.0.0:45250
I0817 12:35:48.814863   66132 server_family.cc:3393] Initiate replication with: 127.0.0.1:25244
I0817 12:35:48.839252   66132 replica.cc:681] Started full sync with 127.0.0.1:25244
I0817 12:35:51.996924   66132 replica.cc:720] full sync finished in 3.18 s
I0817 12:35:51.997150   66132 replica.cc:907] Transitioned into stable sync
I0817 12:35:52.367975   66132 listener_interface.cc:230] Listener stopped for port 25250
I0817 12:35:52.368001   66131 listener_interface.cc:230] Listener stopped for port 45250
W0817 12:35:52.368191   66134 main_service.cc:1536] VerifyCommandState error: Can not execute during SHUTTING DOWN
W0817 12:35:52.368229   66134 main_service.cc:1536] VerifyCommandState error: Can not execute during SHUTTING DOWN
W0817 12:35:52.368234   66136 main_service.cc:1536] VerifyCommandState error: Can not execute during SHUTTING DOWN
W0817 12:35:52.368271   66136 main_service.cc:1536] VerifyCommandState error: Can not execute during SHUTTING DOWN
W0817 12:35:52.368278   66136 main_service.cc:1536] VerifyCommandState error: Can not execute during SHUTTING DOWN
W0817 12:35:52.368269   66135 main_service.cc:1536] VerifyCommandState error: Can not execute during SHUTTING DOWN
W0817 12:35:52.368300   66135 main_service.cc:1536] VerifyCommandState error: Can not execute during SHUTTING DOWN
W0817 12:35:52.368291   66132 execution_state.cc:93] ReportError: Operation canceled: ExecutionState cancelled
W0817 12:35:52.368332   66132 protocol_client.cc:277] Socket error: Operation canceled: ExecutionState cancelled in 127.0.0.1:25244, socket info: State: ESTABLISHED, Local: 127.0.0.1:51786, Remote: 127.0.0.1:25244, Inode: 223481
I0817 12:35:52.371838   66132 replica.cc:939] Exit stable sync
