                   .--::--.
   :+*=:          =@@@@@@@@=          :+*+:
  %@@@@@@%*=.     =@@@@@@@@-     .=*%@@@@@@#
  @@@@@@@@@@@@#+-. .%@@@@#. .-+#@@@@@@@@@@@%
  -@@@@@@@@@@@@@@@@*:#@@#:*@@@@@@@@@@@@@@@@-
    :+*********####-%@%%@%-####********++.
   .%@@@@@@@@@@@@@%:@@@@@@:@@@@@@@@@@@@@@%
   .@@@@@@@@%*+-:   =@@@@=  .:-+*%@@@@@@@%.
     =*+-:           ###*          .:-+*=
                     %@@%
                     *@@*
                     +@@=
                     :##:
                     :@@:
                      @@
                      ..
* Logs will be written to the first available of the following paths:
/tmp/dragonfly.*
* For the available flags type dragonfly [--help | --helpfull]
* Documentation can be found at: https://www.dragonflydb.io/docs
I0817 12:35:48.767009   66162 dfly_main.cc:1104] Starting dragonfly df-dev-0000000
I0817 12:35:48.767137   66162 dfly_main.cc:1154] Using proactor_threads=10 (overriding cgroup-derived 0)
W0817 12:35:48.767147   66162 dfly_main.cc:1161] SWAP is enabled. Consider disabling it when running Dragonfly.
I0817 12:35:48.767208   66162 dfly_main.cc:1167] maxmemory has not been specified. Deciding myself....
I0817 12:35:48.767210   66162 dfly_main.cc:1176] Found 19.62GiB available memory. Setting maxmemory to 15.70GiB
I0817 12:35:48.767835   66163 uring_proactor.cc:263] IORing with 1024 entries, allocated 98368 bytes, cq_entries is 2048
I0817 12:35:48.768543   66162 proactor_pool.cc:149] Running 10 io threads
I0817 12:35:48.769558   66162 dragonfly_listener.cc:152] SSL version: OpenSSL 3.0.13 30 Jan 2024
W0817 12:35:48.769585   66162 dfly_main.cc:353] Protected mode enabled. Binding to localhost only because no password is set. To accept remote connections, set a password with --requirepass or specify a bind address with --bind.
I0817 12:35:48.769781   66162 dfly_main.cc:437] Listening on admin socket any:45253
I0817 12:35:48.770636   66162 server_family.cc:1207] Host OS: Linux 7.0.0-28-generic x86_64 with 10 threads
I0817 12:35:48.770796   66165 listener_interface.cc:102] sock[26] AcceptServer - listening on 127.0.0.1:25253
I0817 12:35:48.770796   66164 listener_interface.cc:102] sock[25] AcceptServer - listening on 0.0.0.0:45253
I0817 12:35:48.815288   66165 server_family.cc:3393] Initiate replication with: 127.0.0.1:25244
I0817 12:35:48.821331   66165 replica.cc:681] Started full sync with 127.0.0.1:25244
W0817 12:35:50.552338   66166 proactor_base.cc:231] OnIdle task is taking too long: 2601 us defrag
I0817 12:35:51.938180   66165 replica.cc:720] full sync finished in 3.12 s
I0817 12:35:51.938507   66165 replica.cc:907] Transitioned into stable sync
I0817 12:35:52.174587   66165 listener_interface.cc:230] Listener stopped for port 25253
I0817 12:35:52.174571   66164 listener_interface.cc:230] Listener stopped for port 45253
W0817 12:35:52.174724   66166 main_service.cc:1536] VerifyCommandState error: Can not execute during SHUTTING DOWN
W0817 12:35:52.174772   66166 main_service.cc:1536] VerifyCommandState error: Can not execute during SHUTTING DOWN
W0817 12:35:52.174772   66163 main_service.cc:1536] VerifyCommandState error: Can not execute during SHUTTING DOWN
W0817 12:35:52.174795   66163 main_service.cc:1536] VerifyCommandState error: Can not execute during SHUTTING DOWN
W0817 12:35:52.174869   66165 main_service.cc:1536] VerifyCommandState error: Can not execute during SHUTTING DOWN
W0817 12:35:52.174884   66165 main_service.cc:1536] VerifyCommandState error: Can not execute during SHUTTING DOWN
W0817 12:35:52.174889   66165 main_service.cc:1536] VerifyCommandState error: Can not execute during SHUTTING DOWN
W0817 12:35:52.175046   66172 main_service.cc:1536] VerifyCommandState error: Can not execute during SHUTTING DOWN
W0817 12:35:52.175086   66172 main_service.cc:1536] VerifyCommandState error: Can not execute during SHUTTING DOWN
W0817 12:35:52.174781   66166 main_service.cc:1536] VerifyCommandState error: Can not execute during SHUTTING DOWN
W0817 12:35:52.175194   66170 main_service.cc:1536] VerifyCommandState error: Can not execute during SHUTTING DOWN
W0817 12:35:52.175215   66166 main_service.cc:1536] VerifyCommandState error: Can not execute during SHUTTING DOWN
W0817 12:35:52.175225   66166 main_service.cc:1536] VerifyCommandState error: Can not execute during SHUTTING DOWN
W0817 12:35:52.175224   66170 main_service.cc:1536] VerifyCommandState error: Can not execute during SHUTTING DOWN
W0817 12:35:52.175240   66170 main_service.cc:1536] VerifyCommandState error: Can not execute during SHUTTING DOWN
W0817 12:35:52.175245   66170 main_service.cc:1536] VerifyCommandState error: Can not execute during SHUTTING DOWN
W0817 12:35:52.175252   66170 main_service.cc:1536] VerifyCommandState error: Can not execute during SHUTTING DOWN
W0817 12:35:52.175264   66170 main_service.cc:1536] VerifyCommandState error: Can not execute during SHUTTING DOWN
W0817 12:35:52.175269   66170 main_service.cc:1536] VerifyCommandState error: Can not execute during SHUTTING DOWN
W0817 12:35:52.175398   66172 main_service.cc:1536] VerifyCommandState error: Can not execute during SHUTTING DOWN
W0817 12:35:52.175417   66172 main_service.cc:1536] VerifyCommandState error: Can not execute during SHUTTING DOWN
W0817 12:35:52.175424   66172 main_service.cc:1536] VerifyCommandState error: Can not execute during SHUTTING DOWN
W0817 12:35:52.175423   66163 main_service.cc:1536] VerifyCommandState error: Can not execute during SHUTTING DOWN
W0817 12:35:52.175443   66163 main_service.cc:1536] VerifyCommandState error: Can not execute during SHUTTING DOWN
W0817 12:35:52.175566   66169 main_service.cc:1536] VerifyCommandState error: Can not execute during SHUTTING DOWN
W0817 12:35:52.175586   66163 main_service.cc:1536] VerifyCommandState error: Can not execute during SHUTTING DOWN
W0817 12:35:52.175591   66169 main_service.cc:1536] VerifyCommandState error: Can not execute during SHUTTING DOWN
W0817 12:35:52.175595   66163 main_service.cc:1536] VerifyCommandState error: Can not execute during SHUTTING DOWN
W0817 12:35:52.175600   66169 main_service.cc:1536] VerifyCommandState error: Can not execute during SHUTTING DOWN
W0817 12:35:52.175431   66172 main_service.cc:1536] VerifyCommandState error: Can not execute during SHUTTING DOWN
W0817 12:35:52.175652   66172 main_service.cc:1536] VerifyCommandState error: Can not execute during SHUTTING DOWN
W0817 12:35:52.175653   66171 main_service.cc:1536] VerifyCommandState error: Can not execute during SHUTTING DOWN
W0817 12:35:52.175666   66165 execution_state.cc:93] ReportError: Operation canceled: ExecutionState cancelled
W0817 12:35:52.175684   66171 main_service.cc:1536] VerifyCommandState error: Can not execute during SHUTTING DOWN
W0817 12:35:52.175712   66165 protocol_client.cc:277] Socket error: Operation canceled: ExecutionState cancelled in 127.0.0.1:25244, socket info: State: ESTABLISHED, Local: 127.0.0.1:51804, Remote: 127.0.0.1:25244, Inode: 223486
I0817 12:35:52.178984   66165 replica.cc:939] Exit stable sync
