                   .--::--.
   :+*=:          =@@@@@@@@=          :+*+:
  %@@@@@@%*=.     =@@@@@@@@-     .=*%@@@@@@#
  @@@@@@@@@@@@#+-. .%@@@@#. .-+#@@@@@@@@@@@%
  -@@@@@@@@@@@@@@@@*:#@@#:*@@@@@@@@@@@@@@@@-
    :+*********####-%@%%@%-####********++.
   .%@@@@@@@@@@@@@%:@@@@@@:@@@@@@@@@@@@@@%
   .@@@@@@@@%*+-:   =@@@@=  .:-+*%@@@@@@@%.
     =*+-:           ###*          .:-+*=
                     %@@%
                     *@@*
                     +@@=
                     :##:
                     :@@:
                      @@
                      ..
* Logs will be written to the first available of the following paths:
/tmp/dragonfly.*
* For the available flags type dragonfly [--help | --helpfull]
* Documentation can be found at: https://www.dragonflydb.io/docs
I0817 12:35:48.504138   66107 dfly_main.cc:1104] Starting dragonfly df-dev-0000000
I0817 12:35:48.504265   66107 dfly_main.cc:1154] Using proactor_threads=10 (overriding cgroup-derived 0)
W0817 12:35:48.504275   66107 dfly_main.cc:1161] SWAP is enabled. Consider disabling it when running Dragonfly.
I0817 12:35:48.504349   66107 dfly_main.cc:1167] maxmemory has not been specified. Deciding myself....
I0817 12:35:48.504351   66107 dfly_main.cc:1176] Found 19.67GiB available memory. Setting maxmemory to 15.73GiB
I0817 12:35:48.504952   66108 uring_proactor.cc:263] IORing with 1024 entries, allocated 98368 bytes, cq_entries is 2048
I0817 12:35:48.505572   66107 proactor_pool.cc:149] Running 10 io threads
I0817 12:35:48.506582   66107 dragonfly_listener.cc:152] SSL version: OpenSSL 3.0.13 30 Jan 2024
W0817 12:35:48.506610   66107 dfly_main.cc:353] Protected mode enabled. Binding to localhost only because no password is set. To accept remote connections, set a password with --requirepass or specify a bind address with --bind.
I0817 12:35:48.506845   66107 dfly_main.cc:437] Listening on admin socket any:45248
I0817 12:35:48.507670   66107 server_family.cc:1207] Host OS: Linux 7.0.0-28-generic x86_64 with 10 threads
I0817 12:35:48.507855   66109 listener_interface.cc:102] sock[25] AcceptServer - listening on 0.0.0.0:45248
I0817 12:35:48.507866   66110 listener_interface.cc:102] sock[26] AcceptServer - listening on 127.0.0.1:25248
I0817 12:35:48.815875   66110 server_family.cc:3393] Initiate replication with: 127.0.0.1:25244
I0817 12:35:48.837974   66110 replica.cc:681] Started full sync with 127.0.0.1:25244
I0817 12:35:51.994551   66110 replica.cc:720] full sync finished in 3.17 s
I0817 12:35:51.994774   66110 replica.cc:907] Transitioned into stable sync
I0817 12:35:52.498493   66110 listener_interface.cc:230] Listener stopped for port 25248
I0817 12:35:52.498495   66109 listener_interface.cc:230] Listener stopped for port 45248
W0817 12:35:52.498673   66115 main_service.cc:1536] VerifyCommandState error: Can not execute during SHUTTING DOWN
W0817 12:35:52.498691   66110 main_service.cc:1536] VerifyCommandState error: Can not execute during SHUTTING DOWN
W0817 12:35:52.498721   66115 main_service.cc:1536] VerifyCommandState error: Can not execute during SHUTTING DOWN
W0817 12:35:52.498731   66115 main_service.cc:1536] VerifyCommandState error: Can not execute during SHUTTING DOWN
W0817 12:35:52.498724   66116 main_service.cc:1536] VerifyCommandState error: Can not execute during SHUTTING DOWN
W0817 12:35:52.498723   66110 main_service.cc:1536] VerifyCommandState error: Can not execute during SHUTTING DOWN
W0817 12:35:52.498808   66116 main_service.cc:1536] VerifyCommandState error: Can not execute during SHUTTING DOWN
W0817 12:35:52.498812   66111 main_service.cc:1536] VerifyCommandState error: Can not execute during SHUTTING DOWN
W0817 12:35:52.498841   66111 main_service.cc:1536] VerifyCommandState error: Can not execute during SHUTTING DOWN
W0817 12:35:52.498861   66110 execution_state.cc:93] ReportError: Operation canceled: ExecutionState cancelled
W0817 12:35:52.498896   66110 protocol_client.cc:277] Socket error: Operation canceled: ExecutionState cancelled in 127.0.0.1:25244, socket info: State: ESTABLISHED, Local: 127.0.0.1:51834, Remote: 127.0.0.1:25244, Inode: 223500
I0817 12:35:52.501440   66110 replica.cc:939] Exit stable sync
