                   .--::--.
   :+*=:          =@@@@@@@@=          :+*+:
  %@@@@@@%*=.     =@@@@@@@@-     .=*%@@@@@@#
  @@@@@@@@@@@@#+-. .%@@@@#. .-+#@@@@@@@@@@@%
  -@@@@@@@@@@@@@@@@*:#@@#:*@@@@@@@@@@@@@@@@-
    :+*********####-%@%%@%-####********++.
   .%@@@@@@@@@@@@@%:@@@@@@:@@@@@@@@@@@@@@%
   .@@@@@@@@%*+-:   =@@@@=  .:-+*%@@@@@@@%.
     =*+-:           ###*          .:-+*=
                     %@@%
                     *@@*
                     +@@=
                     :##:
                     :@@:
                      @@
                      ..
* Logs will be written to the first available of the following paths:
/tmp/dragonfly.*
* For the available flags type dragonfly [--help | --helpfull]
* Documentation can be found at: https://www.dragonflydb.io/docs
I0817 13:52:43.876305  171497 dfly_main.cc:1104] Starting dragonfly df-dev-0000000
I0817 13:52:43.876427  171497 dfly_main.cc:1154] Using proactor_threads=10 (overriding cgroup-derived 0)
W0817 13:52:43.876434  171497 dfly_main.cc:1161] SWAP is enabled. Consider disabling it when running Dragonfly.
I0817 13:52:43.876499  171497 dfly_main.cc:1167] maxmemory has not been specified. Deciding myself....
I0817 13:52:43.876501  171497 dfly_main.cc:1176] Found 20.23GiB available memory. Setting maxmemory to 16.18GiB
I0817 13:52:43.876995  171498 uring_proactor.cc:263] IORing with 1024 entries, allocated 98368 bytes, cq_entries is 2048
I0817 13:52:43.877577  171497 proactor_pool.cc:149] Running 10 io threads
I0817 13:52:43.878476  171497 dragonfly_listener.cc:152] SSL version: OpenSSL 3.0.13 30 Jan 2024
W0817 13:52:43.878505  171497 dfly_main.cc:353] Protected mode enabled. Binding to localhost only because no password is set. To accept remote connections, set a password with --requirepass or specify a bind address with --bind.
I0817 13:52:43.878699  171497 dfly_main.cc:437] Listening on admin socket any:43165
I0817 13:52:43.879459  171497 server_family.cc:1207] Host OS: Linux 7.0.0-28-generic x86_64 with 10 threads
I0817 13:52:43.879620  171499 listener_interface.cc:102] sock[25] AcceptServer - listening on 0.0.0.0:43165
I0817 13:52:43.879630  171500 listener_interface.cc:102] sock[26] AcceptServer - listening on 127.0.0.1:23165
I0817 13:52:44.242464  171500 server_family.cc:3393] Initiate replication with: 127.0.0.1:23162
I0817 13:52:44.254081  171500 replica.cc:681] Started full sync with 127.0.0.1:23162
I0817 13:52:47.243548  171500 replica.cc:720] full sync finished in 3 s
I0817 13:52:47.245234  171500 replica.cc:907] Transitioned into stable sync
I0817 13:52:47.728140  171500 listener_interface.cc:230] Listener stopped for port 23165
I0817 13:52:47.728221  171499 listener_interface.cc:230] Listener stopped for port 43165
W0817 13:52:47.728291  171504 main_service.cc:1536] VerifyCommandState error: Can not execute during SHUTTING DOWN
W0817 13:52:47.728362  171507 main_service.cc:1536] VerifyCommandState error: Can not execute during SHUTTING DOWN
W0817 13:52:47.728369  171505 main_service.cc:1536] VerifyCommandState error: Can not execute during SHUTTING DOWN
W0817 13:52:47.728415  171503 main_service.cc:1536] VerifyCommandState error: Can not execute during SHUTTING DOWN
W0817 13:52:47.728446  171501 main_service.cc:1536] VerifyCommandState error: Can not execute during SHUTTING DOWN
W0817 13:52:47.728541  171499 main_service.cc:1536] VerifyCommandState error: Can not execute during SHUTTING DOWN
W0817 13:52:47.728598  171501 main_service.cc:1536] VerifyCommandState error: Can not execute during SHUTTING DOWN
W0817 13:52:47.728679  171502 main_service.cc:1536] VerifyCommandState error: Can not execute during SHUTTING DOWN
W0817 13:52:47.728696  171503 main_service.cc:1536] VerifyCommandState error: Can not execute during SHUTTING DOWN
W0817 13:52:47.728746  171500 execution_state.cc:93] ReportError: Operation canceled: ExecutionState cancelled
W0817 13:52:47.728791  171500 protocol_client.cc:277] Socket error: Operation canceled: ExecutionState cancelled in 127.0.0.1:23162, socket info: State: ESTABLISHED, Local: 127.0.0.1:39572, Remote: 127.0.0.1:23162, Inode: 417969
I0817 13:52:47.733870  171500 replica.cc:939] Exit stable sync
