                   .--::--.
   :+*=:          =@@@@@@@@=          :+*+:
  %@@@@@@%*=.     =@@@@@@@@-     .=*%@@@@@@#
  @@@@@@@@@@@@#+-. .%@@@@#. .-+#@@@@@@@@@@@%
  -@@@@@@@@@@@@@@@@*:#@@#:*@@@@@@@@@@@@@@@@-
    :+*********####-%@%%@%-####********++.
   .%@@@@@@@@@@@@@%:@@@@@@:@@@@@@@@@@@@@@%
   .@@@@@@@@%*+-:   =@@@@=  .:-+*%@@@@@@@%.
     =*+-:           ###*          .:-+*=
                     %@@%
                     *@@*
                     +@@=
                     :##:
                     :@@:
                      @@
                      ..
* Logs will be written to the first available of the following paths:
/tmp/dragonfly.*
* For the available flags type dragonfly [--help | --helpfull]
* Documentation can be found at: https://www.dragonflydb.io/docs
I0817 13:52:43.928964  171508 dfly_main.cc:1104] Starting dragonfly df-dev-0000000
I0817 13:52:43.929100  171508 dfly_main.cc:1154] Using proactor_threads=10 (overriding cgroup-derived 0)
W0817 13:52:43.929113  171508 dfly_main.cc:1161] SWAP is enabled. Consider disabling it when running Dragonfly.
I0817 13:52:43.929193  171508 dfly_main.cc:1167] maxmemory has not been specified. Deciding myself....
I0817 13:52:43.929195  171508 dfly_main.cc:1176] Found 20.22GiB available memory. Setting maxmemory to 16.18GiB
I0817 13:52:43.929707  171509 uring_proactor.cc:263] IORing with 1024 entries, allocated 98368 bytes, cq_entries is 2048
I0817 13:52:43.930448  171508 proactor_pool.cc:149] Running 10 io threads
I0817 13:52:43.931371  171508 dragonfly_listener.cc:152] SSL version: OpenSSL 3.0.13 30 Jan 2024
W0817 13:52:43.931399  171508 dfly_main.cc:353] Protected mode enabled. Binding to localhost only because no password is set. To accept remote connections, set a password with --requirepass or specify a bind address with --bind.
I0817 13:52:43.931600  171508 dfly_main.cc:437] Listening on admin socket any:43166
I0817 13:52:43.932499  171508 server_family.cc:1207] Host OS: Linux 7.0.0-28-generic x86_64 with 10 threads
I0817 13:52:43.932683  171511 listener_interface.cc:102] sock[26] AcceptServer - listening on 127.0.0.1:23166
I0817 13:52:43.932673  171510 listener_interface.cc:102] sock[25] AcceptServer - listening on 0.0.0.0:43166
I0817 13:52:44.242635  171511 server_family.cc:3393] Initiate replication with: 127.0.0.1:23162
I0817 13:52:44.255804  171511 replica.cc:681] Started full sync with 127.0.0.1:23162
I0817 13:52:47.243839  171511 replica.cc:720] full sync finished in 3 s
I0817 13:52:47.246377  171511 replica.cc:907] Transitioned into stable sync
I0817 13:52:47.663553  171511 listener_interface.cc:230] Listener stopped for port 23166
I0817 13:52:47.663545  171510 listener_interface.cc:230] Listener stopped for port 43166
W0817 13:52:47.663777  171512 main_service.cc:1536] VerifyCommandState error: Can not execute during SHUTTING DOWN
W0817 13:52:47.663960  171511 main_service.cc:1536] VerifyCommandState error: Can not execute during SHUTTING DOWN
W0817 13:52:47.664005  171518 main_service.cc:1536] VerifyCommandState error: Can not execute during SHUTTING DOWN
W0817 13:52:47.664046  171515 main_service.cc:1536] VerifyCommandState error: Can not execute during SHUTTING DOWN
W0817 13:52:47.664079  171512 main_service.cc:1536] VerifyCommandState error: Can not execute during SHUTTING DOWN
W0817 13:52:47.664191  171511 main_service.cc:1536] VerifyCommandState error: Can not execute during SHUTTING DOWN
W0817 13:52:47.664245  171515 main_service.cc:1536] VerifyCommandState error: Can not execute during SHUTTING DOWN
W0817 13:52:47.664261  171516 main_service.cc:1536] VerifyCommandState error: Can not execute during SHUTTING DOWN
W0817 13:52:47.664336  171511 main_service.cc:1536] VerifyCommandState error: Can not execute during SHUTTING DOWN
W0817 13:52:47.664367  171518 main_service.cc:1536] VerifyCommandState error: Can not execute during SHUTTING DOWN
W0817 13:52:47.664445  171517 main_service.cc:1536] VerifyCommandState error: Can not execute during SHUTTING DOWN
W0817 13:52:47.664490  171516 main_service.cc:1536] VerifyCommandState error: Can not execute during SHUTTING DOWN
W0817 13:52:47.664521  171515 main_service.cc:1536] VerifyCommandState error: Can not execute during SHUTTING DOWN
W0817 13:52:47.664544  171509 main_service.cc:1536] VerifyCommandState error: Can not execute during SHUTTING DOWN
W0817 13:52:47.664562  171509 main_service.cc:1536] VerifyCommandState error: Can not execute during SHUTTING DOWN
W0817 13:52:47.664567  171509 main_service.cc:1536] VerifyCommandState error: Can not execute during SHUTTING DOWN
W0817 13:52:47.664573  171509 main_service.cc:1536] VerifyCommandState error: Can not execute during SHUTTING DOWN
W0817 13:52:47.664581  171509 main_service.cc:1536] VerifyCommandState error: Can not execute during SHUTTING DOWN
W0817 13:52:47.664596  171511 execution_state.cc:93] ReportError: Operation canceled: ExecutionState cancelled
W0817 13:52:47.664640  171511 protocol_client.cc:277] Socket error: Operation canceled: ExecutionState cancelled in 127.0.0.1:23162, socket info: State: ESTABLISHED, Local: 127.0.0.1:39588, Remote: 127.0.0.1:23162, Inode: 417972
I0817 13:52:47.671036  171511 replica.cc:939] Exit stable sync
