                   .--::--.
   :+*=:          =@@@@@@@@=          :+*+:
  %@@@@@@%*=.     =@@@@@@@@-     .=*%@@@@@@#
  @@@@@@@@@@@@#+-. .%@@@@#. .-+#@@@@@@@@@@@%
  -@@@@@@@@@@@@@@@@*:#@@#:*@@@@@@@@@@@@@@@@-
    :+*********####-%@%%@%-####********++.
   .%@@@@@@@@@@@@@%:@@@@@@:@@@@@@@@@@@@@@%
   .@@@@@@@@%*+-:   =@@@@=  .:-+*%@@@@@@@%.
     =*+-:           ###*          .:-+*=
                     %@@%
                     *@@*
                     +@@=
                     :##:
                     :@@:
                      @@
                      ..
* Logs will be written to the first available of the following paths:
/tmp/dragonfly.*
* For the available flags type dragonfly [--help | --helpfull]
* Documentation can be found at: https://www.dragonflydb.io/docs
I0817 13:52:43.824329  171486 dfly_main.cc:1104] Starting dragonfly df-dev-0000000
I0817 13:52:43.824486  171486 dfly_main.cc:1154] Using proactor_threads=10 (overriding cgroup-derived 0)
W0817 13:52:43.824496  171486 dfly_main.cc:1161] SWAP is enabled. Consider disabling it when running Dragonfly.
I0817 13:52:43.824575  171486 dfly_main.cc:1167] maxmemory has not been specified. Deciding myself....
I0817 13:52:43.824578  171486 dfly_main.cc:1176] Found 20.24GiB available memory. Setting maxmemory to 16.19GiB
I0817 13:52:43.825213  171487 uring_proactor.cc:263] IORing with 1024 entries, allocated 98368 bytes, cq_entries is 2048
I0817 13:52:43.825985  171486 proactor_pool.cc:149] Running 10 io threads
I0817 13:52:43.826941  171486 dragonfly_listener.cc:152] SSL version: OpenSSL 3.0.13 30 Jan 2024
W0817 13:52:43.826974  171486 dfly_main.cc:353] Protected mode enabled. Binding to localhost only because no password is set. To accept remote connections, set a password with --requirepass or specify a bind address with --bind.
I0817 13:52:43.827200  171486 dfly_main.cc:437] Listening on admin socket any:43164
I0817 13:52:43.828063  171486 server_family.cc:1207] Host OS: Linux 7.0.0-28-generic x86_64 with 10 threads
I0817 13:52:43.828240  171489 listener_interface.cc:102] sock[26] AcceptServer - listening on 127.0.0.1:23164
I0817 13:52:43.828240  171488 listener_interface.cc:102] sock[25] AcceptServer - listening on 0.0.0.0:43164
I0817 13:52:44.241696  171489 server_family.cc:3393] Initiate replication with: 127.0.0.1:23162
I0817 13:52:44.255149  171489 replica.cc:681] Started full sync with 127.0.0.1:23162
I0817 13:52:47.243660  171489 replica.cc:720] full sync finished in 3 s
I0817 13:52:47.245792  171489 replica.cc:907] Transitioned into stable sync
I0817 13:52:47.792332  171489 listener_interface.cc:230] Listener stopped for port 23164
I0817 13:52:47.792390  171488 listener_interface.cc:230] Listener stopped for port 43164
W0817 13:52:47.792456  171490 main_service.cc:1536] VerifyCommandState error: Can not execute during SHUTTING DOWN
W0817 13:52:47.792527  171494 main_service.cc:1536] VerifyCommandState error: Can not execute during SHUTTING DOWN
W0817 13:52:47.792544  171492 main_service.cc:1536] VerifyCommandState error: Can not execute during SHUTTING DOWN
W0817 13:52:47.792574  171491 main_service.cc:1536] VerifyCommandState error: Can not execute during SHUTTING DOWN
W0817 13:52:47.792580  171495 main_service.cc:1536] VerifyCommandState error: Can not execute during SHUTTING DOWN
W0817 13:52:47.792597  171491 main_service.cc:1536] VerifyCommandState error: Can not execute during SHUTTING DOWN
W0817 13:52:47.792648  171492 main_service.cc:1536] VerifyCommandState error: Can not execute during SHUTTING DOWN
W0817 13:52:47.792669  171495 main_service.cc:1536] VerifyCommandState error: Can not execute during SHUTTING DOWN
W0817 13:52:47.792687  171491 main_service.cc:1536] VerifyCommandState error: Can not execute during SHUTTING DOWN
W0817 13:52:47.792683  171489 execution_state.cc:93] ReportError: Operation canceled: ExecutionState cancelled
W0817 13:52:47.792727  171489 protocol_client.cc:277] Socket error: Operation canceled: ExecutionState cancelled in 127.0.0.1:23162, socket info: State: ESTABLISHED, Local: 127.0.0.1:39544, Remote: 127.0.0.1:23162, Inode: 417952
I0817 13:52:47.797592  171489 replica.cc:939] Exit stable sync
