                   .--::--.
   :+*=:          =@@@@@@@@=          :+*+:
  %@@@@@@%*=.     =@@@@@@@@-     .=*%@@@@@@#
  @@@@@@@@@@@@#+-. .%@@@@#. .-+#@@@@@@@@@@@%
  -@@@@@@@@@@@@@@@@*:#@@#:*@@@@@@@@@@@@@@@@-
    :+*********####-%@%%@%-####********++.
   .%@@@@@@@@@@@@@%:@@@@@@:@@@@@@@@@@@@@@%
   .@@@@@@@@%*+-:   =@@@@=  .:-+*%@@@@@@@%.
     =*+-:           ###*          .:-+*=
                     %@@%
                     *@@*
                     +@@=
                     :##:
                     :@@:
                      @@
                      ..
* Logs will be written to the first available of the following paths:
/tmp/dragonfly.*
* For the available flags type dragonfly [--help | --helpfull]
* Documentation can be found at: https://www.dragonflydb.io/docs
I0817 13:52:44.033703  171541 dfly_main.cc:1104] Starting dragonfly df-dev-0000000
I0817 13:52:44.033835  171541 dfly_main.cc:1154] Using proactor_threads=10 (overriding cgroup-derived 0)
W0817 13:52:44.033842  171541 dfly_main.cc:1161] SWAP is enabled. Consider disabling it when running Dragonfly.
I0817 13:52:44.033900  171541 dfly_main.cc:1167] maxmemory has not been specified. Deciding myself....
I0817 13:52:44.033902  171541 dfly_main.cc:1176] Found 20.21GiB available memory. Setting maxmemory to 16.16GiB
I0817 13:52:44.034427  171542 uring_proactor.cc:263] IORing with 1024 entries, allocated 98368 bytes, cq_entries is 2048
I0817 13:52:44.035051  171541 proactor_pool.cc:149] Running 10 io threads
I0817 13:52:44.035964  171541 dragonfly_listener.cc:152] SSL version: OpenSSL 3.0.13 30 Jan 2024
W0817 13:52:44.035990  171541 dfly_main.cc:353] Protected mode enabled. Binding to localhost only because no password is set. To accept remote connections, set a password with --requirepass or specify a bind address with --bind.
I0817 13:52:44.036201  171541 dfly_main.cc:437] Listening on admin socket any:43168
I0817 13:52:44.037028  171541 server_family.cc:1207] Host OS: Linux 7.0.0-28-generic x86_64 with 10 threads
I0817 13:52:44.037247  171543 listener_interface.cc:102] sock[25] AcceptServer - listening on 0.0.0.0:43168
I0817 13:52:44.037262  171544 listener_interface.cc:102] sock[26] AcceptServer - listening on 127.0.0.1:23168
I0817 13:52:44.242104  171544 server_family.cc:3393] Initiate replication with: 127.0.0.1:23162
I0817 13:52:44.254831  171544 replica.cc:681] Started full sync with 127.0.0.1:23162
I0817 13:52:47.243918  171544 replica.cc:720] full sync finished in 3 s
I0817 13:52:47.247046  171544 replica.cc:907] Transitioned into stable sync
I0817 13:52:47.535488  171544 listener_interface.cc:230] Listener stopped for port 23168
I0817 13:52:47.535636  171543 listener_interface.cc:230] Listener stopped for port 43168
W0817 13:52:47.535717  171547 main_service.cc:1536] VerifyCommandState error: Can not execute during SHUTTING DOWN
W0817 13:52:47.535741  171551 main_service.cc:1536] VerifyCommandState error: Can not execute during SHUTTING DOWN
W0817 13:52:47.535764  171546 main_service.cc:1536] VerifyCommandState error: Can not execute during SHUTTING DOWN
W0817 13:52:47.535859  171542 main_service.cc:1536] VerifyCommandState error: Can not execute during SHUTTING DOWN
W0817 13:52:47.535930  171543 main_service.cc:1536] VerifyCommandState error: Can not execute during SHUTTING DOWN
W0817 13:52:47.536064  171549 main_service.cc:1536] VerifyCommandState error: Can not execute during SHUTTING DOWN
W0817 13:52:47.536123  171548 main_service.cc:1536] VerifyCommandState error: Can not execute during SHUTTING DOWN
W0817 13:52:47.536134  171544 execution_state.cc:93] ReportError: Operation canceled: ExecutionState cancelled
W0817 13:52:47.536191  171544 protocol_client.cc:277] Socket error: Operation canceled: ExecutionState cancelled in 127.0.0.1:23162, socket info: State: ESTABLISHED, Local: 127.0.0.1:39562, Remote: 127.0.0.1:23162, Inode: 417958
I0817 13:52:47.541821  171544 replica.cc:939] Exit stable sync
