                   .--::--.
   :+*=:          =@@@@@@@@=          :+*+:
  %@@@@@@%*=.     =@@@@@@@@-     .=*%@@@@@@#
  @@@@@@@@@@@@#+-. .%@@@@#. .-+#@@@@@@@@@@@%
  -@@@@@@@@@@@@@@@@*:#@@#:*@@@@@@@@@@@@@@@@-
    :+*********####-%@%%@%-####********++.
   .%@@@@@@@@@@@@@%:@@@@@@:@@@@@@@@@@@@@@%
   .@@@@@@@@%*+-:   =@@@@=  .:-+*%@@@@@@@%.
     =*+-:           ###*          .:-+*=
                     %@@%
                     *@@*
                     +@@=
                     :##:
                     :@@:
                      @@
                      ..
* Logs will be written to the first available of the following paths:
/tmp/dragonfly.*
* For the available flags type dragonfly [--help | --helpfull]
* Documentation can be found at: https://www.dragonflydb.io/docs
I0817 13:52:44.139781  171563 dfly_main.cc:1104] Starting dragonfly df-dev-0000000
I0817 13:52:44.139922  171563 dfly_main.cc:1154] Using proactor_threads=10 (overriding cgroup-derived 0)
W0817 13:52:44.139931  171563 dfly_main.cc:1161] SWAP is enabled. Consider disabling it when running Dragonfly.
I0817 13:52:44.140003  171563 dfly_main.cc:1167] maxmemory has not been specified. Deciding myself....
I0817 13:52:44.140006  171563 dfly_main.cc:1176] Found 20.19GiB available memory. Setting maxmemory to 16.16GiB
I0817 13:52:44.140658  171564 uring_proactor.cc:263] IORing with 1024 entries, allocated 98368 bytes, cq_entries is 2048
I0817 13:52:44.141408  171563 proactor_pool.cc:149] Running 10 io threads
I0817 13:52:44.142437  171563 dragonfly_listener.cc:152] SSL version: OpenSSL 3.0.13 30 Jan 2024
W0817 13:52:44.142472  171563 dfly_main.cc:353] Protected mode enabled. Binding to localhost only because no password is set. To accept remote connections, set a password with --requirepass or specify a bind address with --bind.
I0817 13:52:44.142696  171563 dfly_main.cc:437] Listening on admin socket any:43170
I0817 13:52:44.143594  171563 server_family.cc:1207] Host OS: Linux 7.0.0-28-generic x86_64 with 10 threads
I0817 13:52:44.143763  171566 listener_interface.cc:102] sock[26] AcceptServer - listening on 127.0.0.1:23170
I0817 13:52:44.143762  171565 listener_interface.cc:102] sock[24] AcceptServer - listening on 0.0.0.0:43170
I0817 13:52:44.243076  171566 server_family.cc:3393] Initiate replication with: 127.0.0.1:23162
I0817 13:52:44.255518  171566 replica.cc:681] Started full sync with 127.0.0.1:23162
I0817 13:52:47.243364  171566 replica.cc:720] full sync finished in 3 s
I0817 13:52:47.246673  171566 replica.cc:907] Transitioned into stable sync
I0817 13:52:47.408002  171566 listener_interface.cc:230] Listener stopped for port 23170
I0817 13:52:47.407988  171565 listener_interface.cc:230] Listener stopped for port 43170
W0817 13:52:47.408189  171568 main_service.cc:1536] VerifyCommandState error: Can not execute during SHUTTING DOWN
W0817 13:52:47.408460  171571 main_service.cc:1536] VerifyCommandState error: Can not execute during SHUTTING DOWN
W0817 13:52:47.408521  171565 main_service.cc:1536] VerifyCommandState error: Can not execute during SHUTTING DOWN
W0817 13:52:47.408536  171568 main_service.cc:1536] VerifyCommandState error: Can not execute during SHUTTING DOWN
W0817 13:52:47.408530  171569 main_service.cc:1536] VerifyCommandState error: Can not execute during SHUTTING DOWN
W0817 13:52:47.408593  171566 execution_state.cc:93] ReportError: Operation canceled: ExecutionState cancelled
W0817 13:52:47.408607  171570 main_service.cc:1536] VerifyCommandState error: Can not execute during SHUTTING DOWN
W0817 13:52:47.408651  171566 protocol_client.cc:277] Socket error: Operation canceled: ExecutionState cancelled in 127.0.0.1:23162, socket info: State: ESTABLISHED, Local: 127.0.0.1:39624, Remote: 127.0.0.1:23162, Inode: 417981
I0817 13:52:47.415371  171566 replica.cc:939] Exit stable sync
