                   .--::--.
   :+*=:          =@@@@@@@@=          :+*+:
  %@@@@@@%*=.     =@@@@@@@@-     .=*%@@@@@@#
  @@@@@@@@@@@@#+-. .%@@@@#. .-+#@@@@@@@@@@@%
  -@@@@@@@@@@@@@@@@*:#@@#:*@@@@@@@@@@@@@@@@-
    :+*********####-%@%%@%-####********++.
   .%@@@@@@@@@@@@@%:@@@@@@:@@@@@@@@@@@@@@%
   .@@@@@@@@%*+-:   =@@@@=  .:-+*%@@@@@@@%.
     =*+-:           ###*          .:-+*=
                     %@@%
                     *@@*
                     +@@=
                     :##:
                     :@@:
                      @@
                      ..
* Logs will be written to the first available of the following paths:
/tmp/dragonfly.*
* For the available flags type dragonfly [--help | --helpfull]
* Documentation can be found at: https://www.dragonflydb.io/docs
I0817 13:52:43.981976  171530 dfly_main.cc:1104] Starting dragonfly df-dev-0000000
I0817 13:52:43.982146  171530 dfly_main.cc:1154] Using proactor_threads=10 (overriding cgroup-derived 0)
W0817 13:52:43.982159  171530 dfly_main.cc:1161] SWAP is enabled. Consider disabling it when running Dragonfly.
I0817 13:52:43.982235  171530 dfly_main.cc:1167] maxmemory has not been specified. Deciding myself....
I0817 13:52:43.982238  171530 dfly_main.cc:1176] Found 20.21GiB available memory. Setting maxmemory to 16.17GiB
I0817 13:52:43.982871  171531 uring_proactor.cc:263] IORing with 1024 entries, allocated 98368 bytes, cq_entries is 2048
I0817 13:52:43.983608  171530 proactor_pool.cc:149] Running 10 io threads
I0817 13:52:43.984529  171530 dragonfly_listener.cc:152] SSL version: OpenSSL 3.0.13 30 Jan 2024
W0817 13:52:43.984559  171530 dfly_main.cc:353] Protected mode enabled. Binding to localhost only because no password is set. To accept remote connections, set a password with --requirepass or specify a bind address with --bind.
I0817 13:52:43.984761  171530 dfly_main.cc:437] Listening on admin socket any:43167
I0817 13:52:43.985561  171530 server_family.cc:1207] Host OS: Linux 7.0.0-28-generic x86_64 with 10 threads
I0817 13:52:43.985746  171532 listener_interface.cc:102] sock[25] AcceptServer - listening on 0.0.0.0:43167
I0817 13:52:43.985758  171533 listener_interface.cc:102] sock[26] AcceptServer - listening on 127.0.0.1:23167
I0817 13:52:44.242786  171533 server_family.cc:3393] Initiate replication with: 127.0.0.1:23162
I0817 13:52:44.255476  171533 replica.cc:681] Started full sync with 127.0.0.1:23162
I0817 13:52:47.243414  171533 replica.cc:720] full sync finished in 3 s
I0817 13:52:47.247236  171533 replica.cc:907] Transitioned into stable sync
I0817 13:52:47.599393  171532 listener_interface.cc:230] Listener stopped for port 43167
I0817 13:52:47.599424  171533 listener_interface.cc:230] Listener stopped for port 23167
W0817 13:52:47.599594  171535 main_service.cc:1536] VerifyCommandState error: Can not execute during SHUTTING DOWN
W0817 13:52:47.599684  171539 main_service.cc:1536] VerifyCommandState error: Can not execute during SHUTTING DOWN
W0817 13:52:47.599752  171533 execution_state.cc:93] ReportError: Operation canceled: ExecutionState cancelled
W0817 13:52:47.599799  171533 protocol_client.cc:277] Socket error: Operation canceled: ExecutionState cancelled in 127.0.0.1:23162, socket info: State: ESTABLISHED, Local: 127.0.0.1:39600, Remote: 127.0.0.1:23162, Inode: 417975
I0817 13:52:47.606107  171533 replica.cc:939] Exit stable sync
