                   .--::--.
   :+*=:          =@@@@@@@@=          :+*+:
  %@@@@@@%*=.     =@@@@@@@@-     .=*%@@@@@@#
  @@@@@@@@@@@@#+-. .%@@@@#. .-+#@@@@@@@@@@@%
  -@@@@@@@@@@@@@@@@*:#@@#:*@@@@@@@@@@@@@@@@-
    :+*********####-%@%%@%-####********++.
   .%@@@@@@@@@@@@@%:@@@@@@:@@@@@@@@@@@@@@%
   .@@@@@@@@%*+-:   =@@@@=  .:-+*%@@@@@@@%.
     =*+-:           ###*          .:-+*=
                     %@@%
                     *@@*
                     +@@=
                     :##:
                     :@@:
                      @@
                      ..
* Logs will be written to the first available of the following paths:
/tmp/dragonfly.*
* For the available flags type dragonfly [--help | --helpfull]
* Documentation can be found at: https://www.dragonflydb.io/docs
I0817 13:52:44.192957  171574 dfly_main.cc:1104] Starting dragonfly df-dev-0000000
I0817 13:52:44.193099  171574 dfly_main.cc:1154] Using proactor_threads=10 (overriding cgroup-derived 0)
W0817 13:52:44.193112  171574 dfly_main.cc:1161] SWAP is enabled. Consider disabling it when running Dragonfly.
I0817 13:52:44.193178  171574 dfly_main.cc:1167] maxmemory has not been specified. Deciding myself....
I0817 13:52:44.193180  171574 dfly_main.cc:1176] Found 20.19GiB available memory. Setting maxmemory to 16.15GiB
I0817 13:52:44.193808  171575 uring_proactor.cc:263] IORing with 1024 entries, allocated 98368 bytes, cq_entries is 2048
I0817 13:52:44.194491  171574 proactor_pool.cc:149] Running 10 io threads
I0817 13:52:44.195383  171574 dragonfly_listener.cc:152] SSL version: OpenSSL 3.0.13 30 Jan 2024
W0817 13:52:44.195413  171574 dfly_main.cc:353] Protected mode enabled. Binding to localhost only because no password is set. To accept remote connections, set a password with --requirepass or specify a bind address with --bind.
I0817 13:52:44.195616  171574 dfly_main.cc:437] Listening on admin socket any:43171
I0817 13:52:44.196390  171574 server_family.cc:1207] Host OS: Linux 7.0.0-28-generic x86_64 with 10 threads
I0817 13:52:44.196564  171576 listener_interface.cc:102] sock[25] AcceptServer - listening on 0.0.0.0:43171
I0817 13:52:44.196571  171577 listener_interface.cc:102] sock[26] AcceptServer - listening on 127.0.0.1:23171
I0817 13:52:44.241920  171577 server_family.cc:3393] Initiate replication with: 127.0.0.1:23162
I0817 13:52:44.247237  171577 replica.cc:681] Started full sync with 127.0.0.1:23162
I0817 13:52:47.243600  171577 replica.cc:720] full sync finished in 3 s
I0817 13:52:47.246080  171577 replica.cc:907] Transitioned into stable sync
I0817 13:52:47.346582  171576 listener_interface.cc:230] Listener stopped for port 43171
I0817 13:52:47.347061  171577 listener_interface.cc:230] Listener stopped for port 23171
W0817 13:52:47.347239  171580 main_service.cc:1536] VerifyCommandState error: Can not execute during SHUTTING DOWN
W0817 13:52:47.347304  171583 main_service.cc:1536] VerifyCommandState error: Can not execute during SHUTTING DOWN
W0817 13:52:47.347436  171575 main_service.cc:1536] VerifyCommandState error: Can not execute during SHUTTING DOWN
W0817 13:52:47.347479  171584 main_service.cc:1536] VerifyCommandState error: Can not execute during SHUTTING DOWN
W0817 13:52:47.347504  171581 main_service.cc:1536] VerifyCommandState error: Can not execute during SHUTTING DOWN
W0817 13:52:47.347857  171582 main_service.cc:1536] VerifyCommandState error: Can not execute during SHUTTING DOWN
W0817 13:52:47.347900  171583 main_service.cc:1536] VerifyCommandState error: Can not execute during SHUTTING DOWN
W0817 13:52:47.348000  171581 main_service.cc:1536] VerifyCommandState error: Can not execute during SHUTTING DOWN
W0817 13:52:47.348012  171580 main_service.cc:1536] VerifyCommandState error: Can not execute during SHUTTING DOWN
W0817 13:52:47.348043  171578 main_service.cc:1536] VerifyCommandState error: Can not execute during SHUTTING DOWN
W0817 13:52:47.348094  171577 execution_state.cc:93] ReportError: Operation canceled: ExecutionState cancelled
W0817 13:52:47.348114  171576 main_service.cc:1536] VerifyCommandState error: Can not execute during SHUTTING DOWN
W0817 13:52:47.348156  171577 protocol_client.cc:277] Socket error: Operation canceled: ExecutionState cancelled in 127.0.0.1:23162, socket info: State: ESTABLISHED, Local: 127.0.0.1:39560, Remote: 127.0.0.1:23162, Inode: 417955
I0817 13:52:47.357800  171577 replica.cc:939] Exit stable sync
