                   .--::--.
   :+*=:          =@@@@@@@@=          :+*+:
  %@@@@@@%*=.     =@@@@@@@@-     .=*%@@@@@@#
  @@@@@@@@@@@@#+-. .%@@@@#. .-+#@@@@@@@@@@@%
  -@@@@@@@@@@@@@@@@*:#@@#:*@@@@@@@@@@@@@@@@-
    :+*********####-%@%%@%-####********++.
   .%@@@@@@@@@@@@@%:@@@@@@:@@@@@@@@@@@@@@%
   .@@@@@@@@%*+-:   =@@@@=  .:-+*%@@@@@@@%.
     =*+-:           ###*          .:-+*=
                     %@@%
                     *@@*
                     +@@=
                     :##:
                     :@@:
                      @@
                      ..
* Logs will be written to the first available of the following paths:
/tmp/dragonfly.*
* For the available flags type dragonfly [--help | --helpfull]
* Documentation can be found at: https://www.dragonflydb.io/docs
I0817 12:35:59.472338   66398 dfly_main.cc:1104] Starting dragonfly df-dev-0000000
I0817 12:35:59.472439   66398 dfly_main.cc:1154] Using proactor_threads=10 (overriding cgroup-derived 0)
W0817 12:35:59.472446   66398 dfly_main.cc:1161] SWAP is enabled. Consider disabling it when running Dragonfly.
I0817 12:35:59.472492   66398 dfly_main.cc:1167] maxmemory has not been specified. Deciding myself....
I0817 12:35:59.472493   66398 dfly_main.cc:1176] Found 20.34GiB available memory. Setting maxmemory to 16.27GiB
I0817 12:35:59.472974   66399 uring_proactor.cc:263] IORing with 1024 entries, allocated 98368 bytes, cq_entries is 2048
I0817 12:35:59.473655   66398 proactor_pool.cc:149] Running 10 io threads
I0817 12:35:59.474924   66398 dragonfly_listener.cc:152] SSL version: OpenSSL 3.0.13 30 Jan 2024
W0817 12:35:59.474952   66398 dfly_main.cc:353] Protected mode enabled. Binding to localhost only because no password is set. To accept remote connections, set a password with --requirepass or specify a bind address with --bind.
I0817 12:35:59.475280   66398 dfly_main.cc:437] Listening on admin socket any:39582
I0817 12:35:59.476225   66398 server_family.cc:1207] Host OS: Linux 7.0.0-28-generic x86_64 with 10 threads
I0817 12:35:59.476434   66401 listener_interface.cc:102] sock[26] AcceptServer - listening on 127.0.0.1:19582
I0817 12:35:59.476425   66400 listener_interface.cc:102] sock[25] AcceptServer - listening on 0.0.0.0:39582
I0817 12:35:59.519251   66401 server_family.cc:3393] Initiate replication with: 127.0.0.1:19580
I0817 12:35:59.521693   66401 replica.cc:681] Started full sync with 127.0.0.1:19580
I0817 12:36:01.072217   66401 replica.cc:720] full sync finished in 1.55 s
I0817 12:36:01.072262   66401 replica.cc:907] Transitioned into stable sync
I0817 12:36:01.142679   66401 listener_interface.cc:230] Listener stopped for port 19582
I0817 12:36:01.142678   66400 listener_interface.cc:230] Listener stopped for port 39582
W0817 12:36:01.142887   66400 main_service.cc:1536] VerifyCommandState error: Can not execute during SHUTTING DOWN
W0817 12:36:01.142894   66404 main_service.cc:1536] VerifyCommandState error: Can not execute during SHUTTING DOWN
W0817 12:36:01.142900   66406 main_service.cc:1536] VerifyCommandState error: Can not execute during SHUTTING DOWN
W0817 12:36:01.142938   66399 main_service.cc:1536] VerifyCommandState error: Can not execute during SHUTTING DOWN
W0817 12:36:01.142968   66399 main_service.cc:1536] VerifyCommandState error: Can not execute during SHUTTING DOWN
W0817 12:36:01.142986   66401 main_service.cc:1536] VerifyCommandState error: Can not execute during SHUTTING DOWN
W0817 12:36:01.143006   66408 main_service.cc:1536] VerifyCommandState error: Can not execute during SHUTTING DOWN
W0817 12:36:01.143055   66401 execution_state.cc:93] ReportError: Operation canceled: ExecutionState cancelled
W0817 12:36:01.143086   66400 main_service.cc:1536] VerifyCommandState error: Can not execute during SHUTTING DOWN
W0817 12:36:01.143116   66401 protocol_client.cc:277] Socket error: Operation canceled: ExecutionState cancelled in 127.0.0.1:19580, socket info: State: ESTABLISHED, Local: 127.0.0.1:58734, Remote: 127.0.0.1:19580, Inode: 227953
I0817 12:36:01.146947   66401 replica.cc:939] Exit stable sync
