                   .--::--.
   :+*=:          =@@@@@@@@=          :+*+:
  %@@@@@@%*=.     =@@@@@@@@-     .=*%@@@@@@#
  @@@@@@@@@@@@#+-. .%@@@@#. .-+#@@@@@@@@@@@%
  -@@@@@@@@@@@@@@@@*:#@@#:*@@@@@@@@@@@@@@@@-
    :+*********####-%@%%@%-####********++.
   .%@@@@@@@@@@@@@%:@@@@@@:@@@@@@@@@@@@@@%
   .@@@@@@@@%*+-:   =@@@@=  .:-+*%@@@@@@@%.
     =*+-:           ###*          .:-+*=
                     %@@%
                     *@@*
                     +@@=
                     :##:
                     :@@:
                      @@
                      ..
* Logs will be written to the first available of the following paths:
/tmp/dragonfly.*
* For the available flags type dragonfly [--help | --helpfull]
* Documentation can be found at: https://www.dragonflydb.io/docs
I0817 13:52:17.449907  170751 dfly_main.cc:1104] Starting dragonfly df-dev-0000000
I0817 13:52:17.450034  170751 dfly_main.cc:1154] Using proactor_threads=10 (overriding cgroup-derived 0)
W0817 13:52:17.450043  170751 dfly_main.cc:1161] SWAP is enabled. Consider disabling it when running Dragonfly.
I0817 13:52:17.450098  170751 dfly_main.cc:1167] maxmemory has not been specified. Deciding myself....
I0817 13:52:17.450100  170751 dfly_main.cc:1176] Found 20.43GiB available memory. Setting maxmemory to 16.34GiB
I0817 13:52:17.450557  170760 uring_proactor.cc:263] IORing with 1024 entries, allocated 98368 bytes, cq_entries is 2048
I0817 13:52:17.451244  170751 proactor_pool.cc:149] Running 10 io threads
I0817 13:52:17.452218  170751 dragonfly_listener.cc:152] SSL version: OpenSSL 3.0.13 30 Jan 2024
W0817 13:52:17.452251  170751 dfly_main.cc:353] Protected mode enabled. Binding to localhost only because no password is set. To accept remote connections, set a password with --requirepass or specify a bind address with --bind.
I0817 13:52:17.452479  170751 dfly_main.cc:437] Listening on admin socket any:38218
I0817 13:52:17.453262  170751 server_family.cc:1207] Host OS: Linux 7.0.0-28-generic x86_64 with 10 threads
I0817 13:52:17.453449  170762 listener_interface.cc:102] sock[26] AcceptServer - listening on 127.0.0.1:18218
I0817 13:52:17.453448  170761 listener_interface.cc:102] sock[25] AcceptServer - listening on 0.0.0.0:38218
I0817 13:52:17.922776  170762 server_family.cc:3393] Initiate replication with: 127.0.0.1:18216
I0817 13:52:17.934886  170762 replica.cc:681] Started full sync with 127.0.0.1:18216
I0817 13:52:21.353201  170762 replica.cc:720] full sync finished in 3.43 s
I0817 13:52:21.353301  170762 replica.cc:907] Transitioned into stable sync
I0817 13:52:22.046350  170762 listener_interface.cc:230] Listener stopped for port 18218
I0817 13:52:22.046484  170761 listener_interface.cc:230] Listener stopped for port 38218
W0817 13:52:22.046669  170767 main_service.cc:1536] VerifyCommandState error: Can not execute during SHUTTING DOWN
W0817 13:52:22.046762  170767 main_service.cc:1536] VerifyCommandState error: Can not execute during SHUTTING DOWN
W0817 13:52:22.046770  170764 main_service.cc:1536] VerifyCommandState error: Can not execute during SHUTTING DOWN
W0817 13:52:22.046797  170762 execution_state.cc:93] ReportError: Operation canceled: ExecutionState cancelled
W0817 13:52:22.046828  170764 main_service.cc:1536] VerifyCommandState error: Can not execute during SHUTTING DOWN
W0817 13:52:22.046855  170762 protocol_client.cc:277] Socket error: Operation canceled: ExecutionState cancelled in 127.0.0.1:18216, socket info: State: ESTABLISHED, Local: 127.0.0.1:52050, Remote: 127.0.0.1:18216, Inode: 408808
I0817 13:52:22.049533  170762 replica.cc:939] Exit stable sync
