                   .--::--.
   :+*=:          =@@@@@@@@=          :+*+:
  %@@@@@@%*=.     =@@@@@@@@-     .=*%@@@@@@#
  @@@@@@@@@@@@#+-. .%@@@@#. .-+#@@@@@@@@@@@%
  -@@@@@@@@@@@@@@@@*:#@@#:*@@@@@@@@@@@@@@@@-
    :+*********####-%@%%@%-####********++.
   .%@@@@@@@@@@@@@%:@@@@@@:@@@@@@@@@@@@@@%
   .@@@@@@@@%*+-:   =@@@@=  .:-+*%@@@@@@@%.
     =*+-:           ###*          .:-+*=
                     %@@%
                     *@@*
                     +@@=
                     :##:
                     :@@:
                      @@
                      ..
* Logs will be written to the first available of the following paths:
/tmp/dragonfly.*
* For the available flags type dragonfly [--help | --helpfull]
* Documentation can be found at: https://www.dragonflydb.io/docs
I0817 13:52:17.558025  170781 dfly_main.cc:1104] Starting dragonfly df-dev-0000000
I0817 13:52:17.558172  170781 dfly_main.cc:1154] Using proactor_threads=10 (overriding cgroup-derived 0)
W0817 13:52:17.558185  170781 dfly_main.cc:1161] SWAP is enabled. Consider disabling it when running Dragonfly.
I0817 13:52:17.558269  170781 dfly_main.cc:1167] maxmemory has not been specified. Deciding myself....
I0817 13:52:17.558271  170781 dfly_main.cc:1176] Found 20.42GiB available memory. Setting maxmemory to 16.33GiB
I0817 13:52:17.558881  170782 uring_proactor.cc:263] IORing with 1024 entries, allocated 98368 bytes, cq_entries is 2048
I0817 13:52:17.559603  170781 proactor_pool.cc:149] Running 10 io threads
I0817 13:52:17.560548  170781 dragonfly_listener.cc:152] SSL version: OpenSSL 3.0.13 30 Jan 2024
W0817 13:52:17.560577  170781 dfly_main.cc:353] Protected mode enabled. Binding to localhost only because no password is set. To accept remote connections, set a password with --requirepass or specify a bind address with --bind.
I0817 13:52:17.560794  170781 dfly_main.cc:437] Listening on admin socket any:38220
I0817 13:52:17.561670  170781 server_family.cc:1207] Host OS: Linux 7.0.0-28-generic x86_64 with 10 threads
I0817 13:52:17.561808  170783 listener_interface.cc:102] sock[24] AcceptServer - listening on 0.0.0.0:38220
I0817 13:52:17.561825  170784 listener_interface.cc:102] sock[26] AcceptServer - listening on 127.0.0.1:18220
I0817 13:52:17.921902  170784 server_family.cc:3393] Initiate replication with: 127.0.0.1:18216
I0817 13:52:17.972143  170784 replica.cc:681] Started full sync with 127.0.0.1:18216
I0817 13:52:21.439956  170784 replica.cc:720] full sync finished in 3.5 s
I0817 13:52:21.440307  170784 replica.cc:907] Transitioned into stable sync
I0817 13:52:21.917830  170783 listener_interface.cc:230] Listener stopped for port 38220
I0817 13:52:21.917884  170784 listener_interface.cc:230] Listener stopped for port 18220
W0817 13:52:21.918005  170788 main_service.cc:1536] VerifyCommandState error: Can not execute during SHUTTING DOWN
W0817 13:52:21.918043  170788 main_service.cc:1536] VerifyCommandState error: Can not execute during SHUTTING DOWN
W0817 13:52:21.918049  170788 main_service.cc:1536] VerifyCommandState error: Can not execute during SHUTTING DOWN
W0817 13:52:21.918053  170788 main_service.cc:1536] VerifyCommandState error: Can not execute during SHUTTING DOWN
W0817 13:52:21.918058  170788 main_service.cc:1536] VerifyCommandState error: Can not execute during SHUTTING DOWN
W0817 13:52:21.918078  170784 main_service.cc:1536] VerifyCommandState error: Can not execute during SHUTTING DOWN
W0817 13:52:21.918096  170784 main_service.cc:1536] VerifyCommandState error: Can not execute during SHUTTING DOWN
W0817 13:52:21.918117  170784 execution_state.cc:93] ReportError: Operation canceled: ExecutionState cancelled
W0817 13:52:21.918162  170784 protocol_client.cc:277] Socket error: Operation canceled: ExecutionState cancelled in 127.0.0.1:18216, socket info: State: ESTABLISHED, Local: 127.0.0.1:51994, Remote: 127.0.0.1:18216, Inode: 408794
I0817 13:52:21.920335  170784 replica.cc:939] Exit stable sync
