                   .--::--.
   :+*=:          =@@@@@@@@=          :+*+:
  %@@@@@@%*=.     =@@@@@@@@-     .=*%@@@@@@#
  @@@@@@@@@@@@#+-. .%@@@@#. .-+#@@@@@@@@@@@%
  -@@@@@@@@@@@@@@@@*:#@@#:*@@@@@@@@@@@@@@@@-
    :+*********####-%@%%@%-####********++.
   .%@@@@@@@@@@@@@%:@@@@@@:@@@@@@@@@@@@@@%
   .@@@@@@@@%*+-:   =@@@@=  .:-+*%@@@@@@@%.
     =*+-:           ###*          .:-+*=
                     %@@%
                     *@@*
                     +@@=
                     :##:
                     :@@:
                      @@
                      ..
* Logs will be written to the first available of the following paths:
/tmp/dragonfly.*
* For the available flags type dragonfly [--help | --helpfull]
* Documentation can be found at: https://www.dragonflydb.io/docs
I0817 13:52:17.609280  170792 dfly_main.cc:1104] Starting dragonfly df-dev-0000000
I0817 13:52:17.609402  170792 dfly_main.cc:1154] Using proactor_threads=10 (overriding cgroup-derived 0)
W0817 13:52:17.609410  170792 dfly_main.cc:1161] SWAP is enabled. Consider disabling it when running Dragonfly.
I0817 13:52:17.609467  170792 dfly_main.cc:1167] maxmemory has not been specified. Deciding myself....
I0817 13:52:17.609469  170792 dfly_main.cc:1176] Found 20.42GiB available memory. Setting maxmemory to 16.33GiB
I0817 13:52:17.610036  170793 uring_proactor.cc:263] IORing with 1024 entries, allocated 98368 bytes, cq_entries is 2048
I0817 13:52:17.610633  170792 proactor_pool.cc:149] Running 10 io threads
I0817 13:52:17.611564  170792 dragonfly_listener.cc:152] SSL version: OpenSSL 3.0.13 30 Jan 2024
W0817 13:52:17.611589  170792 dfly_main.cc:353] Protected mode enabled. Binding to localhost only because no password is set. To accept remote connections, set a password with --requirepass or specify a bind address with --bind.
I0817 13:52:17.611780  170792 dfly_main.cc:437] Listening on admin socket any:38221
I0817 13:52:17.612612  170792 server_family.cc:1207] Host OS: Linux 7.0.0-28-generic x86_64 with 10 threads
I0817 13:52:17.612776  170794 listener_interface.cc:102] sock[25] AcceptServer - listening on 0.0.0.0:38221
I0817 13:52:17.612789  170795 listener_interface.cc:102] sock[26] AcceptServer - listening on 127.0.0.1:18221
I0817 13:52:17.922483  170795 server_family.cc:3393] Initiate replication with: 127.0.0.1:18216
I0817 13:52:17.929142  170795 replica.cc:681] Started full sync with 127.0.0.1:18216
I0817 13:52:21.318864  170795 replica.cc:720] full sync finished in 3.39 s
I0817 13:52:21.319094  170795 replica.cc:907] Transitioned into stable sync
I0817 13:52:21.851039  170795 listener_interface.cc:230] Listener stopped for port 18221
I0817 13:52:21.851058  170794 listener_interface.cc:230] Listener stopped for port 38221
W0817 13:52:21.851234  170795 main_service.cc:1536] VerifyCommandState error: Can not execute during SHUTTING DOWN
W0817 13:52:21.851247  170800 main_service.cc:1536] VerifyCommandState error: Can not execute during SHUTTING DOWN
W0817 13:52:21.851260  170795 main_service.cc:1536] VerifyCommandState error: Can not execute during SHUTTING DOWN
W0817 13:52:21.851269  170793 main_service.cc:1536] VerifyCommandState error: Can not execute during SHUTTING DOWN
W0817 13:52:21.851270  170797 main_service.cc:1536] VerifyCommandState error: Can not execute during SHUTTING DOWN
W0817 13:52:21.851294  170793 main_service.cc:1536] VerifyCommandState error: Can not execute during SHUTTING DOWN
W0817 13:52:21.851292  170794 main_service.cc:1536] VerifyCommandState error: Can not execute during SHUTTING DOWN
W0817 13:52:21.851277  170800 main_service.cc:1536] VerifyCommandState error: Can not execute during SHUTTING DOWN
W0817 13:52:21.851303  170797 main_service.cc:1536] VerifyCommandState error: Can not execute during SHUTTING DOWN
W0817 13:52:21.851313  170794 main_service.cc:1536] VerifyCommandState error: Can not execute during SHUTTING DOWN
W0817 13:52:21.851309  170802 main_service.cc:1536] VerifyCommandState error: Can not execute during SHUTTING DOWN
W0817 13:52:21.851340  170802 main_service.cc:1536] VerifyCommandState error: Can not execute during SHUTTING DOWN
W0817 13:52:21.851388  170795 execution_state.cc:93] ReportError: Operation canceled: ExecutionState cancelled
W0817 13:52:21.851430  170795 protocol_client.cc:277] Socket error: Operation canceled: ExecutionState cancelled in 127.0.0.1:18216, socket info: State: ESTABLISHED, Local: 127.0.0.1:52026, Remote: 127.0.0.1:18216, Inode: 408802
I0817 13:52:21.854417  170795 replica.cc:939] Exit stable sync
