                   .--::--.
   :+*=:          =@@@@@@@@=          :+*+:
  %@@@@@@%*=.     =@@@@@@@@-     .=*%@@@@@@#
  @@@@@@@@@@@@#+-. .%@@@@#. .-+#@@@@@@@@@@@%
  -@@@@@@@@@@@@@@@@*:#@@#:*@@@@@@@@@@@@@@@@-
    :+*********####-%@%%@%-####********++.
   .%@@@@@@@@@@@@@%:@@@@@@:@@@@@@@@@@@@@@%
   .@@@@@@@@%*+-:   =@@@@=  .:-+*%@@@@@@@%.
     =*+-:           ###*          .:-+*=
                     %@@%
                     *@@*
                     +@@=
                     :##:
                     :@@:
                      @@
                      ..
* Logs will be written to the first available of the following paths:
/tmp/dragonfly.*
* For the available flags type dragonfly [--help | --helpfull]
* Documentation can be found at: https://www.dragonflydb.io/docs
I0817 13:52:17.503686  170770 dfly_main.cc:1104] Starting dragonfly df-dev-0000000
I0817 13:52:17.503820  170770 dfly_main.cc:1154] Using proactor_threads=10 (overriding cgroup-derived 0)
W0817 13:52:17.503828  170770 dfly_main.cc:1161] SWAP is enabled. Consider disabling it when running Dragonfly.
I0817 13:52:17.503890  170770 dfly_main.cc:1167] maxmemory has not been specified. Deciding myself....
I0817 13:52:17.503892  170770 dfly_main.cc:1176] Found 20.43GiB available memory. Setting maxmemory to 16.34GiB
I0817 13:52:17.504506  170771 uring_proactor.cc:263] IORing with 1024 entries, allocated 98368 bytes, cq_entries is 2048
I0817 13:52:17.505206  170770 proactor_pool.cc:149] Running 10 io threads
I0817 13:52:17.506102  170770 dragonfly_listener.cc:152] SSL version: OpenSSL 3.0.13 30 Jan 2024
W0817 13:52:17.506129  170770 dfly_main.cc:353] Protected mode enabled. Binding to localhost only because no password is set. To accept remote connections, set a password with --requirepass or specify a bind address with --bind.
I0817 13:52:17.506320  170770 dfly_main.cc:437] Listening on admin socket any:38219
I0817 13:52:17.507106  170770 server_family.cc:1207] Host OS: Linux 7.0.0-28-generic x86_64 with 10 threads
I0817 13:52:17.507247  170772 listener_interface.cc:102] sock[25] AcceptServer - listening on 0.0.0.0:38219
I0817 13:52:17.507270  170773 listener_interface.cc:102] sock[26] AcceptServer - listening on 127.0.0.1:18219
I0817 13:52:17.922328  170773 server_family.cc:3393] Initiate replication with: 127.0.0.1:18216
I0817 13:52:17.936745  170773 replica.cc:681] Started full sync with 127.0.0.1:18216
I0817 13:52:21.438094  170773 replica.cc:720] full sync finished in 3.51 s
I0817 13:52:21.438176  170773 replica.cc:907] Transitioned into stable sync
I0817 13:52:21.981961  170773 listener_interface.cc:230] Listener stopped for port 18219
I0817 13:52:21.982042  170772 listener_interface.cc:230] Listener stopped for port 38219
W0817 13:52:21.982212  170772 main_service.cc:1536] VerifyCommandState error: Can not execute during SHUTTING DOWN
W0817 13:52:21.982244  170772 main_service.cc:1536] VerifyCommandState error: Can not execute during SHUTTING DOWN
W0817 13:52:21.982250  170772 main_service.cc:1536] VerifyCommandState error: Can not execute during SHUTTING DOWN
W0817 13:52:21.982270  170777 main_service.cc:1536] VerifyCommandState error: Can not execute during SHUTTING DOWN
W0817 13:52:21.982271  170773 execution_state.cc:93] ReportError: Operation canceled: ExecutionState cancelled
W0817 13:52:21.982291  170777 main_service.cc:1536] VerifyCommandState error: Can not execute during SHUTTING DOWN
W0817 13:52:21.982316  170773 protocol_client.cc:277] Socket error: Operation canceled: ExecutionState cancelled in 127.0.0.1:18216, socket info: State: ESTABLISHED, Local: 127.0.0.1:52016, Remote: 127.0.0.1:18216, Inode: 408799
I0817 13:52:21.984942  170773 replica.cc:939] Exit stable sync
