                   .--::--.
   :+*=:          =@@@@@@@@=          :+*+:
  %@@@@@@%*=.     =@@@@@@@@-     .=*%@@@@@@#
  @@@@@@@@@@@@#+-. .%@@@@#. .-+#@@@@@@@@@@@%
  -@@@@@@@@@@@@@@@@*:#@@#:*@@@@@@@@@@@@@@@@-
    :+*********####-%@%%@%-####********++.
   .%@@@@@@@@@@@@@%:@@@@@@:@@@@@@@@@@@@@@%
   .@@@@@@@@%*+-:   =@@@@=  .:-+*%@@@@@@@%.
     =*+-:           ###*          .:-+*=
                     %@@%
                     *@@*
                     +@@=
                     :##:
                     :@@:
                      @@
                      ..
* Logs will be written to the first available of the following paths:
/tmp/dragonfly.*
* For the available flags type dragonfly [--help | --helpfull]
* Documentation can be found at: https://www.dragonflydb.io/docs
I0817 13:52:17.716128  170814 dfly_main.cc:1104] Starting dragonfly df-dev-0000000
I0817 13:52:17.716289  170814 dfly_main.cc:1154] Using proactor_threads=10 (overriding cgroup-derived 0)
W0817 13:52:17.716301  170814 dfly_main.cc:1161] SWAP is enabled. Consider disabling it when running Dragonfly.
I0817 13:52:17.716368  170814 dfly_main.cc:1167] maxmemory has not been specified. Deciding myself....
I0817 13:52:17.716370  170814 dfly_main.cc:1176] Found 20.40GiB available memory. Setting maxmemory to 16.32GiB
I0817 13:52:17.716977  170815 uring_proactor.cc:263] IORing with 1024 entries, allocated 98368 bytes, cq_entries is 2048
I0817 13:52:17.717776  170814 proactor_pool.cc:149] Running 10 io threads
I0817 13:52:17.718654  170814 dragonfly_listener.cc:152] SSL version: OpenSSL 3.0.13 30 Jan 2024
W0817 13:52:17.718682  170814 dfly_main.cc:353] Protected mode enabled. Binding to localhost only because no password is set. To accept remote connections, set a password with --requirepass or specify a bind address with --bind.
I0817 13:52:17.718868  170814 dfly_main.cc:437] Listening on admin socket any:38223
I0817 13:52:17.719633  170814 server_family.cc:1207] Host OS: Linux 7.0.0-28-generic x86_64 with 10 threads
I0817 13:52:17.719788  170816 listener_interface.cc:102] sock[25] AcceptServer - listening on 0.0.0.0:38223
I0817 13:52:17.719807  170817 listener_interface.cc:102] sock[26] AcceptServer - listening on 127.0.0.1:18223
I0817 13:52:17.923346  170817 server_family.cc:3393] Initiate replication with: 127.0.0.1:18216
I0817 13:52:17.934513  170817 replica.cc:681] Started full sync with 127.0.0.1:18216
I0817 13:52:21.436491  170817 replica.cc:720] full sync finished in 3.51 s
I0817 13:52:21.436670  170817 replica.cc:907] Transitioned into stable sync
I0817 13:52:21.720065  170817 listener_interface.cc:230] Listener stopped for port 18223
I0817 13:52:21.720169  170816 listener_interface.cc:230] Listener stopped for port 38223
W0817 13:52:21.720250  170819 main_service.cc:1536] VerifyCommandState error: Can not execute during SHUTTING DOWN
W0817 13:52:21.720296  170819 main_service.cc:1536] VerifyCommandState error: Can not execute during SHUTTING DOWN
W0817 13:52:21.720303  170819 main_service.cc:1536] VerifyCommandState error: Can not execute during SHUTTING DOWN
W0817 13:52:21.720342  170823 main_service.cc:1536] VerifyCommandState error: Can not execute during SHUTTING DOWN
W0817 13:52:21.720366  170823 main_service.cc:1536] VerifyCommandState error: Can not execute during SHUTTING DOWN
W0817 13:52:21.720385  170817 execution_state.cc:93] ReportError: Operation canceled: ExecutionState cancelled
W0817 13:52:21.720432  170817 protocol_client.cc:277] Socket error: Operation canceled: ExecutionState cancelled in 127.0.0.1:18216, socket info: State: ESTABLISHED, Local: 127.0.0.1:52068, Remote: 127.0.0.1:18216, Inode: 408826
I0817 13:52:21.723849  170817 replica.cc:939] Exit stable sync
