                   .--::--.
   :+*=:          =@@@@@@@@=          :+*+:
  %@@@@@@%*=.     =@@@@@@@@-     .=*%@@@@@@#
  @@@@@@@@@@@@#+-. .%@@@@#. .-+#@@@@@@@@@@@%
  -@@@@@@@@@@@@@@@@*:#@@#:*@@@@@@@@@@@@@@@@-
    :+*********####-%@%%@%-####********++.
   .%@@@@@@@@@@@@@%:@@@@@@:@@@@@@@@@@@@@@%
   .@@@@@@@@%*+-:   =@@@@=  .:-+*%@@@@@@@%.
     =*+-:           ###*          .:-+*=
                     %@@%
                     *@@*
                     +@@=
                     :##:
                     :@@:
                      @@
                      ..
* Logs will be written to the first available of the following paths:
/tmp/dragonfly.*
* For the available flags type dragonfly [--help | --helpfull]
* Documentation can be found at: https://www.dragonflydb.io/docs
I0817 13:52:17.767741  170825 dfly_main.cc:1104] Starting dragonfly df-dev-0000000
I0817 13:52:17.767860  170825 dfly_main.cc:1154] Using proactor_threads=10 (overriding cgroup-derived 0)
W0817 13:52:17.767867  170825 dfly_main.cc:1161] SWAP is enabled. Consider disabling it when running Dragonfly.
I0817 13:52:17.767915  170825 dfly_main.cc:1167] maxmemory has not been specified. Deciding myself....
I0817 13:52:17.767917  170825 dfly_main.cc:1176] Found 20.38GiB available memory. Setting maxmemory to 16.31GiB
I0817 13:52:17.768460  170826 uring_proactor.cc:263] IORing with 1024 entries, allocated 98368 bytes, cq_entries is 2048
I0817 13:52:17.769241  170825 proactor_pool.cc:149] Running 10 io threads
I0817 13:52:17.770125  170825 dragonfly_listener.cc:152] SSL version: OpenSSL 3.0.13 30 Jan 2024
W0817 13:52:17.770150  170825 dfly_main.cc:353] Protected mode enabled. Binding to localhost only because no password is set. To accept remote connections, set a password with --requirepass or specify a bind address with --bind.
I0817 13:52:17.770339  170825 dfly_main.cc:437] Listening on admin socket any:38224
I0817 13:52:17.771094  170825 server_family.cc:1207] Host OS: Linux 7.0.0-28-generic x86_64 with 10 threads
I0817 13:52:17.771259  170827 listener_interface.cc:102] sock[25] AcceptServer - listening on 0.0.0.0:38224
I0817 13:52:17.771269  170828 listener_interface.cc:102] sock[26] AcceptServer - listening on 127.0.0.1:18224
I0817 13:52:17.923097  170828 server_family.cc:3393] Initiate replication with: 127.0.0.1:18216
I0817 13:52:17.936700  170828 replica.cc:681] Started full sync with 127.0.0.1:18216
I0817 13:52:21.422123  170828 replica.cc:720] full sync finished in 3.5 s
I0817 13:52:21.422274  170828 replica.cc:907] Transitioned into stable sync
I0817 13:52:21.656105  170828 listener_interface.cc:230] Listener stopped for port 18224
I0817 13:52:21.656106  170827 listener_interface.cc:230] Listener stopped for port 38224
W0817 13:52:21.656237  170832 main_service.cc:1536] VerifyCommandState error: Can not execute during SHUTTING DOWN
W0817 13:52:21.656274  170832 main_service.cc:1536] VerifyCommandState error: Can not execute during SHUTTING DOWN
W0817 13:52:21.656280  170826 main_service.cc:1536] VerifyCommandState error: Can not execute during SHUTTING DOWN
W0817 13:52:21.656306  170826 main_service.cc:1536] VerifyCommandState error: Can not execute during SHUTTING DOWN
W0817 13:52:21.656311  170826 main_service.cc:1536] VerifyCommandState error: Can not execute during SHUTTING DOWN
W0817 13:52:21.656316  170826 main_service.cc:1536] VerifyCommandState error: Can not execute during SHUTTING DOWN
W0817 13:52:21.656321  170826 main_service.cc:1536] VerifyCommandState error: Can not execute during SHUTTING DOWN
W0817 13:52:21.656446  170829 main_service.cc:1536] VerifyCommandState error: Can not execute during SHUTTING DOWN
W0817 13:52:21.656476  170829 main_service.cc:1536] VerifyCommandState error: Can not execute during SHUTTING DOWN
W0817 13:52:21.656485  170829 main_service.cc:1536] VerifyCommandState error: Can not execute during SHUTTING DOWN
W0817 13:52:21.656536  170827 main_service.cc:1536] VerifyCommandState error: Can not execute during SHUTTING DOWN
W0817 13:52:21.656584  170827 main_service.cc:1536] VerifyCommandState error: Can not execute during SHUTTING DOWN
W0817 13:52:21.656594  170827 main_service.cc:1536] VerifyCommandState error: Can not execute during SHUTTING DOWN
W0817 13:52:21.656734  170835 main_service.cc:1536] VerifyCommandState error: Can not execute during SHUTTING DOWN
W0817 13:52:21.656753  170835 main_service.cc:1536] VerifyCommandState error: Can not execute during SHUTTING DOWN
W0817 13:52:21.656741  170828 execution_state.cc:93] ReportError: Operation canceled: ExecutionState cancelled
W0817 13:52:21.656840  170828 protocol_client.cc:277] Socket error: Operation canceled: ExecutionState cancelled in 127.0.0.1:18216, socket info: State: ESTABLISHED, Local: 127.0.0.1:52054, Remote: 127.0.0.1:18216, Inode: 408814
I0817 13:52:21.658828  170828 replica.cc:939] Exit stable sync
