                   .--::--.
   :+*=:          =@@@@@@@@=          :+*+:
  %@@@@@@%*=.     =@@@@@@@@-     .=*%@@@@@@#
  @@@@@@@@@@@@#+-. .%@@@@#. .-+#@@@@@@@@@@@%
  -@@@@@@@@@@@@@@@@*:#@@#:*@@@@@@@@@@@@@@@@-
    :+*********####-%@%%@%-####********++.
   .%@@@@@@@@@@@@@%:@@@@@@:@@@@@@@@@@@@@@%
   .@@@@@@@@%*+-:   =@@@@=  .:-+*%@@@@@@@%.
     =*+-:           ###*          .:-+*=
                     %@@%
                     *@@*
                     +@@=
                     :##:
                     :@@:
                      @@
                      ..
* Logs will be written to the first available of the following paths:
/tmp/dragonfly.*
* For the available flags type dragonfly [--help | --helpfull]
* Documentation can be found at: https://www.dragonflydb.io/docs
I0817 13:52:17.397794  170734 dfly_main.cc:1104] Starting dragonfly df-dev-0000000
I0817 13:52:17.397944  170734 dfly_main.cc:1154] Using proactor_threads=10 (overriding cgroup-derived 0)
W0817 13:52:17.397954  170734 dfly_main.cc:1161] SWAP is enabled. Consider disabling it when running Dragonfly.
I0817 13:52:17.398020  170734 dfly_main.cc:1167] maxmemory has not been specified. Deciding myself....
I0817 13:52:17.398023  170734 dfly_main.cc:1176] Found 20.38GiB available memory. Setting maxmemory to 16.31GiB
I0817 13:52:17.398626  170735 uring_proactor.cc:263] IORing with 1024 entries, allocated 98368 bytes, cq_entries is 2048
I0817 13:52:17.399315  170734 proactor_pool.cc:149] Running 10 io threads
I0817 13:52:17.400165  170734 dragonfly_listener.cc:152] SSL version: OpenSSL 3.0.13 30 Jan 2024
W0817 13:52:17.400198  170734 dfly_main.cc:353] Protected mode enabled. Binding to localhost only because no password is set. To accept remote connections, set a password with --requirepass or specify a bind address with --bind.
I0817 13:52:17.400441  170734 dfly_main.cc:437] Listening on admin socket any:38217
I0817 13:52:17.401307  170734 server_family.cc:1207] Host OS: Linux 7.0.0-28-generic x86_64 with 10 threads
I0817 13:52:17.401494  170737 listener_interface.cc:102] sock[26] AcceptServer - listening on 127.0.0.1:18217
I0817 13:52:17.401490  170736 listener_interface.cc:102] sock[25] AcceptServer - listening on 0.0.0.0:38217
I0817 13:52:17.922632  170737 server_family.cc:3393] Initiate replication with: 127.0.0.1:18216
I0817 13:52:17.936126  170737 replica.cc:681] Started full sync with 127.0.0.1:18216
I0817 13:52:21.438435  170737 replica.cc:720] full sync finished in 3.51 s
I0817 13:52:21.438708  170737 replica.cc:907] Transitioned into stable sync
I0817 13:52:22.110269  170737 listener_interface.cc:230] Listener stopped for port 18217
I0817 13:52:22.110380  170736 listener_interface.cc:230] Listener stopped for port 38217
W0817 13:52:22.110554  170737 execution_state.cc:93] ReportError: Operation canceled: ExecutionState cancelled
W0817 13:52:22.110547  170740 main_service.cc:1536] VerifyCommandState error: Can not execute during SHUTTING DOWN
W0817 13:52:22.110626  170737 protocol_client.cc:277] Socket error: Operation canceled: ExecutionState cancelled in 127.0.0.1:18216, socket info: State: ESTABLISHED, Local: 127.0.0.1:52038, Remote: 127.0.0.1:18216, Inode: 408805
I0817 13:52:22.112940  170737 replica.cc:939] Exit stable sync
