                   .--::--.
   :+*=:          =@@@@@@@@=          :+*+:
  %@@@@@@%*=.     =@@@@@@@@-     .=*%@@@@@@#
  @@@@@@@@@@@@#+-. .%@@@@#. .-+#@@@@@@@@@@@%
  -@@@@@@@@@@@@@@@@*:#@@#:*@@@@@@@@@@@@@@@@-
    :+*********####-%@%%@%-####********++.
   .%@@@@@@@@@@@@@%:@@@@@@:@@@@@@@@@@@@@@%
   .@@@@@@@@%*+-:   =@@@@=  .:-+*%@@@@@@@%.
     =*+-:           ###*          .:-+*=
                     %@@%
                     *@@*
                     +@@=
                     :##:
                     :@@:
                      @@
                      ..
* Logs will be written to the first available of the following paths:
/tmp/dragonfly.*
* For the available flags type dragonfly [--help | --helpfull]
* Documentation can be found at: https://www.dragonflydb.io/docs
I0817 13:52:30.488376  171096 dfly_main.cc:1104] Starting dragonfly df-dev-0000000
I0817 13:52:30.488495  171096 dfly_main.cc:1154] Using proactor_threads=10 (overriding cgroup-derived 0)
W0817 13:52:30.488501  171096 dfly_main.cc:1161] SWAP is enabled. Consider disabling it when running Dragonfly.
I0817 13:52:30.488547  171096 dfly_main.cc:1167] maxmemory has not been specified. Deciding myself....
I0817 13:52:30.488549  171096 dfly_main.cc:1176] Found 20.43GiB available memory. Setting maxmemory to 16.35GiB
I0817 13:52:30.489056  171097 uring_proactor.cc:263] IORing with 1024 entries, allocated 98368 bytes, cq_entries is 2048
I0817 13:52:30.489802  171096 proactor_pool.cc:149] Running 10 io threads
I0817 13:52:30.490636  171096 dragonfly_listener.cc:152] SSL version: OpenSSL 3.0.13 30 Jan 2024
W0817 13:52:30.490663  171096 dfly_main.cc:353] Protected mode enabled. Binding to localhost only because no password is set. To accept remote connections, set a password with --requirepass or specify a bind address with --bind.
I0817 13:52:30.490894  171096 dfly_main.cc:437] Listening on admin socket any:43165
I0817 13:52:30.491684  171096 server_family.cc:1207] Host OS: Linux 7.0.0-28-generic x86_64 with 10 threads
I0817 13:52:30.491886  171099 listener_interface.cc:102] sock[26] AcceptServer - listening on 127.0.0.1:23165
I0817 13:52:30.491887  171098 listener_interface.cc:102] sock[25] AcceptServer - listening on 0.0.0.0:43165
I0817 13:52:30.640638  171099 server_family.cc:3393] Initiate replication with: 127.0.0.1:23162
I0817 13:52:30.646908  171099 replica.cc:681] Started full sync with 127.0.0.1:23162
I0817 13:52:32.798397  171099 replica.cc:720] full sync finished in 2.15 s
I0817 13:52:32.798961  171099 replica.cc:907] Transitioned into stable sync
I0817 13:52:33.043256  171098 listener_interface.cc:230] Listener stopped for port 43165
I0817 13:52:33.043278  171099 listener_interface.cc:230] Listener stopped for port 23165
W0817 13:52:33.043471  171099 main_service.cc:1536] VerifyCommandState error: Can not execute during SHUTTING DOWN
W0817 13:52:33.043513  171105 main_service.cc:1536] VerifyCommandState error: Can not execute during SHUTTING DOWN
W0817 13:52:33.043532  171101 main_service.cc:1536] VerifyCommandState error: Can not execute during SHUTTING DOWN
W0817 13:52:33.043559  171097 main_service.cc:1536] VerifyCommandState error: Can not execute during SHUTTING DOWN
W0817 13:52:33.043631  171098 main_service.cc:1536] VerifyCommandState error: Can not execute during SHUTTING DOWN
W0817 13:52:33.043677  171105 main_service.cc:1536] VerifyCommandState error: Can not execute during SHUTTING DOWN
W0817 13:52:33.043690  171099 main_service.cc:1536] VerifyCommandState error: Can not execute during SHUTTING DOWN
W0817 13:52:33.043703  171101 main_service.cc:1536] VerifyCommandState error: Can not execute during SHUTTING DOWN
W0817 13:52:33.043728  171102 main_service.cc:1536] VerifyCommandState error: Can not execute during SHUTTING DOWN
W0817 13:52:33.043779  171106 main_service.cc:1536] VerifyCommandState error: Can not execute during SHUTTING DOWN
W0817 13:52:33.043795  171098 main_service.cc:1536] VerifyCommandState error: Can not execute during SHUTTING DOWN
W0817 13:52:33.043800  171106 main_service.cc:1536] VerifyCommandState error: Can not execute during SHUTTING DOWN
W0817 13:52:33.043837  171106 main_service.cc:1536] VerifyCommandState error: Can not execute during SHUTTING DOWN
W0817 13:52:33.043837  171105 main_service.cc:1536] VerifyCommandState error: Can not execute during SHUTTING DOWN
W0817 13:52:33.043883  171104 main_service.cc:1536] VerifyCommandState error: Can not execute during SHUTTING DOWN
W0817 13:52:33.043911  171102 main_service.cc:1536] VerifyCommandState error: Can not execute during SHUTTING DOWN
W0817 13:52:33.043919  171097 main_service.cc:1536] VerifyCommandState error: Can not execute during SHUTTING DOWN
W0817 13:52:33.043950  171099 execution_state.cc:93] ReportError: Operation canceled: ExecutionState cancelled
W0817 13:52:33.044010  171099 protocol_client.cc:277] Socket error: Operation canceled: ExecutionState cancelled in 127.0.0.1:23162, socket info: State: ESTABLISHED, Local: 127.0.0.1:59188, Remote: 127.0.0.1:23162, Inode: 411347
I0817 13:52:33.047179  171099 replica.cc:939] Exit stable sync
