                   .--::--.
   :+*=:          =@@@@@@@@=          :+*+:
  %@@@@@@%*=.     =@@@@@@@@-     .=*%@@@@@@#
  @@@@@@@@@@@@#+-. .%@@@@#. .-+#@@@@@@@@@@@%
  -@@@@@@@@@@@@@@@@*:#@@#:*@@@@@@@@@@@@@@@@-
    :+*********####-%@%%@%-####********++.
   .%@@@@@@@@@@@@@%:@@@@@@:@@@@@@@@@@@@@@%
   .@@@@@@@@%*+-:   =@@@@=  .:-+*%@@@@@@@%.
     =*+-:           ###*          .:-+*=
                     %@@%
                     *@@*
                     +@@=
                     :##:
                     :@@:
                      @@
                      ..
* Logs will be written to the first available of the following paths:
/tmp/dragonfly.*
* For the available flags type dragonfly [--help | --helpfull]
* Documentation can be found at: https://www.dragonflydb.io/docs
I0817 13:52:30.434538  171085 dfly_main.cc:1104] Starting dragonfly df-dev-0000000
I0817 13:52:30.434644  171085 dfly_main.cc:1154] Using proactor_threads=10 (overriding cgroup-derived 0)
W0817 13:52:30.434651  171085 dfly_main.cc:1161] SWAP is enabled. Consider disabling it when running Dragonfly.
I0817 13:52:30.434695  171085 dfly_main.cc:1167] maxmemory has not been specified. Deciding myself....
I0817 13:52:30.434698  171085 dfly_main.cc:1176] Found 20.44GiB available memory. Setting maxmemory to 16.35GiB
I0817 13:52:30.435190  171086 uring_proactor.cc:263] IORing with 1024 entries, allocated 98368 bytes, cq_entries is 2048
I0817 13:52:30.435788  171085 proactor_pool.cc:149] Running 10 io threads
I0817 13:52:30.436664  171085 dragonfly_listener.cc:152] SSL version: OpenSSL 3.0.13 30 Jan 2024
W0817 13:52:30.436688  171085 dfly_main.cc:353] Protected mode enabled. Binding to localhost only because no password is set. To accept remote connections, set a password with --requirepass or specify a bind address with --bind.
I0817 13:52:30.436890  171085 dfly_main.cc:437] Listening on admin socket any:43164
I0817 13:52:30.437716  171085 server_family.cc:1207] Host OS: Linux 7.0.0-28-generic x86_64 with 10 threads
I0817 13:52:30.437887  171087 listener_interface.cc:102] sock[25] AcceptServer - listening on 0.0.0.0:43164
I0817 13:52:30.437926  171088 listener_interface.cc:102] sock[26] AcceptServer - listening on 127.0.0.1:23164
I0817 13:52:30.641288  171088 server_family.cc:3393] Initiate replication with: 127.0.0.1:23162
I0817 13:52:30.645619  171088 replica.cc:681] Started full sync with 127.0.0.1:23162
I0817 13:52:32.798524  171088 replica.cc:720] full sync finished in 2.15 s
I0817 13:52:32.799391  171088 replica.cc:907] Transitioned into stable sync
I0817 13:52:33.107470  171087 listener_interface.cc:230] Listener stopped for port 43164
I0817 13:52:33.107485  171088 listener_interface.cc:230] Listener stopped for port 23164
W0817 13:52:33.107656  171094 main_service.cc:1536] VerifyCommandState error: Can not execute during SHUTTING DOWN
W0817 13:52:33.107707  171095 main_service.cc:1536] VerifyCommandState error: Can not execute during SHUTTING DOWN
W0817 13:52:33.107719  171091 main_service.cc:1536] VerifyCommandState error: Can not execute during SHUTTING DOWN
W0817 13:52:33.107773  171087 main_service.cc:1536] VerifyCommandState error: Can not execute during SHUTTING DOWN
W0817 13:52:33.107770  171093 main_service.cc:1536] VerifyCommandState error: Can not execute during SHUTTING DOWN
W0817 13:52:33.107785  171087 main_service.cc:1536] VerifyCommandState error: Can not execute during SHUTTING DOWN
W0817 13:52:33.107807  171088 main_service.cc:1536] VerifyCommandState error: Can not execute during SHUTTING DOWN
W0817 13:52:33.107835  171094 main_service.cc:1536] VerifyCommandState error: Can not execute during SHUTTING DOWN
W0817 13:52:33.107846  171091 main_service.cc:1536] VerifyCommandState error: Can not execute during SHUTTING DOWN
W0817 13:52:33.107851  171095 main_service.cc:1536] VerifyCommandState error: Can not execute during SHUTTING DOWN
W0817 13:52:33.107899  171092 main_service.cc:1536] VerifyCommandState error: Can not execute during SHUTTING DOWN
W0817 13:52:33.107945  171089 main_service.cc:1536] VerifyCommandState error: Can not execute during SHUTTING DOWN
W0817 13:52:33.107974  171088 execution_state.cc:93] ReportError: Operation canceled: ExecutionState cancelled
W0817 13:52:33.107991  171094 main_service.cc:1536] VerifyCommandState error: Can not execute during SHUTTING DOWN
W0817 13:52:33.108000  171093 main_service.cc:1536] VerifyCommandState error: Can not execute during SHUTTING DOWN
W0817 13:52:33.108045  171088 protocol_client.cc:277] Socket error: Operation canceled: ExecutionState cancelled in 127.0.0.1:23162, socket info: State: ESTABLISHED, Local: 127.0.0.1:59212, Remote: 127.0.0.1:23162, Inode: 411356
I0817 13:52:33.110339  171088 replica.cc:939] Exit stable sync
