                   .--::--.
   :+*=:          =@@@@@@@@=          :+*+:
  %@@@@@@%*=.     =@@@@@@@@-     .=*%@@@@@@#
  @@@@@@@@@@@@#+-. .%@@@@#. .-+#@@@@@@@@@@@%
  -@@@@@@@@@@@@@@@@*:#@@#:*@@@@@@@@@@@@@@@@-
    :+*********####-%@%%@%-####********++.
   .%@@@@@@@@@@@@@%:@@@@@@:@@@@@@@@@@@@@@%
   .@@@@@@@@%*+-:   =@@@@=  .:-+*%@@@@@@@%.
     =*+-:           ###*          .:-+*=
                     %@@%
                     *@@*
                     +@@=
                     :##:
                     :@@:
                      @@
                      ..
* Logs will be written to the first available of the following paths:
/tmp/dragonfly.*
* For the available flags type dragonfly [--help | --helpfull]
* Documentation can be found at: https://www.dragonflydb.io/docs
I0817 13:52:30.592953  171118 dfly_main.cc:1104] Starting dragonfly df-dev-0000000
I0817 13:52:30.593138  171118 dfly_main.cc:1154] Using proactor_threads=10 (overriding cgroup-derived 0)
W0817 13:52:30.593154  171118 dfly_main.cc:1161] SWAP is enabled. Consider disabling it when running Dragonfly.
I0817 13:52:30.593259  171118 dfly_main.cc:1167] maxmemory has not been specified. Deciding myself....
I0817 13:52:30.593262  171118 dfly_main.cc:1176] Found 20.43GiB available memory. Setting maxmemory to 16.34GiB
I0817 13:52:30.593936  171119 uring_proactor.cc:263] IORing with 1024 entries, allocated 98368 bytes, cq_entries is 2048
I0817 13:52:30.599532  171118 proactor_pool.cc:149] Running 10 io threads
I0817 13:52:30.600708  171118 dragonfly_listener.cc:152] SSL version: OpenSSL 3.0.13 30 Jan 2024
W0817 13:52:30.600754  171118 dfly_main.cc:353] Protected mode enabled. Binding to localhost only because no password is set. To accept remote connections, set a password with --requirepass or specify a bind address with --bind.
I0817 13:52:30.601124  171118 dfly_main.cc:437] Listening on admin socket any:43167
I0817 13:52:30.603110  171118 server_family.cc:1207] Host OS: Linux 7.0.0-28-generic x86_64 with 10 threads
I0817 13:52:30.603437  171120 listener_interface.cc:102] sock[25] AcceptServer - listening on 0.0.0.0:43167
I0817 13:52:30.603481  171121 listener_interface.cc:102] sock[26] AcceptServer - listening on 127.0.0.1:23167
I0817 13:52:30.641109  171121 server_family.cc:3393] Initiate replication with: 127.0.0.1:23162
I0817 13:52:30.646691  171121 replica.cc:681] Started full sync with 127.0.0.1:23162
I0817 13:52:32.798697  171121 replica.cc:720] full sync finished in 2.16 s
I0817 13:52:32.799594  171121 replica.cc:907] Transitioned into stable sync
I0817 13:52:32.915635  171121 listener_interface.cc:230] Listener stopped for port 23167
I0817 13:52:32.916087  171120 listener_interface.cc:230] Listener stopped for port 43167
W0817 13:52:32.916202  171124 main_service.cc:1536] VerifyCommandState error: Can not execute during SHUTTING DOWN
W0817 13:52:32.916250  171122 main_service.cc:1536] VerifyCommandState error: Can not execute during SHUTTING DOWN
W0817 13:52:32.916267  171121 main_service.cc:1536] VerifyCommandState error: Can not execute during SHUTTING DOWN
W0817 13:52:32.916364  171123 main_service.cc:1536] VerifyCommandState error: Can not execute during SHUTTING DOWN
W0817 13:52:32.916485  171125 main_service.cc:1536] VerifyCommandState error: Can not execute during SHUTTING DOWN
W0817 13:52:32.916508  171125 main_service.cc:1536] VerifyCommandState error: Can not execute during SHUTTING DOWN
W0817 13:52:32.916520  171126 main_service.cc:1536] VerifyCommandState error: Can not execute during SHUTTING DOWN
W0817 13:52:32.916534  171129 main_service.cc:1536] VerifyCommandState error: Can not execute during SHUTTING DOWN
W0817 13:52:32.916554  171122 main_service.cc:1536] VerifyCommandState error: Can not execute during SHUTTING DOWN
W0817 13:52:32.916577  171124 main_service.cc:1536] VerifyCommandState error: Can not execute during SHUTTING DOWN
W0817 13:52:32.916601  171120 main_service.cc:1536] VerifyCommandState error: Can not execute during SHUTTING DOWN
W0817 13:52:32.916639  171121 execution_state.cc:93] ReportError: Operation canceled: ExecutionState cancelled
W0817 13:52:32.916684  171121 protocol_client.cc:277] Socket error: Operation canceled: ExecutionState cancelled in 127.0.0.1:23162, socket info: State: ESTABLISHED, Local: 127.0.0.1:59202, Remote: 127.0.0.1:23162, Inode: 411353
I0817 13:52:32.919880  171121 replica.cc:939] Exit stable sync
