                   .--::--.
   :+*=:          =@@@@@@@@=          :+*+:
  %@@@@@@%*=.     =@@@@@@@@-     .=*%@@@@@@#
  @@@@@@@@@@@@#+-. .%@@@@#. .-+#@@@@@@@@@@@%
  -@@@@@@@@@@@@@@@@*:#@@#:*@@@@@@@@@@@@@@@@-
    :+*********####-%@%%@%-####********++.
   .%@@@@@@@@@@@@@%:@@@@@@:@@@@@@@@@@@@@@%
   .@@@@@@@@%*+-:   =@@@@=  .:-+*%@@@@@@@%.
     =*+-:           ###*          .:-+*=
                     %@@%
                     *@@*
                     +@@=
                     :##:
                     :@@:
                      @@
                      ..
* Logs will be written to the first available of the following paths:
/tmp/dragonfly.*
* For the available flags type dragonfly [--help | --helpfull]
* Documentation can be found at: https://www.dragonflydb.io/docs
I0817 13:52:25.836879  170970 dfly_main.cc:1104] Starting dragonfly df-dev-0000000
I0817 13:52:25.837024  170970 dfly_main.cc:1154] Using proactor_threads=10 (overriding cgroup-derived 0)
W0817 13:52:25.837035  170970 dfly_main.cc:1161] SWAP is enabled. Consider disabling it when running Dragonfly.
I0817 13:52:25.837105  170970 dfly_main.cc:1167] maxmemory has not been specified. Deciding myself....
I0817 13:52:25.837107  170970 dfly_main.cc:1176] Found 20.45GiB available memory. Setting maxmemory to 16.36GiB
I0817 13:52:25.837761  170971 uring_proactor.cc:263] IORing with 1024 entries, allocated 98368 bytes, cq_entries is 2048
I0817 13:52:25.838462  170970 proactor_pool.cc:149] Running 10 io threads
I0817 13:52:25.839521  170970 dragonfly_listener.cc:152] SSL version: OpenSSL 3.0.13 30 Jan 2024
W0817 13:52:25.839553  170970 dfly_main.cc:353] Protected mode enabled. Binding to localhost only because no password is set. To accept remote connections, set a password with --requirepass or specify a bind address with --bind.
I0817 13:52:25.839765  170970 dfly_main.cc:437] Listening on admin socket any:43163
I0817 13:52:25.840607  170970 server_family.cc:1207] Host OS: Linux 7.0.0-28-generic x86_64 with 10 threads
I0817 13:52:25.840759  170972 listener_interface.cc:102] sock[25] AcceptServer - listening on 0.0.0.0:43163
I0817 13:52:25.840770  170973 listener_interface.cc:102] sock[26] AcceptServer - listening on 127.0.0.1:23163
I0817 13:52:25.988268  170973 server_family.cc:3393] Initiate replication with: 127.0.0.1:23162
I0817 13:52:25.990908  170973 replica.cc:681] Started full sync with 127.0.0.1:23162
I0817 13:52:27.741453  170973 replica.cc:720] full sync finished in 1.75 s
I0817 13:52:27.741825  170973 replica.cc:907] Transitioned into stable sync
I0817 13:52:27.836010  170973 listener_interface.cc:230] Listener stopped for port 23163
I0817 13:52:27.836099  170972 listener_interface.cc:230] Listener stopped for port 43163
W0817 13:52:27.836190  170976 main_service.cc:1536] VerifyCommandState error: Can not execute during SHUTTING DOWN
W0817 13:52:27.836227  170974 main_service.cc:1536] VerifyCommandState error: Can not execute during SHUTTING DOWN
W0817 13:52:27.836271  170971 main_service.cc:1536] VerifyCommandState error: Can not execute during SHUTTING DOWN
W0817 13:52:27.836301  170978 main_service.cc:1536] VerifyCommandState error: Can not execute during SHUTTING DOWN
W0817 13:52:27.836331  170978 main_service.cc:1536] VerifyCommandState error: Can not execute during SHUTTING DOWN
W0817 13:52:27.836334  170975 main_service.cc:1536] VerifyCommandState error: Can not execute during SHUTTING DOWN
W0817 13:52:27.836390  170971 main_service.cc:1536] VerifyCommandState error: Can not execute during SHUTTING DOWN
W0817 13:52:27.836383  170980 main_service.cc:1536] VerifyCommandState error: Can not execute during SHUTTING DOWN
W0817 13:52:27.836407  170980 main_service.cc:1536] VerifyCommandState error: Can not execute during SHUTTING DOWN
W0817 13:52:27.836422  170972 main_service.cc:1536] VerifyCommandState error: Can not execute during SHUTTING DOWN
W0817 13:52:27.836431  170972 main_service.cc:1536] VerifyCommandState error: Can not execute during SHUTTING DOWN
W0817 13:52:27.836445  170980 main_service.cc:1536] VerifyCommandState error: Can not execute during SHUTTING DOWN
W0817 13:52:27.836438  170979 main_service.cc:1536] VerifyCommandState error: Can not execute during SHUTTING DOWN
W0817 13:52:27.836455  170972 main_service.cc:1536] VerifyCommandState error: Can not execute during SHUTTING DOWN
W0817 13:52:27.836462  170972 main_service.cc:1536] VerifyCommandState error: Can not execute during SHUTTING DOWN
W0817 13:52:27.836479  170973 execution_state.cc:93] ReportError: Operation canceled: ExecutionState cancelled
W0817 13:52:27.836525  170973 protocol_client.cc:277] Socket error: Operation canceled: ExecutionState cancelled in 127.0.0.1:23162, socket info: State: ESTABLISHED, Local: 127.0.0.1:58328, Remote: 127.0.0.1:23162, Inode: 410877
I0817 13:52:27.838750  170973 replica.cc:939] Exit stable sync
