                   .--::--.
   :+*=:          =@@@@@@@@=          :+*+:
  %@@@@@@%*=.     =@@@@@@@@-     .=*%@@@@@@#
  @@@@@@@@@@@@#+-. .%@@@@#. .-+#@@@@@@@@@@@%
  -@@@@@@@@@@@@@@@@*:#@@#:*@@@@@@@@@@@@@@@@-
    :+*********####-%@%%@%-####********++.
   .%@@@@@@@@@@@@@%:@@@@@@:@@@@@@@@@@@@@@%
   .@@@@@@@@%*+-:   =@@@@=  .:-+*%@@@@@@@%.
     =*+-:           ###*          .:-+*=
                     %@@%
                     *@@*
                     +@@=
                     :##:
                     :@@:
                      @@
                      ..
* Logs will be written to the first available of the following paths:
/tmp/dragonfly.*
* For the available flags type dragonfly [--help | --helpfull]
* Documentation can be found at: https://www.dragonflydb.io/docs
I0817 13:52:25.889283  170981 dfly_main.cc:1104] Starting dragonfly df-dev-0000000
I0817 13:52:25.889406  170981 dfly_main.cc:1154] Using proactor_threads=10 (overriding cgroup-derived 0)
W0817 13:52:25.889414  170981 dfly_main.cc:1161] SWAP is enabled. Consider disabling it when running Dragonfly.
I0817 13:52:25.889462  170981 dfly_main.cc:1167] maxmemory has not been specified. Deciding myself....
I0817 13:52:25.889464  170981 dfly_main.cc:1176] Found 20.45GiB available memory. Setting maxmemory to 16.36GiB
I0817 13:52:25.889924  170982 uring_proactor.cc:263] IORing with 1024 entries, allocated 98368 bytes, cq_entries is 2048
I0817 13:52:25.890740  170981 proactor_pool.cc:149] Running 10 io threads
I0817 13:52:25.891654  170981 dragonfly_listener.cc:152] SSL version: OpenSSL 3.0.13 30 Jan 2024
W0817 13:52:25.891681  170981 dfly_main.cc:353] Protected mode enabled. Binding to localhost only because no password is set. To accept remote connections, set a password with --requirepass or specify a bind address with --bind.
I0817 13:52:25.891875  170981 dfly_main.cc:437] Listening on admin socket any:43164
I0817 13:52:25.892680  170981 server_family.cc:1207] Host OS: Linux 7.0.0-28-generic x86_64 with 10 threads
I0817 13:52:25.892826  170984 listener_interface.cc:102] sock[26] AcceptServer - listening on 127.0.0.1:23164
I0817 13:52:25.892822  170983 listener_interface.cc:102] sock[25] AcceptServer - listening on 0.0.0.0:43164
I0817 13:52:25.988702  170984 server_family.cc:3393] Initiate replication with: 127.0.0.1:23162
I0817 13:52:25.991099  170984 replica.cc:681] Started full sync with 127.0.0.1:23162
I0817 13:52:27.741373  170984 replica.cc:720] full sync finished in 1.75 s
I0817 13:52:27.741533  170984 replica.cc:907] Transitioned into stable sync
I0817 13:52:27.803258  170983 listener_interface.cc:230] Listener stopped for port 43164
I0817 13:52:27.803309  170984 listener_interface.cc:230] Listener stopped for port 23164
W0817 13:52:27.803369  170984 main_service.cc:1536] VerifyCommandState error: Can not execute during SHUTTING DOWN
W0817 13:52:27.803402  170986 main_service.cc:1536] VerifyCommandState error: Can not execute during SHUTTING DOWN
W0817 13:52:27.803419  170991 main_service.cc:1536] VerifyCommandState error: Can not execute during SHUTTING DOWN
W0817 13:52:27.803544  170983 main_service.cc:1536] VerifyCommandState error: Can not execute during SHUTTING DOWN
W0817 13:52:27.803551  170990 main_service.cc:1536] VerifyCommandState error: Can not execute during SHUTTING DOWN
W0817 13:52:27.803569  170984 execution_state.cc:93] ReportError: Operation canceled: ExecutionState cancelled
W0817 13:52:27.803609  170984 protocol_client.cc:277] Socket error: Operation canceled: ExecutionState cancelled in 127.0.0.1:23162, socket info: State: ESTABLISHED, Local: 127.0.0.1:58334, Remote: 127.0.0.1:23162, Inode: 410885
I0817 13:52:27.806073  170984 replica.cc:939] Exit stable sync
