                   .--::--.
   :+*=:          =@@@@@@@@=          :+*+:
  %@@@@@@%*=.     =@@@@@@@@-     .=*%@@@@@@#
  @@@@@@@@@@@@#+-. .%@@@@#. .-+#@@@@@@@@@@@%
  -@@@@@@@@@@@@@@@@*:#@@#:*@@@@@@@@@@@@@@@@-
    :+*********####-%@%%@%-####********++.
   .%@@@@@@@@@@@@@%:@@@@@@:@@@@@@@@@@@@@@%
   .@@@@@@@@%*+-:   =@@@@=  .:-+*%@@@@@@@%.
     =*+-:           ###*          .:-+*=
                     %@@%
                     *@@*
                     +@@=
                     :##:
                     :@@:
                      @@
                      ..
* Logs will be written to the first available of the following paths:
/tmp/dragonfly.*
* For the available flags type dragonfly [--help | --helpfull]
* Documentation can be found at: https://www.dragonflydb.io/docs
I0817 13:52:25.941700  170992 dfly_main.cc:1104] Starting dragonfly df-dev-0000000
I0817 13:52:25.941841  170992 dfly_main.cc:1154] Using proactor_threads=10 (overriding cgroup-derived 0)
W0817 13:52:25.941851  170992 dfly_main.cc:1161] SWAP is enabled. Consider disabling it when running Dragonfly.
I0817 13:52:25.941921  170992 dfly_main.cc:1167] maxmemory has not been specified. Deciding myself....
I0817 13:52:25.941924  170992 dfly_main.cc:1176] Found 20.44GiB available memory. Setting maxmemory to 16.35GiB
I0817 13:52:25.942544  170993 uring_proactor.cc:263] IORing with 1024 entries, allocated 98368 bytes, cq_entries is 2048
I0817 13:52:25.943301  170992 proactor_pool.cc:149] Running 10 io threads
I0817 13:52:25.944386  170992 dragonfly_listener.cc:152] SSL version: OpenSSL 3.0.13 30 Jan 2024
W0817 13:52:25.944415  170992 dfly_main.cc:353] Protected mode enabled. Binding to localhost only because no password is set. To accept remote connections, set a password with --requirepass or specify a bind address with --bind.
I0817 13:52:25.944630  170992 dfly_main.cc:437] Listening on admin socket any:43165
I0817 13:52:25.945477  170992 server_family.cc:1207] Host OS: Linux 7.0.0-28-generic x86_64 with 10 threads
I0817 13:52:25.945645  170994 listener_interface.cc:102] sock[25] AcceptServer - listening on 0.0.0.0:43165
I0817 13:52:25.945674  170995 listener_interface.cc:102] sock[26] AcceptServer - listening on 127.0.0.1:23165
I0817 13:52:25.988526  170995 server_family.cc:3393] Initiate replication with: 127.0.0.1:23162
I0817 13:52:25.997090  170995 replica.cc:681] Started full sync with 127.0.0.1:23162
I0817 13:52:27.741414  170995 replica.cc:720] full sync finished in 1.75 s
I0817 13:52:27.741512  170995 replica.cc:907] Transitioned into stable sync
I0817 13:52:27.771209  170995 listener_interface.cc:230] Listener stopped for port 23165
I0817 13:52:27.771421  170994 listener_interface.cc:230] Listener stopped for port 43165
W0817 13:52:27.771502  170993 main_service.cc:1536] VerifyCommandState error: Can not execute during SHUTTING DOWN
W0817 13:52:27.771605  170998 main_service.cc:1536] VerifyCommandState error: Can not execute during SHUTTING DOWN
W0817 13:52:27.771700  171002 main_service.cc:1536] VerifyCommandState error: Can not execute during SHUTTING DOWN
W0817 13:52:27.771735  170994 main_service.cc:1536] VerifyCommandState error: Can not execute during SHUTTING DOWN
W0817 13:52:27.771920  170998 main_service.cc:1536] VerifyCommandState error: Can not execute during SHUTTING DOWN
W0817 13:52:27.771948  171002 main_service.cc:1536] VerifyCommandState error: Can not execute during SHUTTING DOWN
W0817 13:52:27.771970  170999 main_service.cc:1536] VerifyCommandState error: Can not execute during SHUTTING DOWN
W0817 13:52:27.771986  170996 main_service.cc:1536] VerifyCommandState error: Can not execute during SHUTTING DOWN
W0817 13:52:27.772075  170994 main_service.cc:1536] VerifyCommandState error: Can not execute during SHUTTING DOWN
W0817 13:52:27.772110  170999 main_service.cc:1536] VerifyCommandState error: Can not execute during SHUTTING DOWN
W0817 13:52:27.772133  171002 main_service.cc:1536] VerifyCommandState error: Can not execute during SHUTTING DOWN
W0817 13:52:27.772128  170997 main_service.cc:1536] VerifyCommandState error: Can not execute during SHUTTING DOWN
W0817 13:52:27.772166  170998 main_service.cc:1536] VerifyCommandState error: Can not execute during SHUTTING DOWN
W0817 13:52:27.772172  170995 main_service.cc:1536] VerifyCommandState error: Can not execute during SHUTTING DOWN
W0817 13:52:27.772134  171001 main_service.cc:1536] VerifyCommandState error: Can not execute during SHUTTING DOWN
W0817 13:52:27.772133  171000 main_service.cc:1536] VerifyCommandState error: Can not execute during SHUTTING DOWN
W0817 13:52:27.772228  170999 main_service.cc:1536] VerifyCommandState error: Can not execute during SHUTTING DOWN
W0817 13:52:27.772236  171000 main_service.cc:1536] VerifyCommandState error: Can not execute during SHUTTING DOWN
W0817 13:52:27.772253  171000 main_service.cc:1536] VerifyCommandState error: Can not execute during SHUTTING DOWN
W0817 13:52:27.772260  171000 main_service.cc:1536] VerifyCommandState error: Can not execute during SHUTTING DOWN
W0817 13:52:27.772285  170997 main_service.cc:1536] VerifyCommandState error: Can not execute during SHUTTING DOWN
W0817 13:52:27.772289  170995 execution_state.cc:93] ReportError: Operation canceled: ExecutionState cancelled
W0817 13:52:27.772361  170995 protocol_client.cc:277] Socket error: Operation canceled: ExecutionState cancelled in 127.0.0.1:23162, socket info: State: ESTABLISHED, Local: 127.0.0.1:58330, Remote: 127.0.0.1:23162, Inode: 410882
I0817 13:52:27.775391  170995 replica.cc:939] Exit stable sync
