                   .--::--.
   :+*=:          =@@@@@@@@=          :+*+:
  %@@@@@@%*=.     =@@@@@@@@-     .=*%@@@@@@#
  @@@@@@@@@@@@#+-. .%@@@@#. .-+#@@@@@@@@@@@%
  -@@@@@@@@@@@@@@@@*:#@@#:*@@@@@@@@@@@@@@@@-
    :+*********####-%@%%@%-####********++.
   .%@@@@@@@@@@@@@%:@@@@@@:@@@@@@@@@@@@@@%
   .@@@@@@@@%*+-:   =@@@@=  .:-+*%@@@@@@@%.
     =*+-:           ###*          .:-+*=
                     %@@%
                     *@@*
                     +@@=
                     :##:
                     :@@:
                      @@
                      ..
* Logs will be written to the first available of the following paths:
/tmp/dragonfly.*
* For the available flags type dragonfly [--help | --helpfull]
* Documentation can be found at: https://www.dragonflydb.io/docs
I0817 13:25:44.155760  141116 dfly_main.cc:1104] Starting dragonfly df-dev-0000000
I0817 13:25:44.155865  141116 dfly_main.cc:1154] Using proactor_threads=10 (overriding cgroup-derived 0)
W0817 13:25:44.155871  141116 dfly_main.cc:1161] SWAP is enabled. Consider disabling it when running Dragonfly.
I0817 13:25:44.155921  141116 dfly_main.cc:1167] maxmemory has not been specified. Deciding myself....
I0817 13:25:44.155923  141116 dfly_main.cc:1176] Found 22.23GiB available memory. Setting maxmemory to 17.78GiB
I0817 13:25:44.156398  141117 uring_proactor.cc:263] IORing with 1024 entries, allocated 98368 bytes, cq_entries is 2048
I0817 13:25:44.157225  141116 proactor_pool.cc:149] Running 10 io threads
I0817 13:25:44.158301  141116 dragonfly_listener.cc:152] SSL version: OpenSSL 3.0.13 30 Jan 2024
W0817 13:25:44.158337  141116 dfly_main.cc:353] Protected mode enabled. Binding to localhost only because no password is set. To accept remote connections, set a password with --requirepass or specify a bind address with --bind.
E0817 13:25:44.158561  141116 dfly_main.cc:435] Failed to open admin socket any:50170, error: Address already in use
I0817 13:25:44.159794  141116 server_family.cc:1207] Host OS: Linux 7.0.0-28-generic x86_64 with 10 threads
I0817 13:25:44.159948  141119 listener_interface.cc:102] sock[26] AcceptServer - listening on 127.0.0.1:30170
I0817 13:25:44.469466  141119 server_family.cc:3393] Initiate replication with: 127.0.0.1:30168
I0817 13:25:44.476297  141119 replica.cc:681] Started full sync with 127.0.0.1:30168
W0817 13:25:52.504940  141119 proactor_base.cc:231] OnIdle task is taking too long: 1677 us defrag
W0817 13:25:55.112170  141120 proactor_base.cc:231] OnIdle task is taking too long: 9929 us defrag
I0817 13:25:57.314179  141119 replica.cc:720] full sync finished in 12.8 s
I0817 13:25:57.314476  141119 replica.cc:907] Transitioned into stable sync
I0817 13:25:58.065904  141119 listener_interface.cc:230] Listener stopped for port 30170
W0817 13:25:58.066553  141117 main_service.cc:1536] VerifyCommandState error: Can not execute during SHUTTING DOWN
W0817 13:25:58.066582  141126 main_service.cc:1536] VerifyCommandState error: Can not execute during SHUTTING DOWN
W0817 13:25:58.066572  141123 main_service.cc:1536] VerifyCommandState error: Can not execute during SHUTTING DOWN
W0817 13:25:58.066599  141122 main_service.cc:1536] VerifyCommandState error: Can not execute during SHUTTING DOWN
W0817 13:25:58.066612  141117 main_service.cc:1536] VerifyCommandState error: Can not execute during SHUTTING DOWN
W0817 13:25:58.066619  141123 main_service.cc:1536] VerifyCommandState error: Can not execute during SHUTTING DOWN
W0817 13:25:58.066631  141122 main_service.cc:1536] VerifyCommandState error: Can not execute during SHUTTING DOWN
W0817 13:25:58.066635  141117 main_service.cc:1536] VerifyCommandState error: Can not execute during SHUTTING DOWN
W0817 13:25:58.066639  141122 main_service.cc:1536] VerifyCommandState error: Can not execute during SHUTTING DOWN
W0817 13:25:58.066643  141117 main_service.cc:1536] VerifyCommandState error: Can not execute during SHUTTING DOWN
W0817 13:25:58.066657  141123 main_service.cc:1536] VerifyCommandState error: Can not execute during SHUTTING DOWN
W0817 13:25:58.066658  141119 main_service.cc:1536] VerifyCommandState error: Can not execute during SHUTTING DOWN
W0817 13:25:58.066640  141121 main_service.cc:1536] VerifyCommandState error: Can not execute during SHUTTING DOWN
W0817 13:25:58.066671  141126 main_service.cc:1536] VerifyCommandState error: Can not execute during SHUTTING DOWN
W0817 13:25:58.066678  141119 main_service.cc:1536] VerifyCommandState error: Can not execute during SHUTTING DOWN
W0817 13:25:58.066682  141126 main_service.cc:1536] VerifyCommandState error: Can not execute during SHUTTING DOWN
W0817 13:25:58.066684  141119 main_service.cc:1536] VerifyCommandState error: Can not execute during SHUTTING DOWN
W0817 13:25:58.066703  141121 main_service.cc:1536] VerifyCommandState error: Can not execute during SHUTTING DOWN
W0817 13:25:58.066715  141123 main_service.cc:1536] VerifyCommandState error: Can not execute during SHUTTING DOWN
W0817 13:25:58.066719  141119 main_service.cc:1536] VerifyCommandState error: Can not execute during SHUTTING DOWN
W0817 13:25:58.066718  141125 main_service.cc:1536] VerifyCommandState error: Can not execute during SHUTTING DOWN
W0817 13:25:58.066731  141125 main_service.cc:1536] VerifyCommandState error: Can not execute during SHUTTING DOWN
W0817 13:25:58.066736  141123 main_service.cc:1536] VerifyCommandState error: Can not execute during SHUTTING DOWN
W0817 13:25:58.066732  141118 main_service.cc:1536] VerifyCommandState error: Can not execute during SHUTTING DOWN
W0817 13:25:58.066741  141123 main_service.cc:1536] VerifyCommandState error: Can not execute during SHUTTING DOWN
W0817 13:25:58.066750  141118 main_service.cc:1536] VerifyCommandState error: Can not execute during SHUTTING DOWN
W0817 13:25:58.066752  141123 main_service.cc:1536] VerifyCommandState error: Can not execute during SHUTTING DOWN
W0817 13:25:58.066807  141117 main_service.cc:1536] VerifyCommandState error: Can not execute during SHUTTING DOWN
W0817 13:25:58.066814  141117 main_service.cc:1536] VerifyCommandState error: Can not execute during SHUTTING DOWN
W0817 13:25:58.066826  141122 main_service.cc:1536] VerifyCommandState error: Can not execute during SHUTTING DOWN
W0817 13:25:58.066838  141119 main_service.cc:1536] VerifyCommandState error: Can not execute during SHUTTING DOWN
W0817 13:25:58.066844  141122 main_service.cc:1536] VerifyCommandState error: Can not execute during SHUTTING DOWN
W0817 13:25:58.066861  141119 main_service.cc:1536] VerifyCommandState error: Can not execute during SHUTTING DOWN
W0817 13:25:58.066874  141124 main_service.cc:1536] VerifyCommandState error: Can not execute during SHUTTING DOWN
W0817 13:25:58.066901  141124 main_service.cc:1536] VerifyCommandState error: Can not execute during SHUTTING DOWN
W0817 13:25:58.066909  141124 main_service.cc:1536] VerifyCommandState error: Can not execute during SHUTTING DOWN
W0817 13:25:58.067006  141121 main_service.cc:1536] VerifyCommandState error: Can not execute during SHUTTING DOWN
W0817 13:25:58.067015  141121 main_service.cc:1536] VerifyCommandState error: Can not execute during SHUTTING DOWN
W0817 13:25:58.067032  141121 main_service.cc:1536] VerifyCommandState error: Can not execute during SHUTTING DOWN
W0817 13:25:58.067031  141119 execution_state.cc:93] ReportError: Operation canceled: ExecutionState cancelled
W0817 13:25:58.067058  141119 protocol_client.cc:277] Socket error: Operation canceled: ExecutionState cancelled in 127.0.0.1:30168, socket info: State: ESTABLISHED, Local: 127.0.0.1:48830, Remote: 127.0.0.1:30168, Inode: 349758
I0817 13:25:58.069548  141119 replica.cc:939] Exit stable sync
