                   .--::--.
   :+*=:          =@@@@@@@@=          :+*+:
  %@@@@@@%*=.     =@@@@@@@@-     .=*%@@@@@@#
  @@@@@@@@@@@@#+-. .%@@@@#. .-+#@@@@@@@@@@@%
  -@@@@@@@@@@@@@@@@*:#@@#:*@@@@@@@@@@@@@@@@-
    :+*********####-%@%%@%-####********++.
   .%@@@@@@@@@@@@@%:@@@@@@:@@@@@@@@@@@@@@%
   .@@@@@@@@%*+-:   =@@@@=  .:-+*%@@@@@@@%.
     =*+-:           ###*          .:-+*=
                     %@@%
                     *@@*
                     +@@=
                     :##:
                     :@@:
                      @@
                      ..
* Logs will be written to the first available of the following paths:
/tmp/dragonfly.*
* For the available flags type dragonfly [--help | --helpfull]
* Documentation can be found at: https://www.dragonflydb.io/docs
I0817 13:25:44.367080  141171 dfly_main.cc:1104] Starting dragonfly df-dev-0000000
I0817 13:25:44.367185  141171 dfly_main.cc:1154] Using proactor_threads=10 (overriding cgroup-derived 0)
W0817 13:25:44.367193  141171 dfly_main.cc:1161] SWAP is enabled. Consider disabling it when running Dragonfly.
I0817 13:25:44.367231  141171 dfly_main.cc:1167] maxmemory has not been specified. Deciding myself....
I0817 13:25:44.367233  141171 dfly_main.cc:1176] Found 22.20GiB available memory. Setting maxmemory to 17.76GiB
I0817 13:25:44.367730  141172 uring_proactor.cc:263] IORing with 1024 entries, allocated 98368 bytes, cq_entries is 2048
I0817 13:25:44.368568  141171 proactor_pool.cc:149] Running 10 io threads
I0817 13:25:44.369400  141171 dragonfly_listener.cc:152] SSL version: OpenSSL 3.0.13 30 Jan 2024
W0817 13:25:44.369431  141171 dfly_main.cc:353] Protected mode enabled. Binding to localhost only because no password is set. To accept remote connections, set a password with --requirepass or specify a bind address with --bind.
I0817 13:25:44.369639  141171 dfly_main.cc:437] Listening on admin socket any:50174
I0817 13:25:44.370461  141171 server_family.cc:1207] Host OS: Linux 7.0.0-28-generic x86_64 with 10 threads
I0817 13:25:44.370620  141173 listener_interface.cc:102] sock[25] AcceptServer - listening on 0.0.0.0:50174
I0817 13:25:44.370629  141174 listener_interface.cc:102] sock[26] AcceptServer - listening on 127.0.0.1:30174
I0817 13:25:44.469250  141174 server_family.cc:3393] Initiate replication with: 127.0.0.1:30168
I0817 13:25:44.480650  141174 replica.cc:681] Started full sync with 127.0.0.1:30168
W0817 13:25:52.527081  141172 proactor_base.cc:231] OnIdle task is taking too long: 1985 us defrag
I0817 13:25:57.369496  141174 replica.cc:720] full sync finished in 12.9 s
I0817 13:25:57.369753  141174 replica.cc:907] Transitioned into stable sync
I0817 13:25:57.654269  141174 listener_interface.cc:230] Listener stopped for port 30174
I0817 13:25:57.654351  141173 listener_interface.cc:230] Listener stopped for port 50174
W0817 13:25:57.654889  141173 main_service.cc:1536] VerifyCommandState error: Can not execute during SHUTTING DOWN
W0817 13:25:57.654928  141173 main_service.cc:1536] VerifyCommandState error: Can not execute during SHUTTING DOWN
W0817 13:25:57.655011  141180 main_service.cc:1536] VerifyCommandState error: Can not execute during SHUTTING DOWN
W0817 13:25:57.655040  141180 main_service.cc:1536] VerifyCommandState error: Can not execute during SHUTTING DOWN
W0817 13:25:57.655098  141174 main_service.cc:1536] VerifyCommandState error: Can not execute during SHUTTING DOWN
W0817 13:25:57.655093  141176 main_service.cc:1536] VerifyCommandState error: Can not execute during SHUTTING DOWN
W0817 13:25:57.655122  141172 main_service.cc:1536] VerifyCommandState error: Can not execute during SHUTTING DOWN
W0817 13:25:57.655122  141174 main_service.cc:1536] VerifyCommandState error: Can not execute during SHUTTING DOWN
W0817 13:25:57.655138  141176 main_service.cc:1536] VerifyCommandState error: Can not execute during SHUTTING DOWN
W0817 13:25:57.655145  141172 main_service.cc:1536] VerifyCommandState error: Can not execute during SHUTTING DOWN
W0817 13:25:57.655149  141174 main_service.cc:1536] VerifyCommandState error: Can not execute during SHUTTING DOWN
W0817 13:25:57.655147  141179 main_service.cc:1536] VerifyCommandState error: Can not execute during SHUTTING DOWN
W0817 13:25:57.655180  141174 main_service.cc:1536] VerifyCommandState error: Can not execute during SHUTTING DOWN
W0817 13:25:57.655181  141181 main_service.cc:1536] VerifyCommandState error: Can not execute during SHUTTING DOWN
W0817 13:25:57.655198  141174 main_service.cc:1536] VerifyCommandState error: Can not execute during SHUTTING DOWN
W0817 13:25:57.655198  141179 main_service.cc:1536] VerifyCommandState error: Can not execute during SHUTTING DOWN
W0817 13:25:57.655204  141174 main_service.cc:1536] VerifyCommandState error: Can not execute during SHUTTING DOWN
W0817 13:25:57.655199  141177 main_service.cc:1536] VerifyCommandState error: Can not execute during SHUTTING DOWN
W0817 13:25:57.655207  141174 main_service.cc:1536] VerifyCommandState error: Can not execute during SHUTTING DOWN
W0817 13:25:57.655221  141181 main_service.cc:1536] VerifyCommandState error: Can not execute during SHUTTING DOWN
W0817 13:25:57.655241  141174 main_service.cc:1536] VerifyCommandState error: Can not execute during SHUTTING DOWN
W0817 13:25:57.655249  141177 main_service.cc:1536] VerifyCommandState error: Can not execute during SHUTTING DOWN
W0817 13:25:57.655254  141176 main_service.cc:1536] VerifyCommandState error: Can not execute during SHUTTING DOWN
W0817 13:25:57.655258  141177 main_service.cc:1536] VerifyCommandState error: Can not execute during SHUTTING DOWN
W0817 13:25:57.655262  141176 main_service.cc:1536] VerifyCommandState error: Can not execute during SHUTTING DOWN
W0817 13:25:57.655249  141181 main_service.cc:1536] VerifyCommandState error: Can not execute during SHUTTING DOWN
W0817 13:25:57.655275  141181 main_service.cc:1536] VerifyCommandState error: Can not execute during SHUTTING DOWN
W0817 13:25:57.655372  141173 main_service.cc:1536] VerifyCommandState error: Can not execute during SHUTTING DOWN
W0817 13:25:57.655387  141173 main_service.cc:1536] VerifyCommandState error: Can not execute during SHUTTING DOWN
W0817 13:25:57.655393  141173 main_service.cc:1536] VerifyCommandState error: Can not execute during SHUTTING DOWN
W0817 13:25:57.655401  141173 main_service.cc:1536] VerifyCommandState error: Can not execute during SHUTTING DOWN
W0817 13:25:57.655474  141179 main_service.cc:1536] VerifyCommandState error: Can not execute during SHUTTING DOWN
W0817 13:25:57.655491  141181 main_service.cc:1536] VerifyCommandState error: Can not execute during SHUTTING DOWN
W0817 13:25:57.655494  141179 main_service.cc:1536] VerifyCommandState error: Can not execute during SHUTTING DOWN
W0817 13:25:57.655505  141181 main_service.cc:1536] VerifyCommandState error: Can not execute during SHUTTING DOWN
W0817 13:25:57.655669  141174 main_service.cc:1536] VerifyCommandState error: Can not execute during SHUTTING DOWN
W0817 13:25:57.655679  141174 main_service.cc:1536] VerifyCommandState error: Can not execute during SHUTTING DOWN
W0817 13:25:57.655681  141176 main_service.cc:1536] VerifyCommandState error: Can not execute during SHUTTING DOWN
W0817 13:25:57.655692  141176 main_service.cc:1536] VerifyCommandState error: Can not execute during SHUTTING DOWN
W0817 13:25:57.655683  141173 main_service.cc:1536] VerifyCommandState error: Can not execute during SHUTTING DOWN
W0817 13:25:57.655710  141173 main_service.cc:1536] VerifyCommandState error: Can not execute during SHUTTING DOWN
W0817 13:25:57.655739  141180 main_service.cc:1536] VerifyCommandState error: Can not execute during SHUTTING DOWN
W0817 13:25:57.655750  141180 main_service.cc:1536] VerifyCommandState error: Can not execute during SHUTTING DOWN
W0817 13:25:57.655744  141174 execution_state.cc:93] ReportError: Operation canceled: ExecutionState cancelled
W0817 13:25:57.655781  141174 protocol_client.cc:277] Socket error: Operation canceled: ExecutionState cancelled in 127.0.0.1:30168, socket info: State: ESTABLISHED, Local: 127.0.0.1:48816, Remote: 127.0.0.1:30168, Inode: 349755
I0817 13:25:57.657693  141174 replica.cc:939] Exit stable sync
