                   .--::--.
   :+*=:          =@@@@@@@@=          :+*+:
  %@@@@@@%*=.     =@@@@@@@@-     .=*%@@@@@@#
  @@@@@@@@@@@@#+-. .%@@@@#. .-+#@@@@@@@@@@@%
  -@@@@@@@@@@@@@@@@*:#@@#:*@@@@@@@@@@@@@@@@-
    :+*********####-%@%%@%-####********++.
   .%@@@@@@@@@@@@@%:@@@@@@:@@@@@@@@@@@@@@%
   .@@@@@@@@%*+-:   =@@@@=  .:-+*%@@@@@@@%.
     =*+-:           ###*          .:-+*=
                     %@@%
                     *@@*
                     +@@=
                     :##:
                     :@@:
                      @@
                      ..
* Logs will be written to the first available of the following paths:
/tmp/dragonfly.*
* For the available flags type dragonfly [--help | --helpfull]
* Documentation can be found at: https://www.dragonflydb.io/docs
I0817 13:25:44.261768  141149 dfly_main.cc:1104] Starting dragonfly df-dev-0000000
I0817 13:25:44.261878  141149 dfly_main.cc:1154] Using proactor_threads=10 (overriding cgroup-derived 0)
W0817 13:25:44.261886  141149 dfly_main.cc:1161] SWAP is enabled. Consider disabling it when running Dragonfly.
I0817 13:25:44.261944  141149 dfly_main.cc:1167] maxmemory has not been specified. Deciding myself....
I0817 13:25:44.261946  141149 dfly_main.cc:1176] Found 22.21GiB available memory. Setting maxmemory to 17.77GiB
I0817 13:25:44.262437  141150 uring_proactor.cc:263] IORing with 1024 entries, allocated 98368 bytes, cq_entries is 2048
I0817 13:25:44.263313  141149 proactor_pool.cc:149] Running 10 io threads
I0817 13:25:44.264501  141149 dragonfly_listener.cc:152] SSL version: OpenSSL 3.0.13 30 Jan 2024
W0817 13:25:44.264529  141149 dfly_main.cc:353] Protected mode enabled. Binding to localhost only because no password is set. To accept remote connections, set a password with --requirepass or specify a bind address with --bind.
I0817 13:25:44.264732  141149 dfly_main.cc:437] Listening on admin socket any:50172
I0817 13:25:44.265748  141149 server_family.cc:1207] Host OS: Linux 7.0.0-28-generic x86_64 with 10 threads
I0817 13:25:44.265919  141152 listener_interface.cc:102] sock[25] AcceptServer - listening on 127.0.0.1:30172
I0817 13:25:44.265921  141151 listener_interface.cc:102] sock[24] AcceptServer - listening on 0.0.0.0:50172
I0817 13:25:44.470257  141152 server_family.cc:3393] Initiate replication with: 127.0.0.1:30168
I0817 13:25:44.480355  141152 replica.cc:681] Started full sync with 127.0.0.1:30168
W0817 13:25:52.513498  141154 proactor_base.cc:231] OnIdle task is taking too long: 4684 us defrag
I0817 13:25:57.347020  141152 replica.cc:720] full sync finished in 12.9 s
I0817 13:25:57.347550  141152 replica.cc:907] Transitioned into stable sync
I0817 13:25:57.884477  141152 listener_interface.cc:230] Listener stopped for port 30172
I0817 13:25:57.884495  141151 listener_interface.cc:230] Listener stopped for port 50172
W0817 13:25:57.884614  141158 main_service.cc:1536] VerifyCommandState error: Can not execute during SHUTTING DOWN
W0817 13:25:57.884647  141158 main_service.cc:1536] VerifyCommandState error: Can not execute during SHUTTING DOWN
W0817 13:25:57.884654  141158 main_service.cc:1536] VerifyCommandState error: Can not execute during SHUTTING DOWN
W0817 13:25:57.884963  141152 main_service.cc:1536] VerifyCommandState error: Can not execute during SHUTTING DOWN
W0817 13:25:57.884975  141159 main_service.cc:1536] VerifyCommandState error: Can not execute during SHUTTING DOWN
W0817 13:25:57.884978  141154 main_service.cc:1536] VerifyCommandState error: Can not execute during SHUTTING DOWN
W0817 13:25:57.884993  141152 main_service.cc:1536] VerifyCommandState error: Can not execute during SHUTTING DOWN
W0817 13:25:57.884998  141159 main_service.cc:1536] VerifyCommandState error: Can not execute during SHUTTING DOWN
W0817 13:25:57.885002  141154 main_service.cc:1536] VerifyCommandState error: Can not execute during SHUTTING DOWN
W0817 13:25:57.885056  141158 main_service.cc:1536] VerifyCommandState error: Can not execute during SHUTTING DOWN
W0817 13:25:57.885082  141158 main_service.cc:1536] VerifyCommandState error: Can not execute during SHUTTING DOWN
W0817 13:25:57.885100  141159 main_service.cc:1536] VerifyCommandState error: Can not execute during SHUTTING DOWN
W0817 13:25:57.885110  141159 main_service.cc:1536] VerifyCommandState error: Can not execute during SHUTTING DOWN
W0817 13:25:57.885236  141159 main_service.cc:1536] VerifyCommandState error: Can not execute during SHUTTING DOWN
W0817 13:25:57.885244  141158 main_service.cc:1536] VerifyCommandState error: Can not execute during SHUTTING DOWN
W0817 13:25:57.885246  141159 main_service.cc:1536] VerifyCommandState error: Can not execute during SHUTTING DOWN
W0817 13:25:57.885254  141158 main_service.cc:1536] VerifyCommandState error: Can not execute during SHUTTING DOWN
W0817 13:25:57.885296  141156 main_service.cc:1536] VerifyCommandState error: Can not execute during SHUTTING DOWN
W0817 13:25:57.885323  141156 main_service.cc:1536] VerifyCommandState error: Can not execute during SHUTTING DOWN
W0817 13:25:57.885453  141151 main_service.cc:1536] VerifyCommandState error: Can not execute during SHUTTING DOWN
W0817 13:25:57.885458  141153 main_service.cc:1536] VerifyCommandState error: Can not execute during SHUTTING DOWN
W0817 13:25:57.885468  141151 main_service.cc:1536] VerifyCommandState error: Can not execute during SHUTTING DOWN
W0817 13:25:57.885485  141153 main_service.cc:1536] VerifyCommandState error: Can not execute during SHUTTING DOWN
W0817 13:25:57.885486  141151 main_service.cc:1536] VerifyCommandState error: Can not execute during SHUTTING DOWN
W0817 13:25:57.885492  141153 main_service.cc:1536] VerifyCommandState error: Can not execute during SHUTTING DOWN
W0817 13:25:57.885540  141150 main_service.cc:1536] VerifyCommandState error: Can not execute during SHUTTING DOWN
W0817 13:25:57.885551  141150 main_service.cc:1536] VerifyCommandState error: Can not execute during SHUTTING DOWN
W0817 13:25:57.885582  141154 main_service.cc:1536] VerifyCommandState error: Can not execute during SHUTTING DOWN
W0817 13:25:57.885594  141154 main_service.cc:1536] VerifyCommandState error: Can not execute during SHUTTING DOWN
W0817 13:25:57.885598  141154 main_service.cc:1536] VerifyCommandState error: Can not execute during SHUTTING DOWN
W0817 13:25:57.885670  141157 main_service.cc:1536] VerifyCommandState error: Can not execute during SHUTTING DOWN
W0817 13:25:57.885685  141156 main_service.cc:1536] VerifyCommandState error: Can not execute during SHUTTING DOWN
W0817 13:25:57.885696  141157 main_service.cc:1536] VerifyCommandState error: Can not execute during SHUTTING DOWN
W0817 13:25:57.885696  141155 main_service.cc:1536] VerifyCommandState error: Can not execute during SHUTTING DOWN
W0817 13:25:57.885724  141156 main_service.cc:1536] VerifyCommandState error: Can not execute during SHUTTING DOWN
W0817 13:25:57.885764  141155 main_service.cc:1536] VerifyCommandState error: Can not execute during SHUTTING DOWN
W0817 13:25:57.885814  141152 main_service.cc:1536] VerifyCommandState error: Can not execute during SHUTTING DOWN
W0817 13:25:57.885824  141152 main_service.cc:1536] VerifyCommandState error: Can not execute during SHUTTING DOWN
W0817 13:25:57.885862  141155 main_service.cc:1536] VerifyCommandState error: Can not execute during SHUTTING DOWN
W0817 13:25:57.885847  141152 execution_state.cc:93] ReportError: Operation canceled: ExecutionState cancelled
W0817 13:25:57.885884  141157 main_service.cc:1536] VerifyCommandState error: Can not execute during SHUTTING DOWN
W0817 13:25:57.885869  141155 main_service.cc:1536] VerifyCommandState error: Can not execute during SHUTTING DOWN
W0817 13:25:57.885900  141152 protocol_client.cc:277] Socket error: Operation canceled: ExecutionState cancelled in 127.0.0.1:30168, socket info: State: ESTABLISHED, Local: 127.0.0.1:48862, Remote: 127.0.0.1:30168, Inode: 349775
I0817 13:25:57.887952  141152 replica.cc:939] Exit stable sync
