                   .--::--.
   :+*=:          =@@@@@@@@=          :+*+:
  %@@@@@@%*=.     =@@@@@@@@-     .=*%@@@@@@#
  @@@@@@@@@@@@#+-. .%@@@@#. .-+#@@@@@@@@@@@%
  -@@@@@@@@@@@@@@@@*:#@@#:*@@@@@@@@@@@@@@@@-
    :+*********####-%@%%@%-####********++.
   .%@@@@@@@@@@@@@%:@@@@@@:@@@@@@@@@@@@@@%
   .@@@@@@@@%*+-:   =@@@@=  .:-+*%@@@@@@@%.
     =*+-:           ###*          .:-+*=
                     %@@%
                     *@@*
                     +@@=
                     :##:
                     :@@:
                      @@
                      ..
* Logs will be written to the first available of the following paths:
/tmp/dragonfly.*
* For the available flags type dragonfly [--help | --helpfull]
* Documentation can be found at: https://www.dragonflydb.io/docs
I0817 13:52:28.064684  171050 dfly_main.cc:1104] Starting dragonfly df-dev-0000000
I0817 13:52:28.064805  171050 dfly_main.cc:1154] Using proactor_threads=10 (overriding cgroup-derived 0)
W0817 13:52:28.064812  171050 dfly_main.cc:1161] SWAP is enabled. Consider disabling it when running Dragonfly.
I0817 13:52:28.064867  171050 dfly_main.cc:1167] maxmemory has not been specified. Deciding myself....
I0817 13:52:28.064869  171050 dfly_main.cc:1176] Found 20.32GiB available memory. Setting maxmemory to 16.25GiB
I0817 13:52:28.065387  171051 uring_proactor.cc:263] IORing with 1024 entries, allocated 98368 bytes, cq_entries is 2048
I0817 13:52:28.066071  171050 proactor_pool.cc:149] Running 10 io threads
I0817 13:52:28.066961  171050 dragonfly_listener.cc:152] SSL version: OpenSSL 3.0.13 30 Jan 2024
W0817 13:52:28.066984  171050 dfly_main.cc:353] Protected mode enabled. Binding to localhost only because no password is set. To accept remote connections, set a password with --requirepass or specify a bind address with --bind.
I0817 13:52:28.067200  171050 dfly_main.cc:437] Listening on admin socket any:43166
I0817 13:52:28.068052  171050 server_family.cc:1207] Host OS: Linux 7.0.0-28-generic x86_64 with 10 threads
I0817 13:52:28.068254  171053 listener_interface.cc:102] sock[26] AcceptServer - listening on 127.0.0.1:23166
I0817 13:52:28.068267  171052 listener_interface.cc:102] sock[25] AcceptServer - listening on 0.0.0.0:43166
I0817 13:52:28.111664  171053 server_family.cc:3393] Initiate replication with: 127.0.0.1:23162
I0817 13:52:28.115531  171053 replica.cc:681] Started full sync with 127.0.0.1:23162
I0817 13:52:30.068784  171053 replica.cc:720] full sync finished in 1.96 s
I0817 13:52:30.069122  171053 replica.cc:907] Transitioned into stable sync
I0817 13:52:30.115898  171053 listener_interface.cc:230] Listener stopped for port 23166
I0817 13:52:30.116483  171052 listener_interface.cc:230] Listener stopped for port 43166
W0817 13:52:30.116642  171060 main_service.cc:1536] VerifyCommandState error: Can not execute during SHUTTING DOWN
W0817 13:52:30.116653  171057 main_service.cc:1536] VerifyCommandState error: Can not execute during SHUTTING DOWN
W0817 13:52:30.116768  171058 main_service.cc:1536] VerifyCommandState error: Can not execute during SHUTTING DOWN
W0817 13:52:30.116783  171051 main_service.cc:1536] VerifyCommandState error: Can not execute during SHUTTING DOWN
W0817 13:52:30.116797  171053 main_service.cc:1536] VerifyCommandState error: Can not execute during SHUTTING DOWN
W0817 13:52:30.116855  171057 main_service.cc:1536] VerifyCommandState error: Can not execute during SHUTTING DOWN
W0817 13:52:30.116889  171053 execution_state.cc:93] ReportError: Operation canceled: ExecutionState cancelled
W0817 13:52:30.116936  171053 protocol_client.cc:277] Socket error: Operation canceled: ExecutionState cancelled in 127.0.0.1:23162, socket info: State: ESTABLISHED, Local: 127.0.0.1:58728, Remote: 127.0.0.1:23162, Inode: 411097
I0817 13:52:30.120334  171053 replica.cc:939] Exit stable sync
