                   .--::--.
   :+*=:          =@@@@@@@@=          :+*+:
  %@@@@@@%*=.     =@@@@@@@@-     .=*%@@@@@@#
  @@@@@@@@@@@@#+-. .%@@@@#. .-+#@@@@@@@@@@@%
  -@@@@@@@@@@@@@@@@*:#@@#:*@@@@@@@@@@@@@@@@-
    :+*********####-%@%%@%-####********++.
   .%@@@@@@@@@@@@@%:@@@@@@:@@@@@@@@@@@@@@%
   .@@@@@@@@%*+-:   =@@@@=  .:-+*%@@@@@@@%.
     =*+-:           ###*          .:-+*=
                     %@@%
                     *@@*
                     +@@=
                     :##:
                     :@@:
                      @@
                      ..
* Logs will be written to the first available of the following paths:
/tmp/dragonfly.*
* For the available flags type dragonfly [--help | --helpfull]
* Documentation can be found at: https://www.dragonflydb.io/docs
I0817 13:52:27.907732  171017 dfly_main.cc:1104] Starting dragonfly df-dev-0000000
I0817 13:52:27.907860  171017 dfly_main.cc:1154] Using proactor_threads=10 (overriding cgroup-derived 0)
W0817 13:52:27.907868  171017 dfly_main.cc:1161] SWAP is enabled. Consider disabling it when running Dragonfly.
I0817 13:52:27.907922  171017 dfly_main.cc:1167] maxmemory has not been specified. Deciding myself....
I0817 13:52:27.907925  171017 dfly_main.cc:1176] Found 20.33GiB available memory. Setting maxmemory to 16.27GiB
I0817 13:52:27.908434  171018 uring_proactor.cc:263] IORing with 1024 entries, allocated 98368 bytes, cq_entries is 2048
I0817 13:52:27.909100  171017 proactor_pool.cc:149] Running 10 io threads
I0817 13:52:27.910022  171017 dragonfly_listener.cc:152] SSL version: OpenSSL 3.0.13 30 Jan 2024
W0817 13:52:27.910048  171017 dfly_main.cc:353] Protected mode enabled. Binding to localhost only because no password is set. To accept remote connections, set a password with --requirepass or specify a bind address with --bind.
I0817 13:52:27.910268  171017 dfly_main.cc:437] Listening on admin socket any:43163
I0817 13:52:27.911213  171017 server_family.cc:1207] Host OS: Linux 7.0.0-28-generic x86_64 with 10 threads
I0817 13:52:27.911387  171019 listener_interface.cc:102] sock[25] AcceptServer - listening on 0.0.0.0:43163
I0817 13:52:27.911402  171020 listener_interface.cc:102] sock[26] AcceptServer - listening on 127.0.0.1:23163
I0817 13:52:28.111010  171020 server_family.cc:3393] Initiate replication with: 127.0.0.1:23162
I0817 13:52:28.115778  171020 replica.cc:681] Started full sync with 127.0.0.1:23162
I0817 13:52:30.068714  171020 replica.cc:720] full sync finished in 1.96 s
I0817 13:52:30.069492  171020 replica.cc:907] Transitioned into stable sync
I0817 13:52:30.309174  171020 listener_interface.cc:230] Listener stopped for port 23163
I0817 13:52:30.309278  171019 listener_interface.cc:230] Listener stopped for port 43163
W0817 13:52:30.309433  171022 main_service.cc:1536] VerifyCommandState error: Can not execute during SHUTTING DOWN
W0817 13:52:30.309432  171023 main_service.cc:1536] VerifyCommandState error: Can not execute during SHUTTING DOWN
W0817 13:52:30.309449  171021 main_service.cc:1536] VerifyCommandState error: Can not execute during SHUTTING DOWN
W0817 13:52:30.309479  171021 main_service.cc:1536] VerifyCommandState error: Can not execute during SHUTTING DOWN
W0817 13:52:30.309517  171026 main_service.cc:1536] VerifyCommandState error: Can not execute during SHUTTING DOWN
W0817 13:52:30.309532  171020 main_service.cc:1536] VerifyCommandState error: Can not execute during SHUTTING DOWN
W0817 13:52:30.309535  171022 main_service.cc:1536] VerifyCommandState error: Can not execute during SHUTTING DOWN
W0817 13:52:30.309586  171026 main_service.cc:1536] VerifyCommandState error: Can not execute during SHUTTING DOWN
W0817 13:52:30.309579  171020 execution_state.cc:93] ReportError: Operation canceled: ExecutionState cancelled
W0817 13:52:30.309641  171020 protocol_client.cc:277] Socket error: Operation canceled: ExecutionState cancelled in 127.0.0.1:23162, socket info: State: ESTABLISHED, Local: 127.0.0.1:58686, Remote: 127.0.0.1:23162, Inode: 411084
I0817 13:52:30.311568  171020 replica.cc:939] Exit stable sync
