                   .--::--.
   :+*=:          =@@@@@@@@=          :+*+:
  %@@@@@@%*=.     =@@@@@@@@-     .=*%@@@@@@#
  @@@@@@@@@@@@#+-. .%@@@@#. .-+#@@@@@@@@@@@%
  -@@@@@@@@@@@@@@@@*:#@@#:*@@@@@@@@@@@@@@@@-
    :+*********####-%@%%@%-####********++.
   .%@@@@@@@@@@@@@%:@@@@@@:@@@@@@@@@@@@@@%
   .@@@@@@@@%*+-:   =@@@@=  .:-+*%@@@@@@@%.
     =*+-:           ###*          .:-+*=
                     %@@%
                     *@@*
                     +@@=
                     :##:
                     :@@:
                      @@
                      ..
* Logs will be written to the first available of the following paths:
/tmp/dragonfly.*
* For the available flags type dragonfly [--help | --helpfull]
* Documentation can be found at: https://www.dragonflydb.io/docs
I0817 13:52:27.959483  171028 dfly_main.cc:1104] Starting dragonfly df-dev-0000000
I0817 13:52:27.959599  171028 dfly_main.cc:1154] Using proactor_threads=10 (overriding cgroup-derived 0)
W0817 13:52:27.959605  171028 dfly_main.cc:1161] SWAP is enabled. Consider disabling it when running Dragonfly.
I0817 13:52:27.959657  171028 dfly_main.cc:1167] maxmemory has not been specified. Deciding myself....
I0817 13:52:27.959658  171028 dfly_main.cc:1176] Found 20.33GiB available memory. Setting maxmemory to 16.26GiB
I0817 13:52:27.960158  171029 uring_proactor.cc:263] IORing with 1024 entries, allocated 98368 bytes, cq_entries is 2048
I0817 13:52:27.960848  171028 proactor_pool.cc:149] Running 10 io threads
I0817 13:52:27.961791  171028 dragonfly_listener.cc:152] SSL version: OpenSSL 3.0.13 30 Jan 2024
W0817 13:52:27.961821  171028 dfly_main.cc:353] Protected mode enabled. Binding to localhost only because no password is set. To accept remote connections, set a password with --requirepass or specify a bind address with --bind.
I0817 13:52:27.962034  171028 dfly_main.cc:437] Listening on admin socket any:43164
I0817 13:52:27.962965  171028 server_family.cc:1207] Host OS: Linux 7.0.0-28-generic x86_64 with 10 threads
I0817 13:52:27.963137  171030 listener_interface.cc:102] sock[25] AcceptServer - listening on 0.0.0.0:43164
I0817 13:52:27.963149  171031 listener_interface.cc:102] sock[26] AcceptServer - listening on 127.0.0.1:23164
I0817 13:52:28.111260  171031 server_family.cc:3393] Initiate replication with: 127.0.0.1:23162
I0817 13:52:28.115604  171031 replica.cc:681] Started full sync with 127.0.0.1:23162
I0817 13:52:30.068813  171031 replica.cc:720] full sync finished in 1.96 s
I0817 13:52:30.068974  171031 replica.cc:907] Transitioned into stable sync
I0817 13:52:30.244738  171031 listener_interface.cc:230] Listener stopped for port 23164
I0817 13:52:30.244823  171030 listener_interface.cc:230] Listener stopped for port 43164
W0817 13:52:30.244901  171031 main_service.cc:1536] VerifyCommandState error: Can not execute during SHUTTING DOWN
W0817 13:52:30.244911  171036 main_service.cc:1536] VerifyCommandState error: Can not execute during SHUTTING DOWN
W0817 13:52:30.244940  171036 main_service.cc:1536] VerifyCommandState error: Can not execute during SHUTTING DOWN
W0817 13:52:30.245000  171033 main_service.cc:1536] VerifyCommandState error: Can not execute during SHUTTING DOWN
W0817 13:52:30.245004  171029 main_service.cc:1536] VerifyCommandState error: Can not execute during SHUTTING DOWN
W0817 13:52:30.245040  171035 main_service.cc:1536] VerifyCommandState error: Can not execute during SHUTTING DOWN
W0817 13:52:30.245055  171030 main_service.cc:1536] VerifyCommandState error: Can not execute during SHUTTING DOWN
W0817 13:52:30.245080  171036 main_service.cc:1536] VerifyCommandState error: Can not execute during SHUTTING DOWN
W0817 13:52:30.245105  171037 main_service.cc:1536] VerifyCommandState error: Can not execute during SHUTTING DOWN
W0817 13:52:30.245096  171031 execution_state.cc:93] ReportError: Operation canceled: ExecutionState cancelled
W0817 13:52:30.245144  171031 protocol_client.cc:277] Socket error: Operation canceled: ExecutionState cancelled in 127.0.0.1:23162, socket info: State: ESTABLISHED, Local: 127.0.0.1:58702, Remote: 127.0.0.1:23162, Inode: 411087
I0817 13:52:30.247573  171031 replica.cc:939] Exit stable sync
