                   .--::--.
   :+*=:          =@@@@@@@@=          :+*+:
  %@@@@@@%*=.     =@@@@@@@@-     .=*%@@@@@@#
  @@@@@@@@@@@@#+-. .%@@@@#. .-+#@@@@@@@@@@@%
  -@@@@@@@@@@@@@@@@*:#@@#:*@@@@@@@@@@@@@@@@-
    :+*********####-%@%%@%-####********++.
   .%@@@@@@@@@@@@@%:@@@@@@:@@@@@@@@@@@@@@%
   .@@@@@@@@%*+-:   =@@@@=  .:-+*%@@@@@@@%.
     =*+-:           ###*          .:-+*=
                     %@@%
                     *@@*
                     +@@=
                     :##:
                     :@@:
                      @@
                      ..
* Logs will be written to the first available of the following paths:
/tmp/dragonfly.*
* For the available flags type dragonfly [--help | --helpfull]
* Documentation can be found at: https://www.dragonflydb.io/docs
I0817 13:25:01.173384  140576 dfly_main.cc:1104] Starting dragonfly df-dev-0000000
I0817 13:25:01.173503  140576 dfly_main.cc:1154] Using proactor_threads=10 (overriding cgroup-derived 0)
W0817 13:25:01.173511  140576 dfly_main.cc:1161] SWAP is enabled. Consider disabling it when running Dragonfly.
I0817 13:25:01.173573  140576 dfly_main.cc:1167] maxmemory has not been specified. Deciding myself....
I0817 13:25:01.173576  140576 dfly_main.cc:1176] Found 16.51GiB available memory. Setting maxmemory to 13.21GiB
I0817 13:25:01.174109  140577 uring_proactor.cc:263] IORing with 1024 entries, allocated 98368 bytes, cq_entries is 2048
I0817 13:25:01.175017  140576 proactor_pool.cc:149] Running 10 io threads
I0817 13:25:01.175871  140576 dragonfly_listener.cc:152] SSL version: OpenSSL 3.0.13 30 Jan 2024
W0817 13:25:01.175893  140576 dfly_main.cc:353] Protected mode enabled. Binding to localhost only because no password is set. To accept remote connections, set a password with --requirepass or specify a bind address with --bind.
I0817 13:25:01.176134  140576 dfly_main.cc:437] Listening on admin socket any:50169
I0817 13:25:01.177055  140576 server_family.cc:1207] Host OS: Linux 7.0.0-28-generic x86_64 with 10 threads
I0817 13:25:01.177198  140578 listener_interface.cc:102] sock[25] AcceptServer - listening on 0.0.0.0:50169
I0817 13:25:01.177219  140579 listener_interface.cc:102] sock[26] AcceptServer - listening on 127.0.0.1:30169
I0817 13:25:01.273244  140579 server_family.cc:3393] Initiate replication with: 127.0.0.1:30168
I0817 13:25:01.280467  140579 replica.cc:681] Started full sync with 127.0.0.1:30168
I0817 13:25:05.578550  140579 replica.cc:720] full sync finished in 4.3 s
I0817 13:25:05.578616  140579 replica.cc:907] Transitioned into stable sync
I0817 13:25:05.761487  140579 listener_interface.cc:230] Listener stopped for port 30169
I0817 13:25:05.761521  140578 listener_interface.cc:230] Listener stopped for port 50169
W0817 13:25:05.761676  140585 main_service.cc:1536] VerifyCommandState error: Can not execute during SHUTTING DOWN
W0817 13:25:05.761685  140579 main_service.cc:1536] VerifyCommandState error: Can not execute during SHUTTING DOWN
W0817 13:25:05.761675  140584 main_service.cc:1536] VerifyCommandState error: Can not execute during SHUTTING DOWN
W0817 13:25:05.761711  140585 main_service.cc:1536] VerifyCommandState error: Can not execute during SHUTTING DOWN
W0817 13:25:05.761712  140579 main_service.cc:1536] VerifyCommandState error: Can not execute during SHUTTING DOWN
W0817 13:25:05.761722  140584 main_service.cc:1536] VerifyCommandState error: Can not execute during SHUTTING DOWN
W0817 13:25:05.761761  140579 execution_state.cc:93] ReportError: Operation canceled: ExecutionState cancelled
W0817 13:25:05.761801  140579 protocol_client.cc:277] Socket error: Operation canceled: ExecutionState cancelled in 127.0.0.1:30168, socket info: State: ESTABLISHED, Local: 127.0.0.1:50686, Remote: 127.0.0.1:30168, Inode: 342211
I0817 13:25:05.762840  140579 replica.cc:939] Exit stable sync
