                   .--::--.
   :+*=:          =@@@@@@@@=          :+*+:
  %@@@@@@%*=.     =@@@@@@@@-     .=*%@@@@@@#
  @@@@@@@@@@@@#+-. .%@@@@#. .-+#@@@@@@@@@@@%
  -@@@@@@@@@@@@@@@@*:#@@#:*@@@@@@@@@@@@@@@@-
    :+*********####-%@%%@%-####********++.
   .%@@@@@@@@@@@@@%:@@@@@@:@@@@@@@@@@@@@@%
   .@@@@@@@@%*+-:   =@@@@=  .:-+*%@@@@@@@%.
     =*+-:           ###*          .:-+*=
                     %@@%
                     *@@*
                     +@@=
                     :##:
                     :@@:
                      @@
                      ..
* Logs will be written to the first available of the following paths:
/tmp/dragonfly.*
* For the available flags type dragonfly [--help | --helpfull]
* Documentation can be found at: https://www.dragonflydb.io/docs
I0817 13:26:13.675314  141459 dfly_main.cc:1104] Starting dragonfly df-dev-0000000
I0817 13:26:13.675421  141459 dfly_main.cc:1154] Using proactor_threads=10 (overriding cgroup-derived 0)
W0817 13:26:13.675428  141459 dfly_main.cc:1161] SWAP is enabled. Consider disabling it when running Dragonfly.
I0817 13:26:13.675482  141459 dfly_main.cc:1167] maxmemory has not been specified. Deciding myself....
I0817 13:26:13.675484  141459 dfly_main.cc:1176] Found 23.61GiB available memory. Setting maxmemory to 18.89GiB
I0817 13:26:13.675952  141460 uring_proactor.cc:263] IORing with 1024 entries, allocated 98368 bytes, cq_entries is 2048
I0817 13:26:13.676801  141459 proactor_pool.cc:149] Running 10 io threads
I0817 13:26:13.677936  141459 dragonfly_listener.cc:152] SSL version: OpenSSL 3.0.13 30 Jan 2024
W0817 13:26:13.677969  141459 dfly_main.cc:353] Protected mode enabled. Binding to localhost only because no password is set. To accept remote connections, set a password with --requirepass or specify a bind address with --bind.
I0817 13:26:13.678199  141459 dfly_main.cc:437] Listening on admin socket any:50170
I0817 13:26:13.679172  141459 server_family.cc:1207] Host OS: Linux 7.0.0-28-generic x86_64 with 10 threads
I0817 13:26:13.679335  141461 listener_interface.cc:102] sock[24] AcceptServer - listening on 0.0.0.0:50170
I0817 13:26:13.679355  141462 listener_interface.cc:102] sock[26] AcceptServer - listening on 127.0.0.1:30170
I0817 13:26:14.093540  141462 server_family.cc:3393] Initiate replication with: 127.0.0.1:30168
I0817 13:26:14.107114  141462 replica.cc:681] Started full sync with 127.0.0.1:30168
W0817 13:26:21.910106  141464 proactor_base.cc:231] OnIdle task is taking too long: 1940 us defrag
W0817 13:26:32.352925  141461 proactor_base.cc:231] OnIdle task is taking too long: 4011 us defrag
W0817 13:26:36.414971  141466 proactor_base.cc:231] OnIdle task is taking too long: 27019 us defrag
W0817 13:26:34.418080  141467 proactor_base.cc:231] OnIdle task is taking too long: 8548 us defrag
W0817 13:26:41.379889  141466 proactor_base.cc:231] OnIdle task is taking too long: 4448 us defrag
W0817 13:26:39.311064  141468 proactor_base.cc:231] OnIdle task is taking too long: 40410 us defrag
W0817 13:26:43.610127  141468 proactor_base.cc:231] OnIdle task is taking too long: 116911 us defrag
I0817 13:26:42.825847  141461 rdb_load.cc:3289] Took 9842 ms to load rdb_type 0
W0817 13:26:45.905000  141463 proactor_base.cc:231] OnIdle task is taking too long: 37718 us defrag
W0817 13:26:48.924076  141464 proactor_base.cc:231] OnIdle task is taking too long: 761923 us defrag
W0817 13:26:51.047128  141465 proactor_base.cc:231] OnIdle task is taking too long: 1158195 us defrag
W0817 13:26:53.251973  141469 proactor_base.cc:231] OnIdle task is taking too long: 9226 us defrag
W0817 13:26:55.226128  141466 proactor_base.cc:231] OnIdle task is taking too long: 8270 us defrag
W0817 13:26:57.254748  141463 proactor_base.cc:231] OnIdle task is taking too long: 67405 us defrag
W0817 13:26:59.696082  141467 proactor_base.cc:231] OnIdle task is taking too long: 316923 us defrag
I0817 13:27:00.597835  141468 rdb_load.cc:3289] Took 4498 ms to load rdb_type 0
I0817 13:27:03.214585  141462 replica.cc:720] full sync finished in 49.1 s
I0817 13:27:03.216036  141462 replica.cc:907] Transitioned into stable sync
I0817 13:27:04.290003  141462 listener_interface.cc:230] Listener stopped for port 30170
I0817 13:27:04.290442  141461 listener_interface.cc:230] Listener stopped for port 50170
W0817 13:27:04.290805  141461 main_service.cc:1536] VerifyCommandState error: Can not execute during SHUTTING DOWN
W0817 13:27:04.291184  141462 main_service.cc:1536] VerifyCommandState error: Can not execute during SHUTTING DOWN
W0817 13:27:04.291231  141461 main_service.cc:1536] VerifyCommandState error: Can not execute during SHUTTING DOWN
W0817 13:27:04.291238  141462 main_service.cc:1536] VerifyCommandState error: Can not execute during SHUTTING DOWN
W0817 13:27:04.291257  141469 main_service.cc:1536] VerifyCommandState error: Can not execute during SHUTTING DOWN
W0817 13:27:04.291317  141469 main_service.cc:1536] VerifyCommandState error: Can not execute during SHUTTING DOWN
W0817 13:27:04.291324  141469 main_service.cc:1536] VerifyCommandState error: Can not execute during SHUTTING DOWN
W0817 13:27:04.291325  141466 main_service.cc:1536] VerifyCommandState error: Can not execute during SHUTTING DOWN
W0817 13:27:04.291331  141469 main_service.cc:1536] VerifyCommandState error: Can not execute during SHUTTING DOWN
W0817 13:27:04.291346  141466 main_service.cc:1536] VerifyCommandState error: Can not execute during SHUTTING DOWN
W0817 13:27:04.291433  141465 main_service.cc:1536] VerifyCommandState error: Can not execute during SHUTTING DOWN
W0817 13:27:04.291453  141463 main_service.cc:1536] VerifyCommandState error: Can not execute during SHUTTING DOWN
W0817 13:27:04.291459  141465 main_service.cc:1536] VerifyCommandState error: Can not execute during SHUTTING DOWN
W0817 13:27:04.291482  141463 main_service.cc:1536] VerifyCommandState error: Can not execute during SHUTTING DOWN
W0817 13:27:04.291532  141464 main_service.cc:1536] VerifyCommandState error: Can not execute during SHUTTING DOWN
W0817 13:27:04.291548  141466 main_service.cc:1536] VerifyCommandState error: Can not execute during SHUTTING DOWN
W0817 13:27:04.291556  141466 main_service.cc:1536] VerifyCommandState error: Can not execute during SHUTTING DOWN
W0817 13:27:04.291556  141464 main_service.cc:1536] VerifyCommandState error: Can not execute during SHUTTING DOWN
W0817 13:27:04.291564  141464 main_service.cc:1536] VerifyCommandState error: Can not execute during SHUTTING DOWN
W0817 13:27:04.291569  141464 main_service.cc:1536] VerifyCommandState error: Can not execute during SHUTTING DOWN
W0817 13:27:04.291560  141468 main_service.cc:1536] VerifyCommandState error: Can not execute during SHUTTING DOWN
W0817 13:27:04.291591  141465 main_service.cc:1536] VerifyCommandState error: Can not execute during SHUTTING DOWN
W0817 13:27:04.291594  141468 main_service.cc:1536] VerifyCommandState error: Can not execute during SHUTTING DOWN
W0817 13:27:04.291598  141465 main_service.cc:1536] VerifyCommandState error: Can not execute during SHUTTING DOWN
W0817 13:27:04.291601  141468 main_service.cc:1536] VerifyCommandState error: Can not execute during SHUTTING DOWN
W0817 13:27:04.291604  141465 main_service.cc:1536] VerifyCommandState error: Can not execute during SHUTTING DOWN
W0817 13:27:04.291610  141468 main_service.cc:1536] VerifyCommandState error: Can not execute during SHUTTING DOWN
W0817 13:27:04.291615  141468 main_service.cc:1536] VerifyCommandState error: Can not execute during SHUTTING DOWN
W0817 13:27:04.291618  141468 main_service.cc:1536] VerifyCommandState error: Can not execute during SHUTTING DOWN
W0817 13:27:04.291629  141469 main_service.cc:1536] VerifyCommandState error: Can not execute during SHUTTING DOWN
W0817 13:27:04.291639  141469 main_service.cc:1536] VerifyCommandState error: Can not execute during SHUTTING DOWN
W0817 13:27:04.291774  141461 main_service.cc:1536] VerifyCommandState error: Can not execute during SHUTTING DOWN
W0817 13:27:04.291783  141461 main_service.cc:1536] VerifyCommandState error: Can not execute during SHUTTING DOWN
W0817 13:27:04.291785  141466 main_service.cc:1536] VerifyCommandState error: Can not execute during SHUTTING DOWN
W0817 13:27:04.291801  141466 main_service.cc:1536] VerifyCommandState error: Can not execute during SHUTTING DOWN
W0817 13:27:04.291897  141469 main_service.cc:1536] VerifyCommandState error: Can not execute during SHUTTING DOWN
W0817 13:27:04.291904  141469 main_service.cc:1536] VerifyCommandState error: Can not execute during SHUTTING DOWN
W0817 13:27:04.291995  141464 main_service.cc:1536] VerifyCommandState error: Can not execute during SHUTTING DOWN
W0817 13:27:04.292001  141464 main_service.cc:1536] VerifyCommandState error: Can not execute during SHUTTING DOWN
W0817 13:27:04.292018  141467 main_service.cc:1536] VerifyCommandState error: Can not execute during SHUTTING DOWN
W0817 13:27:04.292047  141464 main_service.cc:1536] VerifyCommandState error: Can not execute during SHUTTING DOWN
W0817 13:27:04.292048  141467 main_service.cc:1536] VerifyCommandState error: Can not execute during SHUTTING DOWN
W0817 13:27:04.292051  141464 main_service.cc:1536] VerifyCommandState error: Can not execute during SHUTTING DOWN
W0817 13:27:04.292057  141467 main_service.cc:1536] VerifyCommandState error: Can not execute during SHUTTING DOWN
W0817 13:27:04.292062  141467 main_service.cc:1536] VerifyCommandState error: Can not execute during SHUTTING DOWN
W0817 13:27:04.292077  141467 main_service.cc:1536] VerifyCommandState error: Can not execute during SHUTTING DOWN
W0817 13:27:04.292143  141461 main_service.cc:1536] VerifyCommandState error: Can not execute during SHUTTING DOWN
W0817 13:27:04.292150  141461 main_service.cc:1536] VerifyCommandState error: Can not execute during SHUTTING DOWN
W0817 13:27:04.292173  141464 main_service.cc:1536] VerifyCommandState error: Can not execute during SHUTTING DOWN
W0817 13:27:04.292179  141464 main_service.cc:1536] VerifyCommandState error: Can not execute during SHUTTING DOWN
W0817 13:27:04.292103  141462 execution_state.cc:93] ReportError: Operation canceled: ExecutionState cancelled
W0817 13:27:04.292310  141462 protocol_client.cc:277] Socket error: Operation canceled: ExecutionState cancelled in 127.0.0.1:30168, socket info: State: ESTABLISHED, Local: 127.0.0.1:35312, Remote: 127.0.0.1:30168, Inode: 352441
I0817 13:27:04.293851  141462 replica.cc:939] Exit stable sync
