                   .--::--.
   :+*=:          =@@@@@@@@=          :+*+:
  %@@@@@@%*=.     =@@@@@@@@-     .=*%@@@@@@#
  @@@@@@@@@@@@#+-. .%@@@@#. .-+#@@@@@@@@@@@%
  -@@@@@@@@@@@@@@@@*:#@@#:*@@@@@@@@@@@@@@@@-
    :+*********####-%@%%@%-####********++.
   .%@@@@@@@@@@@@@%:@@@@@@:@@@@@@@@@@@@@@%
   .@@@@@@@@%*+-:   =@@@@=  .:-+*%@@@@@@@%.
     =*+-:           ###*          .:-+*=
                     %@@%
                     *@@*
                     +@@=
                     :##:
                     :@@:
                      @@
                      ..
* Logs will be written to the first available of the following paths:
/tmp/dragonfly.*
* For the available flags type dragonfly [--help | --helpfull]
* Documentation can be found at: https://www.dragonflydb.io/docs
I0817 13:51:58.720467  170192 dfly_main.cc:1104] Starting dragonfly df-dev-0000000
I0817 13:51:58.720613  170192 dfly_main.cc:1154] Using proactor_threads=10 (overriding cgroup-derived 0)
W0817 13:51:58.720622  170192 dfly_main.cc:1161] SWAP is enabled. Consider disabling it when running Dragonfly.
I0817 13:51:58.720679  170192 dfly_main.cc:1167] maxmemory has not been specified. Deciding myself....
I0817 13:51:58.720681  170192 dfly_main.cc:1176] Found 20.37GiB available memory. Setting maxmemory to 16.29GiB
I0817 13:51:58.721306  170193 uring_proactor.cc:263] IORing with 1024 entries, allocated 98368 bytes, cq_entries is 2048
I0817 13:51:58.721966  170192 proactor_pool.cc:149] Running 10 io threads
I0817 13:51:58.722871  170192 dragonfly_listener.cc:152] SSL version: OpenSSL 3.0.13 30 Jan 2024
W0817 13:51:58.722899  170192 dfly_main.cc:353] Protected mode enabled. Binding to localhost only because no password is set. To accept remote connections, set a password with --requirepass or specify a bind address with --bind.
I0817 13:51:58.723103  170192 dfly_main.cc:437] Listening on admin socket any:38219
I0817 13:51:58.723962  170192 server_family.cc:1207] Host OS: Linux 7.0.0-28-generic x86_64 with 10 threads
I0817 13:51:58.724136  170195 listener_interface.cc:102] sock[26] AcceptServer - listening on 127.0.0.1:18219
I0817 13:51:58.724134  170194 listener_interface.cc:102] sock[24] AcceptServer - listening on 0.0.0.0:38219
I0817 13:51:58.820610  170195 server_family.cc:3393] Initiate replication with: 127.0.0.1:18216
I0817 13:51:58.823984  170195 replica.cc:681] Started full sync with 127.0.0.1:18216
I0817 13:52:00.201223  170195 replica.cc:720] full sync finished in 1.38 s
I0817 13:52:00.201295  170195 replica.cc:907] Transitioned into stable sync
I0817 13:52:00.294084  170195 listener_interface.cc:230] Listener stopped for port 18219
I0817 13:52:00.294201  170194 listener_interface.cc:230] Listener stopped for port 38219
W0817 13:52:00.294356  170200 main_service.cc:1536] VerifyCommandState error: Can not execute during SHUTTING DOWN
W0817 13:52:00.294383  170194 main_service.cc:1536] VerifyCommandState error: Can not execute during SHUTTING DOWN
W0817 13:52:00.294409  170198 main_service.cc:1536] VerifyCommandState error: Can not execute during SHUTTING DOWN
W0817 13:52:00.294430  170200 main_service.cc:1536] VerifyCommandState error: Can not execute during SHUTTING DOWN
W0817 13:52:00.294435  170194 main_service.cc:1536] VerifyCommandState error: Can not execute during SHUTTING DOWN
W0817 13:52:00.294440  170198 main_service.cc:1536] VerifyCommandState error: Can not execute during SHUTTING DOWN
W0817 13:52:00.294444  170200 main_service.cc:1536] VerifyCommandState error: Can not execute during SHUTTING DOWN
W0817 13:52:00.294453  170195 main_service.cc:1536] VerifyCommandState error: Can not execute during SHUTTING DOWN
W0817 13:52:00.294466  170195 main_service.cc:1536] VerifyCommandState error: Can not execute during SHUTTING DOWN
W0817 13:52:00.294470  170195 main_service.cc:1536] VerifyCommandState error: Can not execute during SHUTTING DOWN
W0817 13:52:00.294485  170199 main_service.cc:1536] VerifyCommandState error: Can not execute during SHUTTING DOWN
W0817 13:52:00.294480  170195 execution_state.cc:93] ReportError: Operation canceled: ExecutionState cancelled
W0817 13:52:00.294521  170199 main_service.cc:1536] VerifyCommandState error: Can not execute during SHUTTING DOWN
W0817 13:52:00.294538  170195 protocol_client.cc:277] Socket error: Operation canceled: ExecutionState cancelled in 127.0.0.1:18216, socket info: State: ESTABLISHED, Local: 127.0.0.1:59204, Remote: 127.0.0.1:18216, Inode: 403548
I0817 13:52:00.295791  170195 replica.cc:939] Exit stable sync
