                   .--::--.
   :+*=:          =@@@@@@@@=          :+*+:
  %@@@@@@%*=.     =@@@@@@@@-     .=*%@@@@@@#
  @@@@@@@@@@@@#+-. .%@@@@#. .-+#@@@@@@@@@@@%
  -@@@@@@@@@@@@@@@@*:#@@#:*@@@@@@@@@@@@@@@@-
    :+*********####-%@%%@%-####********++.
   .%@@@@@@@@@@@@@%:@@@@@@:@@@@@@@@@@@@@@%
   .@@@@@@@@%*+-:   =@@@@=  .:-+*%@@@@@@@%.
     =*+-:           ###*          .:-+*=
                     %@@%
                     *@@*
                     +@@=
                     :##:
                     :@@:
                      @@
                      ..
* Logs will be written to the first available of the following paths:
/tmp/dragonfly.*
* For the available flags type dragonfly [--help | --helpfull]
* Documentation can be found at: https://www.dragonflydb.io/docs
I0817 13:51:58.616592  170170 dfly_main.cc:1104] Starting dragonfly df-dev-0000000
I0817 13:51:58.616722  170170 dfly_main.cc:1154] Using proactor_threads=10 (overriding cgroup-derived 0)
W0817 13:51:58.616730  170170 dfly_main.cc:1161] SWAP is enabled. Consider disabling it when running Dragonfly.
I0817 13:51:58.616786  170170 dfly_main.cc:1167] maxmemory has not been specified. Deciding myself....
I0817 13:51:58.616787  170170 dfly_main.cc:1176] Found 20.38GiB available memory. Setting maxmemory to 16.30GiB
I0817 13:51:58.617244  170171 uring_proactor.cc:263] IORing with 1024 entries, allocated 98368 bytes, cq_entries is 2048
I0817 13:51:58.617976  170170 proactor_pool.cc:149] Running 10 io threads
I0817 13:51:58.619021  170170 dragonfly_listener.cc:152] SSL version: OpenSSL 3.0.13 30 Jan 2024
W0817 13:51:58.619056  170170 dfly_main.cc:353] Protected mode enabled. Binding to localhost only because no password is set. To accept remote connections, set a password with --requirepass or specify a bind address with --bind.
I0817 13:51:58.619302  170170 dfly_main.cc:437] Listening on admin socket any:38217
I0817 13:51:58.620105  170170 server_family.cc:1207] Host OS: Linux 7.0.0-28-generic x86_64 with 10 threads
I0817 13:51:58.620279  170172 listener_interface.cc:102] sock[25] AcceptServer - listening on 0.0.0.0:38217
I0817 13:51:58.620300  170173 listener_interface.cc:102] sock[26] AcceptServer - listening on 127.0.0.1:18217
I0817 13:51:58.820004  170173 server_family.cc:3393] Initiate replication with: 127.0.0.1:18216
I0817 13:51:58.829528  170173 replica.cc:681] Started full sync with 127.0.0.1:18216
I0817 13:52:00.202065  170173 replica.cc:720] full sync finished in 1.38 s
I0817 13:52:00.202140  170173 replica.cc:907] Transitioned into stable sync
I0817 13:52:00.390793  170173 listener_interface.cc:230] Listener stopped for port 18217
I0817 13:52:00.390907  170172 listener_interface.cc:230] Listener stopped for port 38217
W0817 13:52:00.391083  170173 execution_state.cc:93] ReportError: Operation canceled: ExecutionState cancelled
W0817 13:52:00.391138  170173 protocol_client.cc:277] Socket error: Operation canceled: ExecutionState cancelled in 127.0.0.1:18216, socket info: State: ESTABLISHED, Local: 127.0.0.1:59166, Remote: 127.0.0.1:18216, Inode: 403536
I0817 13:52:00.393869  170173 replica.cc:939] Exit stable sync
