                   .--::--.
   :+*=:          =@@@@@@@@=          :+*+:
  %@@@@@@%*=.     =@@@@@@@@-     .=*%@@@@@@#
  @@@@@@@@@@@@#+-. .%@@@@#. .-+#@@@@@@@@@@@%
  -@@@@@@@@@@@@@@@@*:#@@#:*@@@@@@@@@@@@@@@@-
    :+*********####-%@%%@%-####********++.
   .%@@@@@@@@@@@@@%:@@@@@@:@@@@@@@@@@@@@@%
   .@@@@@@@@%*+-:   =@@@@=  .:-+*%@@@@@@@%.
     =*+-:           ###*          .:-+*=
                     %@@%
                     *@@*
                     +@@=
                     :##:
                     :@@:
                      @@
                      ..
* Logs will be written to the first available of the following paths:
/tmp/dragonfly.*
* For the available flags type dragonfly [--help | --helpfull]
* Documentation can be found at: https://www.dragonflydb.io/docs
I0817 13:51:58.668915  170181 dfly_main.cc:1104] Starting dragonfly df-dev-0000000
I0817 13:51:58.669072  170181 dfly_main.cc:1154] Using proactor_threads=10 (overriding cgroup-derived 0)
W0817 13:51:58.669082  170181 dfly_main.cc:1161] SWAP is enabled. Consider disabling it when running Dragonfly.
I0817 13:51:58.669141  170181 dfly_main.cc:1167] maxmemory has not been specified. Deciding myself....
I0817 13:51:58.669143  170181 dfly_main.cc:1176] Found 20.37GiB available memory. Setting maxmemory to 16.30GiB
I0817 13:51:58.669738  170182 uring_proactor.cc:263] IORing with 1024 entries, allocated 98368 bytes, cq_entries is 2048
I0817 13:51:58.670456  170181 proactor_pool.cc:149] Running 10 io threads
I0817 13:51:58.671341  170181 dragonfly_listener.cc:152] SSL version: OpenSSL 3.0.13 30 Jan 2024
W0817 13:51:58.671366  170181 dfly_main.cc:353] Protected mode enabled. Binding to localhost only because no password is set. To accept remote connections, set a password with --requirepass or specify a bind address with --bind.
I0817 13:51:58.671559  170181 dfly_main.cc:437] Listening on admin socket any:38218
I0817 13:51:58.672414  170181 server_family.cc:1207] Host OS: Linux 7.0.0-28-generic x86_64 with 10 threads
I0817 13:51:58.672554  170183 listener_interface.cc:102] sock[25] AcceptServer - listening on 0.0.0.0:38218
I0817 13:51:58.672564  170184 listener_interface.cc:102] sock[26] AcceptServer - listening on 127.0.0.1:18218
I0817 13:51:58.820241  170184 server_family.cc:3393] Initiate replication with: 127.0.0.1:18216
I0817 13:51:58.823913  170184 replica.cc:681] Started full sync with 127.0.0.1:18216
I0817 13:52:00.192073  170184 replica.cc:720] full sync finished in 1.37 s
I0817 13:52:00.192201  170184 replica.cc:907] Transitioned into stable sync
I0817 13:52:00.326701  170184 listener_interface.cc:230] Listener stopped for port 18218
I0817 13:52:00.326801  170183 listener_interface.cc:230] Listener stopped for port 38218
W0817 13:52:00.326954  170184 execution_state.cc:93] ReportError: Operation canceled: ExecutionState cancelled
W0817 13:52:00.327003  170184 protocol_client.cc:277] Socket error: Operation canceled: ExecutionState cancelled in 127.0.0.1:18216, socket info: State: ESTABLISHED, Local: 127.0.0.1:59172, Remote: 127.0.0.1:18216, Inode: 403538
I0817 13:52:00.328388  170184 replica.cc:939] Exit stable sync
